                                                                                                    /system/framework/oat/x86_64/android.hidl.manager-V1.0-java.odex: verify
                                                                                                    /system_ext/framework/oat/x86_64/androidx.window.extensions.odex: verify
                                                                                                    /data/app/~~OXUZqEB8SbyiCwMFmcbL4Q==/com.google.android.webview-5cMF5IkivEWIhkReYo0hQQ==/oat/x86_64/WebViewGoogle.odex: verify
                                                                                                    Current JIT code cache size (used / resident): 0KB / 32KB
                                                                                                    Current JIT data cache size (used / resident): 0KB / 32KB
                                                                                                    Zygote JIT code cache size (at point of fork): 1KB / 32KB
                                                                                                    Zygote JIT data cache size (at point of fork): 1KB / 32KB
                                                                                                    Current JIT mini-debug-info size: 1776B
                                                                                                    Current JIT capacity: 64KB
                                                                                                    Current number of JIT JNI stub entries: 0
                                                                                                    Current number of JIT code cache entries: 2
                                                                                                    Total number of JIT baseline compilations: 0
                                                                                                    Total number of JIT optimized compilations: 0
                                                                                                    Total number of JIT compilations for on stack replacement: 0
                                                                                                    Total number of JIT code cache collections: 0
                                                                                                    Memory used for stack maps: <no data>
                                                                                                    Memory used for compiled code: <no data>
                                                                                                    Memory used for profiling info: <no data>
                                                                                                    Start Dumping Averages for 2 iterations for JIT timings
                                                                                                    Compiling optimized:	Sum: 4.269ms Avg: 2.134ms
                                                                                                    TrimMaps:	Sum: 345us Avg: 172.500us
                                                                                                    Done Dumping Averages
                                                                                                    Memory used for compilation: Avg: 73KB Max: 88KB Min: 58KB
                                                                                                    
                                                                                                    *** ART internal metrics ***
                                                                                                      Metadata:
                                                                                                        timestamp_since_start_ms: 36818
                                                                                                      Metrics:
                                                                                                        ClassLoadingTotalTime: count = 101968
                                                                                                        ClassVerificationTotalTime: count = 0
                                                                                                        ClassVerificationCount: count = 0
                                                                                                        WorldStopTimeDuringGCAvg: count = 70195
                                                                                                        YoungGcCount: count = 0
                                                                                                        FullGcCount: count = 1
                                                                                                        TotalBytesAllocated: count = 234744
                                                                                                        TotalGcCollectionTime: count = 931
                                                                                                        YoungGcThroughputAvg: count = 0
                                                                                                        FullGcThroughputAvg: count = 0
                                                                                                        YoungGcTracingThroughputAvg: count = 0
                                                                                                        FullGcTracingThroughputAvg: count = 0
                                                                                                        JitMethodCompileTotalTime: count = 0
                                                                                                        JitMethodCompileCount: count = 0
                                                                                                        YoungGcCollectionTime: range = 0...60000, buckets: 0,0,0,0,0,0,0,0,0,0,0,0,0,0,0
                                                                                                        FullGcCollectionTime: range = 0...60000, buckets: 1,0,0,0,0,0,0,0,0,0,0,0,0,0,0
                                                                                                        YoungGcThroughput: range = 0...10000, buckets: 0,0,0,0,0,0,0,0,0,0,0,0,0,0,0
                                                                                                        FullGcThroughput: range = 0...10000, buckets: 1,0,0,0,0,0,0,0,0,0,0,0,0,0,0
                                                                                                        YoungGcTracingThroughput: range = 0...10000, buckets: 0,0,0,0,0,0,0,0,0,0,0,0,0,0,0
                                                                                                        FullGcTracingThroughput: range = 0...10000, buckets: 1,0,0,0,0,0,0,0,0,0,0,0,0,0,0
                                                                                                        GcWorldStopTime: count = 70195
                                                                                                        GcWorldStopCount: count = 1
                                                                                                        YoungGcScannedBytes: count = 0
                                                                                                        YoungGcFreedBytes: count = 0
                                                                                                        YoungGcDuration: count = 0
                                                                                                        FullGcScannedBytes: count = 189450
                                                                                                        FullGcFreedBytes: count = 176544
                                                                                                        FullGcDuration: count = 931
                                                                                                        GcWorldStopTimeDelta: count = 70195
                                                                                                        GcWorldStopCountDelta: count = 1
                                                                                                        YoungGcScannedBytesDelta: count = 0
                                                                                                        YoungGcFreedBytesDelta: count = 0
                                                                                                        YoungGcDurationDelta: count = 0
2026-04-09 01:26:32.678 20869-20886 ocessService0:0         com.google.android.webview           I      FullGcScannedBytesDelta: count = 189450
                                                                                                        FullGcFreedBytesDelta: count = 176544
                                                                                                        FullGcDurationDelta: count = 931
                                                                                                        JitMethodCompileTotalTimeDelta: count = 0
                                                                                                        JitMethodCompileCountDelta: count = 0
                                                                                                        ClassVerificationTotalTimeDelta: count = 0
                                                                                                        ClassVerificationCountDelta: count = 0
                                                                                                        ClassLoadingTotalTimeDelta: count = 95786
                                                                                                        TotalBytesAllocatedDelta: count = 234744
                                                                                                        TotalGcCollectionTimeDelta: count = 931
                                                                                                        YoungGcCountDelta: count = 0
                                                                                                        FullGcCountDelta: count = 1
                                                                                                    *** Done dumping ART internal metrics ***
                                                                                                    
                                                                                                    ----- end 20869 -----
2026-04-09 01:26:32.680 20869-20886 ocessService0:0         com.google.android.webview           E  Failed to write stack traces to tombstoned
2026-04-09 01:26:32.725   543-2478  WifiNl80211Manager      system_server                        D  Scan result ready event
2026-04-09 01:26:32.725   543-2478  WifiNative              system_server                        D  Scan result ready event
2026-04-09 01:26:32.759 19464-19597 WM-WorkerWrapper        com.google.android.dialer            I  Worker result SUCCESS for Work [ id=476d1f81-13fb-4d90-9aa7-7dcec08a6967, tags={ com.google.apps.tiktok.contrib.work.TikTokListenableWorker, VvmDailyWorkerTag, TikTokWorker#com.android.dialer.voicemail.service.receivers.VvmDailyWorker } ]
2026-04-09 01:26:32.768   543-1549  MediaSessionService     system_server                        D  The MediaKeyEventSessionChangedListener (android.os.BinderProxy@262a511) is added by com.google.android.bluetooth
2026-04-09 01:26:32.770 21155-21155 AvrcpTargetJni          com.google.android.bluetooth         I  classInitNative: AvrcpTargetJni initialized!
2026-04-09 01:26:32.770 21155-21155 AvrcpTargetJni          com.google.android.bluetooth         D  initNative
2026-04-09 01:26:32.808 21155-21214 bt_stack                com.google.android.bluetooth         I  [INFO:avrcp_service.cc(375)] AVRCP Target Service started
2026-04-09 01:26:32.808 21155-21214 bt_bta_dm               com.google.android.bluetooth         I  packages/modules/Bluetooth/system/bta/dm/bta_dm_act.cc:3454 bta_dm_eir_update_uuid: EIR Adding UUID=0x110C into extended inquiry response
2026-04-09 01:26:32.809 21155-21214 bt_bta_dm               com.google.android.bluetooth         I  packages/modules/Bluetooth/system/bta/dm/bta_dm_act.cc:3153 bta_dm_set_eir: Generating extended inquiry response packet EIR
2026-04-09 01:26:32.809 21155-21214 bt_bta_dm               com.google.android.bluetooth         I  packages/modules/Bluetooth/system/bta/dm/bta_dm_act.cc:3454 bta_dm_eir_update_uuid: EIR Adding UUID=0x110E into extended inquiry response
2026-04-09 01:26:32.809 21155-21214 bt_bta_dm               com.google.android.bluetooth         I  packages/modules/Bluetooth/system/bta/dm/bta_dm_act.cc:3153 bta_dm_set_eir: Generating extended inquiry response packet EIR
2026-04-09 01:26:32.809 21155-21214 bt_stack                com.google.android.bluetooth         I  [INFO:connection_handler.cc(200)] Connect to device ff:ff:ff:ff:ff:ff
2026-04-09 01:26:32.809 21155-21214 bt_stack                com.google.android.bluetooth         I  [INFO:connection_handler.cc(222)] virtual bool bluetooth::avrcp::ConnectionHandler::AvrcpConnect(bool, const RawAddress &): handle=0000 status= 000000
2026-04-09 01:26:32.841  4131-4934  NearbyDiscovery         com.google.android.gms.persistent    I  FastPairHandler: Received action android.bluetooth.adapter.action.BLE_STATE_CHANGED [CONTEXT service_id=265 ]
2026-04-09 01:26:32.874  4131-4934  NearbyDiscovery         com.google.android.gms.persistent    I  FastPairHandler: Received action android.bluetooth.adapter.action.BLE_STATE_CHANGED [CONTEXT service_id=265 ]
2026-04-09 01:26:32.896  1427-1427  GsaVoiceInteractionSrv  com....android.googlequicksearchbox  I  O received Intent { act=android.bluetooth.adapter.action.STATE_CHANGED flg=0x4000010 (has extras) }
2026-04-09 01:26:32.940 12094-12094 PowerNotif...GoogleImpl com.android.systemui                 D  onReceive: android.bluetooth.adapter.action.STATE_CHANGED
2026-04-09 01:26:32.950  4131-16475 NearbySharing           com.google.android.gms.persistent    I  Bluetooth is disabled [CONTEXT service_id=194 ]
2026-04-09 01:26:32.952   966-20741 SmsNumberUtils          com.android.phone                    D  enter filterDestAddr. destAddr="[BajqU4K5_YhSYbs-7QUn0dOwcmI]"
2026-04-09 01:26:32.954   966-20741 SmsNumberUtils          com.android.phone                    D  destAddr is not formatted.
2026-04-09 01:26:32.954   966-20741 SmsNumberUtils          com.android.phone                    D  leave filterDestAddr, new destAddr="[BajqU4K5_YhSYbs-7QUn0dOwcmI]"
2026-04-09 01:26:32.975  4131-4934  NearbyDiscovery         com.google.android.gms.persistent    I  FastPairHandler: Received action android.bluetooth.adapter.action.STATE_CHANGED [CONTEXT service_id=265 ]
2026-04-09 01:26:32.975 21155-21155 MediaPlayerList         com.google.android.bluetooth         V  Initializing MediaPlayerList
2026-04-09 01:26:32.981 21155-21155 BrowsedPlayerWrapper    com.google.android.bluetooth         I  Wrapping Media Browser com.google.android.apps.youtube.music
2026-04-09 01:26:32.989 21155-21155 BrowsedPlayerWrapper    com.google.android.bluetooth         I  Wrapping Media Browser com.google.android.bluetooth
2026-04-09 01:26:32.994 21155-21155 BrowsedPlayerWrapper    com.google.android.bluetooth         I  Wrapping Media Browser com.google.android.googlequicksearchbox
2026-04-09 01:26:32.998 12094-12094 Incompatib...tification com.android.systemui                 D  dispatchIntent: android.bluetooth.adapter.action.STATE_CHANGED
2026-04-09 01:26:33.001 21155-21155 BrowsedPlayerWrapper    com.google.android.bluetooth         I  Wrapping Media Browser com.google.android.youtube
2026-04-09 01:26:33.001 21155-21155 AvrcpTargetService      com.google.android.bluetooth         E  Please use AVRCP version 1.6 to enable cover art
2026-04-09 01:26:33.039 20728-20783 EGL_emulation           com.redennier.taskapp                D  app_time_stats: avg=3366.38ms min=3366.38ms max=3366.38ms count=1
2026-04-09 01:26:33.085  4131-16475 NearbySharing           com.google.android.gms.persistent    I  Stopping scanning because Bluetooth is disabled. [CONTEXT service_id=194 ]
2026-04-09 01:26:33.086  4131-16475 NearbySharing           com.google.android.gms.persistent    I  Failed to stop scanning because we're not scanning. [CONTEXT service_id=194 ]
2026-04-09 01:26:33.096  4131-16475 NearbySharing           com.google.android.gms.persistent    I  Can't stop advertising FastInitiation. Not advertising. [CONTEXT service_id=194 ]
2026-04-09 01:26:33.108  4131-16475 NearbySharing           com.google.android.gms.persistent    I  Stopping Fast Init advertisement because Bluetooth is off. [CONTEXT service_id=194 ]
2026-04-09 01:26:33.108  4131-16475 NearbySharing           com.google.android.gms.persistent    I  Stopping advertising because Bluetooth is disabled. [CONTEXT service_id=194 ]
2026-04-09 01:26:33.120 20728-20742 OpenGLRenderer          com.redennier.taskapp                I  Davey! duration=3193ms; Flags=0, FrameTimelineVsyncId=3883616, IntendedVsync=9396812883954, Vsync=9396879550618, InputEventId=0, HandleInputStart=9396895407300, AnimationStart=9396895482800, PerformTraversalsStart=9396942073400, DrawStart=9396942319600, FrameDeadline=9396829550620, FrameInterval=9396895141200, FrameStartTime=16666666, SyncQueued=9396943275100, SyncStart=9396943420900, IssueDrawCommandsStart=9396943530700, SwapBuffers=9399997847900, FrameCompleted=9400006945300, DequeueBufferDuration=54100, QueueBufferDuration=6391100, GpuCompleted=9400005218200, SwapBuffersCompleted=9400006945300, DisplayPresentTime=0, CommandSubmissionCompleted=9399997847900, 
2026-04-09 01:26:33.141   543-543   Looper                  system_server                        W  Slow dispatch took 314ms main h=android.app.ActivityThread$H c=android.app.LoadedApk$ReceiverDispatcher$Args$$ExternalSyntheticLambda0@5b3e07c m=0
2026-04-09 01:26:33.153  4131-16475 NearbySharing           com.google.android.gms.persistent    I  Can't stop scanning for FastInitiation. Not scanning. [CONTEXT service_id=194 ]
2026-04-09 01:26:33.159  4131-16475 NearbySharing           com.google.android.gms.persistent    I  Cancelling in use notification [CONTEXT service_id=194 ]
2026-04-09 01:26:33.159  4131-16475 NearbySharing           com.google.android.gms.persistent    I  Fast Initiation Scanning has stopped [CONTEXT service_id=194 ]
2026-04-09 01:26:33.160  4131-16475 NearbySharing           com.google.android.gms.persistent    I  Stopping FastInitiation scanning because Bluetooth is disabled. [CONTEXT service_id=194 ]
2026-04-09 01:26:33.163   543-543   Looper                  system_server                        W  Slow delivery took 284ms main h=com.android.server.power.Notifier$NotifierHandler c=null m=7
2026-04-09 01:26:33.164   543-543   Looper                  system_server                        W  Drained
2026-04-09 01:26:33.205  4131-16475 NearbySharing           com.google.android.gms.persistent    I  Dismissing HUN as there's no device nearby. [CONTEXT service_id=194 ]
2026-04-09 01:26:33.205  4131-16475 NearbySharing           com.google.android.gms.persistent    I  Cancelling in use notification [CONTEXT service_id=194 ]
2026-04-09 01:26:33.208   343-21264 resolv                  netd                                 I  GetAddrInfoHandler::run: {107 107 107 983147 10193 0}
2026-04-09 01:26:33.216   343-21266 resolv                  netd                                 I  res_nmkquery: (QUERY, IN, A)
2026-04-09 01:26:33.228   343-21265 resolv                  netd                                 I  res_nmkquery: (QUERY, IN, AAAA)
2026-04-09 01:26:33.242   543-2478  system_server           system_server                        W  Long monitor contention with owner binder:543_14 (1549) at android.content.ComponentName com.android.server.am.ActivityManagerService.startService(android.app.IApplicationThread, android.content.Intent, java.lang.String, boolean, java.lang.String, java.lang.String, int, boolean, int, java.lang.String, java.lang.String)(ActivityManagerService.java:13195) waiters=1 in int com.android.server.am.ActivityManagerService.bindServiceInstance(android.app.IApplicationThread, android.os.IBinder, android.content.Intent, java.lang.String, android.app.IServiceConnection, long, java.lang.String, boolean, int, java.lang.String, android.app.IApplicationThread, java.lang.String, int) for 339ms
2026-04-09 01:26:33.273 20728-20728 Choreographer           com.redennier.taskapp                I  Skipped 195 frames!  The application may be doing too much work on its main thread.
2026-04-09 01:26:33.321   543-1590  JobScheduler.JobStatus  system_server                        E  App com.google.android.dialer became active but still in NEVER bucket
2026-04-09 01:26:33.371 20728-20742 OpenGLRenderer          com.redennier.taskapp                I  Davey! duration=3350ms; Flags=0, FrameTimelineVsyncId=3883630, IntendedVsync=9396979550614, Vsync=9400229550484, InputEventId=0, HandleInputStart=9400267758900, AnimationStart=9400267816400, PerformTraversalsStart=9400283602900, DrawStart=9400283817500, FrameDeadline=9400262883816, FrameInterval=9400239373000, FrameStartTime=16666666, SyncQueued=9400298037200, SyncStart=9400298314000, IssueDrawCommandsStart=9400298438700, SwapBuffers=9400316690200, FrameCompleted=9400330538100, DequeueBufferDuration=47900, QueueBufferDuration=426100, GpuCompleted=9400330538100, SwapBuffersCompleted=9400324130100, DisplayPresentTime=0, CommandSubmissionCompleted=9400316690200, 
2026-04-09 01:26:33.422 21155-21155 ActivityAt...ionService com.google.android.bluetooth         D  notifyActivityAttributionInfo UID=1002 packageName=com.google.android.bluetooth deviceAddress=no_active_device_address
2026-04-09 01:26:33.422 21155-21155 bt_btif                 com.google.android.bluetooth         I  packages/modules/Bluetooth/system/btif/src/bluetooth.cc:829 get_profile_interface: get_profile_interface: id = activity_attribution
2026-04-09 01:26:33.429 21155-21241 ActiveDeviceManager     com.google.android.bluetooth         D  handleAdapterStateChanged: currentState=11
2026-04-09 01:26:33.458 21155-21155 HeadsetService          com.google.android.bluetooth         I  create()
2026-04-09 01:26:33.475   543-1521  ContentProviderHelper   system_server                        W  Slow operation: 53ms so far, now at getContentProviderImpl: after updateOomAdj
2026-04-09 01:26:33.492   543-1521  ContentProviderHelper   system_server                        W  Slow operation: 71ms so far, now at getContentProviderImpl: done!
2026-04-09 01:26:33.539 21155-21155 HeadsetService          com.google.android.bluetooth         I  start()
2026-04-09 01:26:33.556   543-2483  PackageManager          system_server                        D  Instant App installer not found with android.intent.action.INSTALL_INSTANT_APP_PACKAGE
2026-04-09 01:26:33.557   543-2483  PackageManager          system_server                        D  Clear ephemeral installer activity
2026-04-09 01:26:33.629   543-562   Looper                  system_server                        W  Slow dispatch took 749ms android.ui h=com.android.server.am.ActivityManagerService$UiHandler c=null m=68
2026-04-09 01:26:33.642   543-562   Looper                  system_server                        W  Slow delivery took 817ms android.ui h=com.android.server.am.ActivityManagerService$UiHandler c=null m=68
2026-04-09 01:26:33.688 19464-20543 Settings                com.google.android.dialer            W  Setting airplane_mode_on has moved from android.provider.Settings.System to android.provider.Settings.Global, returning read-only value.
2026-04-09 01:26:33.689 19464-19464 DialerVvmS...uestSender com.google.android.dialer            I  com.android.dialer.voicemail.service.impl.vvmclients.omtp.sms.VvmSmsRequestSender$SendSmsResultCodeListener.onResultCodeReceived:274 send SMS completed successfully
2026-04-09 01:26:33.689 19464-20543 DialerVoic...erviceImpl com.google.android.dialer            I  com.android.dialer.voicemailstatus.dataservice.impl.VoicemailStatusDataServiceImpl.lambda$insertOrUpdateVoicemailStatus$5:213 merged status: # kee@5cbbd7c4
2026-04-09 01:26:33.692   343-21265 resolv                  netd                                 I  res_nsend: used send_dg 133 terrno: 0
2026-04-09 01:26:33.692   343-21266 resolv                  netd                                 I  res_nsend: used send_dg 81 terrno: 0
2026-04-09 01:26:33.692   343-21265 resolv                  netd                                 I  doQuery: rcode=0, ancount=0, return value=133
2026-04-09 01:26:33.692   343-21266 resolv                  netd                                 I  doQuery: rcode=0, ancount=2, return value=81
2026-04-09 01:26:33.693 19464-19464 DialerBroa...rategyImpl com.google.android.dialer            I  com.android.dialer.broadcastreceiverstrategy.impl.BroadcastReceiverStrategyImpl.backgroundThenInlineThenForeground:76 try doing work using a background service
2026-04-09 01:26:33.755 19464-19573 WM-WorkerWrapper        com.google.android.dialer            I  Worker result FAILURE for Work [ id=e706c66a-a6b6-4550-9e6d-c1ba39e94e05, tags={ com.google.apps.tiktok.contrib.work.TikTokListenableWorker, 1, ACTIVATE, TikTokWorker#com.android.dialer.voicemail.service.impl.VvmTaskWorker } ]
2026-04-09 01:26:33.782   543-2483  Compatibil...geReporter system_server                        D  Compat change id reported: 241766793; UID 10128; state: DISABLED
2026-04-09 01:26:33.785   543-562   Looper                  system_server                        W  Slow dispatch took 137ms android.ui h=com.android.server.am.ActivityManagerService$UiHandler c=com.android.server.am.UidObserverController$$ExternalSyntheticLambda0@d2bacf1 m=0
2026-04-09 01:26:33.829 21155-21155 BluetoothH...ServiceJni com.google.android.bluetooth         I  classInitNative: succeeds
2026-04-09 01:26:33.830 21155-21155 HeadsetClientService    com.google.android.bluetooth         W  getHeadsetClientService(): service is null
2026-04-09 01:26:33.830 21155-21155 bt_btif                 com.google.android.bluetooth         I  packages/modules/Bluetooth/system/btif/src/bluetooth.cc:829 get_profile_interface: get_profile_interface: id = handsfree
2026-04-09 01:26:33.830 21155-21155 bt_stack                com.google.android.bluetooth         I  [INFO:btif_hf.cc(1626)] GetInterface
2026-04-09 01:26:33.830 21155-21155 bt_btif_hf              com.google.android.bluetooth         I  packages/modules/Bluetooth/system/btif/src/btif_hf.cc:1590 ExecuteService: service starts to: Initialize
2026-04-09 01:26:33.840 21155-21214 bluetooth               com.google.android.bluetooth         I  packages/modules/Bluetooth/system/bta/ag/bta_ag_main.cc:405 bta_ag_api_enable: AG api enable
2026-04-09 01:26:33.841 21155-21235 bt_stack                com.google.android.bluetooth         I  [INFO:btif_hf.cc(318)] btif_hf_upstreams_evt: AG enable/disable event 0
2026-04-09 01:26:33.842 21155-21214 bluetooth               com.google.android.bluetooth         I  packages/modules/Bluetooth/system/bta/ag/bta_ag_sdp.cc:146 bta_ag_add_record: features: 135023
2026-04-09 01:26:33.842 21155-21214 bt_bta_dm               com.google.android.bluetooth         I  packages/modules/Bluetooth/system/bta/dm/bta_dm_act.cc:3454 bta_dm_eir_update_uuid: EIR Adding UUID=0x1112 into extended inquiry response
2026-04-09 01:26:33.843 21155-21214 bt_bta_dm               com.google.android.bluetooth         I  packages/modules/Bluetooth/system/bta/dm/bta_dm_act.cc:3153 bta_dm_set_eir: Generating extended inquiry response packet EIR
2026-04-09 01:26:33.843 21155-21214 bluetooth               com.google.android.bluetooth         I  packages/modules/Bluetooth/system/bta/ag/bta_ag_sdp.cc:146 bta_ag_add_record: features: 135023
2026-04-09 01:26:33.843 21155-21214 bt_bta_dm               com.google.android.bluetooth         I  packages/modules/Bluetooth/system/bta/dm/bta_dm_act.cc:3454 bta_dm_eir_update_uuid: EIR Adding UUID=0x111F into extended inquiry response
2026-04-09 01:26:33.843 21155-21214 bt_bta_dm               com.google.android.bluetooth         I  packages/modules/Bluetooth/system/bta/dm/bta_dm_act.cc:3153 bta_dm_set_eir: Generating extended inquiry response packet EIR
2026-04-09 01:26:33.844 21155-21214 bt_stack                com.google.android.bluetooth         I  [INFO:port_api.cc(220)] RFCOMM_CreateConnectionWithSecurity: bd_addr=ff:ff:ff:ff:ff:ff, scn=2, is_server=1, mtu=256, uuid=0x1112, dlci=4, signal_state=0x0b, p_port=0x7d48b81dc198
2026-04-09 01:26:33.844 21155-21214 bt_stack                com.google.android.bluetooth         I  [INFO:port_api.cc(220)] RFCOMM_CreateConnectionWithSecurity: bd_addr=ff:ff:ff:ff:ff:ff, scn=3, is_server=1, mtu=256, uuid=0x111f, dlci=6, signal_state=0x0b, p_port=0x7d48b81dc250
2026-04-09 01:26:33.859 21155-21214 bt_stack                com.google.android.bluetooth         I  [INFO:port_api.cc(220)] RFCOMM_CreateConnectionWithSecurity: bd_addr=ff:ff:ff:ff:ff:ff, scn=2, is_server=1, mtu=256, uuid=0x1112, dlci=4, signal_state=0x0b, p_port=0x7d48b81dc308
2026-04-09 01:26:33.860 21155-21214 bt_stack                com.google.android.bluetooth         I  [INFO:port_api.cc(220)] RFCOMM_CreateConnectionWithSecurity: bd_addr=ff:ff:ff:ff:ff:ff, scn=3, is_server=1, mtu=256, uuid=0x111f, dlci=6, signal_state=0x0b, p_port=0x7d48b81dc3c0
2026-04-09 01:26:33.870 21155-21214 bt_stack                com.google.android.bluetooth         I  [INFO:port_api.cc(220)] RFCOMM_CreateConnectionWithSecurity: bd_addr=ff:ff:ff:ff:ff:ff, scn=2, is_server=1, mtu=256, uuid=0x1112, dlci=4, signal_state=0x0b, p_port=0x7d48b81dc478
2026-04-09 01:26:33.871 21155-21214 bt_stack                com.google.android.bluetooth         I  [INFO:port_api.cc(220)] RFCOMM_CreateConnectionWithSecurity: bd_addr=ff:ff:ff:ff:ff:ff, scn=3, is_server=1, mtu=256, uuid=0x111f, dlci=6, signal_state=0x0b, p_port=0x7d48b81dc530
2026-04-09 01:26:33.873 21155-21214 bt_stack                com.google.android.bluetooth         I  [INFO:port_api.cc(220)] RFCOMM_CreateConnectionWithSecurity: bd_addr=ff:ff:ff:ff:ff:ff, scn=2, is_server=1, mtu=256, uuid=0x1112, dlci=4, signal_state=0x0b, p_port=0x7d48b81dc5e8
2026-04-09 01:26:33.873 21155-21214 bt_stack                com.google.android.bluetooth         I  [INFO:port_api.cc(220)] RFCOMM_CreateConnectionWithSecurity: bd_addr=ff:ff:ff:ff:ff:ff, scn=3, is_server=1, mtu=256, uuid=0x111f, dlci=6, signal_state=0x0b, p_port=0x7d48b81dc6a0
2026-04-09 01:26:33.874 21155-21214 bt_stack                com.google.android.bluetooth         I  [INFO:port_api.cc(220)] RFCOMM_CreateConnectionWithSecurity: bd_addr=ff:ff:ff:ff:ff:ff, scn=2, is_server=1, mtu=256, uuid=0x1112, dlci=4, signal_state=0x0b, p_port=0x7d48b81dc758
2026-04-09 01:26:33.874 21155-21214 bt_stack                com.google.android.bluetooth         I  [INFO:port_api.cc(220)] RFCOMM_CreateConnectionWithSecurity: bd_addr=ff:ff:ff:ff:ff:ff, scn=3, is_server=1, mtu=256, uuid=0x111f, dlci=6, signal_state=0x0b, p_port=0x7d48b81dc810
2026-04-09 01:26:33.874 21155-21214 bt_stack                com.google.android.bluetooth         I  [INFO:port_api.cc(220)] RFCOMM_CreateConnectionWithSecurity: bd_addr=ff:ff:ff:ff:ff:ff, scn=2, is_server=1, mtu=256, uuid=0x1112, dlci=4, signal_state=0x0b, p_port=0x7d48b81dc8c8
2026-04-09 01:26:33.875 21155-21214 bt_stack                com.google.android.bluetooth         I  [INFO:port_api.cc(220)] RFCOMM_CreateConnectionWithSecurity: bd_addr=ff:ff:ff:ff:ff:ff, scn=3, is_server=1, mtu=256, uuid=0x111f, dlci=6, signal_state=0x0b, p_port=0x7d48b81dc980
2026-04-09 01:26:33.875 21155-21155 bt_btif_storage         com.google.android.bluetooth         I  packages/modules/Bluetooth/system/btif/src/btif_storage.cc:653 btif_storage_get_adapter_property: btif_storage_get_adapter_property service_mask:0x20000048
2026-04-09 01:26:34.105 20728-20783 EGL_emulation           com.redennier.taskapp                D  app_time_stats: avg=132.88ms min=60.96ms max=223.30ms count=8
2026-04-09 01:26:34.135   543-1521  system_server           system_server                        W  Long monitor contention with owner ActivityManager (572) at void com.android.server.am.BroadcastQueueModernImpl.checkPendingColdStartValidity()(BroadcastQueueModernImpl.java:551) waiters=1 in boolean com.android.server.am.ActivityManagerService.unbindService(android.app.IServiceConnection) for 457ms
2026-04-09 01:26:34.214   477-477   libgoldfish-rild        libgoldfish-rild                     W  Multi-element reporting criteria are not supported with HIDL HAL
2026-04-09 01:26:34.215 21155-21271 HeadsetPhoneState       com.google.android.bluetooth         I  stopListenForPhoneState(), no listener indicates nothing is listening
2026-04-09 01:26:34.215 21155-21271 HeadsetPhoneState       com.google.android.bluetooth         W  startListenForPhoneState, no event to listen
2026-04-09 01:26:34.241  4131-21227 NetworkScheduler.Stats  com.google.android.gms.persistent    I  Task com.google.android.gms/com.google.android.gms.clearcut.uploader.QosUploaderService finished executing. cause:2 result: 1 elapsed_millis: 55082 uptime_millis: 55081 exec_start_elapsed_seconds: 9346 [CONTEXT service_id=218 ]
2026-04-09 01:26:34.292 21021-21035 nativeloader            com.google.android.gms.unstable      D  Configuring clns-11 for other apk . target_sdk_version=33, uses_libraries=ALL, library_path=, permitted_path=/data:/mnt/expand
2026-04-09 01:26:34.345   543-2480  system_server           system_server                        W  Long monitor contention with owner appscheduling.default (627) at boolean com.android.server.job.controllers.QuotaController.isUidInForeground(int)(QuotaController.java:760) waiters=1 in java.util.List com.android.server.job.JobSchedulerService.getPendingJobsInNamespace(int, java.lang.String) for 544ms
2026-04-09 01:26:34.356   543-543   system_server           system_server                        W  Long monitor contention with owner appscheduling.default (627) at boolean com.android.server.job.controllers.QuotaController.isUidInForeground(int)(QuotaController.java:760) waiters=0 in void com.android.server.job.controllers.DeviceIdleJobsController$1.onReceive(android.content.Context, android.content.Intent) for 685ms
2026-04-09 01:26:34.357   543-543   Looper                  system_server                        W  Slow dispatch took 686ms main h=android.app.ActivityThread$H c=android.app.LoadedApk$ReceiverDispatcher$Args$$ExternalSyntheticLambda0@1bb5b62 m=0
2026-04-09 01:26:34.362   543-543   Looper                  system_server                        W  Slow delivery took 656ms main h=com.android.server.power.Notifier$NotifierHandler c=null m=7
2026-04-09 01:26:34.431  4131-20867 .gms.persistent         com.google.android.gms.persistent    W  Long monitor contention with owner lowpool[242] (19467) at aakf aakb.g()(:com.google.android.gms@231818047@23.18.18 (190800-535401451):38) waiters=0 in void aaiw.f(android.content.Context) for 1.895s
2026-04-09 01:26:34.432   543-1549  system_server           system_server                        W  Long monitor contention with owner appscheduling.default (627) at boolean com.android.server.job.controllers.QuotaController.isUidInForeground(int)(QuotaController.java:760) waiters=2 in void com.android.server.job.JobServiceContext.doJobFinished(com.android.server.job.JobServiceContext$JobCallback, int, boolean) for 601ms
2026-04-09 01:26:34.437   543-543   Looper                  system_server                        W  Drained
2026-04-09 01:26:34.485   543-2483  Compatibil...geReporter system_server                        D  Compat change id reported: 161252188; UID 10128; state: DISABLED
2026-04-09 01:26:34.506  4131-21270 ProximityAuth           com.google.android.gms.persistent    I  [PhoneHubService] Bluetooth state has changed. Calling startService.
2026-04-09 01:26:34.512  4131-21268 Nearby                  com.google.android.gms.persistent    I  is blocked device type false, isAuto=false, isIot=false, isLatchsky=false, isChinaWearable=false, isTv=false, isWearable=false (supportWearOs=false), isChromeOsDevice=false (supportChromeOs=false) [CONTEXT service_id=49 ]
2026-04-09 01:26:34.538 12094-12118 Looper                  com.android.systemui                 W  Slow delivery took 1181ms SysUiBg h=android.os.Handler c=com.android.systemui.settings.brightness.BrightnessController$2@8a8c5cb m=0
2026-04-09 01:26:34.540   543-562   Looper                  system_server                        W  Slow dispatch took 754ms android.ui h=com.android.server.am.ActivityManagerService$UiHandler c=null m=68
2026-04-09 01:26:34.543 16053-16053 NearbySharing           com.google.android.gms               I  SharingTileService created. [CONTEXT service_id=194 ]
2026-04-09 01:26:34.552   543-557   Compatibil...geReporter system_server                        D  Compat change id reported: 161145287; UID 1002; state: ENABLED
2026-04-09 01:26:34.564 16053-16393 NearbySharing           com.google.android.gms               I  Create pesudo logger. [CONTEXT service_id=194 ]
2026-04-09 01:26:34.571 21155-21155 ActivityAt...ionService com.google.android.bluetooth         D  notifyActivityAttributionInfo UID=1002 packageName=com.google.android.bluetooth deviceAddress=no_active_device_address
2026-04-09 01:26:34.572 21155-21155 bt_btif                 com.google.android.bluetooth         I  packages/modules/Bluetooth/system/btif/src/bluetooth.cc:829 get_profile_interface: get_profile_interface: id = activity_attribution
2026-04-09 01:26:34.610 21155-21155 HearingAidService       com.google.android.bluetooth         D  create()
2026-04-09 01:26:34.671   343-343   netd                    netd                                 I  setProcSysNet(4, 2, wlan0, retrans_time_ms, 750) <13.38ms>
2026-04-09 01:26:34.704   543-571   AppBindingService       system_server                        I  Connected: com.google.android.apps.messaging/com.google.android.ims.binding.SystemBindingService u0
2026-04-09 01:26:34.723   343-343   netd                    netd                                 I  setProcSysNet(4, 2, wlan0, ucast_solicit, 10) <0.15ms>
2026-04-09 01:26:34.725   343-343   netd                    netd                                 I  setProcSysNet(6, 2, wlan0, retrans_time_ms, 750) <0.22ms>
2026-04-09 01:26:34.732   343-343   netd                    netd                                 I  setProcSysNet(6, 2, wlan0, ucast_solicit, 10) <0.09ms>
2026-04-09 01:26:34.758 12094-12118 Looper                  com.android.systemui                 W  Drained
2026-04-09 01:26:34.784  4131-4131  ProximityAuth           com.google.android.gms.persistent    I  [PhoneHubService] Handling intent for PhoneHubChimeraService.
2026-04-09 01:26:34.799  4131-19467 ProximityAuth           com.google.android.gms.persistent    I  [AccountEligibilityMediator] Cannot check accounts eligibility in cross profile, checking accounts in current profiles
2026-04-09 01:26:34.841  4131-19467 ProximityAuth           com.google.android.gms.persistent    I  [PhoneHubService] No enabled account, stopping service
2026-04-09 01:26:34.880  4131-4131  NearbyDiscovery         com.google.android.gms.persistent    I  FastPair: onAdapterStateChange: state=11 [CONTEXT service_id=265 ]
2026-04-09 01:26:34.880  4131-20460 NearbyFastPair          com.google.android.gms.persistent    I  DynamicSupportModule: onSupportStateUpdate start [CONTEXT service_id=265 ]
2026-04-09 01:26:34.887  4131-20460 NearbyFastPair          com.google.android.gms.persistent    I  DynamicSupportModule: onSupportStateUpdate end [CONTEXT service_id=265 ]
2026-04-09 01:26:34.922  4131-4934  NearbyDiscovery         com.google.android.gms.persistent    I  FastPairHandler: Received action android.bluetooth.adapter.action.STATE_CHANGED [CONTEXT service_id=265 ]
2026-04-09 01:26:34.989   543-2484  RemoteProvisionSysSvc   system_server                        I  getRegistration(android.hardware.security.keymint.IRemotelyProvisionedComponent/default)
2026-04-09 01:26:35.007 21155-21155 HearingAidService       com.google.android.bluetooth         D  start()
2026-04-09 01:26:35.024 21155-21155 bt_stack                com.google.android.bluetooth         I  [INFO:com_android_bluetooth_hearing_aid.cpp(97)] classInitNative: succeeds
2026-04-09 01:26:35.069   543-637   RoleService             system_server                        I  Granting default roles...
2026-04-09 01:26:35.134   966-966   CarrierSvcBindHelper    com.android.phone                    D  onPackageModified: com.google.android.bluetooth
2026-04-09 01:26:35.147   543-562   Looper                  system_server                        W  Drained
2026-04-09 01:26:35.148   966-966   CarrierSvcBindHelper    com.android.phone                    D  No carrier app for: 0
2026-04-09 01:26:35.162  4131-4131  ProximityAuth           com.google.android.gms.persistent    I  [PhoneHubService] Destroying PhoneHubChimeraService.
2026-04-09 01:26:35.162  4131-4131  ProximityAuth           com.google.android.gms.persistent    W  [PhoneHubNotificationProcessor] shutdown(): context is null.
2026-04-09 01:26:35.163  4131-4131  ProximityAuth           com.google.android.gms.persistent    I  [PhoneHubService] All devices have disconnected. Performing cleanup...
2026-04-09 01:26:35.169  4131-4131  ChimeraUtils            com.google.android.gms.persistent    W  Module com.google.android.gms.auth_proximity missing resource null(0)
2026-04-09 01:26:35.222   543-543   Looper                  system_server                        W  Slow dispatch took 111ms main h=android.app.ActivityThread$H c=android.app.LoadedApk$ReceiverDispatcher$Args$$ExternalSyntheticLambda0@74c4ad1 m=0
2026-04-09 01:26:35.247  1238-21094 RoleContro...erviceImpl com....android.permissioncontroller  E  Default/fallback role holder package doesn't qualify for the role, package: com.google.android.gms.supervision, role: android.app.role.SYSTEM_SUPERVISION
2026-04-09 01:26:35.253  1238-21094 Role                    com....android.permissioncontroller  I  com.google.android.gms not qualified for android.app.role.SYSTEM_CALL_STREAMING due to missing RequiredComponent{mIntentFilterData=IntentFilterData{mAction='android.telecom.CallStreamingService', mCategories='[]', mDataScheme='null', mDataType='null'}, mMinTargetSdkVersion=1, mFlags='0', mPermission='android.permission.BIND_CALL_STREAMING_SERVICE', mQueryFlags=0, mMetaData=[]}
2026-04-09 01:26:35.253  1238-21094 RoleContro...erviceImpl com....android.permissioncontroller  E  Default/fallback role holder package doesn't qualify for the role, package: com.google.android.gms, role: android.app.role.SYSTEM_CALL_STREAMING
2026-04-09 01:26:35.286  1238-21094 Role                    com....android.permissioncontroller  W  Default holder doesn't have required signing certificate: com.google.android.apps.work.clouddpc:23962F4B43B9857638EA66F4D419518EAE282491ACDA4B94707BD59003C45E58
2026-04-09 01:26:35.290   543-2484  ActivityManager         system_server                        D  sync unfroze 16282 com.google.android.rkpdapp for 6
2026-04-09 01:26:35.335 21155-21155 HearingAidService       com.google.android.bluetooth         D  setHearingAidService(): set to: com.android.bluetooth.hearingaid.HearingAidService@1aecc9e
2026-04-09 01:26:35.335 21155-21155 bt_btif                 com.google.android.bluetooth         I  packages/modules/Bluetooth/system/btif/src/bluetooth.cc:829 get_profile_interface: get_profile_interface: id = hearing_aid
2026-04-08 23:49:49.608     0-0     servicemanager          kernel                               I  Found android.hardware.bluetooth.audio.IBluetoothAudioProviderFactory/default in device VINTF manifest.
2026-04-09 01:26:35.335 21155-21155 ActivityAt...ionService com.google.android.bluetooth         D  notifyActivityAttributionInfo UID=1002 packageName=com.google.android.bluetooth deviceAddress=no_active_device_address
2026-04-09 01:26:35.335 21155-21155 bt_btif                 com.google.android.bluetooth         I  packages/modules/Bluetooth/system/btif/src/bluetooth.cc:829 get_profile_interface: get_profile_interface: id = activity_attribution
2026-04-09 01:26:35.336 21155-21214 bt_stack                com.google.android.bluetooth         I  [INFO:hearing_aid_software_encoding_aidl.cc(182)] init
2026-04-08 23:49:49.615     0-0     servicemanager          kernel                               I  Found android.hardware.bluetooth.audio.IBluetoothAudioProviderFactory/default in device VINTF manifest.
2026-04-09 01:26:35.352   349-354   BTAudioPro...actoryAIDL android.hardware.audio.service       I  getProviderCapabilities - SessionType=HEARING_AID_SOFTWARE_ENCODING_DATAPATH supports 1 codecs
2026-04-09 01:26:35.369 21155-21214 bt_stack                com.google.android.bluetooth         I  [INFO:client_interface_aidl.cc(124)] FetchAudioProvider: BluetoothAudioHal SessionType=HEARING_AID_SOFTWARE_ENCODING_DATAPATH has 1 AudioCapabilities
2026-04-09 01:26:35.370   349-355   BTAudioPro...actoryAIDL android.hardware.audio.service       I  openProvider - SessionType=HEARING_AID_SOFTWARE_ENCODING_DATAPATH
2026-04-09 01:26:35.372   349-355   BTAudioPro...HearingAid android.hardware.audio.service       I  HearingAidAudioProvider - size of audio buffer 3584 byte(s)
2026-04-09 01:26:35.379 21155-21214 bt_stack                com.google.android.bluetooth         I  [INFO:client_interface_aidl.cc(143)] IBluetoothAudioProvidersFactory::openProvider() returned 0x7d4af37136a0 (remote)
2026-04-09 01:26:35.379 21155-21214 bluetooth               com.google.android.bluetooth         I  packages/modules/Bluetooth/system/stack/gatt/gatt_api.cc:1257 GATT_Register: Allocated name:GattClient uuid:d4d1b8d4-094c-8cc4-0785-281362f91198 gatt_if:4 eatt_support:0
2026-04-09 01:26:35.403   543-543   Looper                  system_server                        W  Slow delivery took 206ms main h=android.os.Handler c=android.app.LoadedApk$ReceiverDispatcher$Args$$ExternalSyntheticLambda0@7f4dbe6 m=0
2026-04-09 01:26:35.416 21155-21155 bt_btif                 com.google.android.bluetooth         I  packages/modules/Bluetooth/system/btif/src/bluetooth.cc:829 get_profile_interface: get_profile_interface: id = hiddev
2026-04-09 01:26:35.419 21155-21155 bt_btif_storage         com.google.android.bluetooth         I  packages/modules/Bluetooth/system/btif/src/btif_storage.cc:653 btif_storage_get_adapter_property: btif_storage_get_adapter_property service_mask:0x60000048
2026-04-09 01:26:35.427 21155-21155 ActivityAt...ionService com.google.android.bluetooth         D  notifyActivityAttributionInfo UID=1002 packageName=com.google.android.bluetooth deviceAddress=no_active_device_address
2026-04-09 01:26:35.434 21155-21155 bt_btif                 com.google.android.bluetooth         I  packages/modules/Bluetooth/system/btif/src/bluetooth.cc:829 get_profile_interface: get_profile_interface: id = activity_attribution
2026-04-09 01:26:35.445   543-653   InputReader             system_server                        I  Reconfiguring input devices, changes=KEYBOARD_LAYOUTS
2026-04-09 01:26:35.461   171-21211 keystore2               keystore2                            W  system/security/keystore2/src/watchdog.rs:114 - ### Keystore Watchdog report - BEGIN ###
2026-04-09 01:26:35.462   171-21211 keystore2               keystore2                            W  system/security/keystore2/src/watchdog.rs:123 - When extracting from a bug report, please include this header
2026-04-09 01:26:35.462   171-21211 keystore2               keystore2                            W  system/security/keystore2/src/watchdog.rs:124 - and all 1 records below.
2026-04-09 01:26:35.468   171-21211 keystore2               keystore2                            W  system/security/keystore2/src/watchdog.rs:164 - ThreadId(26) Calling get_rkpd_attestation_key() Pending: 502.6644ms Overdue 2.7079ms
2026-04-09 01:26:35.469   171-21211 keystore2               keystore2                            W  system/security/keystore2/src/watchdog.rs:175 - ### Keystore Watchdog report - END ###
2026-04-09 01:26:35.510 12094-12118 StylusManager           com.android.systemui                 D  Stylus InputDevice changed: 14 virtio_input_multi_touch_11
2026-04-09 01:26:35.519   543-543   Looper                  system_server                        W  Slow dispatch took 107ms main h=android.app.ActivityThread$H c=android.app.LoadedApk$ReceiverDispatcher$Args$$ExternalSyntheticLambda0@797fbca m=0
2026-04-09 01:26:35.525   966-1341  ImsResolver             com.android.phone                    D  maybeAddedImsService, packageName: com.google.android.bluetooth
2026-04-09 01:26:35.602   543-543   RegistrationProxy       system_server                        I  onServiceConnected: com.android.rkpdapp.service.RemoteProvisioningService
2026-04-08 23:49:49.885     0-0     servicemanager          kernel                               I  Found android.hardware.security.keymint.IRemotelyProvisionedComponent/default in device VINTF manifest.
2026-04-09 01:26:35.623   543-2484  RegistrationProxy       system_server                        I  IGetRegistrationCallback.onSuccess
2026-04-09 01:26:35.648 20512-20912 Bugle                   com.google.android.apps.messaging    I  BroadcastReceiverAsyncWorkTracker: Acknowledging broadcast of bdxy@69fd589
