2026-04-08 22:56:25.369 16272-16272 a2dp_codec              com.google.android.bluetooth         I  packages/modules/Bluetooth/system/stack/a2dp/a2dp_codec_config.cc:667 init: init: initialized Source codec LDAC
2026-04-08 22:56:25.370 16272-16272 a2dp_codec              com.google.android.bluetooth         I  packages/modules/Bluetooth/system/stack/a2dp/a2dp_codec_config.cc:667 init: init: initialized Source codec aptX-HD
2026-04-08 22:56:25.373 16272-16272 a2dp_codec              com.google.android.bluetooth         I  packages/modules/Bluetooth/system/stack/a2dp/a2dp_codec_config.cc:667 init: init: initialized Source codec aptX
2026-04-08 22:56:25.373 16272-16272 a2dp_codec              com.google.android.bluetooth         I  packages/modules/Bluetooth/system/stack/a2dp/a2dp_codec_config.cc:667 init: init: initialized Source codec AAC
2026-04-08 22:56:25.373 16272-16272 a2dp_codec              com.google.android.bluetooth         I  packages/modules/Bluetooth/system/stack/a2dp/a2dp_codec_config.cc:667 init: init: initialized Source codec SBC
2026-04-08 22:56:25.373 16272-16272 a2dp_codec              com.google.android.bluetooth         I  packages/modules/Bluetooth/system/stack/a2dp/a2dp_codec_config.cc:674 init: init: initialized Sink codec Opus SINK
2026-04-08 22:56:25.373 16272-16272 a2dp_codec              com.google.android.bluetooth         I  packages/modules/Bluetooth/system/stack/a2dp/a2dp_codec_config.cc:674 init: init: initialized Sink codec AAC SINK
2026-04-08 22:56:25.374 16272-16272 a2dp_codec              com.google.android.bluetooth         I  packages/modules/Bluetooth/system/stack/a2dp/a2dp_codec_config.cc:674 init: init: initialized Sink codec SBC SINK
2026-04-08 22:56:25.374 16272-16272 a2dp_codec              com.google.android.bluetooth         I  packages/modules/Bluetooth/system/stack/a2dp/a2dp_codec_config.cc:601 init: init
2026-04-08 22:56:25.374 16272-16272 a2dp_codec              com.google.android.bluetooth         I  packages/modules/Bluetooth/system/stack/a2dp/a2dp_codec_config.cc:116 createCodec: SBC
2026-04-08 22:56:25.374 16272-16272 a2dp_codec              com.google.android.bluetooth         I  packages/modules/Bluetooth/system/stack/a2dp/a2dp_codec_config.cc:642 init: init: updated SBC codec priority to 1001
2026-04-08 22:56:25.374 16272-16272 a2dp_codec              com.google.android.bluetooth         I  packages/modules/Bluetooth/system/stack/a2dp/a2dp_codec_config.cc:116 createCodec: AAC
2026-04-08 22:56:25.374 16272-16272 a2dp_codec              com.google.android.bluetooth         I  packages/modules/Bluetooth/system/stack/a2dp/a2dp_codec_config.cc:642 init: init: updated AAC codec priority to 2001
2026-04-08 22:56:25.374 16272-16272 a2dp_codec              com.google.android.bluetooth         I  packages/modules/Bluetooth/system/stack/a2dp/a2dp_codec_config.cc:116 createCodec: aptX
2026-04-08 22:56:25.375 16272-16272 a2dp_codec              com.google.android.bluetooth         I  packages/modules/Bluetooth/system/stack/a2dp/a2dp_codec_config.cc:642 init: init: updated aptX codec priority to 3001
2026-04-08 22:56:25.375 16272-16272 a2dp_codec              com.google.android.bluetooth         I  packages/modules/Bluetooth/system/stack/a2dp/a2dp_codec_config.cc:116 createCodec: aptX-HD
2026-04-08 22:56:25.375 16272-16272 a2dp_codec              com.google.android.bluetooth         I  packages/modules/Bluetooth/system/stack/a2dp/a2dp_codec_config.cc:642 init: init: updated aptX-HD codec priority to 4001
2026-04-08 22:56:25.375 16272-16272 a2dp_codec              com.google.android.bluetooth         I  packages/modules/Bluetooth/system/stack/a2dp/a2dp_codec_config.cc:116 createCodec: LDAC
2026-04-08 22:56:25.375 16272-16272 a2dp_codec              com.google.android.bluetooth         I  packages/modules/Bluetooth/system/stack/a2dp/a2dp_codec_config.cc:642 init: init: updated LDAC codec priority to 5001
2026-04-08 22:56:25.376 16272-16272 a2dp_codec              com.google.android.bluetooth         I  packages/modules/Bluetooth/system/stack/a2dp/a2dp_codec_config.cc:116 createCodec: LC3 not implemented
2026-04-08 22:56:25.376 16272-16272 a2dp_codec              com.google.android.bluetooth         I  packages/modules/Bluetooth/system/stack/a2dp/a2dp_codec_config.cc:633 init: init: OPUS codec disabled, updated priority to -1
2026-04-08 22:56:25.376 16272-16272 a2dp_codec              com.google.android.bluetooth         I  packages/modules/Bluetooth/system/stack/a2dp/a2dp_codec_config.cc:116 createCodec: Opus
2026-04-08 22:56:25.376 16272-16272 a2dp_codec              com.google.android.bluetooth         I  packages/modules/Bluetooth/system/stack/a2dp/a2dp_codec_config.cc:642 init: init: updated Opus codec priority to -1
2026-04-08 22:56:25.376 16272-16272 a2dp_codec              com.google.android.bluetooth         I  packages/modules/Bluetooth/system/stack/a2dp/a2dp_codec_config.cc:116 createCodec: SBC SINK
2026-04-08 22:56:25.377 16272-16272 a2dp_codec              com.google.android.bluetooth         I  packages/modules/Bluetooth/system/stack/a2dp/a2dp_codec_config.cc:116 createCodec: AAC SINK
2026-04-08 22:56:25.377 16272-16272 a2dp_codec              com.google.android.bluetooth         I  packages/modules/Bluetooth/system/stack/a2dp/a2dp_codec_config.cc:116 createCodec: LDAC SINK
2026-04-08 22:56:25.377 16272-16272 a2dp_vendo...ac_decoder com.google.android.bluetooth         I  packages/modules/Bluetooth/system/stack/a2dp/a2dp_vendor_ldac_decoder.cc:130 A2DP_VendorLoadDecoderLdac: A2DP_VendorLoadDecoderLdac: cannot open LDAC decoder library libldacBT_bco.so: dlopen failed: library "libldacBT_bco.so" not found
2026-04-08 22:56:25.377 16272-16272 a2dp_vendor_ldac        com.google.android.bluetooth         E  packages/modules/Bluetooth/system/stack/a2dp/a2dp_vendor_ldac.cc:1422 init: init: cannot load the decoder
2026-04-08 22:56:25.377 16272-16272 a2dp_codec              com.google.android.bluetooth         I  packages/modules/Bluetooth/system/stack/a2dp/a2dp_codec_config.cc:116 createCodec: Opus SINK
2026-04-08 22:56:25.378 16272-16272 a2dp_codec              com.google.android.bluetooth         I  packages/modules/Bluetooth/system/stack/a2dp/a2dp_codec_config.cc:667 init: init: initialized Source codec LDAC
2026-04-08 22:56:25.378 16272-16272 a2dp_codec              com.google.android.bluetooth         I  packages/modules/Bluetooth/system/stack/a2dp/a2dp_codec_config.cc:667 init: init: initialized Source codec aptX-HD
2026-04-08 22:56:25.378 16272-16272 a2dp_codec              com.google.android.bluetooth         I  packages/modules/Bluetooth/system/stack/a2dp/a2dp_codec_config.cc:667 init: init: initialized Source codec aptX
2026-04-08 22:56:25.388 16272-16272 a2dp_codec              com.google.android.bluetooth         I  packages/modules/Bluetooth/system/stack/a2dp/a2dp_codec_config.cc:667 init: init: initialized Source codec AAC
2026-04-08 22:56:25.388 16272-16272 a2dp_codec              com.google.android.bluetooth         I  packages/modules/Bluetooth/system/stack/a2dp/a2dp_codec_config.cc:667 init: init: initialized Source codec SBC
2026-04-08 22:56:25.388 16272-16272 a2dp_codec              com.google.android.bluetooth         I  packages/modules/Bluetooth/system/stack/a2dp/a2dp_codec_config.cc:674 init: init: initialized Sink codec Opus SINK
2026-04-08 22:56:25.389 16272-16272 a2dp_codec              com.google.android.bluetooth         I  packages/modules/Bluetooth/system/stack/a2dp/a2dp_codec_config.cc:674 init: init: initialized Sink codec AAC SINK
2026-04-08 22:56:25.389 16272-16272 a2dp_codec              com.google.android.bluetooth         I  packages/modules/Bluetooth/system/stack/a2dp/a2dp_codec_config.cc:674 init: init: initialized Sink codec SBC SINK
2026-04-08 22:56:25.391 16272-16272 a2dp_codec              com.google.android.bluetooth         I  packages/modules/Bluetooth/system/stack/a2dp/a2dp_codec_config.cc:601 init: init
2026-04-08 22:56:25.410 16272-16272 a2dp_codec              com.google.android.bluetooth         I  packages/modules/Bluetooth/system/stack/a2dp/a2dp_codec_config.cc:116 createCodec: SBC
2026-04-08 22:56:25.410 16272-16272 a2dp_codec              com.google.android.bluetooth         I  packages/modules/Bluetooth/system/stack/a2dp/a2dp_codec_config.cc:642 init: init: updated SBC codec priority to 1001
2026-04-08 22:56:25.410 16272-16272 a2dp_codec              com.google.android.bluetooth         I  packages/modules/Bluetooth/system/stack/a2dp/a2dp_codec_config.cc:116 createCodec: AAC
2026-04-08 22:56:25.410 16272-16272 a2dp_codec              com.google.android.bluetooth         I  packages/modules/Bluetooth/system/stack/a2dp/a2dp_codec_config.cc:642 init: init: updated AAC codec priority to 2001
2026-04-08 22:56:25.410 16272-16272 a2dp_codec              com.google.android.bluetooth         I  packages/modules/Bluetooth/system/stack/a2dp/a2dp_codec_config.cc:116 createCodec: aptX
2026-04-08 22:56:25.410 16272-16272 a2dp_codec              com.google.android.bluetooth         I  packages/modules/Bluetooth/system/stack/a2dp/a2dp_codec_config.cc:642 init: init: updated aptX codec priority to 3001
2026-04-08 22:56:25.410 16272-16272 a2dp_codec              com.google.android.bluetooth         I  packages/modules/Bluetooth/system/stack/a2dp/a2dp_codec_config.cc:116 createCodec: aptX-HD
2026-04-08 22:56:25.411 16272-16272 a2dp_codec              com.google.android.bluetooth         I  packages/modules/Bluetooth/system/stack/a2dp/a2dp_codec_config.cc:642 init: init: updated aptX-HD codec priority to 4001
2026-04-08 22:56:25.411 16272-16272 a2dp_codec              com.google.android.bluetooth         I  packages/modules/Bluetooth/system/stack/a2dp/a2dp_codec_config.cc:116 createCodec: LDAC
2026-04-08 22:56:25.411 16272-16272 a2dp_codec              com.google.android.bluetooth         I  packages/modules/Bluetooth/system/stack/a2dp/a2dp_codec_config.cc:642 init: init: updated LDAC codec priority to 5001
2026-04-08 22:56:25.411 16272-16272 a2dp_codec              com.google.android.bluetooth         I  packages/modules/Bluetooth/system/stack/a2dp/a2dp_codec_config.cc:116 createCodec: LC3 not implemented
2026-04-08 22:56:25.411 16272-16272 a2dp_codec              com.google.android.bluetooth         I  packages/modules/Bluetooth/system/stack/a2dp/a2dp_codec_config.cc:633 init: init: OPUS codec disabled, updated priority to -1
2026-04-08 22:56:25.411 16272-16272 a2dp_codec              com.google.android.bluetooth         I  packages/modules/Bluetooth/system/stack/a2dp/a2dp_codec_config.cc:116 createCodec: Opus
2026-04-08 22:56:25.411 16272-16272 a2dp_codec              com.google.android.bluetooth         I  packages/modules/Bluetooth/system/stack/a2dp/a2dp_codec_config.cc:642 init: init: updated Opus codec priority to -1
2026-04-08 22:56:25.411 16272-16272 a2dp_codec              com.google.android.bluetooth         I  packages/modules/Bluetooth/system/stack/a2dp/a2dp_codec_config.cc:116 createCodec: SBC SINK
2026-04-08 22:56:25.412 16272-16272 a2dp_codec              com.google.android.bluetooth         I  packages/modules/Bluetooth/system/stack/a2dp/a2dp_codec_config.cc:116 createCodec: AAC SINK
2026-04-08 22:56:25.412 16272-16272 a2dp_codec              com.google.android.bluetooth         I  packages/modules/Bluetooth/system/stack/a2dp/a2dp_codec_config.cc:116 createCodec: LDAC SINK
2026-04-08 22:56:25.417 16272-16272 a2dp_vendo...ac_decoder com.google.android.bluetooth         I  packages/modules/Bluetooth/system/stack/a2dp/a2dp_vendor_ldac_decoder.cc:130 A2DP_VendorLoadDecoderLdac: A2DP_VendorLoadDecoderLdac: cannot open LDAC decoder library libldacBT_bco.so: dlopen failed: library "libldacBT_bco.so" not found
2026-04-08 22:56:25.418 16272-16272 a2dp_vendor_ldac        com.google.android.bluetooth         E  packages/modules/Bluetooth/system/stack/a2dp/a2dp_vendor_ldac.cc:1422 init: init: cannot load the decoder
2026-04-08 22:56:25.418 16272-16272 a2dp_codec              com.google.android.bluetooth         I  packages/modules/Bluetooth/system/stack/a2dp/a2dp_codec_config.cc:116 createCodec: Opus SINK
2026-04-08 22:56:25.418 16272-16272 a2dp_codec              com.google.android.bluetooth         I  packages/modules/Bluetooth/system/stack/a2dp/a2dp_codec_config.cc:667 init: init: initialized Source codec LDAC
2026-04-08 22:56:25.418 16272-16272 a2dp_codec              com.google.android.bluetooth         I  packages/modules/Bluetooth/system/stack/a2dp/a2dp_codec_config.cc:667 init: init: initialized Source codec aptX-HD
2026-04-08 22:56:25.418 16272-16272 a2dp_codec              com.google.android.bluetooth         I  packages/modules/Bluetooth/system/stack/a2dp/a2dp_codec_config.cc:667 init: init: initialized Source codec aptX
2026-04-08 22:56:25.418 16272-16272 a2dp_codec              com.google.android.bluetooth         I  packages/modules/Bluetooth/system/stack/a2dp/a2dp_codec_config.cc:667 init: init: initialized Source codec AAC
2026-04-08 22:56:25.419 16272-16272 a2dp_codec              com.google.android.bluetooth         I  packages/modules/Bluetooth/system/stack/a2dp/a2dp_codec_config.cc:667 init: init: initialized Source codec SBC
2026-04-08 22:56:25.419 16272-16272 a2dp_codec              com.google.android.bluetooth         I  packages/modules/Bluetooth/system/stack/a2dp/a2dp_codec_config.cc:674 init: init: initialized Sink codec Opus SINK
2026-04-08 22:56:25.419 16272-16272 a2dp_codec              com.google.android.bluetooth         I  packages/modules/Bluetooth/system/stack/a2dp/a2dp_codec_config.cc:674 init: init: initialized Sink codec AAC SINK
2026-04-08 22:56:25.420 16272-16272 a2dp_codec              com.google.android.bluetooth         I  packages/modules/Bluetooth/system/stack/a2dp/a2dp_codec_config.cc:674 init: init: initialized Sink codec SBC SINK
2026-04-08 22:56:25.420 16272-16272 a2dp_codec              com.google.android.bluetooth         I  packages/modules/Bluetooth/system/stack/a2dp/a2dp_codec_config.cc:601 init: init
2026-04-08 22:56:25.422 16272-16272 a2dp_codec              com.google.android.bluetooth         I  packages/modules/Bluetooth/system/stack/a2dp/a2dp_codec_config.cc:116 createCodec: SBC
2026-04-08 22:56:25.422 16272-16272 a2dp_codec              com.google.android.bluetooth         I  packages/modules/Bluetooth/system/stack/a2dp/a2dp_codec_config.cc:642 init: init: updated SBC codec priority to 1001
2026-04-08 22:56:25.423 16272-16272 a2dp_codec              com.google.android.bluetooth         I  packages/modules/Bluetooth/system/stack/a2dp/a2dp_codec_config.cc:116 createCodec: AAC
2026-04-08 22:56:25.423 16272-16272 a2dp_codec              com.google.android.bluetooth         I  packages/modules/Bluetooth/system/stack/a2dp/a2dp_codec_config.cc:642 init: init: updated AAC codec priority to 2001
2026-04-08 22:56:25.424 16272-16272 a2dp_codec              com.google.android.bluetooth         I  packages/modules/Bluetooth/system/stack/a2dp/a2dp_codec_config.cc:116 createCodec: aptX
2026-04-08 22:56:25.424 16272-16272 a2dp_codec              com.google.android.bluetooth         I  packages/modules/Bluetooth/system/stack/a2dp/a2dp_codec_config.cc:642 init: init: updated aptX codec priority to 3001
2026-04-08 22:56:25.424 16272-16272 a2dp_codec              com.google.android.bluetooth         I  packages/modules/Bluetooth/system/stack/a2dp/a2dp_codec_config.cc:116 createCodec: aptX-HD
2026-04-08 22:56:25.424 16272-16272 a2dp_codec              com.google.android.bluetooth         I  packages/modules/Bluetooth/system/stack/a2dp/a2dp_codec_config.cc:642 init: init: updated aptX-HD codec priority to 4001
2026-04-08 22:56:25.424 16272-16272 a2dp_codec              com.google.android.bluetooth         I  packages/modules/Bluetooth/system/stack/a2dp/a2dp_codec_config.cc:116 createCodec: LDAC
2026-04-08 22:56:25.425 16272-16272 a2dp_codec              com.google.android.bluetooth         I  packages/modules/Bluetooth/system/stack/a2dp/a2dp_codec_config.cc:642 init: init: updated LDAC codec priority to 5001
2026-04-08 22:56:25.425 16272-16272 a2dp_codec              com.google.android.bluetooth         I  packages/modules/Bluetooth/system/stack/a2dp/a2dp_codec_config.cc:116 createCodec: LC3 not implemented
2026-04-08 22:56:25.425 16272-16272 a2dp_codec              com.google.android.bluetooth         I  packages/modules/Bluetooth/system/stack/a2dp/a2dp_codec_config.cc:633 init: init: OPUS codec disabled, updated priority to -1
2026-04-08 22:56:25.426 16272-16272 a2dp_codec              com.google.android.bluetooth         I  packages/modules/Bluetooth/system/stack/a2dp/a2dp_codec_config.cc:116 createCodec: Opus
2026-04-08 22:56:25.430 16272-16272 a2dp_codec              com.google.android.bluetooth         I  packages/modules/Bluetooth/system/stack/a2dp/a2dp_codec_config.cc:642 init: init: updated Opus codec priority to -1
2026-04-08 22:56:25.435 16272-16272 a2dp_codec              com.google.android.bluetooth         I  packages/modules/Bluetooth/system/stack/a2dp/a2dp_codec_config.cc:116 createCodec: SBC SINK
2026-04-08 22:56:25.435 16272-16272 a2dp_codec              com.google.android.bluetooth         I  packages/modules/Bluetooth/system/stack/a2dp/a2dp_codec_config.cc:116 createCodec: AAC SINK
2026-04-08 22:56:25.435 16272-16272 a2dp_codec              com.google.android.bluetooth         I  packages/modules/Bluetooth/system/stack/a2dp/a2dp_codec_config.cc:116 createCodec: LDAC SINK
2026-04-08 22:56:25.435 16272-16272 a2dp_vendo...ac_decoder com.google.android.bluetooth         I  packages/modules/Bluetooth/system/stack/a2dp/a2dp_vendor_ldac_decoder.cc:130 A2DP_VendorLoadDecoderLdac: A2DP_VendorLoadDecoderLdac: cannot open LDAC decoder library libldacBT_bco.so: dlopen failed: library "libldacBT_bco.so" not found
2026-04-08 22:56:25.436 16272-16272 a2dp_vendor_ldac        com.google.android.bluetooth         E  packages/modules/Bluetooth/system/stack/a2dp/a2dp_vendor_ldac.cc:1422 init: init: cannot load the decoder
2026-04-08 22:56:25.436 16272-16272 a2dp_codec              com.google.android.bluetooth         I  packages/modules/Bluetooth/system/stack/a2dp/a2dp_codec_config.cc:116 createCodec: Opus SINK
2026-04-08 22:56:25.437 16272-16272 a2dp_codec              com.google.android.bluetooth         I  packages/modules/Bluetooth/system/stack/a2dp/a2dp_codec_config.cc:667 init: init: initialized Source codec LDAC
2026-04-08 22:56:25.437 16272-16272 a2dp_codec              com.google.android.bluetooth         I  packages/modules/Bluetooth/system/stack/a2dp/a2dp_codec_config.cc:667 init: init: initialized Source codec aptX-HD
2026-04-08 22:56:25.437 16272-16272 a2dp_codec              com.google.android.bluetooth         I  packages/modules/Bluetooth/system/stack/a2dp/a2dp_codec_config.cc:667 init: init: initialized Source codec aptX
2026-04-08 22:56:25.437 16272-16272 a2dp_codec              com.google.android.bluetooth         I  packages/modules/Bluetooth/system/stack/a2dp/a2dp_codec_config.cc:667 init: init: initialized Source codec AAC
2026-04-08 22:56:25.437 16272-16272 a2dp_codec              com.google.android.bluetooth         I  packages/modules/Bluetooth/system/stack/a2dp/a2dp_codec_config.cc:667 init: init: initialized Source codec SBC
2026-04-08 22:56:25.438 16272-16272 a2dp_codec              com.google.android.bluetooth         I  packages/modules/Bluetooth/system/stack/a2dp/a2dp_codec_config.cc:674 init: init: initialized Sink codec Opus SINK
2026-04-08 22:56:25.438 16272-16272 a2dp_codec              com.google.android.bluetooth         I  packages/modules/Bluetooth/system/stack/a2dp/a2dp_codec_config.cc:674 init: init: initialized Sink codec AAC SINK
2026-04-08 22:56:25.438 16272-16272 a2dp_codec              com.google.android.bluetooth         I  packages/modules/Bluetooth/system/stack/a2dp/a2dp_codec_config.cc:674 init: init: initialized Sink codec SBC SINK
2026-04-08 22:56:25.438 16272-16272 bt_btif_a2dp_source     com.google.android.bluetooth         I  packages/modules/Bluetooth/system/btif/src/btif_a2dp_source.cc:331 btif_a2dp_source_init: btif_a2dp_source_init
2026-04-08 22:56:25.438 16272-16493 bt_stack                com.google.android.bluetooth         I  [INFO:message_loop_thread.cc(184)] Run: message loop starting for thread bt_a2dp_source_worker_thread
2026-04-08 22:56:25.439 16272-16272 bt_btif_storage         com.google.android.bluetooth         I  packages/modules/Bluetooth/system/btif/src/btif_storage.cc:653 btif_storage_get_adapter_property: btif_storage_get_adapter_property service_mask:0x20000008
2026-04-08 22:56:25.439 16272-16272 A2dpService             com.google.android.bluetooth         D  A2DP offload flag set to false
2026-04-08 22:56:25.440 16272-16394 bt_bta_av               com.google.android.bluetooth         I  packages/modules/Bluetooth/system/bta/av/bta_av_main.cc:431 bta_av_api_register: bta_av_api_register: AVRCP version used for sdp: "avrcp15"
2026-04-08 22:56:25.440 16272-16394 bt_l2cap                com.google.android.bluetooth         I  packages/modules/Bluetooth/system/stack/l2cap/l2c_api.cc:172 L2CA_Register: L2CAP Registered service classic PSM: 0x0019
2026-04-08 22:56:25.440 16272-16394 bt_l2cap                com.google.android.bluetooth         I  packages/modules/Bluetooth/system/stack/l2cap/l2c_api.cc:172 L2CA_Register: L2CAP Registered service classic PSM: 0x0017
2026-04-08 22:56:25.440 16272-16394 bt_l2cap                com.google.android.bluetooth         I  packages/modules/Bluetooth/system/stack/l2cap/l2c_api.cc:172 L2CA_Register: L2CAP Registered service classic PSM: 0x001b
2026-04-08 22:56:25.441 16272-16394 bt_bta_dm               com.google.android.bluetooth         I  packages/modules/Bluetooth/system/bta/dm/bta_dm_act.cc:3454 bta_dm_eir_update_uuid: EIR Adding UUID=0x110A into extended inquiry response
2026-04-08 22:56:25.441 16272-16394 bt_bta_dm               com.google.android.bluetooth         I  packages/modules/Bluetooth/system/bta/dm/bta_dm_act.cc:3153 bta_dm_set_eir: Generating extended inquiry response packet EIR
2026-04-08 22:56:25.441 16272-16394 bt_bta_av               com.google.android.bluetooth         I  packages/modules/Bluetooth/system/bta/av/bta_av_act.cc:305 bta_av_rc_create: Skipping RC creation for the old AVRCP profile
2026-04-08 22:56:25.441 16272-16394 bt_bta_av               com.google.android.bluetooth         I  packages/modules/Bluetooth/system/bta/av/bta_av_main.cc:431 bta_av_api_register: bta_av_api_register: AVRCP version used for sdp: "avrcp15"
2026-04-08 22:56:25.441 16272-16394 bt_bta_av               com.google.android.bluetooth         I  packages/modules/Bluetooth/system/bta/av/bta_av_main.cc:431 bta_av_api_register: bta_av_api_register: AVRCP version used for sdp: "avrcp15"
2026-04-08 22:56:25.442 16272-16394 bt_bta_av               com.google.android.bluetooth         I  packages/modules/Bluetooth/system/bta/av/bta_av_main.cc:431 bta_av_api_register: bta_av_api_register: AVRCP version used for sdp: "avrcp15"
2026-04-08 22:56:25.442 16272-16394 bt_bta_av               com.google.android.bluetooth         I  packages/modules/Bluetooth/system/bta/av/bta_av_main.cc:431 bta_av_api_register: bta_av_api_register: AVRCP version used for sdp: "avrcp15"
2026-04-08 22:56:25.442 16272-16394 bt_bta_av               com.google.android.bluetooth         I  packages/modules/Bluetooth/system/bta/av/bta_av_main.cc:431 bta_av_api_register: bta_av_api_register: AVRCP version used for sdp: "avrcp15"
2026-04-08 22:56:25.444 16272-16493 bt_btif_a2dp_source     com.google.android.bluetooth         I  packages/modules/Bluetooth/system/btif/src/btif_a2dp_source.cc:341 btif_a2dp_source_init_delayed: btif_a2dp_source_init_delayed
2026-04-08 22:56:25.485 15202-15239 EGL_emulation           com.redennier.taskapp                D  app_time_stats: avg=62.65ms min=32.34ms max=97.18ms count=16
2026-04-08 22:56:25.494  4131-4934  NearbyDiscovery         com.google.android.gms.persistent    I  FastPairHandler: Received action android.bluetooth.adapter.action.BLE_STATE_CHANGED [CONTEXT service_id=265 ]
2026-04-08 22:56:25.575 12094-12094 PowerNotif...GoogleImpl com.android.systemui                 D  onReceive: android.bluetooth.adapter.action.STATE_CHANGED
2026-04-08 22:56:25.581 12094-12094 Incompatib...tification com.android.systemui                 D  dispatchIntent: android.bluetooth.adapter.action.STATE_CHANGED
2026-04-08 22:56:25.600  1427-1427  GsaVoiceInteractionSrv  com....android.googlequicksearchbox  I  O received Intent { act=android.bluetooth.adapter.action.STATE_CHANGED flg=0x4000010 (has extras) }
2026-04-08 22:56:25.694   543-1542  system_server           system_server                        W  Long monitor contention with owner ActivityManager (572) at void com.android.server.am.BroadcastQueueModernImpl.checkPendingColdStartValidity()(BroadcastQueueModernImpl.java:551) waiters=1 in boolean com.android.server.am.ActivityManagerService.stopServiceToken(android.content.ComponentName, android.os.IBinder, int) for 385ms
2026-04-08 22:56:25.771   543-1610  ProcessStats            system_server                        W  Tracking association SourceState{b113274 com.google.android.googlequicksearchbox:interactor/10132 BFgs #12434} whose proc state 4 is better than process ProcessState{553c12d com.google.android.googlequicksearchbox:search/10132 pkg=com.google.android.googlequicksearchbox} proc state 13 (91 skipped)
2026-04-08 22:56:25.797  4131-4934  NearbyDiscovery         com.google.android.gms.persistent    I  FastPairHandler: Received action android.bluetooth.adapter.action.BLE_STATE_CHANGED [CONTEXT service_id=265 ]
2026-04-08 22:56:25.801 16272-16272 A2dpService             com.google.android.bluetooth         D  setA2dpService(): set to: com.android.bluetooth.a2dp.A2dpService@9a09016
2026-04-08 22:56:25.802 16272-16272 ActivityAt...ionService com.google.android.bluetooth         D  notifyActivityAttributionInfo UID=1002 packageName=com.google.android.bluetooth deviceAddress=no_active_device_address
2026-04-08 22:56:25.803 16272-16272 bt_btif                 com.google.android.bluetooth         I  packages/modules/Bluetooth/system/btif/src/bluetooth.cc:829 get_profile_interface: get_profile_interface: id = activity_attribution
2026-04-08 22:56:25.809  4131-4934  NearbyDiscovery         com.google.android.gms.persistent    I  FastPairHandler: Received action android.bluetooth.adapter.action.STATE_CHANGED [CONTEXT service_id=265 ]
2026-04-08 22:56:25.834  4131-6938  NearbySharing           com.google.android.gms.persistent    I  Bluetooth is disabled [CONTEXT service_id=194 ]
2026-04-08 22:56:25.838  4131-6938  NearbySharing           com.google.android.gms.persistent    I  Stopping scanning because Bluetooth is disabled. [CONTEXT service_id=194 ]
2026-04-08 22:56:25.852 16053-16283 Icing                   com.google.android.gms               W  Package com.google.android.googlequicksearchbox targets Android P and isn't allowed to use AppDataSearch indexing API
2026-04-08 22:56:25.874 16053-16283 Icing                   com.google.android.gms               W  Package com.google.android.gm targets Android P and isn't allowed to use AppDataSearch indexing API
2026-04-08 22:56:25.913  4131-6938  NearbySharing           com.google.android.gms.persistent    I  Failed to stop scanning because we're not scanning. [CONTEXT service_id=194 ]
2026-04-08 22:56:25.913  4131-15625 bwfc                    com.google.android.gms.persistent    E  Phenotype API error. Event # edax@4d4bac93, EventCode: 5 [CONTEXT service_id=51 ]
                                                                                                    bwdx: 29501: Stale snapshot for com.google.android.deskclock#com.google.android.deskclock(change count changed - expected 2  but was 1)
                                                                                                    	at bwfg.b(:com.google.android.gms@231818047@23.18.18 (190800-535401451):16)
                                                                                                    	at bwff.g(:com.google.android.gms@231818047@23.18.18 (190800-535401451):0)
                                                                                                    	at bwfc.e(:com.google.android.gms@231818047@23.18.18 (190800-535401451):4)
                                                                                                    	at bwfc.f(:com.google.android.gms@231818047@23.18.18 (190800-535401451):2)
                                                                                                    	at avsy.eo(:com.google.android.gms@231818047@23.18.18 (190800-535401451):1)
                                                                                                    	at avtf.run(:com.google.android.gms@231818047@23.18.18 (190800-535401451):14)
                                                                                                    	at dfhf.run(:com.google.android.gms@231818047@23.18.18 (190800-535401451):2)
                                                                                                    	at aced.c(:com.google.android.gms@231818047@23.18.18 (190800-535401451):6)
                                                                                                    	at aced.run(:com.google.android.gms@231818047@23.18.18 (190800-535401451):8)
                                                                                                    	at java.util.concurrent.ThreadPoolExecutor.runWorker(ThreadPoolExecutor.java:1145)
                                                                                                    	at java.util.concurrent.ThreadPoolExecutor$Worker.run(ThreadPoolExecutor.java:644)
                                                                                                    	at acjn.run(:com.google.android.gms@231818047@23.18.18 (190800-535401451):0)
                                                                                                    	at java.lang.Thread.run(Thread.java:1012)
2026-04-08 22:56:25.914  4131-15625 AsyncOperation          com.google.android.gms.persistent    W  operation=CommitToConfigurationOperationCall, opStatusCode=29501 [CONTEXT service_id=51 ]
                                                                                                    OperationException[Status{statusCode=Stale snapshot for com.google.android.deskclock#com.google.android.deskclock(change count changed - expected 2  but was 1), resolution=null}]
                                                                                                    	at bwfc.e(:com.google.android.gms@231818047@23.18.18 (190800-535401451):6)
                                                                                                    	at bwfc.f(:com.google.android.gms@231818047@23.18.18 (190800-535401451):2)
                                                                                                    	at avsy.eo(:com.google.android.gms@231818047@23.18.18 (190800-535401451):1)
                                                                                                    	at avtf.run(:com.google.android.gms@231818047@23.18.18 (190800-535401451):14)
                                                                                                    	at dfhf.run(:com.google.android.gms@231818047@23.18.18 (190800-535401451):2)
                                                                                                    	at aced.c(:com.google.android.gms@231818047@23.18.18 (190800-535401451):6)
                                                                                                    	at aced.run(:com.google.android.gms@231818047@23.18.18 (190800-535401451):8)
                                                                                                    	at java.util.concurrent.ThreadPoolExecutor.runWorker(ThreadPoolExecutor.java:1145)
                                                                                                    	at java.util.concurrent.ThreadPoolExecutor$Worker.run(ThreadPoolExecutor.java:644)
                                                                                                    	at acjn.run(:com.google.android.gms@231818047@23.18.18 (190800-535401451):0)
                                                                                                    	at java.lang.Thread.run(Thread.java:1012)
2026-04-08 22:56:25.917 16145-16270 MobStoreFlagStore       com.google.android.deskclock         W  Failed to commit due to stale snapshot for com.google.android.deskclock#com.google.android.deskclock, triggering flag update. Experiments may be delayed til next app start.
2026-04-08 22:56:25.947 16053-16283 Icing                   com.google.android.gms               I  updateResources: need to parse arkh{com.google.android.gms}
2026-04-08 22:56:25.960  4131-15625 bwfc                    com.google.android.gms.persistent    E  Phenotype API error. Event # edax@a9d4607a, EventCode: 5 [CONTEXT service_id=51 ]
                                                                                                    bwdx: 29501: Stale snapshot for com.google.android.libraries.performance.primes#com.google.android.deskclock(change count changed - expected 4  but was 3)
                                                                                                    	at bwfg.b(:com.google.android.gms@231818047@23.18.18 (190800-535401451):16)
                                                                                                    	at bwff.g(:com.google.android.gms@231818047@23.18.18 (190800-535401451):0)
                                                                                                    	at bwfc.e(:com.google.android.gms@231818047@23.18.18 (190800-535401451):4)
                                                                                                    	at bwfc.f(:com.google.android.gms@231818047@23.18.18 (190800-535401451):2)
                                                                                                    	at avsy.eo(:com.google.android.gms@231818047@23.18.18 (190800-535401451):1)
                                                                                                    	at avtf.run(:com.google.android.gms@231818047@23.18.18 (190800-535401451):14)
                                                                                                    	at dfhf.run(:com.google.android.gms@231818047@23.18.18 (190800-535401451):2)
                                                                                                    	at aced.c(:com.google.android.gms@231818047@23.18.18 (190800-535401451):6)
                                                                                                    	at aced.run(:com.google.android.gms@231818047@23.18.18 (190800-535401451):8)
                                                                                                    	at java.util.concurrent.ThreadPoolExecutor.runWorker(ThreadPoolExecutor.java:1145)
                                                                                                    	at java.util.concurrent.ThreadPoolExecutor$Worker.run(ThreadPoolExecutor.java:644)
                                                                                                    	at acjn.run(:com.google.android.gms@231818047@23.18.18 (190800-535401451):0)
                                                                                                    	at java.lang.Thread.run(Thread.java:1012)
2026-04-08 22:56:25.961  4131-15625 AsyncOperation          com.google.android.gms.persistent    W  operation=CommitToConfigurationOperationCall, opStatusCode=29501 [CONTEXT service_id=51 ]
                                                                                                    OperationException[Status{statusCode=Stale snapshot for com.google.android.libraries.performance.primes#com.google.android.deskclock(change count changed - expected 4  but was 3), resolution=null}]
                                                                                                    	at bwfc.e(:com.google.android.gms@231818047@23.18.18 (190800-535401451):6)
                                                                                                    	at bwfc.f(:com.google.android.gms@231818047@23.18.18 (190800-535401451):2)
                                                                                                    	at avsy.eo(:com.google.android.gms@231818047@23.18.18 (190800-535401451):1)
                                                                                                    	at avtf.run(:com.google.android.gms@231818047@23.18.18 (190800-535401451):14)
                                                                                                    	at dfhf.run(:com.google.android.gms@231818047@23.18.18 (190800-535401451):2)
                                                                                                    	at aced.c(:com.google.android.gms@231818047@23.18.18 (190800-535401451):6)
                                                                                                    	at aced.run(:com.google.android.gms@231818047@23.18.18 (190800-535401451):8)
                                                                                                    	at java.util.concurrent.ThreadPoolExecutor.runWorker(ThreadPoolExecutor.java:1145)
                                                                                                    	at java.util.concurrent.ThreadPoolExecutor$Worker.run(ThreadPoolExecutor.java:644)
                                                                                                    	at acjn.run(:com.google.android.gms@231818047@23.18.18 (190800-535401451):0)
                                                                                                    	at java.lang.Thread.run(Thread.java:1012)
2026-04-08 22:56:25.962 16145-16270 MobStoreFlagStore       com.google.android.deskclock         W  Failed to commit due to stale snapshot for com.google.android.libraries.performance.primes#com.google.android.deskclock, triggering flag update. Experiments may be delayed til next app start.
2026-04-08 22:56:25.969  4131-6938  NearbySharing           com.google.android.gms.persistent    I  Can't stop advertising FastInitiation. Not advertising. [CONTEXT service_id=194 ]
2026-04-08 22:56:25.970  4131-6938  NearbySharing           com.google.android.gms.persistent    I  Stopping Fast Init advertisement because Bluetooth is off. [CONTEXT service_id=194 ]
2026-04-08 22:56:25.974  4131-6938  NearbySharing           com.google.android.gms.persistent    I  Stopping advertising because Bluetooth is disabled. [CONTEXT service_id=194 ]
2026-04-08 22:56:26.010  4131-16363 ProximityAuth           com.google.android.gms.persistent    I  [PhoneHubService] Bluetooth state has changed. Calling startService.
2026-04-08 22:56:26.019  4131-16370 Nearby                  com.google.android.gms.persistent    I  is blocked device type false, isAuto=false, isIot=false, isLatchsky=false, isChinaWearable=false, isTv=false, isWearable=false (supportWearOs=false), isChromeOsDevice=false (supportChromeOs=false) [CONTEXT service_id=49 ]
2026-04-08 22:56:26.070 16211-16211 DialerFlags             com.google.android.dialer            I  com.android.dialer.phenotype.Flags.lambda$registerDialerMendelConfigPackage$0:130 phenotype register status: true
2026-04-08 22:56:26.078 15424-16247 TimedProcessReaper      com....android.googlequicksearchbox  W  Scheduling killing of process to refresh configuration
2026-04-08 22:56:26.089  4131-4131  ProximityAuth           com.google.android.gms.persistent    I  [PhoneHubService] Handling intent for PhoneHubChimeraService.
2026-04-08 22:56:26.090   543-562   Looper                  system_server                        W  Slow dispatch took 640ms android.ui h=com.android.server.am.ActivityManagerService$UiHandler c=null m=68
2026-04-08 22:56:26.101   543-543   Looper                  system_server                        W  Slow dispatch took 216ms main h=android.app.ActivityThread$H c=android.app.LoadedApk$ReceiverDispatcher$Args$$ExternalSyntheticLambda0@1143b8f m=0
2026-04-08 22:56:26.131  4131-4131  NearbyDiscovery         com.google.android.gms.persistent    I  FastPair: onAdapterStateChange: state=11 [CONTEXT service_id=265 ]
2026-04-08 22:56:26.143 16272-16272 AvrcpTargetService      com.google.android.bluetooth         I  User unlocked, initializing the service
2026-04-08 22:56:26.144 16272-16272 AvrcpTargetService      com.google.android.bluetooth         I  Starting the AVRCP Target Service
2026-04-08 22:56:26.149   543-562   Looper                  system_server                        W  Slow delivery took 657ms android.ui h=com.android.server.am.ActivityManagerService$UiHandler c=null m=68
2026-04-08 22:56:26.156  4131-16475 NearbyFastPair          com.google.android.gms.persistent    I  DynamicSupportModule: onSupportStateUpdate start [CONTEXT service_id=265 ]
2026-04-08 22:56:26.165 16272-16272 MediaPlayerList         com.google.android.bluetooth         V  Creating MediaPlayerList
2026-04-08 22:56:26.168  4131-16475 NearbyFastPair          com.google.android.gms.persistent    I  DynamicSupportModule: onSupportStateUpdate end [CONTEXT service_id=265 ]
2026-04-08 22:56:26.171  4131-4934  NearbyDiscovery         com.google.android.gms.persistent    I  FastPairHandler: Received action android.bluetooth.adapter.action.STATE_CHANGED [CONTEXT service_id=265 ]
2026-04-08 22:56:26.188  4131-16464 ProximityAuth           com.google.android.gms.persistent    I  [AccountEligibilityMediator] Cannot check accounts eligibility in cross profile, checking accounts in current profiles
2026-04-08 22:56:26.235   543-1542  MediaSessionService     system_server                        D  The MediaKeyEventSessionChangedListener (android.os.BinderProxy@eb6b711) is added by com.google.android.bluetooth
2026-04-08 22:56:26.236  4131-16464 ProximityAuth           com.google.android.gms.persistent    I  [PhoneHubService] No enabled account, stopping service
2026-04-08 22:56:26.257 16272-16272 AvrcpTargetJni          com.google.android.bluetooth         I  classInitNative: AvrcpTargetJni initialized!
2026-04-08 22:56:26.270 16272-16272 AvrcpTargetJni          com.google.android.bluetooth         D  initNative
2026-04-08 22:56:26.306 16053-16283 Icing                   com.google.android.gms               I  Internal init done: storage state 0
2026-04-08 22:56:26.323 16053-16283 Icing                   com.google.android.gms               I  No maintenance for too long
2026-04-08 22:56:26.337 16053-16283 Icing                   com.google.android.gms               I  Performing maintenance.
2026-04-08 22:56:26.351  4131-6938  NearbySharing           com.google.android.gms.persistent    I  Can't stop scanning for FastInitiation. Not scanning. [CONTEXT service_id=194 ]
2026-04-08 22:56:26.351  4131-6938  NearbySharing           com.google.android.gms.persistent    I  Cancelling in use notification [CONTEXT service_id=194 ]
2026-04-08 22:56:26.367  4131-4131  ProximityAuth           com.google.android.gms.persistent    I  [PhoneHubService] Destroying PhoneHubChimeraService.
2026-04-08 22:56:26.367  4131-4131  ProximityAuth           com.google.android.gms.persistent    W  [PhoneHubNotificationProcessor] shutdown(): context is null.
2026-04-08 22:56:26.371  4131-4131  ProximityAuth           com.google.android.gms.persistent    I  [PhoneHubService] All devices have disconnected. Performing cleanup...
2026-04-08 22:56:26.387  4131-4131  ChimeraUtils            com.google.android.gms.persistent    W  Module com.google.android.gms.auth_proximity missing resource null(0)
2026-04-08 22:56:26.406 16272-16394 bt_stack                com.google.android.bluetooth         I  [INFO:avrcp_service.cc(375)] AVRCP Target Service started
2026-04-08 22:56:26.406 16272-16394 bt_bta_dm               com.google.android.bluetooth         I  packages/modules/Bluetooth/system/bta/dm/bta_dm_act.cc:3454 bta_dm_eir_update_uuid: EIR Adding UUID=0x110C into extended inquiry response
2026-04-08 22:56:26.406 16272-16394 bt_bta_dm               com.google.android.bluetooth         I  packages/modules/Bluetooth/system/bta/dm/bta_dm_act.cc:3153 bta_dm_set_eir: Generating extended inquiry response packet EIR
2026-04-08 22:56:26.406 16272-16394 bt_bta_dm               com.google.android.bluetooth         I  packages/modules/Bluetooth/system/bta/dm/bta_dm_act.cc:3454 bta_dm_eir_update_uuid: EIR Adding UUID=0x110E into extended inquiry response
2026-04-08 22:56:26.406 16272-16394 bt_bta_dm               com.google.android.bluetooth         I  packages/modules/Bluetooth/system/bta/dm/bta_dm_act.cc:3153 bta_dm_set_eir: Generating extended inquiry response packet EIR
2026-04-08 22:56:26.407 16272-16394 bt_stack                com.google.android.bluetooth         I  [INFO:connection_handler.cc(200)] Connect to device ff:ff:ff:ff:ff:ff
2026-04-08 22:56:26.407 16272-16394 bt_stack                com.google.android.bluetooth         I  [INFO:connection_handler.cc(222)] virtual bool bluetooth::avrcp::ConnectionHandler::AvrcpConnect(bool, const RawAddress &): handle=0000 status= 000000
2026-04-08 22:56:26.411   543-562   Looper                  system_server                        W  Drained
2026-04-08 22:56:26.496 15202-15239 EGL_emulation           com.redennier.taskapp                D  app_time_stats: avg=54.73ms min=13.30ms max=98.11ms count=18
2026-04-08 22:56:26.501 16272-16272 MediaPlayerList         com.google.android.bluetooth         V  Initializing MediaPlayerList
2026-04-08 22:56:26.518 16272-16272 BrowsedPlayerWrapper    com.google.android.bluetooth         I  Wrapping Media Browser com.google.android.apps.youtube.music
2026-04-08 22:56:26.534 16272-16272 BrowsedPlayerWrapper    com.google.android.bluetooth         I  Wrapping Media Browser com.google.android.bluetooth
2026-04-08 22:56:26.535 16272-16272 BrowsedPlayerWrapper    com.google.android.bluetooth         I  Wrapping Media Browser com.google.android.googlequicksearchbox
2026-04-08 22:56:26.538 16272-16272 BrowsedPlayerWrapper    com.google.android.bluetooth         I  Wrapping Media Browser com.google.android.youtube
2026-04-08 22:56:26.553 16272-16272 AvrcpTargetService      com.google.android.bluetooth         E  Please use AVRCP version 1.6 to enable cover art
2026-04-08 22:56:26.562 16272-16272 ActivityAt...ionService com.google.android.bluetooth         D  notifyActivityAttributionInfo UID=1002 packageName=com.google.android.bluetooth deviceAddress=no_active_device_address
2026-04-08 22:56:26.562 16272-16272 bt_btif                 com.google.android.bluetooth         I  packages/modules/Bluetooth/system/btif/src/bluetooth.cc:829 get_profile_interface: get_profile_interface: id = activity_attribution
2026-04-08 22:56:26.570  4131-6938  NearbySharing           com.google.android.gms.persistent    I  Fast Initiation Scanning has stopped [CONTEXT service_id=194 ]
2026-04-08 22:56:26.570  4131-6938  NearbySharing           com.google.android.gms.persistent    I  Stopping FastInitiation scanning because Bluetooth is disabled. [CONTEXT service_id=194 ]
2026-04-08 22:56:26.571  4131-6938  NearbySharing           com.google.android.gms.persistent    I  Dismissing HUN as there's no device nearby. [CONTEXT service_id=194 ]
2026-04-08 22:56:26.574 16272-16272 HeadsetService          com.google.android.bluetooth         I  create()
2026-04-08 22:56:26.580 16272-16272 HeadsetService          com.google.android.bluetooth         I  start()
2026-04-08 22:56:26.592   543-1542  PackageManager          system_server                        D  Instant App installer not found with android.intent.action.INSTALL_INSTANT_APP_PACKAGE
2026-04-08 22:56:26.598   543-1542  PackageManager          system_server                        D  Clear ephemeral installer activity
2026-04-08 22:56:26.692 16211-16211 DialerFlags             com.google.android.dialer            I  com.android.dialer.phenotype.Flags.lambda$registerDialerDirectbootMendelConfigPackage$1:142 directboot-aware phenotype register status: true
2026-04-08 22:56:26.898 16053-16283 Icing                   com.google.android.gms               W  Failed to get Lockbox signed-in status: java.util.concurrent.TimeoutException: Timed out waiting for Task
2026-04-08 22:56:26.898 16053-16283 Icing                   com.google.android.gms               W  getSignedInAccountName: Falling back to default value
2026-04-08 22:56:26.914 16272-16272 BluetoothH...ServiceJni com.google.android.bluetooth         I  classInitNative: succeeds
2026-04-08 22:56:26.922 16272-16272 HeadsetClientService    com.google.android.bluetooth         W  getHeadsetClientService(): service is null
2026-04-08 22:56:26.925 16272-16272 bt_btif                 com.google.android.bluetooth         I  packages/modules/Bluetooth/system/btif/src/bluetooth.cc:829 get_profile_interface: get_profile_interface: id = handsfree
2026-04-08 22:56:26.925 16272-16272 bt_stack                com.google.android.bluetooth         I  [INFO:btif_hf.cc(1626)] GetInterface
2026-04-08 22:56:26.925 16272-16272 bt_btif_hf              com.google.android.bluetooth         I  packages/modules/Bluetooth/system/btif/src/btif_hf.cc:1590 ExecuteService: service starts to: Initialize
2026-04-08 22:56:26.926 16272-16272 bt_btif_storage         com.google.android.bluetooth         I  packages/modules/Bluetooth/system/btif/src/btif_storage.cc:653 btif_storage_get_adapter_property: btif_storage_get_adapter_property service_mask:0x20000048
2026-04-08 22:56:26.926 16272-16394 bluetooth               com.google.android.bluetooth         I  packages/modules/Bluetooth/system/bta/ag/bta_ag_main.cc:405 bta_ag_api_enable: AG api enable
