2026-04-08 22:56:26.929 16272-16394 bluetooth               com.google.android.bluetooth         I  packages/modules/Bluetooth/system/bta/ag/bta_ag_sdp.cc:146 bta_ag_add_record: features: 135023
2026-04-08 22:56:26.929 16272-16394 bt_bta_dm               com.google.android.bluetooth         I  packages/modules/Bluetooth/system/bta/dm/bta_dm_act.cc:3454 bta_dm_eir_update_uuid: EIR Adding UUID=0x1112 into extended inquiry response
2026-04-08 22:56:26.929 16272-16394 bt_bta_dm               com.google.android.bluetooth         I  packages/modules/Bluetooth/system/bta/dm/bta_dm_act.cc:3153 bta_dm_set_eir: Generating extended inquiry response packet EIR
2026-04-08 22:56:26.929 16272-16394 bluetooth               com.google.android.bluetooth         I  packages/modules/Bluetooth/system/bta/ag/bta_ag_sdp.cc:146 bta_ag_add_record: features: 135023
2026-04-08 22:56:26.929 16272-16394 bt_bta_dm               com.google.android.bluetooth         I  packages/modules/Bluetooth/system/bta/dm/bta_dm_act.cc:3454 bta_dm_eir_update_uuid: EIR Adding UUID=0x111F into extended inquiry response
2026-04-08 22:56:26.929 16272-16394 bt_bta_dm               com.google.android.bluetooth         I  packages/modules/Bluetooth/system/bta/dm/bta_dm_act.cc:3153 bta_dm_set_eir: Generating extended inquiry response packet EIR
2026-04-08 22:56:26.930 16272-16394 bt_stack                com.google.android.bluetooth         I  [INFO:port_api.cc(220)] RFCOMM_CreateConnectionWithSecurity: bd_addr=ff:ff:ff:ff:ff:ff, scn=2, is_server=1, mtu=256, uuid=0x1112, dlci=4, signal_state=0x0b, p_port=0x7d48b6bed198
2026-04-08 22:56:26.930 16272-16394 bt_stack                com.google.android.bluetooth         I  [INFO:port_api.cc(220)] RFCOMM_CreateConnectionWithSecurity: bd_addr=ff:ff:ff:ff:ff:ff, scn=3, is_server=1, mtu=256, uuid=0x111f, dlci=6, signal_state=0x0b, p_port=0x7d48b6bed250
2026-04-08 22:56:26.930 16272-16394 bt_stack                com.google.android.bluetooth         I  [INFO:port_api.cc(220)] RFCOMM_CreateConnectionWithSecurity: bd_addr=ff:ff:ff:ff:ff:ff, scn=2, is_server=1, mtu=256, uuid=0x1112, dlci=4, signal_state=0x0b, p_port=0x7d48b6bed308
2026-04-08 22:56:26.930 16272-16394 bt_stack                com.google.android.bluetooth         I  [INFO:port_api.cc(220)] RFCOMM_CreateConnectionWithSecurity: bd_addr=ff:ff:ff:ff:ff:ff, scn=3, is_server=1, mtu=256, uuid=0x111f, dlci=6, signal_state=0x0b, p_port=0x7d48b6bed3c0
2026-04-08 22:56:26.931 16272-16394 bt_stack                com.google.android.bluetooth         I  [INFO:port_api.cc(220)] RFCOMM_CreateConnectionWithSecurity: bd_addr=ff:ff:ff:ff:ff:ff, scn=2, is_server=1, mtu=256, uuid=0x1112, dlci=4, signal_state=0x0b, p_port=0x7d48b6bed478
2026-04-08 22:56:26.931 16272-16394 bt_stack                com.google.android.bluetooth         I  [INFO:port_api.cc(220)] RFCOMM_CreateConnectionWithSecurity: bd_addr=ff:ff:ff:ff:ff:ff, scn=3, is_server=1, mtu=256, uuid=0x111f, dlci=6, signal_state=0x0b, p_port=0x7d48b6bed530
2026-04-08 22:56:26.931 16272-16394 bt_stack                com.google.android.bluetooth         I  [INFO:port_api.cc(220)] RFCOMM_CreateConnectionWithSecurity: bd_addr=ff:ff:ff:ff:ff:ff, scn=2, is_server=1, mtu=256, uuid=0x1112, dlci=4, signal_state=0x0b, p_port=0x7d48b6bed5e8
2026-04-08 22:56:26.931 16272-16394 bt_stack                com.google.android.bluetooth         I  [INFO:port_api.cc(220)] RFCOMM_CreateConnectionWithSecurity: bd_addr=ff:ff:ff:ff:ff:ff, scn=3, is_server=1, mtu=256, uuid=0x111f, dlci=6, signal_state=0x0b, p_port=0x7d48b6bed6a0
2026-04-08 22:56:26.931 16272-16394 bt_stack                com.google.android.bluetooth         I  [INFO:port_api.cc(220)] RFCOMM_CreateConnectionWithSecurity: bd_addr=ff:ff:ff:ff:ff:ff, scn=2, is_server=1, mtu=256, uuid=0x1112, dlci=4, signal_state=0x0b, p_port=0x7d48b6bed758
2026-04-08 22:56:26.931 16272-16394 bt_stack                com.google.android.bluetooth         I  [INFO:port_api.cc(220)] RFCOMM_CreateConnectionWithSecurity: bd_addr=ff:ff:ff:ff:ff:ff, scn=3, is_server=1, mtu=256, uuid=0x111f, dlci=6, signal_state=0x0b, p_port=0x7d48b6bed810
2026-04-08 22:56:26.931 16272-16394 bt_stack                com.google.android.bluetooth         I  [INFO:port_api.cc(220)] RFCOMM_CreateConnectionWithSecurity: bd_addr=ff:ff:ff:ff:ff:ff, scn=2, is_server=1, mtu=256, uuid=0x1112, dlci=4, signal_state=0x0b, p_port=0x7d48b6bed8c8
2026-04-08 22:56:26.932 16272-16394 bt_stack                com.google.android.bluetooth         I  [INFO:port_api.cc(220)] RFCOMM_CreateConnectionWithSecurity: bd_addr=ff:ff:ff:ff:ff:ff, scn=3, is_server=1, mtu=256, uuid=0x111f, dlci=6, signal_state=0x0b, p_port=0x7d48b6bed980
2026-04-08 22:56:26.941 16272-16429 bt_stack                com.google.android.bluetooth         I  [INFO:btif_hf.cc(318)] btif_hf_upstreams_evt: AG enable/disable event 0
2026-04-08 22:56:26.974   477-477   libgoldfish-rild        libgoldfish-rild                     W  Multi-element reporting criteria are not supported with HIDL HAL
2026-04-08 22:56:26.977 16272-16497 HeadsetPhoneState       com.google.android.bluetooth         I  stopListenForPhoneState(), no listener indicates nothing is listening
2026-04-08 22:56:26.986 16272-16497 HeadsetPhoneState       com.google.android.bluetooth         W  startListenForPhoneState, no event to listen
2026-04-08 22:56:26.988   543-1542  Compatibil...geReporter system_server                        D  Compat change id reported: 161145287; UID 1002; state: ENABLED
2026-04-08 22:56:26.991 16272-16272 ActivityAt...ionService com.google.android.bluetooth         D  notifyActivityAttributionInfo UID=1002 packageName=com.google.android.bluetooth deviceAddress=no_active_device_address
2026-04-08 22:56:26.991 16272-16272 bt_btif                 com.google.android.bluetooth         I  packages/modules/Bluetooth/system/btif/src/bluetooth.cc:829 get_profile_interface: get_profile_interface: id = activity_attribution
2026-04-08 22:56:26.995  4131-6938  NearbySharing           com.google.android.gms.persistent    I  Cancelling in use notification [CONTEXT service_id=194 ]
2026-04-08 22:56:27.009   543-636   ActivityManager         system_server                        D  freezing 16145 com.google.android.deskclock
2026-04-08 22:56:27.039 16053-16283 Icing                   com.google.android.gms               W  Package com.google.android.googlequicksearchbox targets Android P and isn't allowed to use AppDataSearch indexing API
2026-04-08 22:56:27.051 16272-16272 HearingAidService       com.google.android.bluetooth         D  create()
2026-04-08 22:56:27.068 16053-16283 Icing                   com.google.android.gms               W  Package com.google.android.gm targets Android P and isn't allowed to use AppDataSearch indexing API
2026-04-08 22:56:27.075 16053-16283 Icing                   com.google.android.gms               W  Package com.android.chrome targets Android P and isn't allowed to use AppDataSearch indexing API
2026-04-08 22:56:27.077 16053-16283 Icing                   com.google.android.gms               I  updateResources: need to parse arkh{com.google.android.gms}
2026-04-08 22:56:27.096 16272-16272 HearingAidService       com.google.android.bluetooth         D  start()
2026-04-08 22:56:27.097 16272-16272 bt_stack                com.google.android.bluetooth         I  [INFO:com_android_bluetooth_hearing_aid.cpp(97)] classInitNative: succeeds
2026-04-08 22:56:27.139 16272-16272 HearingAidService       com.google.android.bluetooth         D  setHearingAidService(): set to: com.android.bluetooth.hearingaid.HearingAidService@9f9737f
2026-04-08 22:56:27.139 16272-16272 bt_btif                 com.google.android.bluetooth         I  packages/modules/Bluetooth/system/btif/src/bluetooth.cc:829 get_profile_interface: get_profile_interface: id = hearing_aid
2026-04-08 22:56:27.139 16272-16272 ActivityAt...ionService com.google.android.bluetooth         D  notifyActivityAttributionInfo UID=1002 packageName=com.google.android.bluetooth deviceAddress=no_active_device_address
2026-04-08 22:56:27.140 16272-16272 bt_btif                 com.google.android.bluetooth         I  packages/modules/Bluetooth/system/btif/src/bluetooth.cc:829 get_profile_interface: get_profile_interface: id = activity_attribution
2026-04-08 22:56:27.140 16272-16394 bt_stack                com.google.android.bluetooth         I  [INFO:hearing_aid_software_encoding_aidl.cc(182)] init
2026-04-08 22:45:59.846     0-0     servicemanager          kernel                               I  Found android.hardware.bluetooth.audio.IBluetoothAudioProviderFactory/default in device VINTF manifest.
2026-04-08 22:45:59.849     0-0     servicemanager          kernel                               I  Found android.hardware.bluetooth.audio.IBluetoothAudioProviderFactory/default in device VINTF manifest.
2026-04-08 22:56:27.152 16272-16272 bt_btif                 com.google.android.bluetooth         I  packages/modules/Bluetooth/system/btif/src/bluetooth.cc:829 get_profile_interface: get_profile_interface: id = hiddev
2026-04-08 22:56:27.155 16272-16272 bt_btif_storage         com.google.android.bluetooth         I  packages/modules/Bluetooth/system/btif/src/btif_storage.cc:653 btif_storage_get_adapter_property: btif_storage_get_adapter_property service_mask:0x60000048
2026-04-08 22:56:27.158 16211-16211 DialerFlags             com.google.android.dialer            I  com.android.dialer.phenotype.Flags.lambda$registerDialerSharedDirectbootMendelConfigPackage$2:156 dialer-shared-directboot-aware phenotype register status: true
2026-04-08 22:56:27.160 16053-16283 Icing                   com.google.android.gms               W  isOptedInForAppHistory: empty Account Name encountered
2026-04-08 22:56:27.161 16053-16283 Icing                   com.google.android.gms               I  Performing maintenance usage 1683954 budget 2420783353 free 99.930% index free 99.982% purge? false target 1694548347
2026-04-08 22:56:27.181   349-354   BTAudioPro...actoryAIDL android.hardware.audio.service       I  getProviderCapabilities - SessionType=HEARING_AID_SOFTWARE_ENCODING_DATAPATH supports 1 codecs
2026-04-08 22:56:27.185 16272-16394 bt_stack                com.google.android.bluetooth         I  [INFO:client_interface_aidl.cc(124)] FetchAudioProvider: BluetoothAudioHal SessionType=HEARING_AID_SOFTWARE_ENCODING_DATAPATH has 1 AudioCapabilities
2026-04-08 22:56:27.186   349-354   BTAudioPro...actoryAIDL android.hardware.audio.service       I  openProvider - SessionType=HEARING_AID_SOFTWARE_ENCODING_DATAPATH
2026-04-08 22:56:27.196   349-354   BTAudioPro...HearingAid android.hardware.audio.service       I  HearingAidAudioProvider - size of audio buffer 3584 byte(s)
2026-04-08 22:56:27.199 16272-16394 bt_stack                com.google.android.bluetooth         I  [INFO:client_interface_aidl.cc(143)] IBluetoothAudioProvidersFactory::openProvider() returned 0x7d4af3713340 (remote)
2026-04-08 22:56:27.200 16272-16394 bluetooth               com.google.android.bluetooth         I  packages/modules/Bluetooth/system/stack/gatt/gatt_api.cc:1257 GATT_Register: Allocated name:GattClient uuid:24829bdb-d727-961e-e87c-b159e78a0715 gatt_if:4 eatt_support:0
2026-04-08 22:56:27.209  4131-15625 bwfc                    com.google.android.gms.persistent    E  Phenotype API error. Event # edax@21e29047, EventCode: 5 [CONTEXT service_id=51 ]
                                                                                                    bwdx: 29501: Stale snapshot for com.google.android.dialer.directboot#com.google.android.dialer(change count changed - expected 6  but was 5)
                                                                                                    	at bwfg.b(:com.google.android.gms@231818047@23.18.18 (190800-535401451):16)
                                                                                                    	at bwff.g(:com.google.android.gms@231818047@23.18.18 (190800-535401451):0)
                                                                                                    	at bwfc.e(:com.google.android.gms@231818047@23.18.18 (190800-535401451):4)
                                                                                                    	at bwfc.f(:com.google.android.gms@231818047@23.18.18 (190800-535401451):2)
                                                                                                    	at avsy.eo(:com.google.android.gms@231818047@23.18.18 (190800-535401451):1)
                                                                                                    	at avtf.run(:com.google.android.gms@231818047@23.18.18 (190800-535401451):14)
                                                                                                    	at dfhf.run(:com.google.android.gms@231818047@23.18.18 (190800-535401451):2)
                                                                                                    	at aced.c(:com.google.android.gms@231818047@23.18.18 (190800-535401451):6)
                                                                                                    	at aced.run(:com.google.android.gms@231818047@23.18.18 (190800-535401451):8)
                                                                                                    	at java.util.concurrent.ThreadPoolExecutor.runWorker(ThreadPoolExecutor.java:1145)
                                                                                                    	at java.util.concurrent.ThreadPoolExecutor$Worker.run(ThreadPoolExecutor.java:644)
                                                                                                    	at acjn.run(:com.google.android.gms@231818047@23.18.18 (190800-535401451):0)
                                                                                                    	at java.lang.Thread.run(Thread.java:1012)
2026-04-08 22:56:27.211 16272-16272 ActivityAt...ionService com.google.android.bluetooth         D  notifyActivityAttributionInfo UID=1002 packageName=com.google.android.bluetooth deviceAddress=no_active_device_address
2026-04-08 22:56:27.213 16272-16272 bt_btif                 com.google.android.bluetooth         I  packages/modules/Bluetooth/system/btif/src/bluetooth.cc:829 get_profile_interface: get_profile_interface: id = activity_attribution
2026-04-08 22:56:27.245 16272-16272 bt_btif                 com.google.android.bluetooth         I  packages/modules/Bluetooth/system/btif/src/bluetooth.cc:829 get_profile_interface: get_profile_interface: id = hidhost
2026-04-08 22:56:27.262 16272-16272 bt_btif_storage         com.google.android.bluetooth         I  packages/modules/Bluetooth/system/btif/src/btif_storage.cc:653 btif_storage_get_adapter_property: btif_storage_get_adapter_property service_mask:0x60100048
2026-04-08 22:56:27.273 16272-16394 bt_l2cap                com.google.android.bluetooth         I  packages/modules/Bluetooth/system/stack/l2cap/l2c_api.cc:172 L2CA_Register: L2CAP Registered service classic PSM: 0x0011
2026-04-08 22:56:27.274 16272-16394 bt_l2cap                com.google.android.bluetooth         I  packages/modules/Bluetooth/system/stack/l2cap/l2c_api.cc:172 L2CA_Register: L2CAP Registered service classic PSM: 0x0013
2026-04-08 22:56:27.274 16272-16394 bluetooth               com.google.android.bluetooth         I  packages/modules/Bluetooth/system/stack/gatt/gatt_api.cc:1257 GATT_Register: Allocated name:GattClient uuid:394a498a-94b1-0a0d-1f12-8a1f2b4aad37 gatt_if:5 eatt_support:0
2026-04-08 22:56:27.290   543-861   AppsFilter              system_server                        I  interaction: PackageSetting{7b53ea8 com.redennier.taskapp/10193} -> PackageSetting{76dcf58 com.google.android.inputmethod.latin/10150} BLOCKED
2026-04-08 22:56:27.290   543-861   FillRequestEventLogger  system_server                        W  Couldn't find packageName: com.google.android.inputmethod.latin
2026-04-08 22:56:27.340 15202-15202 Choreographer           com.redennier.taskapp                I  Skipped 39 frames!  The application may be doing too much work on its main thread.
2026-04-08 22:56:27.354   543-543   AutofillIn...estSession system_server                        D  onCreateInlineSuggestionsRequestLocked called: 1073741824:196608@1338298134
2026-04-08 22:56:27.382 12094-12094 ndroid.systemui         com.android.systemui                 W  Long monitor contention with owner SysUiBg (12118) at android.os.Message android.os.MessageQueue.next()(MessageQueue.java:364) waiters=0 in boolean android.os.MessageQueue.enqueueMessage(android.os.Message, long) for 255ms
2026-04-08 22:56:27.392   543-1610  AutofillIn...estSession system_server                        D  onInlineSuggestionsSessionInvalidated() called.
2026-04-08 22:56:27.403  4131-15625 AsyncOperation          com.google.android.gms.persistent    W  operation=CommitToConfigurationOperationCall, opStatusCode=29501 [CONTEXT service_id=51 ]
                                                                                                    OperationException[Status{statusCode=Stale snapshot for com.google.android.dialer.directboot#com.google.android.dialer(change count changed - expected 6  but was 5), resolution=null}]
                                                                                                    	at bwfc.e(:com.google.android.gms@231818047@23.18.18 (190800-535401451):6)
                                                                                                    	at bwfc.f(:com.google.android.gms@231818047@23.18.18 (190800-535401451):2)
                                                                                                    	at avsy.eo(:com.google.android.gms@231818047@23.18.18 (190800-535401451):1)
                                                                                                    	at avtf.run(:com.google.android.gms@231818047@23.18.18 (190800-535401451):14)
                                                                                                    	at dfhf.run(:com.google.android.gms@231818047@23.18.18 (190800-535401451):2)
                                                                                                    	at aced.c(:com.google.android.gms@231818047@23.18.18 (190800-535401451):6)
                                                                                                    	at aced.run(:com.google.android.gms@231818047@23.18.18 (190800-535401451):8)
                                                                                                    	at java.util.concurrent.ThreadPoolExecutor.runWorker(ThreadPoolExecutor.java:1145)
                                                                                                    	at java.util.concurrent.ThreadPoolExecutor$Worker.run(ThreadPoolExecutor.java:644)
                                                                                                    	at acjn.run(:com.google.android.gms@231818047@23.18.18 (190800-535401451):0)
                                                                                                    	at java.lang.Thread.run(Thread.java:1012)
2026-04-08 22:56:27.417  4131-4806  bwfc                    com.google.android.gms.persistent    E  Phenotype API error. Event # edax@d4966db0, EventCode: 5 [CONTEXT service_id=51 ]
                                                                                                    bwdx: 29501: Stale snapshot for com.google.android.dialer(change count changed - expected 8  but was 7)
                                                                                                    	at bwfg.b(:com.google.android.gms@231818047@23.18.18 (190800-535401451):16)
                                                                                                    	at bwff.g(:com.google.android.gms@231818047@23.18.18 (190800-535401451):0)
                                                                                                    	at bwfc.e(:com.google.android.gms@231818047@23.18.18 (190800-535401451):4)
                                                                                                    	at bwfc.f(:com.google.android.gms@231818047@23.18.18 (190800-535401451):2)
                                                                                                    	at avsy.eo(:com.google.android.gms@231818047@23.18.18 (190800-535401451):1)
                                                                                                    	at avtf.run(:com.google.android.gms@231818047@23.18.18 (190800-535401451):14)
                                                                                                    	at dfhf.run(:com.google.android.gms@231818047@23.18.18 (190800-535401451):2)
                                                                                                    	at aced.c(:com.google.android.gms@231818047@23.18.18 (190800-535401451):6)
                                                                                                    	at aced.run(:com.google.android.gms@231818047@23.18.18 (190800-535401451):8)
                                                                                                    	at java.util.concurrent.ThreadPoolExecutor.runWorker(ThreadPoolExecutor.java:1145)
                                                                                                    	at java.util.concurrent.ThreadPoolExecutor$Worker.run(ThreadPoolExecutor.java:644)
                                                                                                    	at acjn.run(:com.google.android.gms@231818047@23.18.18 (190800-535401451):0)
                                                                                                    	at java.lang.Thread.run(Thread.java:1012)
2026-04-08 22:56:27.426  4131-4806  AsyncOperation          com.google.android.gms.persistent    W  operation=CommitToConfigurationOperationCall, opStatusCode=29501 [CONTEXT service_id=51 ]
                                                                                                    OperationException[Status{statusCode=Stale snapshot for com.google.android.dialer(change count changed - expected 8  but was 7), resolution=null}]
                                                                                                    	at bwfc.e(:com.google.android.gms@231818047@23.18.18 (190800-535401451):6)
                                                                                                    	at bwfc.f(:com.google.android.gms@231818047@23.18.18 (190800-535401451):2)
                                                                                                    	at avsy.eo(:com.google.android.gms@231818047@23.18.18 (190800-535401451):1)
                                                                                                    	at avtf.run(:com.google.android.gms@231818047@23.18.18 (190800-535401451):14)
                                                                                                    	at dfhf.run(:com.google.android.gms@231818047@23.18.18 (190800-535401451):2)
                                                                                                    	at aced.c(:com.google.android.gms@231818047@23.18.18 (190800-535401451):6)
                                                                                                    	at aced.run(:com.google.android.gms@231818047@23.18.18 (190800-535401451):8)
                                                                                                    	at java.util.concurrent.ThreadPoolExecutor.runWorker(ThreadPoolExecutor.java:1145)
                                                                                                    	at java.util.concurrent.ThreadPoolExecutor$Worker.run(ThreadPoolExecutor.java:644)
                                                                                                    	at acjn.run(:com.google.android.gms@231818047@23.18.18 (190800-535401451):0)
                                                                                                    	at java.lang.Thread.run(Thread.java:1012)
2026-04-08 22:56:27.446 15202-15231 OpenGLRenderer          com.redennier.taskapp                I  Davey! duration=750ms; Flags=0, FrameTimelineVsyncId=2164364, IntendedVsync=6207246344870, Vsync=6207896344844, InputEventId=0, HandleInputStart=6207924254300, AnimationStart=6207925039300, PerformTraversalsStart=6207937409200, DrawStart=6207938327500, FrameDeadline=6207663011520, FrameInterval=6207907631700, FrameStartTime=16666666, SyncQueued=6207939275200, SyncStart=6207939690800, IssueDrawCommandsStart=6207940108900, SwapBuffers=6207978223000, FrameCompleted=6207997384500, DequeueBufferDuration=42100, QueueBufferDuration=473800, GpuCompleted=6207997384500, SwapBuffersCompleted=6207982252600, DisplayPresentTime=0, CommandSubmissionCompleted=6207978223000, 
2026-04-08 22:56:27.493 15202-15202 AssistStructure         com.redennier.taskapp                I  Flattened final assist data: 2704 bytes, containing 1 windows, 6 views
2026-04-08 22:56:27.501 16272-16272 BluetoothMcpService     com.google.android.bluetooth         D  create()
2026-04-08 22:56:27.503 16272-16272 BluetoothMcpService     com.google.android.bluetooth         D  start()
2026-04-08 22:56:27.504 16272-16272 MediaControlProfile     com.google.android.bluetooth         V  Creating Generic Media Control Service
2026-04-08 22:56:27.505 16272-16272 MediaPlayerList         com.google.android.bluetooth         V  Creating MediaPlayerList
2026-04-08 22:56:27.529 16272-16499 ObexServerSockets       com.google.android.bluetooth         D  create(rfcomm = -2, l2capPsm = -2)
2026-04-08 22:56:27.531   543-2153  AutofillSession         system_server                        D  createPendingIntent for request 4
2026-04-08 22:56:27.564   543-2153  ContentCap...serService system_server                        D  Notified activity assist data for activity: Token{ed83ea4 ActivityRecord{b242636 u0 com.redennier.taskapp/.MainActivity t45}} without a session Id
2026-04-08 22:56:27.578 16272-16499 bt_btif_sock            com.google.android.bluetooth         I  packages/modules/Bluetooth/system/btif/src/btif_sock.cc:161 btif_sock_connection_logger: address=00:00:00:00:00:00, role=1, state=1
2026-04-08 22:56:27.603   543-2153  MediaSessionService     system_server                        D  The MediaKeyEventSessionChangedListener (android.os.BinderProxy@600f627) is added by com.google.android.bluetooth
2026-04-08 22:56:27.605 15202-15239 EGL_emulation           com.redennier.taskapp                D  app_time_stats: avg=144.26ms min=36.11ms max=354.86ms count=6
2026-04-08 22:56:27.654 16272-16499 bt_btif_sock_rfcomm     com.google.android.bluetooth         I  packages/modules/Bluetooth/system/btif/src/btif_sock_rfc.cc:320 btsock_rfc_listen: Adding listening socket service_name: (null) - channel: -2
2026-04-08 22:56:27.660 16272-16394 bt_stack                com.google.android.bluetooth         I  [INFO:port_api.cc(220)] RFCOMM_CreateConnectionWithSecurity: bd_addr=ff:ff:ff:ff:ff:ff, scn=4, is_server=1, mtu=990, uuid=000000, dlci=8, signal_state=0x0b, p_port=0x7d48b6beda38
2026-04-08 22:56:27.660 16272-16394 bt_btif_sock            com.google.android.bluetooth         I  packages/modules/Bluetooth/system/btif/src/btif_sock.cc:161 btif_sock_connection_logger: address=00:00:00:00:00:00, role=1, state=1
2026-04-08 22:56:27.677   543-637   RoleService             system_server                        I  Granting default roles...
2026-04-08 22:56:27.727 16272-16499 bt_btif_sock            com.google.android.bluetooth         I  packages/modules/Bluetooth/system/btif/src/btif_sock.cc:161 btif_sock_connection_logger: address=00:00:00:00:00:00, role=1, state=1
2026-04-08 22:56:27.743 16272-16499 bluetooth               com.google.android.bluetooth         I  packages/modules/Bluetooth/system/btif/src/btif_sock_l2cap.cc:332 btsock_l2cap_alloc_l: Allocated l2cap socket structure socket_id:1
2026-04-08 22:56:27.743 16272-16394 bt_l2cap                com.google.android.bluetooth         I  packages/modules/Bluetooth/system/stack/l2cap/l2c_api.cc:172 L2CA_Register: L2CAP Registered service classic PSM: 0x1001
2026-04-08 22:56:27.743 16272-16394 bt_btif_sock            com.google.android.bluetooth         I  packages/modules/Bluetooth/system/btif/src/btif_sock.cc:161 btif_sock_connection_logger: address=00:00:00:00:00:00, role=1, state=1
2026-04-08 22:56:27.743 16272-16394 bluetooth               com.google.android.bluetooth         I  packages/modules/Bluetooth/system/btif/src/btif_sock_l2cap.cc:357 send_app_psm_or_chan_l: Sending l2cap socket socket_id:1 channel:4097
2026-04-08 22:56:27.786 16272-16499 BluetoothAdapter        com.google.android.bluetooth         D  listenUsingL2capOn: set assigned channel to 4097
2026-04-08 22:56:27.786 16272-16499 ObexServerSockets       com.google.android.bluetooth         D  Succeed to create listening sockets 
2026-04-08 22:56:27.788 16272-16499 ObexServerSockets0      com.google.android.bluetooth         D  startAccept()
2026-04-08 22:56:27.895 16272-16499 BluetoothSdpJni         com.google.android.bluetooth         D  sdpCreateMapMasRecordNative
2026-04-08 22:56:27.897 16272-16499 BluetoothSdpJni         com.google.android.bluetooth         D  SDP Create record success - handle: 0
2026-04-08 22:56:27.899 16272-16394 bt_bta_dm               com.google.android.bluetooth         I  packages/modules/Bluetooth/system/bta/dm/bta_dm_act.cc:3454 bta_dm_eir_update_uuid: EIR Adding UUID=0x1132 into extended inquiry response
2026-04-08 22:56:27.899 16272-16394 bt_bta_dm               com.google.android.bluetooth         I  packages/modules/Bluetooth/system/bta/dm/bta_dm_act.cc:3153 bta_dm_set_eir: Generating extended inquiry response packet EIR
2026-04-08 22:56:27.900 16272-16394 bt_btif_storage         com.google.android.bluetooth         I  packages/modules/Bluetooth/system/btif/src/btif_storage.cc:653 btif_storage_get_adapter_property: btif_storage_get_adapter_property service_mask:0x62100048
2026-04-08 22:56:27.926   543-653   InputReader             system_server                        I  Reconfiguring input devices, changes=KEYBOARD_LAYOUTS
2026-04-08 22:56:27.935   966-966   CarrierSvcBindHelper    com.android.phone                    D  onPackageModified: com.google.android.bluetooth
2026-04-08 22:56:27.937   966-966   CarrierSvcBindHelper    com.android.phone                    D  No carrier app for: 0
2026-04-08 22:56:27.993 12094-12118 StylusManager           com.android.systemui                 D  Stylus InputDevice changed: 14 virtio_input_multi_touch_11
2026-04-08 22:56:28.060 16272-16279 droid.bluetooth         com.google.android.bluetooth         I  Background concurrent copying GC freed 12168(882KB) AllocSpace objects, 4(80KB) LOS objects, 49% free, 2307KB/4615KB, paused 1.524ms,154us total 350.853ms
2026-04-08 22:56:28.062 16272-16281 System                  com.google.android.bluetooth         W  A resource failed to call close. 
2026-04-08 22:56:28.092   543-2153  system_server           system_server                        W  Long monitor contention with owner ActivityManager (572) at void com.android.server.am.BroadcastQueueModernImpl.checkPendingColdStartValidity()(BroadcastQueueModernImpl.java:551) waiters=0 in void com.android.server.am.ActivityManagerService.serviceDoneExecuting(android.os.IBinder, int, int, int) for 426ms
2026-04-08 22:56:28.098   543-861   system_server           system_server                        W  Long monitor contention with owner ActivityManager (572) at void com.android.server.am.BroadcastQueueModernImpl.checkPendingColdStartValidity()(BroadcastQueueModernImpl.java:551) waiters=1 in android.content.Intent com.android.server.am.ActivityManagerService.registerReceiverWithFeature(android.app.IApplicationThread, java.lang.String, java.lang.String, java.lang.String, android.content.IIntentReceiver, android.content.IntentFilter, java.lang.String, int, int) for 312ms
2026-04-08 22:56:28.103   343-16502 resolv                  netd                                 I  GetAddrInfoHandler::run: {103 103 103 983143 10156 0}
2026-04-08 22:56:28.117   343-16503 resolv                  netd                                 I  res_nmkquery: (QUERY, IN, AAAA)
2026-04-08 22:56:28.118   343-16504 resolv                  netd                                 I  res_nmkquery: (QUERY, IN, A)
2026-04-08 22:56:28.134 16272-16500 ObexServerSockets0      com.google.android.bluetooth         D  Accepting socket connection...
2026-04-08 22:56:28.135 16272-16500 BluetoothSocket         com.google.android.bluetooth         D  accept(), timeout (ms):-1
2026-04-08 22:56:28.137 16272-16501 ObexServerSockets0      com.google.android.bluetooth         D  Accepting socket connection...
2026-04-08 22:56:28.140 12094-12118 StylusManager           com.android.systemui                 D  Stylus InputDevice changed: 11 virtio_input_multi_touch_8
2026-04-08 22:56:28.144 16272-16501 BluetoothSocket         com.google.android.bluetooth         D  accept(), timeout (ms):-1
2026-04-08 22:56:28.172 15499-16445 WellbeingSettingsProvid com.google.android.apps.wellbeing    W  <DWB> Call failed: get_actions
                                                                                                    java.util.concurrent.TimeoutException: Waited 5000 milliseconds (plus 4 milliseconds, 68800 nanoseconds delay) for lki@4cbc467[status=PENDING, info=[inputFuture=[lkh@f443214[status=PENDING, setFuture=[ljp@6c39abd[status=PENDING, info=[inputFuture=[lki@59ca8b2[status=PENDING, info=[inputFuture=[lki@ac64003[status=PENDING, info=[inputFuture=[lld@33c5b80[status=PENDING, info=[futures=[lki@99425b9[status=PENDING, info=[inputFuture=[lki@da89dfe[status=PENDING, info=[inputFuture=[lmb@162d95f[status=PENDING, info=[delegate=[lng@3cbafac[status=PENDING, info=[task=[running=[NOT STARTED YET], propagating=[bwh@8486475]]]]]]]], function=[propagating=[bvr@cec9c0a]]]]], function=[propagating=[cur@205ac7b]]]]]]]], function=[propagating=[dce@23e7453]]]]], function=[propagating=[bvq@91a1a98]]]]], exceptionType=[class java.lang.Throwable], fallback=[propagating=[bwc@3f9ba89]]]]]]], function=[propagating=[bvq@dc7d2f1]]]]
                                                                                                    	at lkf.get(PG:47)
                                                                                                    	at llt.get(PG:2)
                                                                                                    	at com.google.android.apps.wellbeing.api.impl.WellbeingSettingsProvider.i(PG:1)
                                                                                                    	at com.google.android.apps.wellbeing.api.impl.WellbeingSettingsProvider.call(PG:13)
                                                                                                    	at android.content.ContentProvider.call(ContentProvider.java:2679)
                                                                                                    	at android.content.ContentProvider$Transport.call(ContentProvider.java:628)
                                                                                                    	at android.content.ContentProviderNative.onTransact(ContentProviderNative.java:307)
                                                                                                    	at android.os.Binder.execTransactInternal(Binder.java:1339)
                                                                                                    	at android.os.Binder.execTransact(Binder.java:1275)
2026-04-08 22:56:28.210   543-750   Looper                  system_server                        W  Slow dispatch took 336ms android.perm h=android.os.Handler c=com.android.internal.infra.ServiceConnector$Impl$$ExternalSyntheticLambda2@c6ca5d0 m=0
2026-04-08 22:56:28.225  1238-16267 Permission...erviceImpl com....android.permissioncontroller  I  Updating user sensitive for uid 1002
2026-04-08 22:56:28.295 16272-16272 BtOppService            com.google.android.bluetooth         D  setBluetoothOppService(): set to: com.android.bluetooth.opp.BluetoothOppService@25c0e8b
2026-04-08 22:56:28.296 16272-16272 ActivityAt...ionService com.google.android.bluetooth         D  notifyActivityAttributionInfo UID=1002 packageName=com.google.android.bluetooth deviceAddress=no_active_device_address
2026-04-08 22:56:28.314 16272-16272 bt_btif                 com.google.android.bluetooth         I  packages/modules/Bluetooth/system/btif/src/bluetooth.cc:829 get_profile_interface: get_profile_interface: id = activity_attribution
2026-04-08 22:56:28.387 16053-16053 BoundBrokerSvc          com.google.android.gms               D  onBind: Intent { act=com.google.android.mdd.service.START dat=chimera-action:/... cmp=com.google.android.gms/.chimera.GmsBoundBrokerService }
2026-04-08 22:56:28.387 16053-16053 BoundBrokerSvc          com.google.android.gms               D  Loading bound service for intent: Intent { act=com.google.android.mdd.service.START dat=chimera-action:/... cmp=com.google.android.gms/.chimera.GmsBoundBrokerService }
2026-04-08 22:56:28.504 16053-16398 Icing                   com.google.android.gms               I  IndexChimeraService.getServiceInterface callingPackage=com.google.android.gms componentName=AppsCorpus serviceId=32
2026-04-08 22:56:28.511 16053-16241 Icing                   com.google.android.gms               I  IndexChimeraService.getServiceInterface callingPackage=com.google.android.gms componentName=AppsCorpus serviceId=36
2026-04-08 22:56:28.519 16053-16397 Icing                   com.google.android.gms               I  IndexChimeraService.getServiceInterface callingPackage=com.google.android.gms componentName=ContactsIndexer serviceId=33
2026-04-08 22:56:28.544   543-561   Looper                  system_server                        W  Slow dispatch took 119ms android.fg h=android.os.Handler c=<recycled PooledLambda@e0f179a> m=0
2026-04-08 22:56:28.558 16272-16379 AdapterState            com.google.android.bluetooth         E  TURNING_ON : BREDR_START_TIMEOUT
2026-04-08 22:56:28.562 16272-16379 AdapterState            com.google.android.bluetooth         I  TURNING_OFF : entered 
2026-04-08 22:56:28.565 16272-16379 AdapterProperties       com.google.android.bluetooth         D  Setting state to TURNING_OFF
2026-04-08 22:56:28.578 16272-16379 BluetoothAdapterService com.google.android.bluetooth         D  updateAdapterState() - Broadcasting state TURNING_OFF to 1 receivers.
2026-04-08 22:56:28.601   543-656   BluetoothManagerService system_server                        D  MESSAGE_BLUETOOTH_STATE_CHANGE: TURNING_ON > TURNING_OFF
2026-04-08 22:56:28.603   543-656   BluetoothManagerService system_server                        D  Sending BLE State Change: TURNING_ON > TURNING_OFF
2026-04-08 22:56:28.612 16272-16394 bt_btif_dm              com.google.android.bluetooth         I  packages/modules/Bluetooth/system/btif/src/btif_dm.cc:2469 btif_dm_cancel_discovery: Cancel search
2026-04-08 22:56:28.613 16272-16394 bluetooth               com.google.android.bluetooth         I  packages/modules/Bluetooth/system/bta/dm/bta_dm_main.cc:96 bta_dm_search_sm_execute: state:BTA_DM_SEARCH_IDLE, event:BTA_DM_API_SEARCH_CANCEL_EVT[0x201]
2026-04-08 22:56:28.635   543-561   Looper                  system_server                        W  Slow delivery took 208ms android.fg h=android.os.Handler c=<recycled PooledLambda@2d4873a> m=0
2026-04-08 22:56:28.654 15202-15239 EGL_emulation           com.redennier.taskapp                D  app_time_stats: avg=55.02ms min=21.94ms max=174.94ms count=19
2026-04-08 22:56:28.709   543-656   system_server           system_server                        W  Long monitor contention with owner binder:543_C (1512) at android.content.ComponentName com.android.server.am.ActivityManagerService.startService(android.app.IApplicationThread, android.content.Intent, java.lang.String, boolean, java.lang.String, java.lang.String, int, boolean, int, java.lang.String, java.lang.String)(ActivityManagerService.java:13195) waiters=3 in int com.android.server.am.ActivityManagerService.broadcastIntentWithFeature(android.app.IApplicationThread, java.lang.String, android.content.Intent, java.lang.String, android.content.IIntentReceiver, int, java.lang.String, android.os.Bundle, java.lang.String[], java.lang.String[], java.lang.String[], int, android.os.Bundle, boolean, boolean, int) for 105ms
2026-04-08 22:56:28.714   543-656   BluetoothManagerService system_server                        D  Sending State Change: TURNING_ON > TURNING_OFF
2026-04-08 22:56:28.731   966-1341  ImsResolver             com.android.phone                    D  maybeAddedImsService, packageName: com.google.android.bluetooth
2026-04-08 22:56:28.865 16272-16272 BluetoothPanServiceJni  com.google.android.bluetooth         D  initializeNative(L113): pan
2026-04-08 22:56:28.866 16272-16272 bt_btif                 com.google.android.bluetooth         I  packages/modules/Bluetooth/system/btif/src/bluetooth.cc:829 get_profile_interface: get_profile_interface: id = pan
2026-04-08 22:56:28.869 16272-16394 bt_l2cap                com.google.android.bluetooth         I  packages/modules/Bluetooth/system/stack/l2cap/l2c_api.cc:172 L2CA_Register: L2CAP Registered service classic PSM: 0x000f
2026-04-08 22:56:28.877 16272-16394 bt_bta_dm               com.google.android.bluetooth         I  packages/modules/Bluetooth/system/bta/dm/bta_dm_act.cc:3454 bta_dm_eir_update_uuid: EIR Adding UUID=0x1116 into extended inquiry response
2026-04-08 22:56:28.878 16272-16394 bt_bta_dm               com.google.android.bluetooth         I  packages/modules/Bluetooth/system/bta/dm/bta_dm_act.cc:3153 bta_dm_set_eir: Generating extended inquiry response packet EIR
2026-04-08 22:56:28.878 16272-16394 bt_bta_dm               com.google.android.bluetooth         I  packages/modules/Bluetooth/system/bta/dm/bta_dm_act.cc:3454 bta_dm_eir_update_uuid: EIR Adding UUID=0x1115 into extended inquiry response
2026-04-08 22:56:28.878 16272-16394 bt_bta_dm               com.google.android.bluetooth         I  packages/modules/Bluetooth/system/bta/dm/bta_dm_act.cc:3153 bta_dm_set_eir: Generating extended inquiry response packet EIR
2026-04-08 22:56:28.878 16272-16394 bt_bta_dm               com.google.android.bluetooth         I  packages/modules/Bluetooth/system/bta/dm/bta_dm_act.cc:3454 bta_dm_eir_update_uuid: EIR Adding UUID=0x1116 into extended inquiry response
2026-04-08 22:56:28.878 16272-16394 bt_bta_dm               com.google.android.bluetooth         I  packages/modules/Bluetooth/system/bta/dm/bta_dm_act.cc:3153 bta_dm_set_eir: Generating extended inquiry response packet EIR
2026-04-08 22:56:28.878 16272-16394 bt_bta_dm               com.google.android.bluetooth         I  packages/modules/Bluetooth/system/bta/dm/bta_dm_act.cc:3454 bta_dm_eir_update_uuid: EIR Adding UUID=0x1115 into extended inquiry response
2026-04-08 22:56:28.878 16272-16394 bt_bta_dm               com.google.android.bluetooth         I  packages/modules/Bluetooth/system/bta/dm/bta_dm_act.cc:3153 bta_dm_set_eir: Generating extended inquiry response packet EIR
2026-04-08 22:56:28.893 12094-12118 StylusManager           com.android.systemui                 D  Stylus InputDevice changed: 10 virtio_input_multi_touch_7
2026-04-08 22:56:28.900 16272-16272 TetheringManager        com.google.android.bluetooth         I  registerTetheringEventCallback:com.google.android.bluetooth
2026-04-08 22:56:28.906 16272-16272 TetheringManager        com.google.android.bluetooth         I  registerTetheringEventCallback caller:com.google.android.bluetooth
2026-04-08 22:56:28.970   543-561   Looper                  system_server                        W  Slow dispatch took 215ms android.fg h=android.os.Handler c=<recycled PooledLambda@2abbd22> m=0
2026-04-08 22:56:28.994 12094-12094 ControlsLi...rollerImpl com.android.systemui                 D  ServiceConfig reloaded, count: 0
2026-04-08 22:56:29.015 12094-12118 StylusManager           com.android.systemui                 D  Stylus InputDevice changed: 8 virtio_input_multi_touch_5
2026-04-08 22:56:29.027 16272-16429 AdapterProperties       com.google.android.bluetooth         D  Scan Mode:20
2026-04-08 22:56:29.028 16272-16429 BluetoothPanServiceJni  com.google.android.bluetooth         D  control_state_callback(L60): state:0, local_role:3, ifname:bt-pan
2026-04-08 22:56:29.055  4131-16370 Fitness                 com.google.android.gms.persistent    I  OnPackageChangedOperation got intent: Intent { act=android.intent.action.PACKAGE_CHANGED dat=package: flg=0x45000010 pkg=com.google.android.gms cmp=com.google.android.gms/.chimera.PersistentIntentOperationService (has extras) } [CONTEXT service_id=17 ]
2026-04-08 22:56:29.064 16272-16272 BluetoothPbapService    com.google.android.bluetooth         I  setCurrentUser(0)
2026-04-08 22:56:29.064 16272-16272 BluetoothPbapService    com.google.android.bluetooth         I  setUserUnlocked(0)
2026-04-08 22:56:29.064 16272-16272 BluetoothPbapService    com.google.android.bluetooth         I  setUserUnlocked(0)
2026-04-08 22:56:29.101 16053-16053 BoundBrokerSvc          com.google.android.gms               D  onUnbind: Intent { act=com.google.android.gms.measurement.START pkg=com.google.android.gms }
2026-04-08 22:56:29.139   543-562   Looper                  system_server                        W  Slow dispatch took 320ms android.ui h=com.android.server.am.ActivityManagerService$UiHandler c=null m=68
2026-04-08 22:56:29.147   543-562   Looper                  system_server                        W  Slow delivery took 319ms android.ui h=com.android.server.am.ActivityManagerService$UiHandler c=null m=68
2026-04-08 22:56:29.160 12094-12118 Looper                  com.android.systemui                 W  Slow delivery took 1052ms SysUiBg h=android.hardware.input.InputManagerGlobal$InputDeviceListenerDelegate c=null m=3
2026-04-08 22:56:29.167  4131-16363 Fitness                 com.google.android.gms.persistent    I  FitCleanupIntentOperation received Intent android.intent.action.PACKAGE_CHANGED [CONTEXT service_id=17 ]
2026-04-08 22:56:29.193 12094-12118 StylusManager           com.android.systemui                 D  Stylus InputDevice changed: 4 virtio_input_multi_touch_1
2026-04-08 22:56:29.204 16053-16053 BoundBrokerSvc          com.google.android.gms               D  onBind: Intent { act=com.google.android.gms.feedback.internal.IFeedbackService dat=chimera-action:/... cmp=com.google.android.gms/.chimera.GmsBoundBrokerService }
2026-04-08 22:56:29.204 16053-16053 BoundBrokerSvc          com.google.android.gms               D  Loading bound service for intent: Intent { act=com.google.android.gms.feedback.internal.IFeedbackService dat=chimera-action:/... cmp=com.google.android.gms/.chimera.GmsBoundBrokerService }
2026-04-08 22:56:29.248 12094-12094 PowerNotif...GoogleImpl com.android.systemui                 D  onReceive: android.bluetooth.adapter.action.STATE_CHANGED
2026-04-08 22:56:29.250 12094-12094 Incompatib...tification com.android.systemui                 D  dispatchIntent: android.bluetooth.adapter.action.STATE_CHANGED
2026-04-08 22:56:29.280  1427-1427  GsaVoiceInteractionSrv  com....android.googlequicksearchbox  I  O received Intent { act=android.bluetooth.adapter.action.STATE_CHANGED flg=0x4000010 (has extras) }
2026-04-08 22:56:29.383   543-562   Looper                  system_server                        W  Drained
2026-04-08 22:56:29.384   543-562   Looper                  system_server                        W  Slow dispatch took 147ms android.ui h=com.android.server.am.ActivityManagerService$UiHandler c=com.android.server.am.UidObserverController$$ExternalSyntheticLambda0@d2bacf1 m=0
2026-04-08 22:56:29.389 16272-16272 BluetoothPbapService    com.google.android.bluetooth         D  setBluetoothPbapService(): set to: com.android.bluetooth.pbap.BluetoothPbapService@c0d957
2026-04-08 22:56:29.395 16272-16272 bt_btif                 com.google.android.bluetooth         W  packages/modules/Bluetooth/system/btif/src/bluetooth.cc:824 pbap_pse_dynamic_version_upgrade_is_enabled: PBAP PSE dynamic version upgrade is not enabled
2026-04-08 22:56:29.396 16272-16272 BluetoothPbapService    com.google.android.bluetooth         D  sIsPseDynamicVersionUpgradeEnabled: false
2026-04-08 22:56:29.398 16272-16272 AvrcpVolumeManager      com.google.android.bluetooth         D  onAudioDevicesAdded: Not expecting device changed
2026-04-08 22:56:29.438 16272-16508 ObexServerSockets       com.google.android.bluetooth         D  create(rfcomm = -2, l2capPsm = -2)
2026-04-08 22:56:29.440 16272-16508 bt_btif_sock            com.google.android.bluetooth         I  packages/modules/Bluetooth/system/btif/src/btif_sock.cc:161 btif_sock_connection_logger: address=00:00:00:00:00:00, role=1, state=1
2026-04-08 22:56:29.443 16272-16508 bt_btif_sock_rfcomm     com.google.android.bluetooth         I  packages/modules/Bluetooth/system/btif/src/btif_sock_rfc.cc:320 btsock_rfc_listen: Adding listening socket service_name: (null) - channel: -2
2026-04-08 22:56:29.447 16272-16394 bt_stack                com.google.android.bluetooth         I  [INFO:port_api.cc(220)] RFCOMM_CreateConnectionWithSecurity: bd_addr=ff:ff:ff:ff:ff:ff, scn=5, is_server=1, mtu=990, uuid=000000, dlci=10, signal_state=0x0b, p_port=0x7d48b6bedaf0
2026-04-08 22:56:29.447 16272-16394 bt_btif_sock            com.google.android.bluetooth         I  packages/modules/Bluetooth/system/btif/src/btif_sock.cc:161 btif_sock_connection_logger: address=00:00:00:00:00:00, role=1, state=1
