                                                                                                    	at avip.F(Unknown Source:9)
                                                                                                    	at adck.run(PG:135)
                                                                                                    	at yqa.run(PG:1)
                                                                                                    	at java.util.concurrent.ThreadPoolExecutor.runWorker(ThreadPoolExecutor.java:1145)
                                                                                                    	at java.util.concurrent.ThreadPoolExecutor$Worker.run(ThreadPoolExecutor.java:644)
                                                                                                    	at wvy.run(PG:9)
                                                                                                    	at java.lang.Thread.run(Thread.java:1012)
                                                                                                    	at yqd.run(PG:6)
                                                                                                    Caused by: avhi: Timed out (timeout delayed by 266 ms after scheduled time): avep@4c4e4b7[status=PENDING, setFuture=[avfp@20f5424[status=PENDING, info=[futures=[avep@401fb8d[status=PENDING, info=[inputFuture=[avep@b8b4142[status=PENDING, info=[inputFuture=[aveq@3391553[status=PENDING, info=[inputFuture=[avdv@4ff8e90[status=PENDING, info=[inputFuture=[zip@19fc389[status=PENDING, info=[ryc@3902f8e]]], exceptionType=[class rdo], fallback=[abng@bac57e1]]]], function=[adns@8b5b3af]]]], function=[abpn@a7703bc]]]], function=[abij@7380f45]]]]]]]]
2026-04-08 22:38:44.872 12094-12094 Choreographer           com.android.systemui                 I  Skipped 31 frames!  The application may be doing too much work on its main thread.
2026-04-08 22:38:44.960   543-561   Looper                  system_server                        W  Slow dispatch took 161ms android.fg h=android.os.Handler c=<recycled PooledLambda@e0f179a> m=0
2026-04-08 22:38:45.003 12094-12094 StatusBarIconController com.android.systemui                 D  ignoring old pipeline callback because the new wifi icon is enabled
2026-04-08 22:38:45.018   543-571   WindowMagnificationMgr  system_server                        W  requestConnection duplicated request: connect=false, mConnectionState=DISCONNECTED
2026-04-08 22:38:45.049   543-561   Looper                  system_server                        W  Slow delivery took 244ms android.fg h=android.os.Handler c=<recycled PooledLambda@c1b74be> m=0
2026-04-08 22:38:45.120   966-1341  ImsResolver             com.android.phone                    D  maybeAddedImsService, packageName: com.redennier.taskapp
2026-04-08 22:38:45.130   543-543   Looper                  system_server                        W  Slow dispatch took 123ms main h=com.android.server.accessibility.AccessibilityManagerService$MainHandler c=<recycled PooledLambda@e0f179a> m=0
2026-04-08 22:38:45.172 15202-15239 EGL_emulation           com.redennier.taskapp                D  app_time_stats: avg=790.48ms min=267.37ms max=1545.61ms count=3
2026-04-08 22:38:45.203 15202-15232 OpenGLRenderer          com.redennier.taskapp                I  Davey! duration=2164ms; Flags=0, FrameTimelineVsyncId=1969661, IntendedVsync=5770846362326, Vsync=5770946362322, InputEventId=0, HandleInputStart=5770978212600, AnimationStart=5770978264400, PerformTraversalsStart=5771575485300, DrawStart=5771575671300, FrameDeadline=5771496362300, FrameInterval=5770956282000, FrameStartTime=16666666, SyncQueued=5771576115100, SyncStart=5771576477200, IssueDrawCommandsStart=5771577518300, SwapBuffers=5772902721800, FrameCompleted=5773011553400, DequeueBufferDuration=56000, QueueBufferDuration=12756900, GpuCompleted=5773010907200, SwapBuffersCompleted=5773011553400, DisplayPresentTime=0, CommandSubmissionCompleted=5772902721800, 
2026-04-08 22:38:45.402   543-2482  system_server           system_server                        W  Long monitor contention with owner binder:543_17 (1610) at java.util.Set com.android.server.pm.permission.PermissionManagerServiceImpl.getInstalledPermissions(java.lang.String)(PermissionManagerServiceImpl.java:5203) waiters=1 in int com.android.server.pm.permission.PermissionManagerServiceImpl.checkPermissionInternal(com.android.server.pm.pkg.AndroidPackage, boolean, java.lang.String, int) for 105ms
2026-04-08 22:38:45.437   543-653   InputReader             system_server                        I  Reconfiguring input devices, changes=KEYBOARD_LAYOUTS
2026-04-08 22:38:45.488   543-561   Looper                  system_server                        W  Slow dispatch took 379ms android.fg h=android.os.Handler c=<recycled PooledLambda@d553d8a> m=0
2026-04-08 22:38:45.632  2867-3093  NamedFutures            com....android.googlequicksearchbox  W  Timeout future task has been cancelled: 60000 milliseconds
2026-04-08 22:38:45.663 15202-15202 chromium                com.redennier.taskapp                E  [ERROR:page_load_metrics_update_dispatcher.cc(178)] Invalid first_paint 8.014 s for first_image_paint 7.197 s
2026-04-08 22:38:45.992   543-572   ActivityManager         system_server                        D  sync unfroze 14708 com.google.android.apps.messaging for 3
2026-04-08 22:38:45.994 12094-12094 ndroid.systemui         com.android.systemui                 W  Long monitor contention with owner SysUiBg (12118) at android.os.Message android.os.MessageQueue.next()(MessageQueue.java:364) waiters=0 in boolean android.os.MessageQueue.enqueueMessage(android.os.Message, long) for 704ms
2026-04-08 22:38:45.998 12094-12294 ndroid.systemui         com.android.systemui                 W  Long monitor contention with owner SysUiBg (12118) at android.os.Message android.os.MessageQueue.next()(MessageQueue.java:364) waiters=1 in boolean android.os.MessageQueue.enqueueMessage(android.os.Message, long) for 407ms
2026-04-08 22:38:45.999 12094-12173 ndroid.systemui         com.android.systemui                 W  Long monitor contention with owner SysUiBg (12118) at android.os.Message android.os.MessageQueue.next()(MessageQueue.java:364) waiters=2 in boolean android.os.MessageQueue.enqueueMessage(android.os.Message, long) for 232ms
2026-04-08 22:38:46.022 15202-15233 OpenGLRenderer          com.redennier.taskapp                I  Davey! duration=1919ms; Flags=0, FrameTimelineVsyncId=1969705, IntendedVsync=5771579695630, Vsync=5771579695630, InputEventId=0, HandleInputStart=5771581751500, AnimationStart=5771581803300, PerformTraversalsStart=5773109952400, DrawStart=5773110231400, FrameDeadline=5773029695572, FrameInterval=5771581690600, FrameStartTime=16666666, SyncQueued=5773111085800, SyncStart=5773111284900, IssueDrawCommandsStart=5773125470500, SwapBuffers=5773474182500, FrameCompleted=5773499422900, DequeueBufferDuration=99800, QueueBufferDuration=671800, GpuCompleted=5773498205200, SwapBuffersCompleted=5773499422900, DisplayPresentTime=0, CommandSubmissionCompleted=5773474182500, 
2026-04-08 22:38:46.100   543-561   Looper                  system_server                        W  Slow dispatch took 593ms android.fg h=android.os.Handler c=<recycled PooledLambda@2b0dc35> m=0
2026-04-08 22:38:46.118  2867-15081 BgTaskExecutorImpl      com....android.googlequicksearchbox  I  Starting EXCLUSIVE background task FETCH_CONFIGS_FROM_PHENOTYPE.
2026-04-08 22:38:46.223 12094-12118 Looper                  com.android.systemui                 W  Slow delivery took 1237ms SysUiBg h=android.os.Handler c=com.android.systemui.settings.brightness.BrightnessController$2@8a8c5cb m=0
2026-04-08 22:38:46.243 15202-15233 OpenGLRenderer          com.redennier.taskapp                I  Davey! duration=897ms; Flags=0, FrameTimelineVsyncId=1969733, IntendedVsync=5772913028910, Vsync=5773313028894, InputEventId=0, HandleInputStart=5773319771700, AnimationStart=5773319826300, PerformTraversalsStart=5773363337600, DrawStart=5773365922800, FrameDeadline=5773529695552, FrameInterval=5773319064600, FrameStartTime=16666666, SyncQueued=5773372192300, SyncStart=5773499762600, IssueDrawCommandsStart=5773506629400, SwapBuffers=5773858441900, FrameCompleted=5773937896100, DequeueBufferDuration=23892700, QueueBufferDuration=3258800, GpuCompleted=5773913038200, SwapBuffersCompleted=5773937896100, DisplayPresentTime=0, CommandSubmissionCompleted=5773858441900, 
2026-04-08 22:38:46.271 15202-15239 EGL_emulation           com.redennier.taskapp                D  app_time_stats: avg=357.98ms min=172.31ms max=487.00ms count=3
2026-04-08 22:38:46.347 14708-14784 Bugle                   com.google.android.apps.messaging    W  TextClassifierLibManagerImpl: Reclaiming memory at level: 40
2026-04-08 22:38:46.370 14708-14784 Bugle                   com.google.android.apps.messaging    W  TextClassifierLibManagerImpl: Reclaiming memory at level: 40
2026-04-08 22:38:46.435 12094-12118 StylusManager           com.android.systemui                 D  Stylus InputDevice changed: 14 virtio_input_multi_touch_11
2026-04-08 22:38:46.481   543-561   Looper                  system_server                        W  Slow dispatch took 362ms android.fg h=android.os.Handler c=<recycled PooledLambda@2abbd22> m=0
2026-04-08 22:38:46.521 15202-15202 Choreographer           com.redennier.taskapp                I  Skipped 31 frames!  The application may be doing too much work on its main thread.
2026-04-08 22:38:46.583   543-572   system_server           system_server                        W  Long monitor contention with owner binder:543_17 (1610) at void com.android.server.am.ActivityManagerService.finishReceiver(android.os.IBinder, int, java.lang.String, android.os.Bundle, boolean, int)(ActivityManagerService.java:15446) waiters=0 in void com.android.server.am.BroadcastQueueModernImpl.updateRunningList() for 362ms
2026-04-08 22:38:46.690   543-1543  ActivityManager         system_server                        D  sync unfroze 3186 com.google.android.gms for 4
2026-04-08 22:38:46.701   543-1543  ActivityManager         system_server                        D  sync unfroze 12123 com.android.chrome for 4
2026-04-08 22:38:46.730   543-543   Looper                  system_server                        W  Slow dispatch took 117ms main h=android.os.Handler c=android.app.AlarmManager$ListenerWrapper@d4362a1 m=0
2026-04-08 22:38:46.769  2867-2867  A                       com....android.googlequicksearchbox  E  Task 255 failed or timed out. Client 12610971580736604 disconnecting from SearchService!
                                                                                                    java.util.concurrent.CancellationException: Task was cancelled.
                                                                                                    	at com.google.common.util.concurrent.d.s(PG:3)
                                                                                                    	at com.google.common.util.concurrent.d.get(PG:4)
                                                                                                    	at com.google.common.util.concurrent.eb.a(PG:1)
                                                                                                    	at com.google.common.util.concurrent.ci.r(PG:2)
                                                                                                    	at com.google.common.util.concurrent.cb.run(PG:4)
                                                                                                    	at com.google.android.apps.gsa.shared.util.c.a.ba.run(PG:1)
                                                                                                    	at android.os.Handler.handleCallback(Handler.java:958)
                                                                                                    	at android.os.Handler.dispatchMessage(Handler.java:99)
                                                                                                    	at android.os.Looper.loopOnce(Looper.java:205)
                                                                                                    	at android.os.Looper.loop(Looper.java:294)
                                                                                                    	at android.app.ActivityThread.main(ActivityThread.java:8177)
                                                                                                    	at java.lang.reflect.Method.invoke(Native Method)
                                                                                                    	at com.android.internal.os.RuntimeInit$MethodAndArgsCaller.run(RuntimeInit.java:552)
                                                                                                    	at com.android.internal.os.ZygoteInit.main(ZygoteInit.java:971)
2026-04-08 22:38:46.813  2867-4318  SearchServiceCore       com....android.googlequicksearchbox  W  Abort, client detached.
2026-04-08 22:38:46.950  3186-3186  BoundBrokerSvc          com.google.android.gms               D  onUnbind: Intent { act=com.google.android.gms.safetynet.service.START pkg=com.google.android.gms }
2026-04-08 22:38:47.336  3186-3186  BoundBrokerSvc          com.google.android.gms               D  onBind: Intent { act=com.google.android.gms.safetynet.service.START pkg=com.google.android.gms }
2026-04-08 22:38:47.336  3186-3186  BoundBrokerSvc          com.google.android.gms               D  Loading bound service for intent: Intent { act=com.google.android.gms.safetynet.service.START pkg=com.google.android.gms }
2026-04-08 22:38:47.351 12094-12118 StylusManager           com.android.systemui                 D  Stylus InputDevice changed: 11 virtio_input_multi_touch_8
2026-04-08 22:38:47.354 12094-12094 StatusBarIconController com.android.systemui                 D  ignoring old pipeline callbacks, because the new mobile icons are enabled
2026-04-08 22:38:47.408 12094-12118 StylusManager           com.android.systemui                 D  Stylus InputDevice changed: 10 virtio_input_multi_touch_7
2026-04-08 22:38:47.408  2867-15085 BgTaskExecutorImpl      com....android.googlequicksearchbox  E  EXCLUSIVE background task FETCH_CONFIGS_FROM_PHENOTYPE was cancelled.
                                                                                                    java.util.concurrent.CancellationException: Task was cancelled.
                                                                                                    	at com.google.common.util.concurrent.d.s(PG:3)
                                                                                                    	at com.google.common.util.concurrent.d.get(PG:4)
                                                                                                    	at com.google.common.util.concurrent.eb.a(PG:1)
                                                                                                    	at com.google.common.util.concurrent.ci.r(PG:2)
                                                                                                    	at com.google.common.util.concurrent.cb.run(PG:4)
                                                                                                    	at com.google.android.apps.gsa.shared.util.c.a.cf.b(PG:1)
                                                                                                    	at com.google.android.apps.gsa.shared.util.c.a.ci.run(PG:1)
                                                                                                    	at com.google.android.libraries.i.ae.run(PG:1)
                                                                                                    	at java.util.concurrent.ThreadPoolExecutor.runWorker(ThreadPoolExecutor.java:1145)
                                                                                                    	at java.util.concurrent.ThreadPoolExecutor$Worker.run(ThreadPoolExecutor.java:644)
                                                                                                    	at com.google.android.libraries.i.i.run(PG:2)
                                                                                                    	at com.google.android.libraries.i.p.run(PG:4)
                                                                                                    	at java.lang.Thread.run(Thread.java:1012)
2026-04-08 22:38:47.549 15202-15239 EGL_emulation           com.redennier.taskapp                D  app_time_stats: avg=255.29ms min=88.56ms max=545.40ms count=5
2026-04-08 22:38:47.646   543-1543  WifiNl80211Manager      system_server                        D  Scan result ready event
2026-04-08 22:38:47.648   543-1543  WifiNative              system_server                        D  Scan result ready event
2026-04-08 22:38:47.848 12094-12118 StylusManager           com.android.systemui                 D  Stylus InputDevice changed: 8 virtio_input_multi_touch_5
2026-04-08 22:38:47.856   543-578   system_server           system_server                        W  Long monitor contention with owner batterystats-worker (579) at void com.android.server.power.stats.BatteryExternalStatsWorker$1.run()(BatteryExternalStatsWorker.java:472) waiters=0 in void com.android.server.power.stats.BatteryExternalStatsWorker.scheduleSyncDueToProcessStateChange(int, long) for 3.018s
2026-04-08 22:38:47.858   543-560   system_server           system_server                        W  Long monitor contention with owner batterystats-handler (578) at void com.android.server.am.BatteryStatsService.lambda$noteUidProcessState$13(int, int, long, long)(BatteryStatsService.java:806) waiters=0 in void com.android.server.am.BatteryStatsService.monitor() for 2.914s
2026-04-08 22:38:47.901 12094-12118 StylusManager           com.android.systemui                 D  Stylus InputDevice changed: 4 virtio_input_multi_touch_1
2026-04-08 22:38:47.973  4131-4841  SQLiteConnection        com.google.android.gms.persistent    I  /data/user/0/com.google.android.gms/databases/phenotype.db-wal 1540912 bytes: Bigger than 1048576; truncating
2026-04-08 22:38:47.974 12094-12118 StylusManager           com.android.systemui                 D  Stylus InputDevice changed: 6 virtio_input_multi_touch_3
2026-04-08 22:38:47.995 12094-12118 StylusManager           com.android.systemui                 D  Stylus InputDevice changed: 9 virtio_input_multi_touch_6
2026-04-08 22:38:48.001 12094-12118 StylusManager           com.android.systemui                 D  Stylus InputDevice changed: 12 virtio_input_multi_touch_9
2026-04-08 22:38:48.011 12094-12118 StylusManager           com.android.systemui                 D  Stylus InputDevice changed: 7 virtio_input_multi_touch_4
2026-04-08 22:38:48.107   543-1543  BatteryExt...tatsWorker system_server                        W  error reading Bluetooth stats: 11
2026-04-08 22:38:48.349 12094-12118 StylusManager           com.android.systemui                 D  Stylus InputDevice changed: 13 virtio_input_multi_touch_10
2026-04-08 22:38:48.446 12094-12118 StylusManager           com.android.systemui                 D  Stylus InputDevice changed: 5 virtio_input_multi_touch_2
2026-04-08 22:38:48.550 15202-15239 EGL_emulation           com.redennier.taskapp                D  app_time_stats: avg=93.53ms min=34.67ms max=336.20ms count=10
2026-04-08 22:38:48.952  4131-4145  .gms.persistent         com.google.android.gms.persistent    I  Background young concurrent copying GC freed 225783(13MB) AllocSpace objects, 0(0B) LOS objects, 30% free, 29MB/42MB, paused 1.965ms,225us total 1.104s
2026-04-08 22:38:49.045 15202-15202 chromium                com.redennier.taskapp                E  [ERROR:page_load_metrics_update_dispatcher.cc(178)] Invalid first_paint 8.014 s for first_image_paint 7.197 s
2026-04-08 22:38:49.308 15202-15202 chromium                com.redennier.taskapp                E  [ERROR:page_load_metrics_update_dispatcher.cc(178)] Invalid first_paint 8.014 s for first_image_paint 7.197 s
2026-04-08 22:38:49.625 15202-15239 EGL_emulation           com.redennier.taskapp                D  app_time_stats: avg=96.77ms min=59.51ms max=142.40ms count=11
2026-04-08 22:38:49.858 12094-12118 Looper                  com.android.systemui                 W  Drained
2026-04-08 22:38:50.565  1384-1384  AiAiEcho                com.google.android.as                I  AppFetcherImpl onPackageChanged com.redennier.taskapp.
2026-04-08 22:38:51.037  1384-15392 AiAiEcho                com.google.android.as                I  AppIndexer Package:[com.redennier.taskapp] UserProfile:[0] Enabled:[true].
2026-04-08 22:38:51.039  1384-15392 AiAiEcho                com.google.android.as                I  AppFetcherImplV2 updateApps package:[com.redennier.taskapp], userId:[0], reason:[package is updated.].
2026-04-08 22:38:51.971 15202-15239 EGL_emulation           com.redennier.taskapp                D  app_time_stats: avg=562.79ms min=69.60ms max=1914.44ms count=4
2026-04-08 22:38:52.537 15202-15233 OpenGLRenderer          com.redennier.taskapp                I  Davey! duration=1969ms; Flags=0, FrameTimelineVsyncId=1970269, IntendedVsync=5777729695384, Vsync=5777746362050, InputEventId=0, HandleInputStart=5777751226000, AnimationStart=5777751326300, PerformTraversalsStart=5777780923400, DrawStart=5777781186400, FrameDeadline=5777829695380, FrameInterval=5777751073800, FrameStartTime=16666666, SyncQueued=5777782002100, SyncStart=5777896443900, IssueDrawCommandsStart=5777906038800, SwapBuffers=5778962305300, FrameCompleted=5779813298100, DequeueBufferDuration=65300, QueueBufferDuration=507613700, GpuCompleted=5779412504900, SwapBuffersCompleted=5779813298100, DisplayPresentTime=0, CommandSubmissionCompleted=5778962305300, 
2026-04-08 22:38:52.661   543-15408 ActivityManager         system_server                        D  created ANR temporary file:/data/anr/temp_anr_4443974689232918352.txt
2026-04-08 22:38:52.661   543-15408 ActivityManager         system_server                        I  Collecting stacks for pid 2867 into temporary file temp_anr_4443974689232918352.txt
2026-04-08 22:38:52.843   343-383   netd                    netd                                 I  tetherGetStats() -> {[]} <2.84ms>
2026-04-08 22:38:52.863 15202-15233 OpenGLRenderer          com.redennier.taskapp                I  Davey! duration=2108ms; Flags=0, FrameTimelineVsyncId=1970283, IntendedVsync=5777796362048, Vsync=5777946362042, InputEventId=0, HandleInputStart=5777963173300, AnimationStart=5777963673100, PerformTraversalsStart=5779301651600, DrawStart=5779302232800, FrameDeadline=5779429695316, FrameInterval=5777948551200, FrameStartTime=16666666, SyncQueued=5779322058400, SyncStart=5779814609100, IssueDrawCommandsStart=5779825680400, SwapBuffers=5780376705600, FrameCompleted=5780397614200, DequeueBufferDuration=45200, QueueBufferDuration=515400, GpuCompleted=5780397614200, SwapBuffersCompleted=5780386221900, DisplayPresentTime=0, CommandSubmissionCompleted=5780376705600, 
2026-04-08 22:38:52.914 15202-15233 OpenGLRenderer          com.redennier.taskapp                I  Davey! duration=866ms; Flags=0, FrameTimelineVsyncId=1970307, IntendedVsync=5779829706310, Vsync=5779829706310, InputEventId=0, HandleInputStart=5779843668100, AnimationStart=5779843720700, PerformTraversalsStart=5780346552500, DrawStart=5780347127500, FrameDeadline=5780429695276, FrameInterval=5779843593800, FrameStartTime=16666665, SyncQueued=5780349755800, SyncStart=5780387154700, IssueDrawCommandsStart=5780397939600, SwapBuffers=5780674493100, FrameCompleted=5780733660300, DequeueBufferDuration=54500, QueueBufferDuration=856100, GpuCompleted=5780727855000, SwapBuffersCompleted=5780733660300, DisplayPresentTime=0, CommandSubmissionCompleted=5780674493100, 
2026-04-08 22:38:52.966   543-15408 system_server           system_server                        I  libdebuggerd_client: started dumping process 2867
2026-04-08 22:38:52.998   198-198   tombstoned              tombstoned                           I  registered intercept for pid 2867 and type kDebuggerdJavaBacktrace
2026-04-08 22:38:53.001  2867-2872  earchbox:search         com....android.googlequicksearchbox  I  Thread[2,tid=2872,WaitingInMainSignalCatcherLoop,Thread*=0x7d49d3720a60,peer=0x130801c8,"Signal Catcher"]: reacting to signal 3
2026-04-08 22:38:53.004  2867-2872  earchbox:search         com....android.googlequicksearchbox  I  
2026-04-08 22:38:53.023  7335-7335  TaplEvents              com...le.android.apps.nexuslauncher  D  TIS / TouchInteractionService.onInputEvent: MotionEvent { action=ACTION_DOWN, actionButton=0, id[0]=0, x[0]=252.95996, y[0]=2231.9092, toolType[0]=TOOL_TYPE_FINGER, buttonState=0, classification=NONE, metaState=0, flags=0x0, edgeFlags=0x0, pointerCount=1, historySize=0, eventTime=5779298, downTime=5779298, deviceId=4, source=0x5002, displayId=0, eventId=714420427 }
2026-04-08 22:38:53.067 15202-15202 dennier.taskapp         com.redennier.taskapp                W  Accessing hidden method Landroid/view/MotionEvent;->getEventTimeNano()J (unsupported, reflection, allowed)
2026-04-08 22:38:53.090 12094-12173 ndroid.systemui         com.android.systemui                 W  Long monitor contention with owner main (12094) at android.os.Message android.os.MessageQueue.next()(MessageQueue.java:364) waiters=0 in boolean android.os.MessageQueue.enqueueMessage(android.os.Message, long) for 551ms
2026-04-08 22:38:53.251  7335-7335  TaplEvents              com...le.android.apps.nexuslauncher  D  TIS / TouchInteractionService.onInputEvent: MotionEvent { action=ACTION_UP, actionButton=0, id[0]=0, x[0]=252.95996, y[0]=2231.9092, toolType[0]=TOOL_TYPE_FINGER, buttonState=0, classification=NONE, metaState=0, flags=0x0, edgeFlags=0x0, pointerCount=1, historySize=0, eventTime=5779299, downTime=5779298, deviceId=4, source=0x5002, displayId=0, eventId=658694891 }
2026-04-08 22:38:53.264   543-561   system_server           system_server                        W  Long monitor contention with owner ActivityManager (572) at com.android.internal.os.LooperStats$Entry com.android.internal.os.LooperStats.findEntry(android.os.Message, boolean)(LooperStats.java:262) waiters=1 in com.android.internal.os.LooperStats$Entry com.android.internal.os.LooperStats.findEntry(android.os.Message, boolean) for 649ms
2026-04-08 22:38:53.265   543-561   Looper                  system_server                        W  Slow dispatch took 650ms android.fg h=android.os.Handler c=com.android.server.am.SameProcessApplicationThread$$ExternalSyntheticLambda1@e113e9b m=0
2026-04-08 22:38:53.266   543-686   system_server           system_server                        W  Long monitor contention with owner ActivityManager (572) at com.android.internal.os.LooperStats$Entry com.android.internal.os.LooperStats.findEntry(android.os.Message, boolean)(LooperStats.java:262) waiters=2 in com.android.internal.os.LooperStats$Entry com.android.internal.os.LooperStats.findEntry(android.os.Message, boolean) for 641ms
2026-04-08 22:38:53.267   543-589   system_server           system_server                        W  Long monitor contention with owner ActivityManager (572) at com.android.internal.os.LooperStats$Entry com.android.internal.os.LooperStats.findEntry(android.os.Message, boolean)(LooperStats.java:262) waiters=3 in com.android.internal.os.LooperStats$Entry com.android.internal.os.LooperStats.findEntry(android.os.Message, boolean) for 545ms
2026-04-08 22:38:53.275   543-15410 ActivityManager         system_server                        I  dumpStackTraces pids=null
2026-04-08 22:38:53.278   543-764   system_server           system_server                        W  Long monitor contention with owner ActivityManager (572) at com.android.internal.os.LooperStats$Entry com.android.internal.os.LooperStats.findEntry(android.os.Message, boolean)(LooperStats.java:262) waiters=7 in com.android.internal.os.LooperStats$Entry com.android.internal.os.LooperStats.findEntry(android.os.Message, boolean) for 306ms
2026-04-08 22:38:53.297   543-15410 ActivityManager         system_server                        I  Dumping to /data/anr/anr_2026-04-09-02-38-53-275
2026-04-08 22:38:53.383   543-543   system_server           system_server                        W  Long monitor contention with owner ActivityManager (572) at com.android.internal.os.LooperStats$Entry com.android.internal.os.LooperStats.findEntry(android.os.Message, boolean)(LooperStats.java:262) waiters=4 in com.android.internal.os.LooperStats$Entry com.android.internal.os.LooperStats.findEntry(android.os.Message, boolean) for 597ms
2026-04-08 22:38:53.384   543-543   Looper                  system_server                        W  Slow dispatch took 599ms main h=com.android.server.power.Notifier$NotifierHandler c=null m=7
2026-04-08 22:38:53.409   543-578   system_server           system_server                        W  Long monitor contention with owner ActivityManager (572) at com.android.internal.os.LooperStats$Entry com.android.internal.os.LooperStats.findEntry(android.os.Message, boolean)(LooperStats.java:262) waiters=5 in com.android.internal.os.LooperStats$Entry com.android.internal.os.LooperStats.findEntry(android.os.Message, boolean) for 613ms
2026-04-08 22:38:53.415   543-543   Looper                  system_server                        W  Slow delivery took 551ms main h=com.android.server.power.Notifier$NotifierHandler c=null m=1
2026-04-08 22:38:53.627   343-383   netd                    netd                                 I  bandwidthSetGlobalAlert(1800000) <0.31ms>
2026-04-08 22:38:53.665   543-561   Looper                  system_server                        W  Drained
2026-04-08 22:38:53.756   543-564   system_server           system_server                        W  Long monitor contention with owner ActivityManager (572) at com.android.internal.os.LooperStats$Entry com.android.internal.os.LooperStats.findEntry(android.os.Message, boolean)(LooperStats.java:262) waiters=6 in com.android.internal.os.LooperStats$Entry com.android.internal.os.LooperStats.findEntry(android.os.Message, boolean) for 904ms
2026-04-08 22:38:53.758   543-562   system_server           system_server                        W  Long monitor contention with owner ActivityManager (572) at com.android.internal.os.LooperStats$Entry com.android.internal.os.LooperStats.findEntry(android.os.Message, boolean)(LooperStats.java:262) waiters=0 in com.android.internal.os.LooperStats$Entry com.android.internal.os.LooperStats.findEntry(android.os.Message, boolean) for 1.258s
2026-04-08 22:38:53.760   543-562   Looper                  system_server                        W  Slow dispatch took 1276ms android.ui h=com.android.server.am.ActivityManagerService$UiHandler c=com.android.server.am.UidObserverController$$ExternalSyntheticLambda0@d2bacf1 m=0
2026-04-08 22:38:54.045   543-562   Looper                  system_server                        W  Slow dispatch took 214ms android.ui h=com.android.server.am.ActivityManagerService$UiHandler c=com.android.server.am.UidObserverController$$ExternalSyntheticLambda0@d2bacf1 m=0
2026-04-08 22:38:54.128 15202-15239 EGL_emulation           com.redennier.taskapp                D  app_time_stats: avg=717.90ms min=341.76ms max=1238.92ms count=3
2026-04-08 22:38:54.405   543-652   InputDispatcher         system_server                        I  [Gesture Monitor] edge-swipe (server) spent 2419ms processing MotionEvent(deviceId=4, eventTime=5779298409000, source=TOUCHSCREEN | STYLUS, displayId=0, action=DOWN, actionButton=0x00000000, flags=0x00000000, metaState=0x00000000, buttonState=0x00000000, classification=NONE, edgeFlags=0x00000000, xPrecision=30.3, yPrecision=13.7, xCursorPosition=nan, yCursorPosition=nan, pointers=[0: (253.0, 2231.9)]), policyFlags=0x62000000
2026-04-08 22:38:54.413 12094-12094 Choreographer           com.android.systemui                 I  Skipped 106 frames!  The application may be doing too much work on its main thread.
2026-04-08 22:38:54.441 15202-15202 Choreographer           com.redennier.taskapp                I  Skipped 30 frames!  The application may be doing too much work on its main thread.
2026-04-08 22:38:54.458   543-684   NetworkStatsCollection  system_server                        D  Augmented network usage by 199999998 bytes
2026-04-08 22:38:54.560 15202-15233 OpenGLRenderer          com.redennier.taskapp                I  Davey! duration=1592ms; Flags=0, FrameTimelineVsyncId=1970321, IntendedVsync=5780363034150, Vsync=5780379700815, InputEventId=0, HandleInputStart=5780395587800, AnimationStart=5780395647900, PerformTraversalsStart=5780757240000, DrawStart=5780757477500, FrameDeadline=5780746372886, FrameInterval=5780395511600, FrameStartTime=16666665, SyncQueued=5780758782800, SyncStart=5780770626500, IssueDrawCommandsStart=5780802866000, SwapBuffers=5781848216800, FrameCompleted=5781967376400, DequeueBufferDuration=50200, QueueBufferDuration=503800, GpuCompleted=5781966860800, SwapBuffersCompleted=5781967376400, DisplayPresentTime=0, CommandSubmissionCompleted=5781848216800, 
2026-04-08 22:38:54.795 15202-15233 OpenGLRenderer          com.redennier.taskapp                I  Davey! duration=1530ms; Flags=0, FrameTimelineVsyncId=1970336, IntendedVsync=5780779695262, Vsync=5781013028586, InputEventId=658694891, HandleInputStart=5781461891800, AnimationStart=5781462009900, PerformTraversalsStart=5781742318200, DrawStart=5781745056000, FrameDeadline=5781996367321, FrameInterval=5781026855600, FrameStartTime=16666666, SyncQueued=5781751492800, SyncStart=5781970004100, IssueDrawCommandsStart=5781985810300, SwapBuffers=5782380564300, FrameCompleted=5782528602100, DequeueBufferDuration=86800, QueueBufferDuration=1164300, GpuCompleted=5782528602100, SwapBuffersCompleted=5782429991800, DisplayPresentTime=0, CommandSubmissionCompleted=5782380564300, 
2026-04-08 22:38:55.347 15202-15239 EGL_emulation           com.redennier.taskapp                D  app_time_stats: avg=609.05ms min=462.53ms max=755.56ms count=2
2026-04-08 22:38:55.508 15202-15233 OpenGLRenderer          com.redennier.taskapp                I  Davey! duration=1423ms; Flags=0, FrameTimelineVsyncId=1970350, IntendedVsync=5781763028556, Vsync=5782263028536, InputEventId=0, HandleInputStart=5782283446900, AnimationStart=5782285198200, PerformTraversalsStart=5782726078700, DrawStart=5782726377000, FrameDeadline=5782546361858, FrameInterval=5782279542200, FrameStartTime=16666666, SyncQueued=5782729968000, SyncStart=5782730271700, IssueDrawCommandsStart=5782733929600, SwapBuffers=5783072369400, FrameCompleted=5783186941300, DequeueBufferDuration=63200, QueueBufferDuration=44951700, GpuCompleted=5783185419500, SwapBuffersCompleted=5783186941300, DisplayPresentTime=0, CommandSubmissionCompleted=5783072369400, 
2026-04-08 22:38:55.842   543-684   NetworkStatsCollection  system_server                        D  Augmented network usage by 199999998 bytes
2026-04-08 22:38:55.858   543-684   NetworkStatsCollection  system_server                        D  Augmented network usage by 199999998 bytes
2026-04-08 22:38:55.913 12094-12094 StatusBarIconController com.android.systemui                 D  ignoring old pipeline callbacks, because the new mobile icons are enabled
2026-04-08 22:38:55.949   543-684   NetworkStatsCollection  system_server                        D  Augmented network usage by 199999998 bytes
2026-04-08 22:38:56.037   543-684   NetworkStatsCollection  system_server                        D  Augmented network usage by 199999998 bytes
2026-04-08 22:38:56.241 15202-15202 chromium                com.redennier.taskapp                E  [ERROR:page_load_metrics_update_dispatcher.cc(178)] Invalid first_paint 8.014 s for first_image_paint 7.197 s
2026-04-08 22:38:56.293   543-636   ActivityManager         system_server                        D  freezing 12490 com.google.android.gm
2026-04-08 22:38:57.302 15202-15233 OpenGLRenderer          com.redennier.taskapp                I  Davey! duration=1358ms; Flags=0, FrameTimelineVsyncId=1970397, IntendedVsync=5782713028518, Vsync=5782763028516, InputEventId=0, HandleInputStart=5782775698200, AnimationStart=5782775773000, PerformTraversalsStart=5783360021300, DrawStart=5783361187800, FrameDeadline=5783213028498, FrameInterval=5782764488800, FrameStartTime=16666666, SyncQueued=5783375527400, SyncStart=5783375639200, IssueDrawCommandsStart=5783379249800, SwapBuffers=5783720812800, FrameCompleted=5784071820200, DequeueBufferDuration=43200, QueueBufferDuration=4574900, GpuCompleted=5784071460200, SwapBuffersCompleted=5784071820200, DisplayPresentTime=0, CommandSubmissionCompleted=5783720812800, 
2026-04-08 22:38:57.303   343-383   netd                    netd                                 I  bandwidthRemoveInterfaceQuota(eth0) <1248.41ms>
2026-04-08 22:38:57.307 15202-15239 EGL_emulation           com.redennier.taskapp                D  app_time_stats: avg=979.62ms min=884.66ms max=1074.58ms count=2
2026-04-08 22:38:57.335   343-383   netd                    netd                                 I  bandwidthSetInterfaceQuota(eth0, 2000000000) <1.10ms>
2026-04-08 22:38:57.350   543-750   Looper                  system_server                        W  Slow delivery took 304ms android.perm h=android.os.Handler c=com.android.internal.infra.ServiceConnector$Impl$$ExternalSyntheticLambda1@b5fae4d m=0
2026-04-08 22:38:59.619 12094-12101 ndroid.systemui         com.android.systemui                 I  Background concurrent copying GC freed 710482(32MB) AllocSpace objects, 2(40KB) LOS objects, 49% free, 17MB/34MB, paused 1.629ms,299us total 7.635s
2026-04-08 22:39:00.031   543-543   Looper                  system_server                        W  Drained
2026-04-08 22:39:00.280  2867-2943  A                       com....android.googlequicksearchbox  E  Failed to commit flags to Phenotype. null (15)
2026-04-08 22:39:00.309 15202-15233 OpenGLRenderer          com.redennier.taskapp                I  Davey! duration=1838ms; Flags=0, FrameTimelineVsyncId=1970405, IntendedVsync=5783379695158, Vsync=5783379695158, InputEventId=0, HandleInputStart=5783395964300, AnimationStart=5783396574700, PerformTraversalsStart=5783725182400, DrawStart=5783725354100, FrameDeadline=5784096361796, FrameInterval=5783395916000, FrameStartTime=16666666, SyncQueued=5783727731800, SyncStart=5784072077900, IssueDrawCommandsStart=5784088757900, SwapBuffers=5785137587700, FrameCompleted=5785562481300, DequeueBufferDuration=141800, QueueBufferDuration=623600, GpuCompleted=5785562481300, SwapBuffersCompleted=5785147551500, DisplayPresentTime=0, CommandSubmissionCompleted=5785137587700, 
2026-04-08 22:39:00.314 15202-15239 EGL_emulation           com.redennier.taskapp                D  app_time_stats: avg=3005.49ms min=3005.49ms max=3005.49ms count=1
2026-04-08 22:39:00.317 15202-15202 chromium                com.redennier.taskapp                E  [ERROR:page_load_metrics_update_dispatcher.cc(178)] Invalid first_paint 8.014 s for first_image_paint 7.197 s
2026-04-08 22:39:00.320 15202-15202 chromium                com.redennier.taskapp                E  [ERROR:page_load_metrics_update_dispatcher.cc(178)] Invalid first_paint 8.014 s for first_image_paint 7.197 s
2026-04-08 22:39:00.369 15202-15233 OpenGLRenderer          com.redennier.taskapp                I  Davey! duration=4315ms; Flags=0, FrameTimelineVsyncId=1970419, IntendedVsync=5783729695144, Vsync=5784113028462, InputEventId=0, HandleInputStart=5784203163500, AnimationStart=5784203205500, PerformTraversalsStart=5785038879100, DrawStart=5785039034300, FrameDeadline=5785579695070, FrameInterval=5784126059200, FrameStartTime=16666666, SyncQueued=5785039384000, SyncStart=5785147784000, IssueDrawCommandsStart=5785149451100, SwapBuffers=5788148819000, FrameCompleted=5788153967700, DequeueBufferDuration=51400, QueueBufferDuration=1588600, GpuCompleted=5788152910700, SwapBuffersCompleted=5788153967700, DisplayPresentTime=0, CommandSubmissionCompleted=5788148819000, 
2026-04-08 22:39:00.439 15202-15202 chromium                com.redennier.taskapp                E  [ERROR:page_load_metrics_update_dispatcher.cc(178)] Invalid first_paint 8.014 s for first_image_paint 7.197 s
2026-04-08 22:39:00.445 15202-15202 Choreographer           com.redennier.taskapp                I  Skipped 185 frames!  The application may be doing too much work on its main thread.
2026-04-08 22:39:00.468   343-15413 resolv                  netd                                 I  GetAddrInfoHandler::run: {103 103 103 983143 10193 0}
2026-04-08 22:39:00.480   343-15415 resolv                  netd                                 I  res_nmkquery: (QUERY, IN, A)
2026-04-08 22:39:00.511   343-15414 resolv                  netd                                 I  res_nmkquery: (QUERY, IN, AAAA)
2026-04-08 22:39:00.860 15202-15202 chromium                com.redennier.taskapp                E  [ERROR:page_load_metrics_update_dispatcher.cc(178)] Invalid first_paint 8.014 s for first_image_paint 7.197 s
2026-04-08 22:39:02.852 12094-12094 Choreographer           com.android.systemui                 I  Skipped 33 frames!  The application may be doing too much work on its main thread.
2026-04-08 22:39:03.004  4131-4806  .gms.persistent         com.google.android.gms.persistent    W  Long monitor contention with owner binder:4131_C (4841) at android.database.sqlite.SQLiteConnection android.database.sqlite.SQLiteConnectionPool.waitForConnection(java.lang.String, int, android.os.CancellationSignal)(SQLiteConnectionPool.java:726) waiters=0 in android.database.sqlite.SQLiteConnection android.database.sqlite.SQLiteConnectionPool.waitForConnection(java.lang.String, int, android.os.CancellationSignal) for 9.392s
2026-04-08 22:39:03.009   198-198   tombstoned              tombstoned                           I  intercept for pid 2867 and type kDebuggerdJavaBacktrace terminated: due to timeout
2026-04-08 22:39:03.011   543-15408 system_server           system_server                        E  libdebuggerd_client: failed to read status response from tombstoned: timeout reached?
2026-04-08 22:39:03.062   543-15408 ActivityManager         system_server                        W  Dumping Java threads failed, initiating native stack dump.
2026-04-08 22:39:03.064   543-15408 system_server           system_server                        I  libdebuggerd_client: started dumping process 2867
2026-04-08 22:39:03.100   543-572   system_server           system_server                        W  Long monitor contention with owner binder:543_E (1521) at android.util.Pair com.android.server.am.ProcessList.getNumForegroundServices()(ProcessList.java:5416) waiters=1 in boolean com.android.server.am.BroadcastQueueModernImpl.lambda$new$0(android.os.Message) for 224ms
2026-04-08 22:39:03.121   343-15415 resolv                  netd                                 I  res_tls_send: TLS query result: 0
2026-04-08 22:39:03.121   343-15415 resolv                  netd                                 I  doQuery: rcode=0, ancount=12, return value=468
2026-04-08 22:39:03.123   343-15414 resolv                  netd                                 I  res_tls_send: TLS query result: 0
2026-04-08 22:39:03.123   198-198   tombstoned              tombstoned                           I  registered intercept for pid 2867 and type kDebuggerdNativeBacktrace
2026-04-08 22:39:03.123   343-15414 resolv                  netd                                 I  doQuery: rcode=0, ancount=4, return value=468
2026-04-08 22:39:03.125  2867-2867  libc                    com....android.googlequicksearchbox  I  Requested dump for pid 2867 (earchbox:search)
2026-04-08 22:39:03.230  3186-3186  BoundBrokerSvc          com.google.android.gms               D  onUnbind: Intent { act=com.google.android.gms.safetynet.service.START pkg=com.google.android.gms }
2026-04-08 22:39:03.422  4131-4806  SQLiteConnectionPool    com.google.android.gms.persistent    W  The connection pool for database '/data/user/0/com.google.android.gms/databases/phenotype.db' has been unable to grant a connection to thread 142 (highpool[4]) with flags 0x2 for 72.716 seconds.
                                                                                                    Connections: 1 active, 1 idle, 0 available.
                                                                                                    
                                                                                                    Requests in progress:
                                                                                                      executeForCursorWindow started 2649ms ago - running, sql="SELECT flagType, name, intVal, boolVal, floatVal, stringVal, extensionVal FROM Flags WHERE packageName = ? AND committed = 1", path=/data/user/0/com.google.android.gms/databases/phenotype.db
2026-04-08 22:39:03.722 12094-12094 StatusBarIconController com.android.systemui                 D  ignoring old pipeline callback because the new wifi icon is enabled
2026-04-08 22:39:05.090   543-15408 system_server           system_server                        E  libdebuggerd_client: failed to read status response from tombstoned: Try again
2026-04-08 22:39:05.091   198-198   tombstoned              tombstoned                           I  intercept for pid 2867 and type kDebuggerdNativeBacktrace terminated: due to input
2026-04-08 22:39:05.102   543-15408 ActivityManager         system_server                        W  Native stack dump failed!
2026-04-08 22:39:05.127   543-15408 ActivityManager         system_server                        E  Aborted stack trace dump (current primary pid=2867); deadline exceeded.
2026-04-08 22:39:05.139   543-15410 ActivityManager         system_server                        I  dumpStackTraces nativepids=null
2026-04-08 22:39:05.165   543-15410 ActivityManager         system_server                        I  dumpStackTraces extraPids=null
2026-04-08 22:39:05.176   543-15410 ActivityManager         system_server                        I  Done dumping
2026-04-08 22:39:05.190 12094-12094 Choreographer           com.android.systemui                 I  Skipped 36 frames!  The application may be doing too much work on its main thread.
2026-04-08 22:39:05.203 12094-12094 StatusBarIconController com.android.systemui                 D  ignoring old pipeline callbacks, because the new mobile icons are enabled
2026-04-08 22:39:05.583  7335-7335  TaplEvents              com...le.android.apps.nexuslauncher  D  TIS / TouchInteractionService.onInputEvent: MotionEvent { action=ACTION_DOWN, actionButton=0, id[0]=0, x[0]=241.98535, y[0]=2224.878, toolType[0]=TOOL_TYPE_FINGER, buttonState=0, classification=NONE, metaState=0, flags=0x0, edgeFlags=0x0, pointerCount=1, historySize=0, eventTime=5793411, downTime=5793411, deviceId=4, source=0x5002, displayId=0, eventId=947841938 }
2026-04-08 22:39:05.674  7335-7335  TaplEvents              com...le.android.apps.nexuslauncher  D  TIS / TouchInteractionService.onInputEvent: MotionEvent { action=ACTION_UP, actionButton=0, id[0]=0, x[0]=241.98535, y[0]=2224.878, toolType[0]=TOOL_TYPE_FINGER, buttonState=0, classification=NONE, metaState=0, flags=0x0, edgeFlags=0x0, pointerCount=1, historySize=0, eventTime=5793470, downTime=5793411, deviceId=4, source=0x5002, displayId=0, eventId=745347145 }
2026-04-08 22:39:05.755 15202-15239 EGL_emulation           com.redennier.taskapp                D  app_time_stats: avg=1812.94ms min=239.08ms max=4906.18ms count=3
2026-04-08 22:39:05.909 15202-15202 Choreographer           com.redennier.taskapp                I  Skipped 298 frames!  The application may be doing too much work on its main thread.
2026-04-08 22:39:06.157   543-15410 ActivityManager         system_server                        E  ANR in com.google.android.googlequicksearchbox:search
                                                                                                    PID: 2867
                                                                                                    Reason: Broadcast of Intent { act=com.google.android.gms.phenotype.UPDATE flg=0x10 pkg=com.google.android.googlequicksearchbox cmp=com.google.android.googlequicksearchbox/com.google.apps.tiktok.experiments.phenotype.ConfigurationUpdatedReceiver_Receiver (has extras) }
                                                                                                    ErrorId: 990bbf40-19b6-485d-afbe-95eb0a1f3848
                                                                                                    Frozen: false
                                                                                                    Load: 0.0 / 0.0 / 0.0
                                                                                                    ----- Output from /proc/pressure/memory -----
                                                                                                    some avg10=2.13 avg60=7.12 avg300=5.17 total=196669272
                                                                                                    full avg10=0.28 avg60=1.62 avg300=1.20 total=47145182
                                                                                                    ----- End output from /proc/pressure/memory -----
                                                                                                    ----- Output from /proc/pressure/cpu -----
                                                                                                    some avg10=91.77 avg60=66.16 avg300=39.03 total=1330129875
                                                                                                    full avg10=0.00 avg60=0.00 avg300=0.00 total=0
