2026-04-08 22:39:16.454   543-580   CpuPowerCalculator      system_server                        W  UID 10133 CPU freq # mismatch: Power Profile # 2 actual # 4
2026-04-08 22:39:16.454   543-580   CpuPowerCalculator      system_server                        W  UID 10133 CPU freq # mismatch: Power Profile # 2 actual # 4
2026-04-08 22:39:16.454   543-580   CpuPowerCalculator      system_server                        W  UID 10133 CPU freq # mismatch: Power Profile # 2 actual # 4
2026-04-08 22:39:16.455   543-580   CpuPowerCalculator      system_server                        W  UID 10132 CPU freq # mismatch: Power Profile # 2 actual # 4
2026-04-08 22:39:16.455   543-580   CpuPowerCalculator      system_server                        W  UID 10132 CPU freq # mismatch: Power Profile # 2 actual # 4
2026-04-08 22:39:16.455   543-580   CpuPowerCalculator      system_server                        W  UID 10132 CPU freq # mismatch: Power Profile # 2 actual # 4
2026-04-08 22:39:16.455   543-580   CpuPowerCalculator      system_server                        W  UID 10132 CPU freq # mismatch: Power Profile # 2 actual # 4
2026-04-08 22:39:16.455   543-580   CpuPowerCalculator      system_server                        W  UID 10131 CPU freq # mismatch: Power Profile # 2 actual # 4
2026-04-08 22:39:16.455   543-580   CpuPowerCalculator      system_server                        W  UID 10131 CPU freq # mismatch: Power Profile # 2 actual # 4
2026-04-08 22:39:16.456   543-580   CpuPowerCalculator      system_server                        W  UID 10131 CPU freq # mismatch: Power Profile # 2 actual # 4
2026-04-08 22:39:16.456   543-580   CpuPowerCalculator      system_server                        W  UID 10131 CPU freq # mismatch: Power Profile # 2 actual # 4
2026-04-08 22:39:16.456   543-580   CpuPowerCalculator      system_server                        W  UID 10130 CPU freq # mismatch: Power Profile # 2 actual # 4
2026-04-08 22:39:16.456   543-580   CpuPowerCalculator      system_server                        W  UID 10130 CPU freq # mismatch: Power Profile # 2 actual # 4
2026-04-08 22:39:16.456   543-580   CpuPowerCalculator      system_server                        W  UID 10130 CPU freq # mismatch: Power Profile # 2 actual # 4
2026-04-08 22:39:16.456   543-580   CpuPowerCalculator      system_server                        W  UID 10129 CPU freq # mismatch: Power Profile # 2 actual # 4
2026-04-08 22:39:16.457   543-580   CpuPowerCalculator      system_server                        W  UID 10129 CPU freq # mismatch: Power Profile # 2 actual # 4
2026-04-08 22:39:16.457 15424-15424 Compatibil...geReporter com....android.googlequicksearchbox  D  Compat change id reported: 3400644; UID 10132; state: DISABLED
2026-04-08 22:39:16.457   543-580   CpuPowerCalculator      system_server                        W  UID 10129 CPU freq # mismatch: Power Profile # 2 actual # 4
2026-04-08 22:39:16.458   543-580   CpuPowerCalculator      system_server                        W  UID 10129 CPU freq # mismatch: Power Profile # 2 actual # 4
2026-04-08 22:39:16.460   543-580   CpuPowerCalculator      system_server                        W  UID 10128 CPU freq # mismatch: Power Profile # 2 actual # 4
2026-04-08 22:39:16.460   543-580   CpuPowerCalculator      system_server                        W  UID 10128 CPU freq # mismatch: Power Profile # 2 actual # 4
2026-04-08 22:39:16.460   543-580   CpuPowerCalculator      system_server                        W  UID 10128 CPU freq # mismatch: Power Profile # 2 actual # 4
2026-04-08 22:39:16.461   543-580   CpuPowerCalculator      system_server                        W  UID 10128 CPU freq # mismatch: Power Profile # 2 actual # 4
2026-04-08 22:39:16.461   543-580   CpuPowerCalculator      system_server                        W  UID 10127 CPU freq # mismatch: Power Profile # 2 actual # 4
2026-04-08 22:39:16.461   543-580   CpuPowerCalculator      system_server                        W  UID 10127 CPU freq # mismatch: Power Profile # 2 actual # 4
2026-04-08 22:39:16.461   543-580   CpuPowerCalculator      system_server                        W  UID 10127 CPU freq # mismatch: Power Profile # 2 actual # 4
2026-04-08 22:39:16.461   543-580   CpuPowerCalculator      system_server                        W  UID 10125 CPU freq # mismatch: Power Profile # 2 actual # 4
2026-04-08 22:39:16.462   543-580   CpuPowerCalculator      system_server                        W  UID 10125 CPU freq # mismatch: Power Profile # 2 actual # 4
2026-04-08 22:39:16.462   543-580   CpuPowerCalculator      system_server                        W  UID 10125 CPU freq # mismatch: Power Profile # 2 actual # 4
2026-04-08 22:39:16.462   543-580   CpuPowerCalculator      system_server                        W  UID 10124 CPU freq # mismatch: Power Profile # 2 actual # 4
2026-04-08 22:39:16.462   543-580   CpuPowerCalculator      system_server                        W  UID 10124 CPU freq # mismatch: Power Profile # 2 actual # 4
2026-04-08 22:39:16.463   543-580   CpuPowerCalculator      system_server                        W  UID 10124 CPU freq # mismatch: Power Profile # 2 actual # 4
2026-04-08 22:39:16.463   543-580   CpuPowerCalculator      system_server                        W  UID 10123 CPU freq # mismatch: Power Profile # 2 actual # 4
2026-04-08 22:39:16.463   543-580   CpuPowerCalculator      system_server                        W  UID 10123 CPU freq # mismatch: Power Profile # 2 actual # 4
2026-04-08 22:39:16.463   543-580   CpuPowerCalculator      system_server                        W  UID 10123 CPU freq # mismatch: Power Profile # 2 actual # 4
2026-04-08 22:39:16.464   543-580   CpuPowerCalculator      system_server                        W  UID 10121 CPU freq # mismatch: Power Profile # 2 actual # 4
2026-04-08 22:39:16.464   543-580   CpuPowerCalculator      system_server                        W  UID 10121 CPU freq # mismatch: Power Profile # 2 actual # 4
2026-04-08 22:39:16.464   543-580   CpuPowerCalculator      system_server                        W  UID 10121 CPU freq # mismatch: Power Profile # 2 actual # 4
2026-04-08 22:39:16.464   543-580   CpuPowerCalculator      system_server                        W  UID 10121 CPU freq # mismatch: Power Profile # 2 actual # 4
2026-04-08 22:39:16.464   543-580   CpuPowerCalculator      system_server                        W  UID 10120 CPU freq # mismatch: Power Profile # 2 actual # 4
2026-04-08 22:39:16.464   543-580   CpuPowerCalculator      system_server                        W  UID 10120 CPU freq # mismatch: Power Profile # 2 actual # 4
2026-04-08 22:39:16.465   543-580   CpuPowerCalculator      system_server                        W  UID 10120 CPU freq # mismatch: Power Profile # 2 actual # 4
2026-04-08 22:39:16.465   543-580   CpuPowerCalculator      system_server                        W  UID 10120 CPU freq # mismatch: Power Profile # 2 actual # 4
2026-04-08 22:39:16.465   543-580   CpuPowerCalculator      system_server                        W  UID 10118 CPU freq # mismatch: Power Profile # 2 actual # 4
2026-04-08 22:39:16.465   543-580   CpuPowerCalculator      system_server                        W  UID 10118 CPU freq # mismatch: Power Profile # 2 actual # 4
2026-04-08 22:39:16.466   543-580   CpuPowerCalculator      system_server                        W  UID 10118 CPU freq # mismatch: Power Profile # 2 actual # 4
2026-04-08 22:39:16.466   543-580   CpuPowerCalculator      system_server                        W  UID 10118 CPU freq # mismatch: Power Profile # 2 actual # 4
2026-04-08 22:39:16.466   543-580   CpuPowerCalculator      system_server                        W  UID 10117 CPU freq # mismatch: Power Profile # 2 actual # 4
2026-04-08 22:39:16.466   543-580   CpuPowerCalculator      system_server                        W  UID 10117 CPU freq # mismatch: Power Profile # 2 actual # 4
2026-04-08 22:39:16.466   543-580   CpuPowerCalculator      system_server                        W  UID 10117 CPU freq # mismatch: Power Profile # 2 actual # 4
2026-04-08 22:39:16.467   543-580   CpuPowerCalculator      system_server                        W  UID 10115 CPU freq # mismatch: Power Profile # 2 actual # 4
2026-04-08 22:39:16.467   543-580   CpuPowerCalculator      system_server                        W  UID 10115 CPU freq # mismatch: Power Profile # 2 actual # 4
2026-04-08 22:39:16.467   543-580   CpuPowerCalculator      system_server                        W  UID 10115 CPU freq # mismatch: Power Profile # 2 actual # 4
2026-04-08 22:39:16.467   543-580   CpuPowerCalculator      system_server                        W  UID 10115 CPU freq # mismatch: Power Profile # 2 actual # 4
2026-04-08 22:39:16.467   543-580   CpuPowerCalculator      system_server                        W  UID 10108 CPU freq # mismatch: Power Profile # 2 actual # 4
2026-04-08 22:39:16.468   543-580   CpuPowerCalculator      system_server                        W  UID 10108 CPU freq # mismatch: Power Profile # 2 actual # 4
2026-04-08 22:39:16.468   543-580   CpuPowerCalculator      system_server                        W  UID 10108 CPU freq # mismatch: Power Profile # 2 actual # 4
2026-04-08 22:39:16.468   543-580   CpuPowerCalculator      system_server                        W  UID 10102 CPU freq # mismatch: Power Profile # 2 actual # 4
2026-04-08 22:39:16.468   543-580   CpuPowerCalculator      system_server                        W  UID 10102 CPU freq # mismatch: Power Profile # 2 actual # 4
2026-04-08 22:39:16.468   543-580   CpuPowerCalculator      system_server                        W  UID 10102 CPU freq # mismatch: Power Profile # 2 actual # 4
2026-04-08 22:39:16.469   543-580   CpuPowerCalculator      system_server                        W  UID 10102 CPU freq # mismatch: Power Profile # 2 actual # 4
2026-04-08 22:39:16.469   543-580   CpuPowerCalculator      system_server                        W  UID 10102 CPU freq # mismatch: Power Profile # 2 actual # 4
2026-04-08 22:39:16.469   543-580   CpuPowerCalculator      system_server                        W  UID 10099 CPU freq # mismatch: Power Profile # 2 actual # 4
2026-04-08 22:39:16.470   543-580   CpuPowerCalculator      system_server                        W  UID 10099 CPU freq # mismatch: Power Profile # 2 actual # 4
2026-04-08 22:39:16.470   543-580   CpuPowerCalculator      system_server                        W  UID 10099 CPU freq # mismatch: Power Profile # 2 actual # 4
2026-04-08 22:39:16.470   543-580   CpuPowerCalculator      system_server                        W  UID 10098 CPU freq # mismatch: Power Profile # 2 actual # 4
2026-04-08 22:39:16.471   543-580   CpuPowerCalculator      system_server                        W  UID 10098 CPU freq # mismatch: Power Profile # 2 actual # 4
2026-04-08 22:39:16.471   543-580   CpuPowerCalculator      system_server                        W  UID 10098 CPU freq # mismatch: Power Profile # 2 actual # 4
2026-04-08 22:39:16.471   543-580   CpuPowerCalculator      system_server                        W  UID 10094 CPU freq # mismatch: Power Profile # 2 actual # 4
2026-04-08 22:39:16.471   543-580   CpuPowerCalculator      system_server                        W  UID 10094 CPU freq # mismatch: Power Profile # 2 actual # 4
2026-04-08 22:39:16.471   543-580   CpuPowerCalculator      system_server                        W  UID 10094 CPU freq # mismatch: Power Profile # 2 actual # 4
2026-04-08 22:39:16.471   543-580   CpuPowerCalculator      system_server                        W  UID 10092 CPU freq # mismatch: Power Profile # 2 actual # 4
2026-04-08 22:39:16.472   543-580   CpuPowerCalculator      system_server                        W  UID 10092 CPU freq # mismatch: Power Profile # 2 actual # 4
2026-04-08 22:39:16.472   543-580   CpuPowerCalculator      system_server                        W  UID 10092 CPU freq # mismatch: Power Profile # 2 actual # 4
2026-04-08 22:39:16.472   543-580   CpuPowerCalculator      system_server                        W  UID 10091 CPU freq # mismatch: Power Profile # 2 actual # 4
2026-04-08 22:39:16.472   543-580   CpuPowerCalculator      system_server                        W  UID 10091 CPU freq # mismatch: Power Profile # 2 actual # 4
2026-04-08 22:39:16.472   543-580   CpuPowerCalculator      system_server                        W  UID 10091 CPU freq # mismatch: Power Profile # 2 actual # 4
2026-04-08 22:39:16.472   543-580   CpuPowerCalculator      system_server                        W  UID 10090 CPU freq # mismatch: Power Profile # 2 actual # 4
2026-04-08 22:39:16.473   543-580   CpuPowerCalculator      system_server                        W  UID 10090 CPU freq # mismatch: Power Profile # 2 actual # 4
2026-04-08 22:39:16.476 15424-15424 MultiDex                com....android.googlequicksearchbox  I  VM with version 2.1.0 has multidex support
2026-04-08 22:39:16.476 15424-15424 MultiDex                com....android.googlequicksearchbox  I  Installing application
2026-04-08 22:39:16.476 15424-15424 MultiDex                com....android.googlequicksearchbox  I  VM has multidex support, MultiDex support library is disabled.
2026-04-08 22:39:16.507   543-580   CpuPowerCalculator      system_server                        W  UID 10090 CPU freq # mismatch: Power Profile # 2 actual # 4
2026-04-08 22:39:16.534   543-580   CpuPowerCalculator      system_server                        W  UID 10090 CPU freq # mismatch: Power Profile # 2 actual # 4
2026-04-08 22:39:16.534   543-580   CpuPowerCalculator      system_server                        W  UID 10086 CPU freq # mismatch: Power Profile # 2 actual # 4
2026-04-08 22:39:16.535   543-580   CpuPowerCalculator      system_server                        W  UID 10086 CPU freq # mismatch: Power Profile # 2 actual # 4
2026-04-08 22:39:16.535   543-580   CpuPowerCalculator      system_server                        W  UID 10086 CPU freq # mismatch: Power Profile # 2 actual # 4
2026-04-08 22:39:16.536  7335-7335  TaplEvents              com...le.android.apps.nexuslauncher  D  TIS / TouchInteractionService.onInputEvent: MotionEvent { action=ACTION_UP, actionButton=0, id[0]=0, x[0]=364.98828, y[0]=2246.9238, toolType[0]=TOOL_TYPE_FINGER, buttonState=0, classification=NONE, metaState=0, flags=0x0, edgeFlags=0x0, pointerCount=1, historySize=0, eventTime=5804363, downTime=5804238, deviceId=4, source=0x5002, displayId=0, eventId=717445184 }
2026-04-08 22:39:16.538   543-580   CpuPowerCalculator      system_server                        W  UID 10086 CPU freq # mismatch: Power Profile # 2 actual # 4
2026-04-08 22:39:16.539   543-580   CpuPowerCalculator      system_server                        W  UID 10085 CPU freq # mismatch: Power Profile # 2 actual # 4
2026-04-08 22:39:16.539   543-580   CpuPowerCalculator      system_server                        W  UID 10085 CPU freq # mismatch: Power Profile # 2 actual # 4
2026-04-08 22:39:16.539   543-580   CpuPowerCalculator      system_server                        W  UID 10085 CPU freq # mismatch: Power Profile # 2 actual # 4
2026-04-08 22:39:16.539   543-580   CpuPowerCalculator      system_server                        W  UID 10082 CPU freq # mismatch: Power Profile # 2 actual # 4
2026-04-08 22:39:16.539   543-580   CpuPowerCalculator      system_server                        W  UID 10082 CPU freq # mismatch: Power Profile # 2 actual # 4
2026-04-08 22:39:16.539   543-580   CpuPowerCalculator      system_server                        W  UID 10082 CPU freq # mismatch: Power Profile # 2 actual # 4
2026-04-08 22:39:16.540   543-580   CpuPowerCalculator      system_server                        W  UID 10082 CPU freq # mismatch: Power Profile # 2 actual # 4
2026-04-08 22:39:16.541   543-580   CpuPowerCalculator      system_server                        W  UID 9999 CPU freq # mismatch: Power Profile # 2 actual # 4
2026-04-08 22:39:16.548 15202-15202 chromium                com.redennier.taskapp                E  [ERROR:page_load_metrics_update_dispatcher.cc(178)] Invalid first_paint 8.014 s for first_image_paint 7.197 s
2026-04-08 22:39:16.541   543-580   CpuPowerCalculator      system_server                        W  UID 2000 CPU freq # mismatch: Power Profile # 2 actual # 4
2026-04-08 22:39:16.554   543-580   CpuPowerCalculator      system_server                        W  UID 2000 CPU freq # mismatch: Power Profile # 2 actual # 4
2026-04-08 22:39:16.554   543-580   CpuPowerCalculator      system_server                        W  UID 2000 CPU freq # mismatch: Power Profile # 2 actual # 4
2026-04-08 22:39:16.554   543-580   CpuPowerCalculator      system_server                        W  UID 1092 CPU freq # mismatch: Power Profile # 2 actual # 4
2026-04-08 22:39:16.554   543-580   CpuPowerCalculator      system_server                        W  UID 1086 CPU freq # mismatch: Power Profile # 2 actual # 4
2026-04-08 22:39:16.555   543-580   CpuPowerCalculator      system_server                        W  UID 1082 CPU freq # mismatch: Power Profile # 2 actual # 4
2026-04-08 22:39:16.555   543-580   CpuPowerCalculator      system_server                        W  UID 1080 CPU freq # mismatch: Power Profile # 2 actual # 4
2026-04-08 22:39:16.555   543-580   CpuPowerCalculator      system_server                        W  UID 1076 CPU freq # mismatch: Power Profile # 2 actual # 4
2026-04-08 22:39:16.555   543-580   CpuPowerCalculator      system_server                        W  UID 1073 CPU freq # mismatch: Power Profile # 2 actual # 4
2026-04-08 22:39:16.555   543-580   CpuPowerCalculator      system_server                        W  UID 1073 CPU freq # mismatch: Power Profile # 2 actual # 4
2026-04-08 22:39:16.556   543-580   CpuPowerCalculator      system_server                        W  UID 1073 CPU freq # mismatch: Power Profile # 2 actual # 4
2026-04-08 22:39:16.556   543-580   CpuPowerCalculator      system_server                        W  UID 1072 CPU freq # mismatch: Power Profile # 2 actual # 4
2026-04-08 22:39:16.556   543-580   CpuPowerCalculator      system_server                        W  UID 1069 CPU freq # mismatch: Power Profile # 2 actual # 4
2026-04-08 22:39:16.556   543-580   CpuPowerCalculator      system_server                        W  UID 1068 CPU freq # mismatch: Power Profile # 2 actual # 4
2026-04-08 22:39:16.556   543-580   CpuPowerCalculator      system_server                        W  UID 1068 CPU freq # mismatch: Power Profile # 2 actual # 4
2026-04-08 22:39:16.557   543-580   CpuPowerCalculator      system_server                        W  UID 1068 CPU freq # mismatch: Power Profile # 2 actual # 4
2026-04-08 22:39:16.557   543-580   CpuPowerCalculator      system_server                        W  UID 1067 CPU freq # mismatch: Power Profile # 2 actual # 4
2026-04-08 22:39:16.557   543-580   CpuPowerCalculator      system_server                        W  UID 1066 CPU freq # mismatch: Power Profile # 2 actual # 4
2026-04-08 22:39:16.557   543-580   CpuPowerCalculator      system_server                        W  UID 1064 CPU freq # mismatch: Power Profile # 2 actual # 4
2026-04-08 22:39:16.564   543-580   CpuPowerCalculator      system_server                        W  UID 1058 CPU freq # mismatch: Power Profile # 2 actual # 4
2026-04-08 22:39:16.564   543-580   CpuPowerCalculator      system_server                        W  UID 1053 CPU freq # mismatch: Power Profile # 2 actual # 4
2026-04-08 22:39:16.565   543-580   CpuPowerCalculator      system_server                        W  UID 1047 CPU freq # mismatch: Power Profile # 2 actual # 4
2026-04-08 22:39:16.565   543-580   CpuPowerCalculator      system_server                        W  UID 1046 CPU freq # mismatch: Power Profile # 2 actual # 4
2026-04-08 22:39:16.566   543-580   CpuPowerCalculator      system_server                        W  UID 1041 CPU freq # mismatch: Power Profile # 2 actual # 4
2026-04-08 22:39:16.566   543-580   CpuPowerCalculator      system_server                        W  UID 1040 CPU freq # mismatch: Power Profile # 2 actual # 4
2026-04-08 22:39:16.566   543-580   CpuPowerCalculator      system_server                        W  UID 1036 CPU freq # mismatch: Power Profile # 2 actual # 4
2026-04-08 22:39:16.567   543-580   CpuPowerCalculator      system_server                        W  UID 1027 CPU freq # mismatch: Power Profile # 2 actual # 4
2026-04-08 22:39:16.567   543-580   CpuPowerCalculator      system_server                        W  UID 1027 CPU freq # mismatch: Power Profile # 2 actual # 4
2026-04-08 22:39:16.567   543-580   CpuPowerCalculator      system_server                        W  UID 1027 CPU freq # mismatch: Power Profile # 2 actual # 4
2026-04-08 22:39:16.567   543-580   CpuPowerCalculator      system_server                        W  UID 1021 CPU freq # mismatch: Power Profile # 2 actual # 4
2026-04-08 22:39:16.567   543-580   CpuPowerCalculator      system_server                        W  UID 1020 CPU freq # mismatch: Power Profile # 2 actual # 4
2026-04-08 22:39:16.568   543-580   CpuPowerCalculator      system_server                        W  UID 1019 CPU freq # mismatch: Power Profile # 2 actual # 4
2026-04-08 22:39:16.568   543-580   CpuPowerCalculator      system_server                        W  UID 1017 CPU freq # mismatch: Power Profile # 2 actual # 4
2026-04-08 22:39:16.568   543-580   CpuPowerCalculator      system_server                        W  UID 1013 CPU freq # mismatch: Power Profile # 2 actual # 4
2026-04-08 22:39:16.568   543-580   CpuPowerCalculator      system_server                        W  UID 1010 CPU freq # mismatch: Power Profile # 2 actual # 4
2026-04-08 22:39:16.569   543-580   CpuPowerCalculator      system_server                        W  UID 1003 CPU freq # mismatch: Power Profile # 2 actual # 4
2026-04-08 22:39:16.569   543-580   CpuPowerCalculator      system_server                        W  UID 1002 CPU freq # mismatch: Power Profile # 2 actual # 4
2026-04-08 22:39:16.569   543-580   CpuPowerCalculator      system_server                        W  UID 1002 CPU freq # mismatch: Power Profile # 2 actual # 4
2026-04-08 22:39:16.597   543-2482  Compatibil...geReporter system_server                        D  Compat change id reported: 161145287; UID 10132; state: DISABLED
2026-04-08 22:39:16.628   543-2478  ActivityManager         system_server                        W  Receiver with filter android.content.IntentFilter@9914a3c already registered for pid 15424, callerPackage is com.google.android.googlequicksearchbox
2026-04-08 22:39:16.634   543-580   CpuPowerCalculator      system_server                        W  UID 1002 CPU freq # mismatch: Power Profile # 2 actual # 4
2026-04-08 22:39:16.634   543-580   CpuPowerCalculator      system_server                        W  UID 1002 CPU freq # mismatch: Power Profile # 2 actual # 4
2026-04-08 22:39:16.634   543-580   CpuPowerCalculator      system_server                        W  UID 1001 CPU freq # mismatch: Power Profile # 2 actual # 4
2026-04-08 22:39:16.636   543-580   CpuPowerCalculator      system_server                        W  UID 1001 CPU freq # mismatch: Power Profile # 2 actual # 4
2026-04-08 22:39:16.636   543-580   CpuPowerCalculator      system_server                        W  UID 1001 CPU freq # mismatch: Power Profile # 2 actual # 4
2026-04-08 22:39:16.636   543-580   CpuPowerCalculator      system_server                        W  UID 1000 CPU freq # mismatch: Power Profile # 2 actual # 4
2026-04-08 22:39:16.636   543-580   CpuPowerCalculator      system_server                        W  UID 1000 CPU freq # mismatch: Power Profile # 2 actual # 4
2026-04-08 22:39:16.637   543-580   CpuPowerCalculator      system_server                        W  UID 1000 CPU freq # mismatch: Power Profile # 2 actual # 4
2026-04-08 22:39:16.637   543-580   CpuPowerCalculator      system_server                        W  UID 0 CPU freq # mismatch: Power Profile # 2 actual # 4
2026-04-08 22:39:16.960   543-2478  ActivityManager         system_server                        D  sync unfroze 3186 com.google.android.gms for 6
2026-04-08 22:39:17.000  3186-3186  BoundBrokerSvc          com.google.android.gms               D  onBind: Intent { act=com.google.android.gms.safetynet.service.START pkg=com.google.android.gms }
2026-04-08 22:39:17.000  3186-3186  BoundBrokerSvc          com.google.android.gms               D  Loading bound service for intent: Intent { act=com.google.android.gms.safetynet.service.START pkg=com.google.android.gms }
2026-04-08 22:39:17.067   543-578   system_server           system_server                        W  Long monitor contention with owner bgres-controller (580) at java.util.List com.android.server.power.stats.BatteryUsageStatsProvider.getBatteryUsageStats(java.util.List)(BatteryUsageStatsProvider.java:132) waiters=0 in void com.android.server.am.BatteryStatsService.lambda$notePhoneSignalStrength$47(android.telephony.SignalStrength, long, long) for 862ms
2026-04-08 22:39:17.089 15202-15239 EGL_emulation           com.redennier.taskapp                D  app_time_stats: avg=546.85ms min=69.93ms max=1868.62ms count=4
2026-04-08 22:39:17.101 15202-15202 chromium                com.redennier.taskapp                E  [ERROR:page_load_metrics_update_dispatcher.cc(178)] Invalid first_paint 8.014 s for first_image_paint 7.197 s
2026-04-08 22:39:17.204  3186-3186  BoundBrokerSvc          com.google.android.gms               D  onBind: Intent { act=com.google.android.gms.potokens.service.START dat=chimera-action:/... cmp=com.google.android.gms/.chimera.GmsApiService }
2026-04-08 22:39:17.205  3186-3186  BoundBrokerSvc          com.google.android.gms               D  Loading bound service for intent: Intent { act=com.google.android.gms.potokens.service.START dat=chimera-action:/... cmp=com.google.android.gms/.chimera.GmsApiService }
2026-04-08 22:39:17.257 12681-12778 PhenotypeBackgroundRecv com.google.android.youtube           W  Failed to update local snapshot for com.google.android.libraries.notifications.platform#com.google.android.youtube
                                                                                                    java.util.concurrent.ExecutionException: alnc: Timed out (timeout delayed by 34 ms after scheduled time): alkh@d2b2128[status=PENDING, setFuture=[allh@c677e41[status=PENDING, info=[futures=[alkh@7cebfe6[status=PENDING, info=[inputFuture=[alkh@363f927[status=PENDING, info=[inputFuture=[alki@2a527d4[status=PENDING, info=[inputFuture=[aljo@46cbd7d[status=PENDING, info=[inputFuture=[rua@fb6f472[status=PENDING, info=[poz@18d00c3]]], exceptionType=[class oqq], fallback=[sdv@916ed40]]]], function=[tqt@a8cb479]]]], function=[ses@b7be5be]]]], function=[qga@2b4e61f]]]]]]]]
                                                                                                    	at alkf.n(PG:21)
                                                                                                    	at alkf.get(PG:3)
                                                                                                    	at a.Z(PG:2)
                                                                                                    	at altn.aB(PG:10)
                                                                                                    	at qko.run(PG:1159)
                                                                                                    	at java.util.concurrent.Executors$RunnableAdapter.call(Executors.java:487)
                                                                                                    	at java.util.concurrent.FutureTask.run(FutureTask.java:264)
                                                                                                    	at java.util.concurrent.ScheduledThreadPoolExecutor$ScheduledFutureTask.run(ScheduledThreadPoolExecutor.java:307)
                                                                                                    	at java.util.concurrent.ThreadPoolExecutor.runWorker(ThreadPoolExecutor.java:1145)
                                                                                                    	at java.util.concurrent.ThreadPoolExecutor$Worker.run(ThreadPoolExecutor.java:644)
                                                                                                    	at java.lang.Thread.run(Thread.java:1012)
                                                                                                    Caused by: alnc: Timed out (timeout delayed by 34 ms after scheduled time): alkh@d2b2128[status=PENDING, setFuture=[allh@c677e41[status=PENDING, info=[futures=[alkh@7cebfe6[status=PENDING, info=[inputFuture=[alkh@363f927[status=PENDING, info=[inputFuture=[alki@2a527d4[status=PENDING, info=[inputFuture=[aljo@46cbd7d[status=PENDING, info=[inputFuture=[rua@fb6f472[status=PENDING, info=[poz@18d00c3]]], exceptionType=[class oqq], fallback=[sdv@916ed40]]]], function=[tqt@a8cb479]]]], function=[ses@b7be5be]]]], function=[qga@2b4e61f]]]]]]]]
2026-04-08 22:39:17.331   543-572   ActivityManager         system_server                        D  sync unfroze 12490 com.google.android.gm for 3
2026-04-08 22:39:17.638 13725-13725 bt_stack                com.google.android.bluetooth         I  [INFO:avrcp_service.cc(515)] virtual void bluetooth::avrcp::AvrcpService::SendMediaUpdate(bool, bool, bool) track_changed=0 :  play_state=1 :  queue=0
2026-04-08 22:39:17.743 12094-12101 ndroid.systemui         com.android.systemui                 I  Background young concurrent copying GC freed 385714(17MB) AllocSpace objects, 1(20KB) LOS objects, 48% free, 17MB/34MB, paused 4.066ms,302us total 344.966ms
2026-04-08 22:39:17.892   543-1543  TelephonyManager        system_server                        D  requestModemActivityInfo: Sending result to app: ModemActivityInfo{ mTimestamp=5805695 mSleepTimeMs=0 mIdleTimeMs=5434535 mActivityStatsTechSpecificInfo=[{mRat=UNKNOWN,mFrequencyRange=UNKNOWN,mTxTimeMs[]=[0, 0, 0, 0, 0],mRxTimeMs=0}]}
2026-04-08 22:39:17.940 13725-13725 AudioMediaPlayerWrapper com.google.android.bluetooth         W  The session was destroyed com.google.android.googlequicksearchbox
2026-04-08 22:39:17.943 13725-13725 MediaPlayerList         com.google.android.bluetooth         D  sessionUpdatedCallback(): packageName: com.google.android.googlequicksearchbox
2026-04-08 22:39:17.957 13725-13725 MediaPlayerList         com.google.android.bluetooth         D  sendMediaUpdate state=null
2026-04-08 22:39:17.979 13725-13725 MediaControlGattService com.google.android.bluetooth         D  updatePlayerState: playbackState= INACTIVE
2026-04-08 22:39:17.979 13725-13725 MediaControlGattService com.google.android.bluetooth         D  updateMediaStateChar
2026-04-08 22:39:17.979 13725-13725 MediaControlGattService com.google.android.bluetooth         W  Feature MEDIA_STATE(BIT 17) support: true
2026-04-08 22:39:17.980 13725-13725 MediaControlGattService com.google.android.bluetooth         D  updateMediaStateChar setting to state= 0
2026-04-08 22:39:18.032 13725-13725 MediaControlGattService com.google.android.bluetooth         W  Feature PLAYER_NAME(BIT 1) support: true
2026-04-08 22:39:18.032 13725-13725 MediaControlGattService com.google.android.bluetooth         W  Feature PLAYER_ICON_URL(BIT 3) support: false
2026-04-08 22:39:18.033 13725-13725 MediaControlGattService com.google.android.bluetooth         D  updateObjectID
2026-04-08 22:39:18.033 13725-13725 MediaControlGattService com.google.android.bluetooth         W  Feature PLAYER_ICON_OBJ_ID(BIT 2) support: false
2026-04-08 22:39:18.033 13725-13725 MediaControlGattService com.google.android.bluetooth         D  updateObjectID
2026-04-08 22:39:18.033 13725-13725 MediaControlGattService com.google.android.bluetooth         W  Feature CURRENT_TRACK_SEGMENT_OBJ_ID(BIT 10) support: false
2026-04-08 22:39:18.033 13725-13725 MediaControlGattService com.google.android.bluetooth         D  updateObjectID
2026-04-08 22:39:18.045 13725-13725 MediaControlGattService com.google.android.bluetooth         W  Feature CURRENT_TRACK_OBJ_ID(BIT 11) support: false
2026-04-08 22:39:18.045 13725-13725 MediaControlGattService com.google.android.bluetooth         D  updateObjectID
2026-04-08 22:39:18.045 13725-13725 MediaControlGattService com.google.android.bluetooth         W  Feature NEXT_TRACK_OBJ_ID(BIT 12) support: false
2026-04-08 22:39:18.045 13725-13725 MediaControlGattService com.google.android.bluetooth         D  updateObjectID
2026-04-08 22:39:18.046 13725-13725 MediaControlGattService com.google.android.bluetooth         W  Feature CURRENT_GROUP_OBJ_ID(BIT 13) support: false
2026-04-08 22:39:18.060 13725-13725 MediaControlGattService com.google.android.bluetooth         D  updateObjectID
2026-04-08 22:39:18.060 13725-13725 MediaControlGattService com.google.android.bluetooth         W  Feature PARENT_GROUP_OBJ_ID(BIT 14) support: false
2026-04-08 22:39:18.060 13725-13725 MediaControlGattService com.google.android.bluetooth         D  updateObjectID
2026-04-08 22:39:18.060 13725-13725 MediaControlGattService com.google.android.bluetooth         W  Feature SEARCH_RESULT_OBJ_ID(BIT 20) support: false
2026-04-08 22:39:18.061 13725-13725 MediaControlGattService com.google.android.bluetooth         W  Feature TRACK_TITLE(BIT 5) support: true
2026-04-08 22:39:18.061 13725-13725 MediaControlGattService com.google.android.bluetooth         W  Feature TRACK_DURATION(BIT 6) support: true
2026-04-08 22:39:18.061 13725-13725 MediaControlGattService com.google.android.bluetooth         W  Feature TRACK_POSITION(BIT 7) support: true
2026-04-08 22:39:18.061 13725-13725 MediaControlGattService com.google.android.bluetooth         W  Feature TRACK_POSITION_NOTIFY support: true
2026-04-08 22:39:18.062 13725-13725 MediaControlGattService com.google.android.bluetooth         W  Feature MEDIA_STATE(BIT 17) support: true
2026-04-08 22:39:18.062 13725-13725 MediaControlGattService com.google.android.bluetooth         W  Feature MEDIA_STATE(BIT 17) support: true
2026-04-08 22:39:18.062 13725-13725 MediaControlGattService com.google.android.bluetooth         W  Feature PLAYBACK_SPEED(BIT 8) support: true
2026-04-08 22:39:18.062 13725-13725 MediaControlGattService com.google.android.bluetooth         W  Feature PLAYBACK_SPEED(BIT 8) support: true
2026-04-08 22:39:18.063 13725-13725 MediaControlGattService com.google.android.bluetooth         W  Feature PLAYBACK_SPEED(BIT 8) support: true
2026-04-08 22:39:18.063 13725-13725 MediaControlGattService com.google.android.bluetooth         W  Feature SEEKING_SPEED(BIT 9) support: true
2026-04-08 22:39:18.063 13725-13725 MediaControlGattService com.google.android.bluetooth         W  Feature SEEKING_SPEED(BIT 9) support: true
2026-04-08 22:39:18.063 13725-13725 MediaControlGattService com.google.android.bluetooth         W  Feature SEEKING_SPEED(BIT 9) support: true
2026-04-08 22:39:18.063 13725-13725 MediaControlGattService com.google.android.bluetooth         W  Feature PLAYING_ORDER_SUPPORTED(BIT 16) support: true
2026-04-08 22:39:18.063 13725-13725 MediaControlGattService com.google.android.bluetooth         W  Feature PLAYING_ORDER(BIT 15) support: true
2026-04-08 22:39:18.064 13725-13725 MediaControlGattService com.google.android.bluetooth         W  Feature MEDIA_CONTROL_POINT_OPCODES_SUPPORTED(BIT 19) support: true
2026-04-08 22:39:18.064 13725-13725 MediaControlGattService com.google.android.bluetooth         W  Feature MEDIA_STATE(BIT 17) support: true
2026-04-08 22:39:18.065 13725-13725 MediaPlayerList         com.google.android.bluetooth         V  onActiveSessionsChanged: number of controllers: 0
2026-04-08 22:39:18.065 13725-13725 MediaPlayerList         com.google.android.bluetooth         V  onActiveSessionsChanged: number of controllers: 0
2026-04-08 22:39:18.081     0-0     binder_debug            kernel                               W  64 callbacks suppressed
2026-04-08 22:39:18.081     0-0     binder                  kernel                               I  13725:13725 cannot find target node
2026-04-08 22:39:18.123 15424-15441 earchbox:search         com....android.googlequicksearchbox  W  Accessing hidden field Ljava/util/Collections$SynchronizedCollection;->mutex:Ljava/lang/Object; (max-target-o, reflection, denied)
2026-04-08 22:39:18.123 15424-15441 earchbox:search         com....android.googlequicksearchbox  W  Accessing hidden method Ljava/util/Collections$SynchronizedSet;-><init>(Ljava/util/Set;Ljava/lang/Object;)V (max-target-o, reflection, denied)
2026-04-08 22:39:18.123 15424-15441 earchbox:search         com....android.googlequicksearchbox  W  Accessing hidden method Ljava/util/Collections$SynchronizedCollection;-><init>(Ljava/util/Collection;Ljava/lang/Object;)V (max-target-o, reflection, denied)
2026-04-08 22:39:18.125     0-0     binder                  kernel                               I  13725:13725 transaction call to 0:0 failed 1121369/29189/-22, size 140-8 line 3210
2026-04-08 22:39:18.160 13725-13725 IPCThreadState          com.google.android.bluetooth         E  Binder transaction failure: 1121369/29189/-22
2026-04-08 22:39:18.191 13725-13725 MediaControllerCompat   com.google.android.bluetooth         E  Dead object in unregisterCallback.
                                                                                                    android.os.DeadObjectException
                                                                                                    	at android.os.BinderProxy.transactNative(Native Method)
                                                                                                    	at android.os.BinderProxy.transact(BinderProxy.java:584)
                                                                                                    	at android.support.v4.media.session.IMediaSession$Stub$Proxy.unregisterCallbackListener(IMediaSession.java:727)
                                                                                                    	at android.support.v4.media.session.MediaControllerCompat$MediaControllerImplApi21.unregisterCallback(MediaControllerCompat.java:2057)
                                                                                                    	at android.support.v4.media.session.MediaControllerCompat.unregisterCallback(MediaControllerCompat.java:589)
                                                                                                    	at com.android.bluetooth.audio_util.PlayerSettingsManager.activePlayerChanged(PlayerSettingsManager.java:74)
                                                                                                    	at com.android.bluetooth.audio_util.PlayerSettingsManager.lambda$new$0(PlayerSettingsManager.java:46)
                                                                                                    	at com.android.bluetooth.audio_util.PlayerSettingsManager.$r8$lambda$-fLcIDEM7wRNmT1VPKptBzgiQwY(PlayerSettingsManager.java:0)
                                                                                                    	at com.android.bluetooth.audio_util.PlayerSettingsManager$$ExternalSyntheticLambda0.onActivePlayerChanged(R8$$SyntheticClass:0)
                                                                                                    	at com.android.bluetooth.audio_util.MediaPlayerList$1.onActiveSessionsChanged(MediaPlayerList.java:718)
                                                                                                    	at android.media.session.MediaSessionManager$SessionsChangedWrapper.callOnActiveSessionsChangedListener(MediaSessionManager.java:1292)
                                                                                                    	at android.media.session.MediaSessionManager$SessionsChangedWrapper.-$$Nest$mcallOnActiveSessionsChangedListener(Unknown Source:0)
                                                                                                    	at android.media.session.MediaSessionManager$SessionsChangedWrapper$1.lambda$onActiveSessionsChanged$0(MediaSessionManager.java:1277)
                                                                                                    	at android.media.session.MediaSessionManager$SessionsChangedWrapper$1.$r8$lambda$NetPXD-Q0acpZ2Og94ZheKLhP_c(Unknown Source:0)
                                                                                                    	at android.media.session.MediaSessionManager$SessionsChangedWrapper$1$$ExternalSyntheticLambda0.run(Unknown Source:4)
                                                                                                    	at android.os.Handler.handleCallback(Handler.java:958)
                                                                                                    	at android.os.Handler.dispatchMessage(Handler.java:99)
                                                                                                    	at android.os.Looper.loopOnce(Looper.java:205)
                                                                                                    	at android.os.Looper.loop(Looper.java:294)
                                                                                                    	at android.app.ActivityThread.main(ActivityThread.java:8177)
                                                                                                    	at java.lang.reflect.Method.invoke(Native Method)
                                                                                                    	at com.android.internal.os.RuntimeInit$MethodAndArgsCaller.run(RuntimeInit.java:552)
                                                                                                    	at com.android.internal.os.ZygoteInit.main(ZygoteInit.java:971)
2026-04-08 22:39:18.196 13725-13725 AvrcpTargetJni          com.google.android.bluetooth         D  sendPlayerSettingsNative
2026-04-08 22:39:18.196 13725-13725 bt_stack                com.google.android.bluetooth         I  [INFO:avrcp_service.cc(551)] virtual void bluetooth::avrcp::AvrcpService::SendPlayerSettingsChanged(std::vector<PlayerAttribute>, std::vector<uint8_t>)
2026-04-08 22:39:18.224 13725-13725 bt_stack                com.google.android.bluetooth         I  [INFO:avrcp_service.cc(565)] attribute=PlayerAttribute::REPEAT : value=PlayerRepeatValue::OFF
                                                                                                    attribute=PlayerAttribute::SHUFFLE : value=PlayerShuffleValue::OFF
2026-04-08 22:39:18.275 15202-15202 chromium                com.redennier.taskapp                E  [ERROR:page_load_metrics_update_dispatcher.cc(178)] Invalid first_paint 8.014 s for first_image_paint 7.197 s
2026-04-08 22:39:18.295  4131-4145  .gms.persistent         com.google.android.gms.persistent    I  Background concurrent copying GC freed 528135(26MB) AllocSpace objects, 11(3944KB) LOS objects, 49% free, 13MB/27MB, paused 2.748ms,129us total 2.767s
2026-04-08 22:39:18.493 15202-15239 EGL_emulation           com.redennier.taskapp                D  app_time_stats: avg=348.39ms min=108.82ms max=901.85ms count=4
2026-04-08 22:39:18.549 14708-15054 BugleDataModel          com.google.android.apps.messaging    I  ActionExecutorImpl: Timestamp for ACTION_EXECUTE_QUEUED_RecurringTelemetryUploaderAction elapsedRealTime: 5806388 currentTimeMillis: 1775702358549
2026-04-08 22:39:18.612 14708-15080 BugleDataModel          com.google.android.apps.messaging    I  ActionExecutorImpl: Timestamp for ACTION_EXECUTE_QUEUED_DeferBackgroundWorkAction elapsedRealTime: 5806451 currentTimeMillis: 1775702358612
2026-04-08 22:39:18.757 14708-14825 Bugle                   com.google.android.apps.messaging    I  BroadcastReceiverAsyncWorkTracker: Acknowledging broadcast of com.google.android.apps.messaging.shared.analytics.recurringmetrics.AnalyticsAlarmReceiver@cd9740a
2026-04-08 22:39:18.765 14708-15080 BugleDataModel          com.google.android.apps.messaging    I  ActionExecutorImpl: Timestamp for ACTION_BACKGROUND_QUEUED_RecurringTelemetryUploaderAction elapsedRealTime: 5806603 currentTimeMillis: 1775702358765
2026-04-08 22:39:18.877   543-636   ActivityManager         system_server                        D  freezing 12585 com.google.process.gservices
2026-04-08 22:39:19.083  4131-15079 NanoAppLogging          com.google.android.gms.persistent    E  Failed to begin contexthub communication
2026-04-08 22:39:19.173  3186-15452 ModuleInitIntentOp      com.google.android.gms               W  Dropping unexpected action com.google.android.gms.phenotype.COMMITTED
2026-04-08 22:39:19.174 13725-13725 MediaPlayerList         com.google.android.bluetooth         V  mPackageChangedBroadcastReceiver: action: android.intent.action.PACKAGE_ADDED
2026-04-08 22:39:19.186 15202-15202 chromium                com.redennier.taskapp                E  [ERROR:page_load_metrics_update_dispatcher.cc(178)] Invalid first_paint 8.014 s for first_image_paint 7.197 s
2026-04-08 22:39:19.187 15202-15202 Capacitor/Console       com.redennier.taskapp                W  File: https://localhost/static/js/main.bdc54404.js - Line 2 - Msg: The width(-1) and height(-1) of chart should be greater than 0,
                                                                                                           please check the style of container, or the props width(100%) and height(100%),
                                                                                                           or add a minWidth(0) or minHeight(undefined) or use aspect(undefined) to control the
                                                                                                           height and width.
2026-04-08 22:39:19.192  3186-15452 ModuleInitIntentOp      com.google.android.gms               W  Dropping unexpected action com.google.android.gms.phenotype.COMMITTED
2026-04-08 22:39:19.215   543-572   ActivityManager         system_server                        D  sync unfroze 1238 com.google.android.permissioncontroller for 3
2026-04-08 22:39:19.238 13725-13725 MediaPlayerList         com.google.android.bluetooth         V  mPackageChangedBroadcastReceiver: action: android.intent.action.PACKAGE_ADDED
2026-04-08 22:39:19.239 13725-13725 MediaPlayerList         com.google.android.bluetooth         V  mPackageChangedBroadcastReceiver: action: android.intent.action.PACKAGE_CHANGED
2026-04-08 22:39:19.239 13725-13725 MediaPlayerList         com.google.android.bluetooth         V  mPackageChangedBroadcastReceiver: action: android.intent.action.PACKAGE_CHANGED
2026-04-08 22:39:19.242 15202-15233 OpenGLRenderer          com.redennier.taskapp                I  Davey! duration=782ms; Flags=0, FrameTimelineVsyncId=1972829, IntendedVsync=5806179694246, Vsync=5806346360906, InputEventId=0, HandleInputStart=5806362903700, AnimationStart=5806362956300, PerformTraversalsStart=5806465749100, DrawStart=5806465986500, FrameDeadline=5806463027568, FrameInterval=5806359781400, FrameStartTime=16666666, SyncQueued=5806466521500, SyncStart=5806534647000, IssueDrawCommandsStart=5806551879100, SwapBuffers=5807010361700, FrameCompleted=5807030666700, DequeueBufferDuration=171200, QueueBufferDuration=440800, GpuCompleted=5807030666700, SwapBuffersCompleted=5807013508700, DisplayPresentTime=0, CommandSubmissionCompleted=5807010361700, 
2026-04-08 22:39:19.275  3186-15456 ModuleInitIntentOp      com.google.android.gms               W  Dropping unexpected action com.google.android.gms.phenotype.COMMITTED
2026-04-08 22:39:19.290  1238-1238  SafetyLabe...stReceiver com....android.permissioncontroller  I  received broadcast packageName: com.redennier.taskapp, current user: UserHandle{0}, packageChangeEvent: NEW_INSTALL, intent user: UserHandle{0}
2026-04-08 22:39:19.291  3186-15457 Backup                  com.google.android.gms               V  [PhenotypeConfigIO] Phenotype broadcast received for different package
2026-04-08 22:39:19.394 12094-12094 StatusBarIconController com.android.systemui                 D  ignoring old pipeline callback because the new wifi icon is enabled
2026-04-08 22:39:19.395  3186-15457 SyncIntentOperation     com.google.android.gms               I  Handling the intent: Intent { act=com.google.android.gms.phenotype.COMMITTED flg=0x10 pkg=com.google.android.gms cmp=com.google.android.gms/.chimera.GmsIntentOperationService (has extras) }. [CONTEXT service_id=80 ]
2026-04-08 22:39:19.545   543-572   ActivityManager         system_server                        I  com.google.android.packageinstaller is exempt from freezer
2026-04-08 22:39:19.546   543-572   Compatibil...geReporter system_server                        D  Compat change id reported: 135634846; UID 10094; state: DISABLED
2026-04-08 22:39:19.547   543-572   Compatibil...geReporter system_server                        D  Compat change id reported: 177438394; UID 10094; state: DISABLED
2026-04-08 22:39:19.552   543-572   Compatibil...geReporter system_server                        D  Compat change id reported: 135772972; UID 10094; state: DISABLED
2026-04-08 22:39:19.555   543-572   Compatibil...geReporter system_server                        D  Compat change id reported: 135754954; UID 10094; state: ENABLED
2026-04-08 22:39:19.562   543-573   Compatibil...geReporter system_server                        D  Compat change id reported: 143937733; UID 10094; state: ENABLED
2026-04-08 22:39:19.585   344-344   Zygote                  pid-344                              D  Forked child process 15466
2026-04-08 22:39:19.589   543-573   ActivityManager         system_server                        I  Start proc 15466:com.google.android.packageinstaller/u0a94 for broadcast {com.google.android.packageinstaller/com.android.packageinstaller.PackageInstalledReceiver}
2026-04-08 22:39:19.594 15424-15424 A                       com....android.googlequicksearchbox  I  Initializing GMS Compliance Client Library...
