2026-04-08 22:56:30.985  1384-1384  AiAiEcho                com.google.android.as                I  AppFetcherImpl onPackageChanged com.google.android.apps.wellbeing.
2026-04-08 22:56:30.990   543-571   AppWidgetServiceImpl    system_server                        D  Provider info from ComponentInfo{com.google.android.apps.wellbeing/com.google.android.apps.wellbeing.widget.screentime.ScreenTimeWidgetProviderReceiver_Receiver} won't be persisted.
2026-04-08 22:56:30.994  1384-16514 AiAiEcho                com.google.android.as                I  AppIndexer Package:[com.google.android.apps.wellbeing] UserProfile:[0] Enabled:[true].
2026-04-08 22:56:31.004  1384-16514 AiAiEcho                com.google.android.as                I  AppFetcherImplV2 updateApps package:[com.google.android.apps.wellbeing], userId:[0], reason:[package is updated.].
2026-04-08 22:56:31.030 16272-16272 BluetoothH...ServiceJni com.google.android.bluetooth         I  Cleaning up interface
2026-04-08 22:56:31.031 16272-16394 bt_bta_sys_main         com.google.android.bluetooth         I  packages/modules/Bluetooth/system/bta/sys/bta_sys_main.cc:101 bta_sys_event: Ignoring receipt of unregistered event id:HID Human interface device
2026-04-08 22:56:31.032 16272-16272 bt_btif_storage         com.google.android.bluetooth         I  packages/modules/Bluetooth/system/btif/src/btif_storage.cc:653 btif_storage_get_adapter_property: btif_storage_get_adapter_property service_mask:0x22500000
2026-04-08 22:56:31.038 16272-16272 BluetoothH...ServiceJni com.google.android.bluetooth         I  Cleaning up callback object
2026-04-08 22:56:31.050 16272-16272 ActivityAt...ionService com.google.android.bluetooth         D  notifyActivityAttributionInfo UID=1002 packageName=com.google.android.bluetooth deviceAddress=no_active_device_address
2026-04-08 22:56:31.055 16272-16272 bt_btif                 com.google.android.bluetooth         I  packages/modules/Bluetooth/system/btif/src/bluetooth.cc:829 get_profile_interface: get_profile_interface: id = activity_attribution
2026-04-08 22:56:31.229   543-1610  ContentProviderHelper   system_server                        W  Slow operation: 56ms so far, now at getContentProviderImpl: done!
2026-04-08 22:56:31.300 16272-16499 BluetoothSdpJni         com.google.android.bluetooth         D  sdpRemoveSdpRecordNative
2026-04-08 22:56:31.300 16272-16499 bt_btif_storage         com.google.android.bluetooth         I  packages/modules/Bluetooth/system/btif/src/btif_storage.cc:653 btif_storage_get_adapter_property: btif_storage_get_adapter_property service_mask:0x20500000
2026-04-08 22:56:31.300 16272-16499 BluetoothSdpJni         com.google.android.bluetooth         D  SDP Remove record success - handle: 0
2026-04-08 22:56:31.300 16272-16499 BluetoothM...sInstance0 com.google.android.bluetooth         D  RemoveSDPrecord returns true
2026-04-08 22:56:31.301   543-1512  PackageManager          system_server                        D  Instant App installer not found with android.intent.action.INSTALL_INSTANT_APP_PACKAGE
2026-04-08 22:56:31.302 16272-16499 ObexServerSockets0      com.google.android.bluetooth         D  shutdown(block = false)
2026-04-08 22:56:31.302 16272-16499 BluetoothSocket         com.google.android.bluetooth         D  close() this: XX:XX:XX:XX:00:00, channel: 4, mSocketIS: android.net.LocalSocketImpl$SocketInputStream@41ce80c, mSocketOS: android.net.LocalSocketImpl$SocketOutputStream@44aa555, mSocket: android.net.LocalSocket@6e67b6a impl:android.net.LocalSocketImpl@7b9085b fd:java.io.FileDescriptor@bb678f8, mSocketState: LISTENING
2026-04-08 22:56:31.303   543-1512  PackageManager          system_server                        D  Clear ephemeral installer activity
2026-04-08 22:56:31.304 16272-16500 ObexServerSockets0      com.google.android.bluetooth         D  AcceptThread ended for: ServerSocket: Type: TYPE_RFCOMM Channel: 4
2026-04-08 22:56:31.307 16272-16473 bt_btif_sock            com.google.android.bluetooth         I  packages/modules/Bluetooth/system/btif/src/btif_sock.cc:161 btif_sock_connection_logger: address=00:00:00:00:00:00, role=5, state=1
2026-04-08 22:56:31.307 16272-16394 bt_stack                com.google.android.bluetooth         I  [INFO:port_api.cc(334)] RFCOMM_RemoveServer: handle=14
2026-04-08 22:56:31.307 16272-16499 ObexServerSockets0      com.google.android.bluetooth         D  shutdown called from another thread - interrupt().
2026-04-08 22:56:31.307 16272-16499 BluetoothSocket         com.google.android.bluetooth         D  close() this: XX:XX:XX:XX:00:00, channel: 4097, mSocketIS: android.net.LocalSocketImpl$SocketInputStream@d5d41d1, mSocketOS: android.net.LocalSocketImpl$SocketOutputStream@368e436, mSocket: android.net.LocalSocket@f5cf37 impl:android.net.LocalSocketImpl@9562ca4 fd:java.io.FileDescriptor@6232a0d, mSocketState: LISTENING
2026-04-08 22:56:31.307 16272-16501 ObexServerSockets0      com.google.android.bluetooth         D  AcceptThread ended for: ServerSocket: Type: TYPE_L2CAP Channel: 4097
2026-04-08 22:56:31.308 16272-16473 bt_btif_sock            com.google.android.bluetooth         I  packages/modules/Bluetooth/system/btif/src/btif_sock.cc:161 btif_sock_connection_logger: address=00:00:00:00:00:00, role=5, state=1
2026-04-08 22:56:31.308 16272-16473 bluetooth               com.google.android.bluetooth         I  packages/modules/Bluetooth/system/btif/src/btif_sock_l2cap.cc:235 btsock_l2cap_free_l: Application has already closed l2cap socket socket_id:1
2026-04-08 22:56:31.308 16272-16394 bluetooth               com.google.android.bluetooth         I  packages/modules/Bluetooth/system/btif/src/btif_sock_l2cap.cc:579 on_l2cap_close: Unable to find probably already closed l2cap socket with socket_id:1
2026-04-08 22:56:31.309 16272-16499 ObexServerSockets0      com.google.android.bluetooth         D  shutdown called from another thread - interrupt().
2026-04-08 22:56:31.311   543-1542  PackageManager          system_server                        D  Instant App installer not found with android.intent.action.INSTALL_INSTANT_APP_PACKAGE
2026-04-08 22:56:31.314   543-1542  PackageManager          system_server                        D  Clear ephemeral installer activity
2026-04-08 22:56:31.379 16272-16272 BluetoothMcpService     com.google.android.bluetooth         D  stop()
2026-04-08 22:56:31.389   543-1610  MediaSessionService     system_server                        D  The MediaKeyEventSessionChangedListener (android.os.BinderProxy@600f627) is removed by com.google.android.bluetooth
2026-04-08 22:56:31.396 16272-16272 AvrcpBrows...rConnector com.google.android.bluetooth         I  Bluetooth turn off with 4 pending player(s)
2026-04-08 22:56:31.397 16272-16272 AvrcpBrows...rConnector com.google.android.bluetooth         D  Disconnecting com.google.android.bluetooth
2026-04-08 22:56:31.397 16272-16272 AvrcpBrows...rConnector com.google.android.bluetooth         D  Disconnecting com.google.android.googlequicksearchbox
2026-04-08 22:56:31.397 16272-16272 AvrcpBrows...rConnector com.google.android.bluetooth         D  Disconnecting com.google.android.apps.youtube.music
2026-04-08 22:56:31.398 16272-16272 AvrcpBrows...rConnector com.google.android.bluetooth         D  Disconnecting com.google.android.youtube
2026-04-08 22:56:31.398 16272-16272 MediaControlProfile     com.google.android.bluetooth         D  unregisterServiceInstance
2026-04-08 22:56:31.401 16272-16272 MediaControlGattService com.google.android.bluetooth         D  Destroy
2026-04-08 22:56:31.406 16272-16272 BluetoothGattServer     com.google.android.bluetooth         D  removeService() - service: 00001849-0000-1000-8000-00805f9b34fb
2026-04-08 22:56:31.419 16272-16272 BtGatt.GattService      com.google.android.bluetooth         D  removeService() - handle=40
2026-04-08 22:56:31.427 16272-16394 bt_stack                com.google.android.bluetooth         E  [ERROR:gatt_api.cc(343)] Active Service Found: 00001849-0000-1000-8000-00805f9b34fb
2026-04-08 22:56:31.428 16272-16394 bt_stack                com.google.android.bluetooth         I  [INFO:gatt_api.cc(411)] GATTS_StopService: service = 0x0028
2026-04-08 22:56:31.428 16272-16394 bt_stack                com.google.android.bluetooth         I  [INFO:gatt_sr_hash.cc(127)] gatts_calculate_database_hash: hash=8991C462EBE9D90B9EA0DA3E16D0F513
2026-04-08 22:56:31.430 16272-16429 BtGatt.GattService      com.google.android.bluetooth         D  onServiceDeleted() srvcHandle=40, status=0
2026-04-08 22:56:31.432 16272-16476 bt                      com.google.android.bluetooth         I  bluetooth_core::gatt::ffi: successfully removed service AttHandle(40) for server ServerId(6)
2026-04-08 22:56:31.434 16272-16272 BluetoothGattServer     com.google.android.bluetooth         D  close()
2026-04-08 22:56:31.436 16272-16272 BluetoothGattServer     com.google.android.bluetooth         D  unregisterCallback() - mServerIf=6
2026-04-08 22:56:31.440 16272-16272 BtGatt.GattService      com.google.android.bluetooth         D  unregisterServer() - serverIf=6
2026-04-08 22:56:31.443 16272-16272 BtGatt.GattService      com.google.android.bluetooth         D  deleteServices() - serverIf=6
2026-04-08 22:56:31.445 16272-16272 bt                      com.google.android.bluetooth         I  bluetooth_core::gatt::arbiter: clearing advertisers associated with ServerId(6)
2026-04-08 22:56:31.454 16272-16394 bt_stack                com.google.android.bluetooth         I  [INFO:gatt_api.cc(1279)] GATT_Deregister gatt_if=6
2026-04-08 22:56:31.467 16272-16272 LeAudioService          com.google.android.bluetooth         W  getLeAudioService(): service is NULL
2026-04-08 22:56:31.493   754-754   wpa_supplicant          wpa_supplicant                       I  wlan0: CTRL-EVENT-BEACON-LOSS 
2026-04-08 22:56:31.584 16272-16272 ActivityAt...ionService com.google.android.bluetooth         D  notifyActivityAttributionInfo UID=1002 packageName=com.google.android.bluetooth deviceAddress=no_active_device_address
2026-04-08 22:56:31.585 16272-16272 bt_btif                 com.google.android.bluetooth         I  packages/modules/Bluetooth/system/btif/src/bluetooth.cc:829 get_profile_interface: get_profile_interface: id = activity_attribution
2026-04-08 22:56:31.586 16272-16272 BtOppService            com.google.android.bluetooth         D  setBluetoothOppService(): set to: null
2026-04-08 22:56:31.589   543-1542  PackageManager          system_server                        D  Instant App installer not found with android.intent.action.INSTALL_INSTANT_APP_PACKAGE
2026-04-08 22:56:31.590   543-1542  PackageManager          system_server                        D  Clear ephemeral installer activity
2026-04-08 22:56:31.593   543-1542  PackageManager          system_server                        D  Instant App installer not found with android.intent.action.INSTALL_INSTANT_APP_PACKAGE
2026-04-08 22:56:31.595   543-1542  PackageManager          system_server                        D  Clear ephemeral installer activity
2026-04-08 22:56:31.600   543-1542  PackageManager          system_server                        D  Instant App installer not found with android.intent.action.INSTALL_INSTANT_APP_PACKAGE
2026-04-08 22:56:31.601   543-1542  PackageManager          system_server                        D  Clear ephemeral installer activity
2026-04-08 22:56:31.609   543-1610  PackageManager          system_server                        D  Instant App installer not found with android.intent.action.INSTALL_INSTANT_APP_PACKAGE
2026-04-08 22:56:31.610   543-1610  PackageManager          system_server                        D  Clear ephemeral installer activity
2026-04-08 22:56:31.614   543-1542  PackageManager          system_server                        D  Instant App installer not found with android.intent.action.INSTALL_INSTANT_APP_PACKAGE
2026-04-08 22:56:31.621   543-1542  PackageManager          system_server                        D  Clear ephemeral installer activity
2026-04-08 22:56:31.627   543-1542  PackageManager          system_server                        D  Instant App installer not found with android.intent.action.INSTALL_INSTANT_APP_PACKAGE
2026-04-08 22:56:31.633   543-1542  PackageManager          system_server                        D  Clear ephemeral installer activity
2026-04-08 22:56:31.731 15202-15239 EGL_emulation           com.redennier.taskapp                D  app_time_stats: avg=56.10ms min=28.89ms max=76.53ms count=18
2026-04-08 22:56:31.814  1238-16268 RoleContro...erviceImpl com....android.permissioncontroller  E  Default/fallback role holder package doesn't qualify for the role, package: com.google.android.gms.supervision, role: android.app.role.SYSTEM_SUPERVISION
2026-04-08 22:56:31.827  1238-16268 Role                    com....android.permissioncontroller  I  com.google.android.gms not qualified for android.app.role.SYSTEM_CALL_STREAMING due to missing RequiredComponent{mIntentFilterData=IntentFilterData{mAction='android.telecom.CallStreamingService', mCategories='[]', mDataScheme='null', mDataType='null'}, mMinTargetSdkVersion=1, mFlags='0', mPermission='android.permission.BIND_CALL_STREAMING_SERVICE', mQueryFlags=0, mMetaData=[]}
2026-04-08 22:56:31.827  1238-16268 RoleContro...erviceImpl com....android.permissioncontroller  E  Default/fallback role holder package doesn't qualify for the role, package: com.google.android.gms, role: android.app.role.SYSTEM_CALL_STREAMING
2026-04-08 22:56:31.831  1238-16268 Role                    com....android.permissioncontroller  W  Default holder doesn't have required signing certificate: com.google.android.apps.work.clouddpc:23962F4B43B9857638EA66F4D419518EAE282491ACDA4B94707BD59003C45E58
2026-04-08 22:56:31.875 16272-16272 AdapterProperties       com.google.android.bluetooth         D  onBluetoothReady, state=TURNING_OFF, ScanMode=20
2026-04-08 22:56:31.895 16272-16272 BluetoothAdapterService com.google.android.bluetooth         D  updateUuids() - Updating UUIDs for bonded devices
2026-04-08 22:56:31.895 16272-16272 BluetoothAdapterService com.google.android.bluetooth         I  initProfileServices: Initializing all bluetooth profile services
2026-04-08 22:56:31.898 16272-16272 A2dpService             com.google.android.bluetooth         W  getA2dpService(): service is null
2026-04-08 22:56:31.898 16272-16272 HeadsetService          com.google.android.bluetooth         W  getHeadsetService(): service is NULL
2026-04-08 22:56:31.898 16272-16272 HeadsetClientService    com.google.android.bluetooth         W  getHeadsetClientService(): service is null
2026-04-08 22:56:31.900 16272-16272 BluetoothMapService     com.google.android.bluetooth         W  getBluetoothMapService(): service is null
2026-04-08 22:56:31.903 16272-16272 MapClientService        com.google.android.bluetooth         W  getMapClientService(): service is null
2026-04-08 22:56:31.904 16272-16272 HidDeviceService        com.google.android.bluetooth         D  getHidDeviceService(): service is NULL
2026-04-08 22:56:31.908 16272-16272 BluetoothHidHostService com.google.android.bluetooth         W  getHidHostService(): service is not available 
2026-04-08 22:56:31.918 15202-15202 ImeTracker              com.redennier.taskapp                I  com.redennier.taskapp:88ac525b: onRequestShow at ORIGIN_CLIENT_SHOW_SOFT_INPUT reason SHOW_SOFT_INPUT
2026-04-08 22:56:31.919 16272-16429 AdapterProperties       com.google.android.bluetooth         D  Scan Mode:21
2026-04-08 22:56:31.919 16272-16429 AdapterProperties       com.google.android.bluetooth         D  Discoverable Timeout:120
2026-04-08 22:56:31.921   543-561   Looper                  system_server                        W  Drained
2026-04-08 22:56:31.924 15202-15202 InputMethodManager      com.redennier.taskapp                D  showSoftInput() view=com.getcapacitor.CapacitorWebView{1d9cb0a VFEDHVC.. .F...... 0,0-1080,2209 #7f0800bf app:id/webview aid=1073741824} flags=0 reason=SHOW_SOFT_INPUT
2026-04-08 22:56:31.950 16272-16272 PbapClientService       com.google.android.bluetooth         W  getPbapClientService(): service is null
2026-04-08 22:56:31.950 16272-16272 HearingAidService       com.google.android.bluetooth         W  getHearingAidService(): service is NULL
2026-04-08 22:56:31.950 16272-16272 HapClientService        com.google.android.bluetooth         W  getHapClientService(): service is NULL
2026-04-08 22:56:31.951 16272-16272 SapService              com.google.android.bluetooth         W  getSapService(): service is null
2026-04-08 22:56:31.953 16272-16272 VolumeControlService    com.google.android.bluetooth         W  getVolumeControlService(): service is NULL
2026-04-08 22:56:31.954 16272-16272 CsipSetCoo...torService com.google.android.bluetooth         W  getCsipSetCoordinatorService(): service is NULL
2026-04-08 22:56:31.965 16272-16272 LeAudioService          com.google.android.bluetooth         W  getLeAudioService(): service is NULL
2026-04-08 22:56:31.965 16272-16272 BassClientService       com.google.android.bluetooth         W  getBassClientService(): service is NULL
2026-04-08 22:56:31.970 16272-16272 BatteryService          com.google.android.bluetooth         W  getBatteryService(): service is NULL
2026-04-08 22:56:31.973 16272-16429 AdapterProperties       com.google.android.bluetooth         D  mLocalIOCapability set to 1
2026-04-08 22:56:31.977 16272-16379 AdapterState            com.google.android.bluetooth         I  TURNING_OFF : Unhandled message - BREDR_STARTED
2026-04-08 22:56:31.981   543-637   RoleService             system_server                        I  Granting default roles...
2026-04-08 22:56:32.009 16272-16272 BluetoothC...ionManager com.google.android.bluetooth         I  Companion device is null, type=0
2026-04-08 22:56:32.011 16272-16272 TetheringManager        com.google.android.bluetooth         I  unregisterTetheringEventCallback caller:com.google.android.bluetooth
2026-04-08 22:56:32.059  1159-1159  GoogleInpu...hodService com...gle.android.inputmethod.latin  I  GoogleInputMethodService.onStartInput():1877 onStartInput(EditorInfo{inputType=0xe1(WebPassword) imeOptions=0x12000002 privateImeOptions=null actionName=GO actionLabel=null actionId=0 initialSelStart=0 initialSelEnd=0 initialCapsMode=0x0 hintText=null label=null packageName=com.redennier.taskapp fieldId=2131230911 fieldName=null extras=null}, true)
2026-04-08 22:56:32.060  1159-1159  GoogleInpu...hodService com...gle.android.inputmethod.latin  I  GoogleInputMethodService.shouldHideHeaderOnInitialState():4008 ShouldHideHeaderOnInitialState = false
2026-04-08 22:56:32.075 12094-12101 ndroid.systemui         com.android.systemui                 I  Background concurrent copying GC freed 476353(22MB) AllocSpace objects, 1(20KB) LOS objects, 49% free, 19MB/39MB, paused 1.053ms,138us total 986.945ms
2026-04-08 22:56:32.079  1159-1159  GoogleInpu...hodService com...gle.android.inputmethod.latin  I  GoogleInputMethodService.updateDeviceLockedStatus():2087 repeatCheckTimes = 2, unlocked = true
2026-04-08 22:56:32.080  1159-1159  SessionManager          com...gle.android.inputmethod.latin  W  SessionManager.beginSession():53 Try to begin an already begun session [INPUT_SESSION], end it first
2026-04-08 22:56:32.098  1238-16267 Permission...erviceImpl com....android.permissioncontroller  I  Updating user sensitive for uid 1002
2026-04-08 22:56:32.103  1159-1159  HardKeyTracker          com...gle.android.inputmethod.latin  I  HardKeyTracker.unregisterKeySequence():88 Unregister key sequence hox{callback=bxi@2f9c3e7, lastModifier=0, keyCodes=[57, 57], actions=[1, 0]}
2026-04-08 22:56:32.106  1159-1159  HardKeyTracker          com...gle.android.inputmethod.latin  I  HardKeyTracker.unregisterKeySequence():88 Unregister key sequence hox{callback=bxi@2f9c3e7, lastModifier=0, keyCodes=[58, 58], actions=[1, 0]}
2026-04-08 22:56:32.137   543-653   InputReader             system_server                        I  Reconfiguring input devices, changes=KEYBOARD_LAYOUTS
2026-04-08 22:56:32.141  1238-1244  ssioncontroller         com....android.permissioncontroller  I  Background young concurrent copying GC freed 54500(3208KB) AllocSpace objects, 6(248KB) LOS objects, 47% free, 3708KB/7114KB, paused 3.394ms,172us total 364.825ms
2026-04-08 22:56:32.155 12094-12118 StylusManager           com.android.systemui                 D  Stylus InputDevice changed: 14 virtio_input_multi_touch_11
2026-04-08 22:56:32.187 12094-12118 StylusManager           com.android.systemui                 D  Stylus InputDevice changed: 11 virtio_input_multi_touch_8
2026-04-08 22:56:32.193 16053-16283 Icing                   com.google.android.gms               I  Starting compaction min disk 99.930% min index 99.982%
2026-04-08 22:56:32.196   171-16383 keystore2               keystore2                            I  system/security/keystore2/src/watchdog.rs:319 - Watchdog thread idle -> terminating. Have a great day.
2026-04-08 22:56:32.201   966-966   CarrierSvcBindHelper    com.android.phone                    D  onPackageModified: com.google.android.bluetooth
2026-04-08 22:56:32.209   966-966   CarrierSvcBindHelper    com.android.phone                    D  No carrier app for: 0
2026-04-08 22:56:32.224   543-2482  system_server           system_server                        W  Long monitor contention with owner ActivityManager (572) at void com.android.server.am.BroadcastQueueModernImpl.checkPendingColdStartValidity()(BroadcastQueueModernImpl.java:551) waiters=0 in int com.android.server.am.ActivityManagerService.bindServiceInstance(android.app.IApplicationThread, android.os.IBinder, android.content.Intent, java.lang.String, android.app.IServiceConnection, long, java.lang.String, boolean, int, java.lang.String, android.app.IApplicationThread, java.lang.String, int) for 293ms
2026-04-08 22:56:32.244   543-1610  system_server           system_server                        W  Long monitor contention with owner ActivityManager (572) at void com.android.server.am.BroadcastQueueModernImpl.checkPendingColdStartValidity()(BroadcastQueueModernImpl.java:551) waiters=1 in void com.android.server.am.ActivityManagerService.serviceDoneExecuting(android.os.IBinder, int, int, int) for 273ms
2026-04-08 22:56:32.246   543-636   ActivityManager         system_server                        D  freezing 16211 com.google.android.dialer
2026-04-08 22:56:32.273   966-1341  ImsResolver             com.android.phone                    D  maybeAddedImsService, packageName: com.google.android.bluetooth
2026-04-08 22:56:32.284  1159-1159  GoogleInpu...hodService com...gle.android.inputmethod.latin  I  GoogleInputMethodService.onStartInputView():1995 onStartInputView(EditorInfo{inputType=0xe1(WebPassword) imeOptions=0x12000002 privateImeOptions=null actionName=GO actionLabel=null actionId=0 initialSelStart=0 initialSelEnd=0 initialCapsMode=0x0 hintText=null label=null packageName=com.redennier.taskapp fieldId=2131230911 fieldName=null extras=null}, false)
2026-04-08 22:56:32.287   543-571   system_server           system_server                        W  Long monitor contention with owner ActivityManager (572) at void com.android.server.am.BroadcastQueueModernImpl.checkPendingColdStartValidity()(BroadcastQueueModernImpl.java:551) waiters=4 in void com.android.server.am.ContentProviderHelper.handleProviderRemoval(com.android.server.am.ContentProviderConnection, boolean, boolean) for 267ms
2026-04-08 22:56:32.291   543-1512  system_server           system_server                        W  Long monitor contention with owner binder:543_1E (2482) at boolean com.android.server.inputmethod.InputMethodManagerService.showSoftInput(com.android.internal.inputmethod.IInputMethodClient, android.os.IBinder, android.view.inputmethod.ImeTracker$Token, int, int, android.os.ResultReceiver, int)(InputMethodManagerService.java:3383) waiters=0 in void com.android.server.inputmethod.InputMethodManagerService.setCurHostInputToken(android.os.IBinder, android.os.IBinder) for 232ms
2026-04-08 22:56:32.293   543-1512  AutofillIn...estSession system_server                        D  onInlineSuggestionsRequest() received: InlineSuggestionsRequest { maxSuggestionCount = 9, inlinePresentationSpecs = [InlinePresentationSpec { minSize = 110x116, maxSize = 630x116, style = Bundle[mParcelledData.dataSize=2816] }, InlinePresentationSpec { minSize = 110x116, maxSize = 630x116, style = Bundle[mParcelledData.dataSize=2816] }, InlinePresentationSpec { minSize = 110x116, maxSize = 630x116, style = Bundle[mParcelledData.dataSize=2816] }, InlinePresentationSpec { minSize = 110x116, maxSize = 630x116, style = Bundle[mParcelledData.dataSize=2816] }, InlinePresentationSpec { minSize = 110x116, maxSize = 630x116, style = Bundle[mParcelledData.dataSize=2816] }, InlinePresentationSpec { minSize = 110x116, maxSize = 630x116, style = Bundle[mParcelledData.dataSize=2816] }, InlinePresentationSpec { minSize = 110x116, maxSize = 630x116, style = Bundle[mParcelledData.dataSize=2816] }, InlinePresentationSpec { minSize = 110x116, maxSize = 630x116, style = Bundle[mParcelledData.dataSize=2816] }, InlinePresentationSpec { minSize = 110x116, maxSize = 630x116, style = Bundle[mParcelledData.dataSize=2816] }], hostPackageName = com.google.android.inputmethod.latin, supportedLocales = [en_US], extras = Bundle[EMPTY_PARCEL], hostInputToken = android.os.BinderProxy@a1985db, hostDisplayId = 0, inlineTooltipPresentationSpec = null }
2026-04-08 22:56:32.297  1159-1159  GoogleInpu...hodService com...gle.android.inputmethod.latin  I  GoogleInputMethodService.updateDeviceLockedStatus():2087 repeatCheckTimes = 2, unlocked = true
2026-04-08 22:56:32.306   543-564   system_server           system_server                        W  Long monitor contention with owner binder:543_1E (2482) at boolean com.android.server.inputmethod.InputMethodManagerService.showSoftInput(com.android.internal.inputmethod.IInputMethodClient, android.os.IBinder, android.view.inputmethod.ImeTracker$Token, int, int, android.os.ResultReceiver, int)(InputMethodManagerService.java:3383) waiters=2 in java.util.List com.android.server.inputmethod.InputMethodManagerService$LocalServiceImpl.getEnabledInputMethodListAsUser(int) for 137ms
2026-04-08 22:56:32.307  1159-1159  ModuleManager           com...gle.android.inputmethod.latin  W  ModuleManager.loadModule():450 Module erj is not available
2026-04-08 22:56:32.337 16053-16053 gle.android.gms         com.google.android.gms               W  Long monitor contention with owner highpool[4] (16517) at boolean android.os.MessageQueue.enqueueMessage(android.os.Message, long)(MessageQueue.java:600) waiters=0 in android.os.Message android.os.MessageQueue.next() for 120ms
2026-04-08 22:56:32.343 12094-12118 StylusManager           com.android.systemui                 D  Stylus InputDevice changed: 10 virtio_input_multi_touch_7
2026-04-08 22:56:32.344 15202-15202 chromium                com.redennier.taskapp                E  [ERROR:page_load_metrics_update_dispatcher.cc(178)] Invalid first_paint 8.014 s for first_image_paint 7.197 s
2026-04-08 22:56:32.366 12094-12118 StylusManager           com.android.systemui                 D  Stylus InputDevice changed: 8 virtio_input_multi_touch_5
2026-04-08 22:56:32.420 16272-16272 BluetoothPbapService    com.google.android.bluetooth         D  setBluetoothPbapService(): set to: null
2026-04-08 22:56:32.425 16272-16508 BluetoothPbapService    com.google.android.bluetooth         D  cleanUpSdpRecord, mSdpHandle=1
2026-04-08 22:56:32.426 16272-16508 BluetoothSdpJni         com.google.android.bluetooth         D  sdpRemoveSdpRecordNative
2026-04-08 22:56:32.427 16272-16508 bt_btif_storage         com.google.android.bluetooth         I  packages/modules/Bluetooth/system/btif/src/btif_storage.cc:653 btif_storage_get_adapter_property: btif_storage_get_adapter_property service_mask:0x20100000
2026-04-08 22:56:32.427 16272-16508 BluetoothSdpJni         com.google.android.bluetooth         D  SDP Remove record success - handle: 1
2026-04-08 22:56:32.428 16272-16508 ObexServerSockets1      com.google.android.bluetooth         D  shutdown(block = false)
2026-04-08 22:56:32.428 16272-16508 BluetoothSocket         com.google.android.bluetooth         D  close() this: XX:XX:XX:XX:00:00, channel: 5, mSocketIS: android.net.LocalSocketImpl$SocketInputStream@6d70dc2, mSocketOS: android.net.LocalSocketImpl$SocketOutputStream@5ce27d3, mSocket: android.net.LocalSocket@91b6f10 impl:android.net.LocalSocketImpl@2e55a09 fd:java.io.FileDescriptor@90c440e, mSocketState: LISTENING
2026-04-08 22:56:32.430 16272-16473 bt_btif_sock            com.google.android.bluetooth         I  packages/modules/Bluetooth/system/btif/src/btif_sock.cc:161 btif_sock_connection_logger: address=00:00:00:00:00:00, role=5, state=1
2026-04-08 22:56:32.430 16272-16394 bt_stack                com.google.android.bluetooth         I  [INFO:port_api.cc(334)] RFCOMM_RemoveServer: handle=15
2026-04-08 22:56:32.432 16272-16511 ObexServerSockets1      com.google.android.bluetooth         D  AcceptThread ended for: ServerSocket: Type: TYPE_RFCOMM Channel: 5
2026-04-08 22:56:32.433 16272-16508 ObexServerSockets1      com.google.android.bluetooth         D  shutdown called from another thread - interrupt().
2026-04-08 22:56:32.434 16272-16508 BluetoothSocket         com.google.android.bluetooth         D  close() this: XX:XX:XX:XX:00:00, channel: 4099, mSocketIS: android.net.LocalSocketImpl$SocketInputStream@7c96e2f, mSocketOS: android.net.LocalSocketImpl$SocketOutputStream@7b06c3c, mSocket: android.net.LocalSocket@9808dc5 impl:android.net.LocalSocketImpl@24c931a fd:java.io.FileDescriptor@f88be4b, mSocketState: LISTENING
2026-04-08 22:56:32.437 16272-16512 ObexServerSockets1      com.google.android.bluetooth         D  AcceptThread ended for: ServerSocket: Type: TYPE_L2CAP Channel: 4099
2026-04-08 22:56:32.437 16272-16473 bt_btif_sock            com.google.android.bluetooth         I  packages/modules/Bluetooth/system/btif/src/btif_sock.cc:161 btif_sock_connection_logger: address=00:00:00:00:00:00, role=5, state=1
2026-04-08 22:56:32.439 16272-16473 bluetooth               com.google.android.bluetooth         I  packages/modules/Bluetooth/system/btif/src/btif_sock_l2cap.cc:235 btsock_l2cap_free_l: Application has already closed l2cap socket socket_id:2
2026-04-08 22:56:32.439 16272-16394 bluetooth               com.google.android.bluetooth         I  packages/modules/Bluetooth/system/btif/src/btif_sock_l2cap.cc:579 on_l2cap_close: Unable to find probably already closed l2cap socket with socket_id:2
2026-04-08 22:56:32.439 16272-16508 ObexServerSockets1      com.google.android.bluetooth         D  shutdown called from another thread - interrupt().
2026-04-08 22:56:32.462   543-543   Looper                  system_server                        W  Slow dispatch took 157ms main h=android.os.Handler c=com.android.internal.infra.ServiceConnector$Impl$$ExternalSyntheticLambda2@aa8f7b7 m=0
2026-04-08 22:56:32.468 12094-12118 StylusManager           com.android.systemui                 D  Stylus InputDevice changed: 4 virtio_input_multi_touch_1
2026-04-08 22:56:32.475 12094-12118 StylusManager           com.android.systemui                 D  Stylus InputDevice changed: 6 virtio_input_multi_touch_3
2026-04-08 22:56:32.479 12094-12094 ControlsLi...rollerImpl com.android.systemui                 D  ServiceConfig reloaded, count: 0
2026-04-08 22:56:32.486 12094-12118 StylusManager           com.android.systemui                 D  Stylus InputDevice changed: 9 virtio_input_multi_touch_6
2026-04-08 22:56:32.489 12094-12118 StylusManager           com.android.systemui                 D  Stylus InputDevice changed: 12 virtio_input_multi_touch_9
2026-04-08 22:56:32.491 12094-12118 StylusManager           com.android.systemui                 D  Stylus InputDevice changed: 7 virtio_input_multi_touch_4
2026-04-08 22:56:32.494 12094-12118 StylusManager           com.android.systemui                 D  Stylus InputDevice changed: 13 virtio_input_multi_touch_10
2026-04-08 22:56:32.517   543-1519  PackageManager          system_server                        D  Instant App installer not found with android.intent.action.INSTALL_INSTANT_APP_PACKAGE
2026-04-08 22:56:32.518   543-1519  PackageManager          system_server                        D  Clear ephemeral installer activity
2026-04-08 22:56:32.545 12094-12118 StylusManager           com.android.systemui                 D  Stylus InputDevice changed: 5 virtio_input_multi_touch_2
2026-04-08 22:56:32.568 15202-15202 chromium                com.redennier.taskapp                E  [ERROR:page_load_metrics_update_dispatcher.cc(178)] Invalid first_paint 8.014 s for first_image_paint 7.197 s
2026-04-08 22:56:32.584 15202-15202 Choreographer           com.redennier.taskapp                I  Skipped 56 frames!  The application may be doing too much work on its main thread.
2026-04-08 22:56:32.594  7335-7335  s.nexuslauncher         com...le.android.apps.nexuslauncher  W  Long monitor contention with owner launcher-loader (7368) at boolean android.os.MessageQueue.enqueueMessage(android.os.Message, long)(MessageQueue.java:600) waiters=0 in android.os.Message android.os.MessageQueue.next() for 215ms
2026-04-08 22:56:32.600  1159-1159  InputConnectionWrapper  com...gle.android.inputmethod.latin  W  InputConnectionWrapper.recordDuration():1451 IPC IC_GET_SURROUNDING_TEXT took 272 ms
2026-04-08 22:56:32.611 16272-16379 AdapterState            com.google.android.bluetooth         E  TURNING_OFF : BREDR_STOP_TIMEOUT
2026-04-08 22:56:32.613 16272-16379 AdapterState            com.google.android.bluetooth         I  BLE_TURNING_OFF : entered 
2026-04-08 22:56:32.616 16272-16379 AdapterProperties       com.google.android.bluetooth         D  Setting state to BLE_TURNING_OFF
2026-04-08 22:56:32.620 16272-16379 BluetoothAdapterService com.google.android.bluetooth         D  updateAdapterState() - Broadcasting state BLE_TURNING_OFF to 1 receivers.
2026-04-08 22:56:32.622  1159-1159  KeyboardViewUtil        com...gle.android.inputmethod.latin  I  KeyboardViewUtil.getKeyboardHeightRatio():189 systemKeyboardHeightRatio:1.000000; userKeyboardHeightRatio:1.000000.
2026-04-08 22:56:32.624   543-656   BluetoothManagerService system_server                        D  MESSAGE_BLUETOOTH_STATE_CHANGE: TURNING_OFF > BLE_TURNING_OFF
2026-04-08 22:56:32.625   543-656   BluetoothManagerService system_server                        D  Sending BLE State Change: TURNING_OFF > BLE_TURNING_OFF
2026-04-08 22:56:32.626 16272-16379 AdapterState            com.google.android.bluetooth         D  Stop Timeout Delay: 4000
2026-04-08 22:56:32.631 16272-16379 AdapterProperties       com.google.android.bluetooth         D  onBleDisable
2026-04-08 22:56:32.650 16053-16283 native                  com.google.android.gms               I  I0000 00:00:1775703392.650668   16283 flash-index.cc:1535] Flash index sort hb 265 prefix-hits 544 -> 544 at 290.721ms
2026-04-08 22:56:32.666   543-561   Looper                  system_server                        W  Slow dispatch took 121ms android.fg h=android.os.Handler c=<recycled PooledLambda@e36c91f> m=0
2026-04-08 22:56:32.668  1159-1159  AndroidIME              com...gle.android.inputmethod.latin  I  AbstractIme.onActivate():86 PasswordIme.onActivate() : EditorInfo = inputType=0xe1(WebPassword) imeOptions=0x12000002 privateImeOptions=null actionName=GO actionLabel=null actionId=0 initialSelStart=0 initialSelEnd=0 initialCapsMode=0x0 hintText=null label=null packageName=com.redennier.taskapp fieldId=2131230911 fieldName=null extras=null, IncognitoMode = false, DeviceLocked = false
2026-04-08 22:56:32.680  1159-1159  KeyboardManager         com...gle.android.inputmethod.latin  I  KeyboardManager.requestKeyboard():146 Creating keyboard prime, imeId=password, cacheKey=theme_border_bottom4dp_stylesheet_noshadow_gsans_pillkey_silkpopup_refinedkp_materiallight_phone
2026-04-08 22:56:32.680   543-656   BluetoothManagerService system_server                        D  Calling sendBrEdrDownCallback callbacks
2026-04-08 22:56:32.681   543-656   BluetoothManagerService system_server                        D  isBleAppPresent() count: 0
2026-04-08 22:56:32.699  1159-1159  DeviceModeUtil          com...gle.android.inputmethod.latin  I  DeviceModeUtil.getDeviceMode():122 Get device mode phone by ui mode:1 and smallestScreenWidthDp:411
2026-04-08 22:56:32.703  1159-1159  KeyboardModeManager     com...gle.android.inputmethod.latin  I  KeyboardModeManager.setInputView():364 setInputView() : supportsOneHandedMode=true
2026-04-08 22:56:32.714  1159-1159  NormalModeController    com...gle.android.inputmethod.latin  I  NormalModeController.getKeyboardBodyViewHolderPaddingBottom():116 currentPrimeKeyboardType:SOFT systemPaddingBottom:-1
2026-04-08 22:56:32.717  1159-1159  AndroidIME              com...gle.android.inputmethod.latin  I  KeyboardViewManager.updateKeyboardBodyViewHolderPaddingBottom():604 Set finalPaddingBottom = 0 while keyboardBottomGapFromScreen = 0; navigationHeight = 126
2026-04-08 22:56:32.718  1159-1159  NormalModeController    com...gle.android.inputmethod.latin  I  NormalModeController.getKeyboardBodyViewHolderPaddingBottom():116 currentPrimeKeyboardType:SOFT systemPaddingBottom:-1
2026-04-08 22:56:32.727  1159-1159  AndroidIME              com...gle.android.inputmethod.latin  I  KeyboardViewManager.updateKeyboardBodyViewHolderPaddingBottom():604 Set finalPaddingBottom = 0 while keyboardBottomGapFromScreen = 0; navigationHeight = 126
2026-04-08 22:56:32.731  1159-1159  KeyboardModeManager     com...gle.android.inputmethod.latin  I  KeyboardModeManager.setInputView():356 setInputView() : entry=hwn{languageTag=en-US, variant=qwerty, hasLocalizedResources=true, conditionCacheKey=_device=phone_device_size=default_enable_adaptive_text_editing=true_enable_inline_suggestions_on_client_side=false_enable_large_tablet_batch_1=false_enable_large_tablet_batch_2=false_enable_more_candidates_view_for_multilingual=false_enable_nav_redesign=false_enable_number_row=false_enable_preemptive_decode=true_enable_secondary_symbols=false_expressions=normal_four_or_more_letter_rows=false_keyboard_mode=normal_language=en-US_orientation=portrait_physical_keyboard=qwerty_show_secondary_digits=true_show_suggestions=true_split_with_duplicate_keys=true_variant=qwerty, imeDef.stringId=ime_english_united_states, imeDef.className=com.google.android.apps.inputmethod.libs.latin5.LatinIme, imeDef.languageTag=en-US}
2026-04-08 22:56:32.736   543-656   BluetoothManagerService system_server                        D  Sending State Change: TURNING_OFF > OFF
2026-04-08 22:56:32.766 16272-16429 AdapterProperties       com.google.android.bluetooth         D  Scan Mode:20
2026-04-08 22:56:32.771   543-543   BluetoothAdapter        system_server                        D  isLeEnabled(): BLE_TURNING_OFF
2026-04-08 22:56:32.772   543-636   ActivityManager         system_server                        D  freezing 3908 com.google.android.gms.unstable
2026-04-08 22:56:32.780   543-636   ActivityManager         system_server                        D  freezing 15717 com.google.android.gms.ui
2026-04-08 22:56:32.780 16272-16379 AdapterState            com.google.android.bluetooth         I  BLE_TURNING_OFF : Unhandled message - BLE_TURN_OFF
2026-04-08 22:56:32.802   543-557   ActivityManager         system_server                        D  sync unfroze 3908 com.google.android.gms.unstable for 5
2026-04-08 22:56:32.835  1159-1159  AutoPasteS...tionHelper com...gle.android.inputmethod.latin  W  AutoPasteSuggestionHelper.setMaxWidthOfChipTextView():780 Failed to get the width of the proactive suggestion view holder.
2026-04-08 22:56:32.838  1159-1159  ProactiveS...derManager com...gle.android.inputmethod.latin  I  ProactiveSuggestionsHolderManager$3.display():216 Requesting to show proactive suggestions: CLIPBOARD PREEMPTIVE_WITH_SUPPRESSION
2026-04-08 22:56:32.842  1159-1159  KeyboardWrapper         com...gle.android.inputmethod.latin  I  KeyboardWrapper.consumeEvent():275 Skip consuming an event as current keyboard is deactivated (state=1, keyboard existence=false)
2026-04-08 22:56:32.867  1159-1159  CurrentMicStatusHolder  com...gle.android.inputmethod.latin  I  CurrentMicStatusHolder.onStartInputView():79 Current Mic status = {MicIconHidden-SettingOff,MicIconHidden-PasswordOrNumberOrDateInputType,}
2026-04-08 22:56:32.868  1159-1159  VoiceImeExtension       com...gle.android.inputmethod.latin  I  VoiceImeExtension.shouldStartVoiceInputAutomatically():383 No private IME option set to start voice input.
2026-04-08 22:56:32.886  1159-1159  Choreographer           com...gle.android.inputmethod.latin  I  Skipped 36 frames!  The application may be doing too much work on its main thread.
2026-04-08 22:56:32.888 16272-16272 MediaSessionCompat      com.google.android.bluetooth         W  Couldn't find a unique registered media button receiver in the given context.
2026-04-08 22:56:32.895   543-705   AS.BtHelper             system_server                        E  onBtProfileDisconnected: Not a profile handled by BtHelper A2DP_SINK
2026-04-08 22:56:32.899   343-16526 resolv                  netd                                 I  GetAddrInfoHandler::run: {103 103 103 983143 10193 0}
2026-04-08 22:56:32.900   543-705   AS.BtHelper             system_server                        I  setBtScoActiveDevice: (null) -> (null)
2026-04-08 22:56:32.907   343-16527 resolv                  netd                                 I  res_nmkquery: (QUERY, IN, AAAA)
2026-04-08 22:56:32.911   543-705   AS.BtHelper             system_server                        E  onBtProfileDisconnected: Not a profile handled by BtHelper LE_AUDIO_BROADCAST
2026-04-08 22:56:32.914   543-543   BluetoothAdapter        system_server                        D  isLeEnabled(): BLE_TURNING_OFF
2026-04-08 22:56:32.924   343-16528 resolv                  netd                                 I  res_nmkquery: (QUERY, IN, A)
2026-04-08 22:56:32.971  1159-1455  DeviceModeUtil          com...gle.android.inputmethod.latin  I  DeviceModeUtil.getDeviceMode():122 Get device mode phone by ui mode:1 and smallestScreenWidthDp:411
2026-04-08 22:56:33.020   543-2482  system_server           system_server                        W  Long monitor contention with owner ActivityManager (572) at void com.android.server.am.BroadcastQueueModernImpl.checkPendingColdStartValidity()(BroadcastQueueModernImpl.java:551) waiters=3 in int com.android.server.am.ActivityManagerService.bindServiceInstance(android.app.IApplicationThread, android.os.IBinder, android.content.Intent, java.lang.String, android.app.IServiceConnection, long, java.lang.String, boolean, int, java.lang.String, android.app.IApplicationThread, java.lang.String, int) for 110ms
2026-04-08 22:56:33.105  4131-4131  AutofillChimeraService  com.google.android.gms.persistent    W  Pending fill request while another request in the same session was triggered. [CONTEXT service_id=177 ]
2026-04-08 22:56:33.231   543-999   MediaSessionStack       system_server                        I  addSession to bottom of stack | record: com.google.android.bluetooth/BluetoothMediaBrowserService (userId=0)
2026-04-08 22:56:33.347 12094-12110 Looper                  com.android.systemui                 W  Slow dispatch took 361ms wmshell.main h=android.os.Handler c=com.android.wm.shell.common.DisplayInsetsController$PerDisplay$DisplayWindowInsetsControllerImpl$$ExternalSyntheticLambda1@83f66ce m=0
2026-04-08 22:56:33.363 12094-12110 Looper                  com.android.systemui                 W  Slow delivery took 128ms wmshell.main h=android.os.Handler c=com.android.wm.shell.common.DisplayInsetsController$PerDisplay$DisplayWindowInsetsControllerImpl$$ExternalSyntheticLambda1@5a5b9ef m=0
2026-04-08 22:56:33.398 16053-16053 BoundBrokerSvc          com.google.android.gms               D  onBind: Intent { act=com.google.firebase.dynamiclinks.service.START pkg=com.google.android.gms }
2026-04-08 22:56:33.400 16053-16053 BoundBrokerSvc          com.google.android.gms               D  Loading bound service for intent: Intent { act=com.google.firebase.dynamiclinks.service.START pkg=com.google.android.gms }
2026-04-08 22:56:33.792   543-562   Looper                  system_server                        W  Slow dispatch took 896ms android.ui h=com.android.server.am.ActivityManagerService$UiHandler c=null m=68
2026-04-08 22:56:33.793   543-562   Looper                  system_server                        W  Slow delivery took 881ms android.ui h=com.android.server.am.ActivityManagerService$UiHandler c=null m=68
2026-04-08 22:56:33.897  1159-1587  OpenGLRenderer          com...gle.android.inputmethod.latin  E  Unable to match the desired swap behavior.
2026-04-08 22:56:33.949  4131-4131  BoundBrokerSvc          com.google.android.gms.persistent    D  onUnbind: Intent { act=com.google.android.gms.cast.service.BIND_CAST_DEVICE_CONTROLLER_SERVICE pkg=com.google.android.gms }
2026-04-08 22:56:33.968   543-543   system_server           system_server                        W  Long monitor contention with owner binder:543_7 (860) at void android.app.PropertyInvalidatedCache$AutoCorker.autoCork()(PropertyInvalidatedCache.java:1289) waiters=0 in void android.app.PropertyInvalidatedCache$AutoCorker.handleMessage(android.os.Message) for 107ms
2026-04-08 22:56:33.985   966-966   CarrierSvcBindHelper    com.android.phone                    D  onPackageModified: com.google.android.bluetooth
2026-04-08 22:56:33.988   966-966   CarrierSvcBindHelper    com.android.phone                    D  No carrier app for: 0
2026-04-08 22:56:33.994   543-562   Looper                  system_server                        W  Drained
2026-04-08 22:56:34.002  1427-1427  GsaVoiceInteractionSrv  com....android.googlequicksearchbox  I  O received Intent { act=android.bluetooth.adapter.action.STATE_CHANGED flg=0x4000010 (has extras) }
2026-04-08 22:56:34.046   543-543   Looper                  system_server                        W  Slow dispatch took 185ms main h=android.app.PropertyInvalidatedCache$AutoCorker$1 c=null m=0
2026-04-08 22:56:34.054  4131-4934  NearbyDiscovery         com.google.android.gms.persistent    I  FastPairHandler: Received action android.bluetooth.adapter.action.BLE_STATE_CHANGED [CONTEXT service_id=265 ]
2026-04-08 22:56:34.059  4131-15625 NearbySharing           com.google.android.gms.persistent    I  Bluetooth is disabled [CONTEXT service_id=194 ]
2026-04-08 22:56:34.060  4131-15625 NearbySharing           com.google.android.gms.persistent    I  Stopping scanning because Bluetooth is disabled. [CONTEXT service_id=194 ]
2026-04-08 22:56:34.060  4131-15625 NearbySharing           com.google.android.gms.persistent    I  Failed to stop scanning because we're not scanning. [CONTEXT service_id=194 ]
2026-04-08 22:56:34.095 16272-16272 BtOppService            com.google.android.bluetooth         D  stopListeners: mServerSocket is null
2026-04-08 22:56:34.097 16272-16272 A2dpService             com.google.android.bluetooth         I  cleanup()
2026-04-08 22:56:34.126  4131-4934  NearbyDiscovery         com.google.android.gms.persistent    I  FastPairHandler: Received action android.bluetooth.adapter.action.STATE_CHANGED [CONTEXT service_id=265 ]
2026-04-08 22:56:34.126  4131-4934  NearbyDiscovery         com.google.android.gms.persistent    I  FastPairScanner: isScreenOn=true, scanWithScreenOff=false, isLocationEnabled=true, disableLocationRequirement=true, isDiscoveryScanningEnabled=true, during24GhzWifiWarmingUpPeriod=false [CONTEXT service_id=265 ]
2026-04-08 22:56:34.126  4131-4934  BluetoothAdapter        com.google.android.gms.persistent    D  isLeEnabled(): BLE_TURNING_OFF
2026-04-08 22:56:34.127  4131-4934  NearbyDiscovery         com.google.android.gms.persistent    I  FastPairScanner: eventType=BLUETOOTH_OFF, intReq=false, scanning=false, scanAllowed=true, bleEnabled=false, bleScanAvailable=false, lockScanRate=false, startScanningByLowPowerMode=false [CONTEXT service_id=265 ]
2026-04-08 22:56:34.127  4131-4934  NearbyDiscovery         com.google.android.gms.persistent    I  FastPairScanner: BLE not available, eventType=BLUETOOTH_OFF [CONTEXT service_id=265 ]
2026-04-08 22:56:34.155   543-653   InputReader             system_server                        I  Reconfiguring input devices, changes=KEYBOARD_LAYOUTS
2026-04-08 22:56:34.158  1159-6148  SurfaceSyncGroup        com...gle.android.inputmethod.latin  E  Failed to receive transaction ready in 1000ms. Marking SurfaceSyncGroup(wmsSync-VRI[InputMethod]#12) as ready
2026-04-08 22:56:34.158  1159-6148  SurfaceSyncGroup        com...gle.android.inputmethod.latin  E  Failed to receive transaction ready in 1000ms. Marking SurfaceSyncGroup(VRI[InputMethod]#13) as ready
2026-04-08 22:56:34.203 12094-12110 Looper                  com.android.systemui                 W  Drained
2026-04-08 22:56:34.258   543-561   Looper                  system_server                        W  Slow dispatch took 134ms android.fg h=android.os.Handler c=android.app.LoadedApk$ReceiverDispatcher$Args$$ExternalSyntheticLambda0@1d0a11f m=0
2026-04-08 22:56:34.261  1384-1384  AiAiEcho                com.google.android.as                I  AppFetcherImpl onPackageChanged com.google.android.bluetooth.
