2026-04-08 22:37:53.480     0-0     SELinux                 kernel                               E  avc:  denied  { find } for pid=15143 uid=2000 name=suspend_control_internal scontext=u:r:shell:s0 tcontext=u:object_r:system_suspend_control_internal_service:s0 tclass=service_manager permissive=0
2026-04-08 22:37:53.514 15143-15143 Parcel                  service                              E  Reading a NULL string not supported here.
2026-04-08 22:37:53.524 15143-15143 Parcel                  service                              E  Reading a NULL string not supported here.
2026-04-08 22:37:53.676     0-0     SELinux                 kernel                               E  avc:  denied  { find } for pid=15143 uid=2000 name=vold scontext=u:r:shell:s0 tcontext=u:object_r:vold_service:s0 tclass=service_manager permissive=0
2026-04-08 22:37:53.769 15143-15143 IPCThreadState          service                              E  Binder transaction failure: 1092236/29201/-1
2026-04-08 22:37:53.767 15143-15143 service                 service                              W  type=1400 audit(0.0:784): avc:  denied  { call } for  scontext=u:r:shell:s0 tcontext=u:r:wificond:s0 tclass=binder permissive=0
2026-04-08 22:37:54.796   543-636   ActivityManager         system_server                        D  freezing 12535 com.google.android.tts
2026-04-08 22:37:54.807 12094-12094 StatusBarIconController com.android.systemui                 D  ignoring old pipeline callback because the new wifi icon is enabled
2026-04-08 22:37:54.875 12094-12094 StatusBarIconController com.android.systemui                 D  ignoring old pipeline callbacks, because the new mobile icons are enabled
2026-04-08 22:37:54.883   543-543   Looper                  system_server                        W  Slow delivery took 240ms main h=com.android.server.alarm.AlarmManagerService$AlarmHandler c=null m=15
2026-04-08 22:37:55.041 12094-12122 EGL_emulation           com.android.systemui                 D  app_time_stats: avg=20326.07ms min=20326.07ms max=20326.07ms count=1
2026-04-08 22:37:55.320     0-0     servicemanager          kernel                               I  Notifying android.hardware.dumpstate.IDumpstateDevice/default they don't (previously: do) have clients when we now have no record of a client
2026-04-08 22:37:55.375   147-147   servicemanager          servicemanager                       W  type=1400 audit(0.0:785): avc:  denied  { call } for  scontext=u:r:servicemanager:s0 tcontext=u:r:hal_dumpstate_default:s0 tclass=binder permissive=0
2026-04-08 22:37:55.363     0-0     IPCThreadState          kernel                               E  Binder transaction failure: 1092418/29201/-1
2026-04-08 22:37:55.531   543-571   ProcessStats            system_server                        W  Tracking association SourceState{c721efd com.google.android.gms/10128 BTop #11094} whose proc state 2 is better than process ProcessState{7610d8b com.google.android.gms.persistent/10128 pkg=com.google.android.gms} proc state 4 (431 skipped)
2026-04-08 22:37:55.559 10036-10073 EGL_emulation           com.google.android.apps.maps         D  app_time_stats: avg=14427.25ms min=14427.25ms max=14427.25ms count=1
2026-04-08 22:37:56.752   543-543   Looper                  system_server                        W  Drained
2026-04-08 22:37:57.036   891-891   abb                     abb                                  I  StartCommandInProcess(7061636b61676500696e7374616c6c2d package.install- [truncated])
2026-04-08 22:37:57.043   543-543   binder:543_1D           system_server                        W  type=1400 audit(0.0:786): avc:  denied  { getopt } for  scontext=u:r:system_server:s0 tcontext=u:r:shell:s0 tclass=unix_stream_socket permissive=0
2026-04-08 22:37:57.051   543-543   binder:543_1D           system_server                        W  type=1400 audit(0.0:787): avc:  denied  { getopt } for  scontext=u:r:system_server:s0 tcontext=u:r:shell:s0 tclass=unix_stream_socket permissive=0
2026-04-08 22:37:57.068   891-891   abb                     abb                                  I  StartCommandInProcess(7061636b61676500696e7374616c6c2d package.install- [truncated])
2026-04-08 22:37:57.059   543-543   binder:543_1D           system_server                        W  type=1400 audit(0.0:788): avc:  denied  { getopt } for  scontext=u:r:system_server:s0 tcontext=u:r:shell:s0 tclass=unix_stream_socket permissive=0
2026-04-08 22:37:57.419   543-543   binder:543_1D           system_server                        W  type=1400 audit(0.0:789): avc:  denied  { getopt } for  scontext=u:r:system_server:s0 tcontext=u:r:shell:s0 tclass=unix_stream_socket permissive=0
2026-04-08 22:37:57.427   543-543   binder:543_1D           system_server                        W  type=1400 audit(0.0:790): avc:  denied  { getopt } for  scontext=u:r:system_server:s0 tcontext=u:r:shell:s0 tclass=unix_stream_socket permissive=0
2026-04-08 22:37:57.439   891-891   abb                     abb                                  I  StartCommandInProcess(7061636b61676500696e7374616c6c2d package.install- [truncated])
2026-04-08 22:37:57.427   543-543   binder:543_1D           system_server                        W  type=1400 audit(0.0:791): avc:  denied  { getopt } for  scontext=u:r:system_server:s0 tcontext=u:r:shell:s0 tclass=unix_stream_socket permissive=0
2026-04-08 22:37:57.427   543-543   binder:543_1D           system_server                        W  type=1400 audit(0.0:792): avc:  denied  { getopt } for  scontext=u:r:system_server:s0 tcontext=u:r:shell:s0 tclass=unix_stream_socket permissive=0
2026-04-08 22:37:57.539   543-658   RuleEvaluation          system_server                        W  Integrity rule files are not available.
2026-04-08 22:37:57.540   543-595   PackageManager          system_server                        I  Integrity check passed for file:///data/app/vmdl979120959.tmp
2026-04-08 22:37:57.581   543-595   PermissionManager       system_server                        I  Permission ownership changed. Updating all permissions.
2026-04-08 22:37:57.957   543-595   PackageManager          system_server                        D  Instant App installer not found with android.intent.action.INSTALL_INSTANT_APP_PACKAGE
2026-04-08 22:37:57.958   543-595   PackageManager          system_server                        D  Clear ephemeral installer activity
2026-04-08 22:37:57.928     0-0     logd                    kernel                               I  start watching /data/system/packages.list ...
2026-04-08 22:37:57.931     0-0     logd                    kernel                               I  ReadPackageList, total packages: 201
2026-04-08 22:37:57.960   543-618   system_server           system_server                        W  Long monitor contention with owner PackageManager (595) at void com.android.server.pm.InstallPackageHelper.commitPackageSettings(com.android.server.pm.pkg.AndroidPackage, com.android.server.pm.PackageSetting, com.android.server.pm.PackageSetting, com.android.server.pm.ReconciledPackage)(InstallPackageHelper.java:622) waiters=0 in com.android.server.pm.Computer com.android.server.pm.PackageManagerService.snapshotComputer(boolean) for 389ms
2026-04-08 22:37:57.963   543-561   system_server           system_server                        W  Long monitor contention with owner binder:543_4 (618) at com.android.server.pm.Computer com.android.server.pm.PackageManagerService.snapshotComputer(boolean)(PackageManagerService.java:1195) waiters=0 in com.android.server.pm.Computer com.android.server.pm.PackageManagerService.snapshotComputer(boolean) for 378ms
2026-04-08 22:37:57.966   543-561   Looper                  system_server                        W  Slow dispatch took 380ms android.fg h=android.os.Handler c=<recycled PooledLambda@c1da84e> m=0
2026-04-08 22:37:57.967   543-561   Looper                  system_server                        W  Slow delivery took 380ms android.fg h=android.os.Handler c=<recycled PooledLambda@e7036aa> m=0
2026-04-08 22:37:58.035   543-595   BackupManagerService    system_server                        V  [UserID:0] restoreAtInstall pkg=com.redennier.taskapp token=7 restoreSet=0
2026-04-08 22:37:58.036   543-595   BackupManagerService    system_server                        V  [UserID:0] Finishing install immediately
2026-04-08 22:37:58.037   543-595   AppsFilter              system_server                        I  interaction: PackageSetting{702f012 com.ahorra.comparando/10192} -> PackageSetting{7c9924d com.redennier.taskapp/10193} BLOCKED
2026-04-08 22:37:58.046   543-618   Compatibil...geReporter system_server                        D  Compat change id reported: 261072174; UID 10132; state: DISABLED
2026-04-08 22:37:58.113   543-750   ActivityManager         system_server                        D  sync unfroze 1238 com.google.android.permissioncontroller for 6
2026-04-08 22:37:58.121   543-750   Compatibil...geReporter system_server                        D  Compat change id reported: 261072174; UID 1000; state: ENABLED
2026-04-08 22:37:58.317  1238-15179 BackupHelper            com....android.permissioncontroller  E  Could not parse delayed permissions
                                                                                                    java.io.FileNotFoundException: /data/user_de/0/com.google.android.permissioncontroller/files/delayed_restore_permissions.xml: open failed: ENOENT (No such file or directory)
                                                                                                    	at libcore.io.IoBridge.open(IoBridge.java:574)
                                                                                                    	at java.io.FileInputStream.<init>(FileInputStream.java:160)
                                                                                                    	at android.app.ContextImpl.openFileInput(ContextImpl.java:745)
                                                                                                    	at com.android.permissioncontroller.permission.service.BackupHelper.restoreDelayedState(BackupHelper.java:409)
                                                                                                    	at com.android.permissioncontroller.permission.service.PermissionControllerServiceImpl.onRestoreDelayedRuntimePermissionsBackup(PermissionControllerServiceImpl.java:426)
                                                                                                    	at com.android.permissioncontroller.permission.service.PermissionControllerServiceImpl.lambda$onApplyStagedRuntimePermissionBackup$4(PermissionControllerServiceImpl.java:420)
                                                                                                    	at com.android.permissioncontroller.permission.service.PermissionControllerServiceImpl.$r8$lambda$tLRxnveBSElsWBMXSZfvxMhS6zQ(PermissionControllerServiceImpl.java:0)
                                                                                                    	at com.android.permissioncontroller.permission.service.PermissionControllerServiceImpl$$ExternalSyntheticLambda10.run(R8$$SyntheticClass:0)
                                                                                                    	at android.os.AsyncTask$SerialExecutor$1.run(AsyncTask.java:305)
                                                                                                    	at java.util.concurrent.ThreadPoolExecutor.runWorker(ThreadPoolExecutor.java:1145)
                                                                                                    	at java.util.concurrent.ThreadPoolExecutor$Worker.run(ThreadPoolExecutor.java:644)
                                                                                                    	at java.lang.Thread.run(Thread.java:1012)
                                                                                                    Caused by: android.system.ErrnoException: open failed: ENOENT (No such file or directory)
                                                                                                    	at libcore.io.Linux.open(Native Method)
                                                                                                    	at libcore.io.ForwardingOs.open(ForwardingOs.java:563)
                                                                                                    	at libcore.io.BlockGuardOs.open(BlockGuardOs.java:274)
                                                                                                    	at libcore.io.ForwardingOs.open(ForwardingOs.java:563)
                                                                                                    	at android.app.ActivityThread$AndroidOs.open(ActivityThread.java:8063)
                                                                                                    	at libcore.io.IoBridge.open(IoBridge.java:560)
                                                                                                    	at java.io.FileInputStream.<init>(FileInputStream.java:160) 
                                                                                                    	at android.app.ContextImpl.openFileInput(ContextImpl.java:745) 
                                                                                                    	at com.android.permissioncontroller.permission.service.BackupHelper.restoreDelayedState(BackupHelper.java:409) 
                                                                                                    	at com.android.permissioncontroller.permission.service.PermissionControllerServiceImpl.onRestoreDelayedRuntimePermissionsBackup(PermissionControllerServiceImpl.java:426) 
                                                                                                    	at com.android.permissioncontroller.permission.service.PermissionControllerServiceImpl.lambda$onApplyStagedRuntimePermissionBackup$4(PermissionControllerServiceImpl.java:420) 
                                                                                                    	at com.android.permissioncontroller.permission.service.PermissionControllerServiceImpl.$r8$lambda$tLRxnveBSElsWBMXSZfvxMhS6zQ(PermissionControllerServiceImpl.java:0) 
                                                                                                    	at com.android.permissioncontroller.permission.service.PermissionControllerServiceImpl$$ExternalSyntheticLambda10.run(R8$$SyntheticClass:0) 
                                                                                                    	at android.os.AsyncTask$SerialExecutor$1.run(AsyncTask.java:305) 
                                                                                                    	at java.util.concurrent.ThreadPoolExecutor.runWorker(ThreadPoolExecutor.java:1145) 
                                                                                                    	at java.util.concurrent.ThreadPoolExecutor$Worker.run(ThreadPoolExecutor.java:644) 
                                                                                                    	at java.lang.Thread.run(Thread.java:1012) 
2026-04-08 22:37:58.840   543-636   ActivityManager         system_server                        D  freezing 12681 com.google.android.youtube
2026-04-08 22:37:58.843   543-543   Looper                  system_server                        W  Slow delivery took 290ms main h=com.android.server.alarm.AlarmManagerService$AlarmHandler c=null m=15
2026-04-08 22:37:58.855   543-561   Looper                  system_server                        W  Slow dispatch took 456ms android.fg h=android.os.Handler c=<recycled PooledLambda@ad4f3fe> m=0
2026-04-08 22:37:58.916   543-595   WindowMagnificationMgr  system_server                        W  requestConnection duplicated request: connect=false, mConnectionState=DISCONNECTED
2026-04-08 22:37:58.917   543-543   Looper                  system_server                        W  Drained
2026-04-08 22:37:58.923   543-595   PackageInstallerSession system_server                        D  Marking session 979120959 as applied
2026-04-08 22:37:58.931   543-595   Compatibil...geReporter system_server                        D  Compat change id reported: 168419799; UID 10193; state: DISABLED
2026-04-08 22:37:58.931   543-595   Compatibil...geReporter system_server                        D  Compat change id reported: 273564678; UID 10193; state: DISABLED
2026-04-08 22:37:58.935   543-543   binder:543_1D           system_server                        W  type=1400 audit(0.0:793): avc:  denied  { getopt } for  scontext=u:r:system_server:s0 tcontext=u:r:shell:s0 tclass=unix_stream_socket permissive=0
2026-04-08 22:37:58.939   543-543   binder:543_1D           system_server                        W  type=1400 audit(0.0:794): avc:  denied  { getopt } for  scontext=u:r:system_server:s0 tcontext=u:r:shell:s0 tclass=unix_stream_socket permissive=0
2026-04-08 22:37:58.947   543-543   binder:543_1D           system_server                        W  type=1400 audit(0.0:795): avc:  denied  { getopt } for  scontext=u:r:system_server:s0 tcontext=u:r:shell:s0 tclass=unix_stream_socket permissive=0
2026-04-08 22:37:59.020   543-2481  ActivityManager         system_server                        I  Force stopping com.redennier.taskapp appid=10193 user=0: from pid 15187
2026-04-08 22:37:59.021   543-2481  libprocessgroup         system_server                        E  No such cgroup attribute: /sys/fs/cgroup/uid_10193/cgroup.freeze
2026-04-08 22:37:59.021   543-2481  libprocessgroup         system_server                        W  Failed to apply Frozen process profile: No such file or directory
2026-04-08 22:37:59.038   543-2481  libprocessgroup         system_server                        E  No such cgroup attribute: /sys/fs/cgroup/uid_10193/cgroup.freeze
2026-04-08 22:37:59.040   543-2481  libprocessgroup         system_server                        W  Failed to apply Unfrozen process profile: No such file or directory
2026-04-08 22:37:59.075   543-2481  AppsFilter              system_server                        I  interaction: PackageSetting{702f012 com.ahorra.comparando/10192} -> PackageSetting{7c9924d com.redennier.taskapp/10193} BLOCKED
2026-04-08 22:37:59.083   543-2479  Compatibil...geReporter system_server                        D  Compat change id reported: 161145287; UID 10132; state: DISABLED
2026-04-08 22:37:59.122   543-636   ActivityManager         system_server                        D  freezing 12123 com.android.chrome
2026-04-08 22:37:59.211 15191-15191 Parcel                  service                              E  Reading a NULL string not supported here.
2026-04-08 22:37:59.283   543-553   system_server           system_server                        I  Background concurrent copying GC freed 513314(15MB) AllocSpace objects, 12(232KB) LOS objects, 47% free, 26MB/50MB, paused 1.574ms,254us total 359.291ms
2026-04-08 22:37:59.284 15191-15191 IPCThreadState          service                              E  Binder transaction failure: 1094039/29201/-1
2026-04-08 22:37:59.304 15191-15191 IPCThreadState          service                              E  Binder transaction failure: 1094043/29201/-1
2026-04-08 22:37:59.317 15191-15191 IPCThreadState          service                              E  Binder transaction failure: 1094047/29201/-1
2026-04-08 22:37:59.245     0-0     binder_debug            kernel                               W  64 callbacks suppressed
2026-04-08 22:37:59.245     0-0     binder                  kernel                               I  15191:15191 transaction credentials failed
2026-04-08 22:37:59.250     0-0     binder                  kernel                               I  15191:15191 transaction call to 350:0 failed 1094039/29201/-1, size 0-0 line 3228
2026-04-08 22:37:59.263     0-0     binder                  kernel                               I  15191:15191 transaction credentials failed
2026-04-08 22:37:59.269     0-0     binder                  kernel                               I  15191:15191 transaction call to 393:0 failed 1094043/29201/-1, size 0-0 line 3228
2026-04-08 22:37:59.326 15191-15191 IPCThreadState          service                              E  Binder transaction failure: 1094051/29201/-1
2026-04-08 22:37:59.284     0-0     binder                  kernel                               I  15191:15191 transaction credentials failed
2026-04-08 22:37:59.290     0-0     binder                  kernel                               I  15191:15191 transaction call to 1044:0 failed 1094047/29201/-1, size 0-0 line 3228
2026-04-08 22:37:59.295     0-0     audit                   kernel                               W  audit_lost=539 audit_rate_limit=5 audit_backlog_limit=64
2026-04-08 22:37:59.297     0-0     audit                   kernel                               E  rate limit exceeded
2026-04-08 22:37:59.298     0-0     binder                  kernel                               I  15191:15191 transaction credentials failed
2026-04-08 22:37:59.299     0-0     binder                  kernel                               I  15191:15191 transaction call to 386:0 failed 1094051/29201/-1, size 0-0 line 3228
2026-04-08 22:37:59.305     0-0     binder                  kernel                               I  15191:15191 transaction credentials failed
2026-04-08 22:37:59.263 15191-15191 service                 service                              W  type=1400 audit(0.0:796): avc:  denied  { call } for  scontext=u:r:shell:s0 tcontext=u:r:hal_authsecret_default:s0 tclass=binder permissive=0
2026-04-08 22:37:59.330 15191-15191 IPCThreadState          service                              E  Binder transaction failure: 1094055/29201/-1
2026-04-08 22:37:59.343 15191-15191 IPCThreadState          service                              E  Binder transaction failure: 1094059/29201/-1
2026-04-08 22:37:59.306     0-0     binder                  kernel                               I  15191:15191 transaction call to 349:0 failed 1094055/29201/-1, size 0-0 line 3228
2026-04-08 22:37:59.351 15191-15191 IPCThreadState          service                              E  Binder transaction failure: 1094063/29201/-1
2026-04-08 22:37:59.359 15191-15191 IPCThreadState          service                              E  Binder transaction failure: 1094072/29201/-1
2026-04-08 22:37:59.339     0-0     servicemanager          kernel                               I  Notifying android.hardware.dumpstate.IDumpstateDevice/default they do (previously: don't) have clients when service is guaranteed to be in use
2026-04-08 22:37:59.345     0-0     IPCThreadState          kernel                               E  Binder transaction failure: 1094079/29201/-1
2026-04-08 22:37:59.376 15191-15191 IPCThreadState          service                              E  Binder transaction failure: 1094084/29201/-1
2026-04-08 22:37:59.383 15191-15191 IPCThreadState          service                              E  Binder transaction failure: 1094088/29201/-1
2026-04-08 22:37:59.384 15191-15191 IPCThreadState          service                              E  Binder transaction failure: 1094092/29201/-1
2026-04-08 22:37:59.385 15191-15191 IPCThreadState          service                              E  Binder transaction failure: 1094096/29201/-1
2026-04-08 22:37:59.388 15191-15191 IPCThreadState          service                              E  Binder transaction failure: 1094100/29201/-1
2026-04-08 22:37:59.392 15191-15191 IPCThreadState          service                              E  Binder transaction failure: 1094104/29201/-1
2026-04-08 22:37:59.402 15191-15191 IPCThreadState          service                              E  Binder transaction failure: 1094123/29201/-1
2026-04-08 22:37:59.405 15191-15191 IPCThreadState          service                              E  Binder transaction failure: 1094127/29201/-1
2026-04-08 22:37:59.408 15191-15191 IPCThreadState          service                              E  Binder transaction failure: 1094131/29201/-1
2026-04-08 22:37:59.411 15191-15191 IPCThreadState          service                              E  Binder transaction failure: 1094135/29201/-1
2026-04-08 22:37:59.422 15191-15191 IPCThreadState          service                              E  Binder transaction failure: 1094139/29201/-1
2026-04-08 22:37:59.429 15191-15191 IPCThreadState          service                              E  Binder transaction failure: 1094145/29201/-1
2026-04-08 22:37:59.434 15191-15191 IPCThreadState          service                              E  Binder transaction failure: 1094149/29201/-1
2026-04-08 22:37:59.426     0-0     SELinux                 kernel                               E  avc:  denied  { find } for pid=15191 uid=2000 name=android.hardware.security.keymint.IKeyMintDevice/default scontext=u:r:shell:s0 tcontext=u:object_r:hal_keymint_service:s0 tclass=service_manager permissive=0
2026-04-08 22:37:59.437 15191-15191 IPCThreadState          service                              E  Binder transaction failure: 1094156/29201/-1
2026-04-08 22:37:59.439 15191-15191 IPCThreadState          service                              E  Binder transaction failure: 1094163/29201/-1
2026-04-08 22:37:59.441 15191-15191 IPCThreadState          service                              E  Binder transaction failure: 1094167/29201/-1
2026-04-08 22:37:59.445 15191-15191 IPCThreadState          service                              E  Binder transaction failure: 1094172/29201/-1
2026-04-08 22:37:59.448 15191-15191 IPCThreadState          service                              E  Binder transaction failure: 1094176/29201/-1
2026-04-08 22:37:59.279 15191-15191 service                 service                              W  type=1400 audit(0.0:797): avc:  denied  { call } for  scontext=u:r:shell:s0 tcontext=u:r:hal_face_default:s0 tclass=binder permissive=0
2026-04-08 22:37:59.446     0-0     SELinux                 kernel                               E  avc:  denied  { find } for pid=15191 uid=2000 name=android.hardware.security.secureclock.ISecureClock/default scontext=u:r:shell:s0 tcontext=u:object_r:hal_secureclock_service:s0 tclass=service_manager permissive=0
2026-04-08 22:37:59.303 15191-15191 service                 service                              W  type=1400 audit(0.0:798): avc:  denied  { call } for  scontext=u:r:shell:s0 tcontext=u:r:hal_fingerprint_default:s0 tclass=binder permissive=0
2026-04-08 22:37:59.464     0-0     SELinux                 kernel                               E  avc:  denied  { find } for pid=15191 uid=2000 name=android.hardware.security.sharedsecret.ISharedSecret/default scontext=u:r:shell:s0 tcontext=u:object_r:hal_sharedsecret_service:s0 tclass=service_manager permissive=0
2026-04-08 22:37:59.489   543-744   androidtc               system_server                        D  Initializing SystemTextClassifier, type = System
2026-04-08 22:37:59.496 15191-15191 IPCThreadState          service                              E  Binder transaction failure: 1094213/29201/-1
2026-04-08 22:37:59.498 15191-15191 IPCThreadState          service                              E  Binder transaction failure: 1094217/29201/-1
2026-04-08 22:37:59.501 15191-15191 IPCThreadState          service                              E  Binder transaction failure: 1094222/29201/-1
2026-04-08 22:37:59.502 15191-15191 IPCThreadState          service                              E  Binder transaction failure: 1094226/29201/-1
2026-04-08 22:37:59.506 15191-15191 IPCThreadState          service                              E  Binder transaction failure: 1094231/29201/-1
2026-04-08 22:37:59.509 15191-15191 IPCThreadState          service                              E  Binder transaction failure: 1094236/29201/-1
2026-04-08 22:37:59.533  1384-1384  AiAiTextClassifier      com.google.android.as                I  onCreateTextClassificationSession = TextClassificationSessionId {e10c6512-0506-42b0-a99c-2f23fe350586}
2026-04-08 22:37:59.510     0-0     SELinux                 kernel                               E  avc:  denied  { find } for pid=15191 uid=2000 name=android.service.gatekeeper.IGateKeeperService scontext=u:r:shell:s0 tcontext=u:object_r:gatekeeper_service:s0 tclass=service_manager permissive=0
2026-04-08 22:37:59.552 15191-15191 IPCThreadState          service                              E  Binder transaction failure: 1094299/29201/-1
2026-04-08 22:37:59.554 15191-15191 IPCThreadState          service                              E  Binder transaction failure: 1094303/29201/-1
2026-04-08 22:37:59.557 15191-15191 Parcel                  service                              E  Reading a NULL string not supported here.
2026-04-08 22:37:59.590   543-744   ClipboardService        system_server                        E  Denying clipboard access to com.android.chrome, application is not in focus nor is it a system service for user 0
2026-04-08 22:37:59.611 15191-15191 Parcel                  service                              E  Reading a NULL string not supported here.
2026-04-08 22:37:59.626 15191-15191 Parcel                  service                              E  Reading a NULL string not supported here.
2026-04-08 22:37:59.636 12094-12094 ClipboardListener       com.android.systemui                 I  Clipboard overlay suppressed.
2026-04-08 22:37:59.649 15191-15191 Parcel                  service                              E  Reading a NULL string not supported here.
2026-04-08 22:37:59.676 15191-15191 Parcel                  service                              E  Reading a NULL string not supported here.
2026-04-08 22:37:59.678 15191-15191 Parcel                  service                              E  Reading a NULL string not supported here.
2026-04-08 22:37:59.688 15191-15191 Parcel                  service                              E  Reading a NULL string not supported here.
2026-04-08 22:37:59.691 15191-15191 Parcel                  service                              E  Reading a NULL string not supported here.
2026-04-08 22:37:59.708 15191-15191 Parcel                  service                              E  Reading a NULL string not supported here.
2026-04-08 22:37:59.710 15191-15191 Parcel                  service                              E  Reading a NULL string not supported here.
2026-04-08 22:37:59.690     0-0     SELinux                 kernel                               E  avc:  denied  { find } for pid=15191 uid=2000 name=dnsresolver scontext=u:r:shell:s0 tcontext=u:object_r:dnsresolver_service:s0 tclass=service_manager permissive=0
2026-04-08 22:37:59.735  1384-1901  AiAiTranslate           com.google.android.as                I  C2T - not in a conversation
2026-04-08 22:37:59.748 15191-15191 Parcel                  service                              E  Reading a NULL string not supported here.
2026-04-08 22:37:59.808   543-2481  Compatibil...geReporter system_server                        D  Compat change id reported: 261072174; UID 10131; state: ENABLED
2026-04-08 22:37:59.808 15191-15191 Parcel                  service                              E  Reading a NULL string not supported here.
2026-04-08 22:37:59.818   543-2481  Compatibil...geReporter system_server                        D  Compat change id reported: 261072174; UID 10152; state: DISABLED
2026-04-08 22:37:59.808     0-0     SELinux                 kernel                               E  avc:  denied  { find } for pid=15191 uid=2000 name=incident scontext=u:r:shell:s0 tcontext=u:object_r:incident_service:s0 tclass=service_manager permissive=0
2026-04-08 22:37:59.848  1159-15193 androidtc               com...gle.android.inputmethod.latin  D  Initializing SystemTextClassifier, type = System
2026-04-08 22:37:59.858     0-0     SELinux                 kernel                               E  avc:  denied  { find } for pid=15191 uid=2000 name=installd scontext=u:r:shell:s0 tcontext=u:object_r:installd_service:s0 tclass=service_manager permissive=0
2026-04-08 22:37:59.937 15191-15191 Parcel                  service                              E  Reading a NULL string not supported here.
2026-04-08 22:37:59.948 15191-15191 Parcel                  service                              E  Reading a NULL string not supported here.
2026-04-08 22:37:59.926     0-0     SELinux                 kernel                               E  avc:  denied  { find } for pid=15191 uid=2000 name=mdns scontext=u:r:shell:s0 tcontext=u:object_r:mdns_service:s0 tclass=service_manager permissive=0
2026-04-08 22:38:00.021 15191-15191 Parcel                  service                              E  Reading a NULL string not supported here.
2026-04-08 22:38:00.015     0-0     SELinux                 kernel                               E  avc:  denied  { find } for pid=15191 uid=2000 name=netd scontext=u:r:shell:s0 tcontext=u:object_r:netd_service:s0 tclass=service_manager permissive=0
2026-04-08 22:38:00.073 15191-15191 Parcel                  service                              E  Reading a NULL string not supported here.
2026-04-08 22:38:00.134 15191-15191 Parcel                  service                              E  Reading a NULL string not supported here.
2026-04-08 22:38:00.149  1384-1766  AiAiEcho                com.google.android.as                I  Predicting[0]: 
2026-04-08 22:38:00.151  1384-1766  AiAiEcho                com.google.android.as                I  EchoTargets: 
                                                                                                    Filtered by AiAi flag check: 
2026-04-08 22:38:00.159 15191-15191 Parcel                  service                              E  Reading a NULL string not supported here.
2026-04-08 22:38:00.170 15087-15087 ClearcutMetricXmitter   com....android.googlequicksearchbox  V  Transmission is done.
2026-04-08 22:38:00.204  1384-1766  AiAiEcho                com.google.android.as                I  Ranked targets strategy: SORT, count: 0, ranking metadata: 
2026-04-08 22:38:00.223  1384-1766  AiAiEcho                com.google.android.as                I  #postPredictionTargets: Sending updates to UISurface lockscreen with targets# 0 (types=[])
2026-04-08 22:38:00.234 12094-12094 PageIndicator           com.android.systemui                 W  Total number of pages invalid: 0. Assuming 1 page.
2026-04-08 22:38:00.267 15191-15191 Parcel                  service                              E  Reading a NULL string not supported here.
2026-04-08 22:38:00.340  1384-2163  AiAiTextClassifier      com.google.android.as                I  GenerateLinks did not find valid links, returning empty result
2026-04-08 22:38:00.343   543-745   ClipboardService        system_server                        E  Denying clipboard access to com.android.chrome, application is not in focus nor is it a system service for user 0
2026-04-08 22:38:00.354 12094-12122 EGL_emulation           com.android.systemui                 D  app_time_stats: avg=5310.33ms min=5310.33ms max=5310.33ms count=1
2026-04-08 22:38:00.320     0-0     servicemanager          kernel                               I  Notifying android.hardware.dumpstate.IDumpstateDevice/default they don't (previously: do) have clients when we now have no record of a client
2026-04-08 22:38:00.331     0-0     IPCThreadState          kernel                               E  Binder transaction failure: 1095265/29201/-1
2026-04-08 22:38:00.351   147-147   servicemanager          servicemanager                       W  type=1400 audit(0.0:831): avc:  denied  { call } for  scontext=u:r:servicemanager:s0 tcontext=u:r:hal_dumpstate_default:s0 tclass=binder permissive=0
2026-04-08 22:38:00.401 15191-15191 Parcel                  service                              E  Reading a NULL string not supported here.
2026-04-08 22:38:00.417 12094-12094 ClipboardListener       com.android.systemui                 I  Clipboard overlay suppressed.
2026-04-08 22:38:00.425     0-0     SELinux                 kernel                               E  avc:  denied  { find } for pid=15191 uid=2000 name=suspend_control scontext=u:r:shell:s0 tcontext=u:object_r:system_suspend_control_service:s0 tclass=service_manager permissive=0
2026-04-08 22:38:00.472  1384-2163  AiAiTextClassifier      com.google.android.as                I  GenerateLinks did not find valid links, returning empty result
2026-04-08 22:38:00.434     0-0     SELinux                 kernel                               E  avc:  denied  { find } for pid=15191 uid=2000 name=suspend_control_internal scontext=u:r:shell:s0 tcontext=u:object_r:system_suspend_control_internal_service:s0 tclass=service_manager permissive=0
2026-04-08 22:38:00.475 15191-15191 Parcel                  service                              E  Reading a NULL string not supported here.
2026-04-08 22:38:00.483 15191-15191 Parcel                  service                              E  Reading a NULL string not supported here.
2026-04-08 22:38:00.496     0-0     SELinux                 kernel                               E  avc:  denied  { find } for pid=15191 uid=2000 name=vold scontext=u:r:shell:s0 tcontext=u:object_r:vold_service:s0 tclass=service_manager permissive=0
2026-04-08 22:38:00.539 15191-15191 IPCThreadState          service                              E  Binder transaction failure: 1095622/29201/-1
2026-04-08 22:38:00.535 15191-15191 service                 service                              W  type=1400 audit(0.0:832): avc:  denied  { call } for  scontext=u:r:shell:s0 tcontext=u:r:wificond:s0 tclass=binder permissive=0
2026-04-08 22:38:00.671   543-2481  Compatibil...geReporter system_server                        D  Compat change id reported: 161252188; UID 10193; state: DISABLED
2026-04-08 22:38:00.682   543-2481  ActivityTaskManager     system_server                        W  callingPackage for (uid=2000, pid=15198) has no WPC
2026-04-08 22:38:00.697   543-2481  Compatibil...geReporter system_server                        D  Compat change id reported: 265464455; UID 10193; state: DISABLED
2026-04-08 22:38:00.698   543-2481  Compatibil...geReporter system_server                        D  Compat change id reported: 265452344; UID 10193; state: DISABLED
2026-04-08 22:38:00.699   543-2481  Compatibil...geReporter system_server                        D  Compat change id reported: 266124927; UID 10193; state: DISABLED
2026-04-08 22:38:00.700   543-2481  Compatibil...geReporter system_server                        D  Compat change id reported: 265451093; UID 10193; state: DISABLED
2026-04-08 22:38:00.700   543-2481  Compatibil...geReporter system_server                        D  Compat change id reported: 265456536; UID 10193; state: DISABLED
2026-04-08 22:38:00.701   543-2481  Compatibil...geReporter system_server                        D  Compat change id reported: 255940284; UID 10193; state: DISABLED
2026-04-08 22:38:00.702   543-2481  Compatibil...geReporter system_server                        D  Compat change id reported: 236283604; UID 10193; state: DISABLED
2026-04-08 22:38:00.710   543-2481  Compatibil...geReporter system_server                        D  Compat change id reported: 263959004; UID 10193; state: DISABLED
2026-04-08 22:38:00.711   543-2481  Compatibil...geReporter system_server                        D  Compat change id reported: 264304459; UID 10193; state: DISABLED
2026-04-08 22:38:00.712   543-2481  Compatibil...geReporter system_server                        D  Compat change id reported: 264301586; UID 10193; state: DISABLED
2026-04-08 22:38:00.714   543-2481  Compatibil...geReporter system_server                        D  Compat change id reported: 254631730; UID 10193; state: DISABLED
2026-04-08 22:38:00.714   543-2481  Compatibil...geReporter system_server                        D  Compat change id reported: 273509367; UID 10193; state: DISABLED
2026-04-08 22:38:00.715   543-2481  Compatibil...geReporter system_server                        D  Compat change id reported: 263259275; UID 10193; state: DISABLED
2026-04-08 22:38:00.716   543-2481  Compatibil...geReporter system_server                        D  Compat change id reported: 174042980; UID 10193; state: DISABLED
2026-04-08 22:38:00.717   543-2481  Compatibil...geReporter system_server                        D  Compat change id reported: 174042936; UID 10193; state: DISABLED
2026-04-08 22:38:00.717   543-2481  Compatibil...geReporter system_server                        D  Compat change id reported: 181136395; UID 10193; state: DISABLED
2026-04-08 22:38:00.736   543-2481  Compatibil...geReporter system_server                        D  Compat change id reported: 194480991; UID 10193; state: ENABLED
2026-04-08 22:38:00.833 12094-12094 StatusBarIconController com.android.systemui                 D  ignoring old pipeline callback because the new wifi icon is enabled
2026-04-08 22:38:00.853   543-2481  Compatibil...geReporter system_server                        D  Compat change id reported: 184838306; UID 10193; state: DISABLED
2026-04-08 22:38:00.855   543-2481  Compatibil...geReporter system_server                        D  Compat change id reported: 185004937; UID 10193; state: DISABLED
2026-04-08 22:38:00.859   543-2481  Compatibil...geReporter system_server                        D  Compat change id reported: 197654537; UID 10193; state: ENABLED
2026-04-08 22:38:00.879   543-2481  SplashScre...eptionList system_server                        V  SplashScreen checking exception for package com.redennier.taskapp (target sdk:35) -> false
2026-04-08 22:38:00.880   543-2481  Compatibil...geReporter system_server                        D  Compat change id reported: 205907456; UID 10193; state: ENABLED
2026-04-08 22:38:00.901 12094-12110 WindowManagerShell      com.android.systemui                 V  Transition requested: android.os.BinderProxy@d1f595a TransitionRequestInfo { type = OPEN, triggerTask = TaskInfo{userId=0 taskId=45 displayId=0 isRunning=true baseIntent=Intent { act=android.intent.action.MAIN cat=[android.intent.category.LAUNCHER] flg=0x10000000 cmp=com.redennier.taskapp/.MainActivity } baseActivity=ComponentInfo{com.redennier.taskapp/com.redennier.taskapp.MainActivity} topActivity=ComponentInfo{com.redennier.taskapp/com.redennier.taskapp.MainActivity} origActivity=null realActivity=ComponentInfo{com.redennier.taskapp/com.redennier.taskapp.MainActivity} numActivities=1 lastActiveTime=5728733 supportsMultiWindow=true resizeMode=1 isResizeable=true minWidth=-1 minHeight=-1 defaultMinSize=220 token=WCT{android.window.IWindowContainerToken$Stub$Proxy@92ea78b} topActivityType=1 pictureInPictureParams=null shouldDockBigOverlays=false launchIntoPipHostTaskId=-1 lastParentTaskIdBeforePip=-1 displayCutoutSafeInsets=Rect(0, 128 - 0, 0) topActivityInfo=ActivityInfo{6be068 com.redennier.taskapp.MainActivity} launchCookies=[] positionInParent=Point(0, 0) parentTaskId=-1 isFocused=false isVisible=false isVisibleRequested=false isSleeping=false topActivityInSizeCompat=false topActivityEligibleForLetterboxEducation= false topActivityLetterboxed= false isFromDoubleTap= false topActivityLetterboxVerticalPosition= -1 topActivityLetterboxHorizontalPosition= -1 topActivityLetterboxWidth=-1 topActivityLetterboxHeight=-1 locusId=null displayAreaFeatureId=1 cameraCompatControlState=hidden}, remoteTransition = null, displayChange = null }
2026-04-08 22:38:00.924   543-2481  Compatibil...geReporter system_server                        D  Compat change id reported: 194833441; UID 10193; state: ENABLED
2026-04-08 22:38:00.926   543-2481  ActivityTaskManager     system_server                        I  START u0 {act=android.intent.action.MAIN cat=[android.intent.category.LAUNCHER] flg=0x10000000 cmp=com.redennier.taskapp/.MainActivity} with LAUNCH_SINGLE_TASK from uid 2000 (BAL_ALLOW_PERMISSION) result code=0
2026-04-08 22:38:00.939   543-564   system_server           system_server                        W  Long monitor contention with owner binder:543_1D (2481) at int com.android.server.wm.ActivityStarter.execute()(ActivityStarter.java:786) waiters=0 in void com.android.server.wm.RootWindowContainer$RankTaskLayersRunnable.run() for 176ms
2026-04-08 22:38:00.943   543-565   system_server           system_server                        W  Long monitor contention with owner binder:543_1D (2481) at int com.android.server.wm.ActivityStarter.execute()(ActivityStarter.java:786) waiters=1 in void com.android.server.wm.WindowAnimator.lambda$new$1(long) for 182ms
2026-04-08 22:38:00.976 12094-12110 Looper                  com.android.systemui                 W  Slow dispatch took 79ms wmshell.main h=android.os.Handler c=com.android.wm.shell.transition.Transitions$TransitionPlayerImpl$$ExternalSyntheticLambda1@9e7c3ed m=0
2026-04-08 22:38:00.978 12094-12110 Looper                  com.android.systemui                 W  Slow delivery took 56ms wmshell.main h=android.os.Handler c=android.window.TaskOrganizer$1$$ExternalSyntheticLambda8@baed222 m=0
2026-04-08 22:38:01.009   543-564   Compatibil...geReporter system_server                        D  Compat change id reported: 135634846; UID 10193; state: DISABLED
2026-04-08 22:38:01.011   543-564   Compatibil...geReporter system_server                        D  Compat change id reported: 177438394; UID 10193; state: DISABLED
2026-04-08 22:38:01.014   543-564   Compatibil...geReporter system_server                        D  Compat change id reported: 135772972; UID 10193; state: DISABLED
2026-04-08 22:38:01.014   543-564   Compatibil...geReporter system_server                        D  Compat change id reported: 135754954; UID 10193; state: ENABLED
2026-04-08 22:38:01.015   543-564   ActivityManager         system_server                        W  Slow operation: 72ms so far, now at startProcess: done starting proc!
2026-04-08 22:38:01.017   543-573   ActivityManager         system_server                        W  Slow operation: 55ms so far, now at startProcess: asking zygote to start proc
2026-04-08 22:38:01.039   543-573   Compatibil...geReporter system_server                        D  Compat change id reported: 143937733; UID 10193; state: ENABLED
2026-04-08 22:38:01.040 12094-12110 Looper                  com.android.systemui                 W  Drained
2026-04-08 22:38:01.058   344-344   Zygote                  pid-344                              D  Forked child process 15202
2026-04-08 22:38:01.060   543-573   ActivityManager         system_server                        W  Slow operation: 98ms so far, now at startProcess: returned from zygote!
2026-04-08 22:38:01.065   543-573   ActivityManager         system_server                        W  Slow operation: 102ms so far, now at startProcess: done updating battery stats
2026-04-08 22:38:01.070   543-573   ActivityManager         system_server                        W  Slow operation: 108ms so far, now at startProcess: building log message
2026-04-08 22:38:01.071   543-573   ActivityManager         system_server                        I  Start proc 15202:com.redennier.taskapp/u0a193 for next-top-activity {com.redennier.taskapp/com.redennier.taskapp.MainActivity}
2026-04-08 22:38:01.072   543-573   ActivityManager         system_server                        W  Slow operation: 109ms so far, now at startProcess: starting to update pids map
2026-04-08 22:38:01.092   543-573   ActivityManager         system_server                        W  Slow operation: 129ms so far, now at startProcess: done updating pids map
2026-04-08 22:38:01.158 15202-15202 dennier.taskapp         com.redennier.taskapp                I  Late-enabling -Xcheck:jni
2026-04-08 22:38:01.482   543-564   ActivityTaskManager     system_server                        W  Activity pause timeout for ActivityRecord{64f83a5 u0 com.google.android.apps.maps/com.google.android.maps.MapsActivity t41}
2026-04-08 22:38:01.497   543-561   Looper                  system_server                        W  Drained
2026-04-08 22:38:01.508 15202-15202 dennier.taskapp         com.redennier.taskapp                I  Using CollectorTypeCC GC.
2026-04-08 22:38:01.510 15202-15202 dennier.taskapp         com.redennier.taskapp                W  Unexpected CPU variant for x86: x86_64.
                                                                                                    Known variants: atom, sandybridge, silvermont, goldmont, goldmont-plus, tremont, kabylake, default
2026-04-08 22:38:01.603 12094-12101 ndroid.systemui         com.android.systemui                 W  Suspending all threads took: 23.900ms
2026-04-08 22:38:01.609   409-409   BpBinder                surfaceflinger                       I  onLastStrongRef automatically unlinking death recipients: 
2026-04-08 22:38:01.640   424-440   adbd                    adbd                                 I  jdwp connection from 15202
2026-04-08 22:38:01.801   543-543   Looper                  system_server                        W  Slow dispatch took 146ms main h=android.os.Handler c=<recycled PooledLambda@2b0dc35> m=0
2026-04-08 22:38:01.824 12094-12110 Looper                  com.android.systemui                 W  Slow dispatch took 118ms wmshell.main h=android.os.Handler c=null m=1
2026-04-08 22:38:01.869   543-2479  Compatibil...geReporter system_server                        D  Compat change id reported: 197654537; UID 10152; state: ENABLED
2026-04-08 22:38:01.928 12094-12101 ndroid.systemui         com.android.systemui                 I  Background young concurrent copying GC freed 357229(16MB) AllocSpace objects, 3(60KB) LOS objects, 46% free, 18MB/34MB, paused 3.341ms,24.368ms total 654.766ms
2026-04-08 22:38:02.116   543-618   ActivityManager         system_server                        W  Slow operation: 51ms so far, now at finishAttachApplicationInner: after mServices.attachApplicationLocked
