2026-04-09 01:26:26.720   543-628   system_server           system_server                        W  Long monitor contention with owner appscheduling.default (627) at int com.android.server.am.ActivityManagerService.bindServiceInstance(android.app.IApplicationThread, android.os.IBinder, android.content.Intent, java.lang.String, android.app.IServiceConnection, long, java.lang.String, boolean, int, java.lang.String, android.app.IApplicationThread, java.lang.String, int)(ActivityManagerService.java:13404) waiters=2 in android.content.Intent com.android.server.am.ActivityManagerService.registerReceiverWithFeature(android.app.IApplicationThread, java.lang.String, java.lang.String, java.lang.String, android.content.IIntentReceiver, android.content.IntentFilter, java.lang.String, int, int) for 164ms
2026-04-09 01:26:26.733   543-636   ActivityManager         system_server                        D  freezing 20310 com.google.android.apps.youtube.music
2026-04-09 01:26:26.751 21155-21155 DataMigration           com.google.android.bluetooth         D  Legacy migration skiped: already completed
2026-04-09 01:26:26.752 21155-21155 BluetoothA...trollerJni com.google.android.bluetooth         I  classInitNative: succeeds
2026-04-09 01:26:26.700 20512-21010 Bugle                   com.google.android.apps.messaging    W  SubscriptionUtilsAsOfLMR1: getSelfRawNumber: subInfo is null for subscription{id:-1}
2026-04-09 01:26:26.779 20512-20964 BugleMDD                com.google.android.apps.messaging    I  MddBackgroundStartupTask: Scheduled MDD periodic tasks.
2026-04-09 01:26:26.789  4131-4780  WearableService         com.google.android.gms.persistent    W  onGetService: Wear is not available on this device.
2026-04-09 01:26:26.803 21155-21155 Compatibil...geReporter com.google.android.bluetooth         D  Compat change id reported: 263076149; UID 1002; state: ENABLED
2026-04-09 01:26:26.804 21155-21155 BluetoothH...ServiceJni com.google.android.bluetooth         I  classInitNative: succeeds
2026-04-09 01:26:26.805 21155-21155 BluetoothPanServiceJni  com.google.android.bluetooth         I  classInitNative(L108): succeeds
2026-04-09 01:26:26.807 21155-21155 AdapterServiceConfig    com.google.android.bluetooth         I  init: profile=A2dpService, enabled=true
2026-04-09 01:26:26.807 21155-21155 AdapterServiceConfig    com.google.android.bluetooth         I  init: profile=A2dpSinkService, enabled=false
2026-04-09 01:26:26.807 21155-21155 AdapterServiceConfig    com.google.android.bluetooth         I  init: profile=AvrcpTargetService, enabled=true
2026-04-09 01:26:26.807 21155-21155 AdapterServiceConfig    com.google.android.bluetooth         I  init: profile=AvrcpControllerService, enabled=false
2026-04-09 01:26:26.807 21155-21155 AdapterServiceConfig    com.google.android.bluetooth         I  init: profile=BassClientService, enabled=false
2026-04-09 01:26:26.807 21155-21155 AdapterServiceConfig    com.google.android.bluetooth         I  init: profile=BatteryService, enabled=false
2026-04-09 01:26:26.808 21155-21155 AdapterServiceConfig    com.google.android.bluetooth         I  init: profile=CsipSetCoordinatorService, enabled=false
2026-04-09 01:26:26.808 21155-21155 AdapterServiceConfig    com.google.android.bluetooth         I  init: profile=HapClientService, enabled=false
2026-04-09 01:26:26.808 21155-21155 AdapterServiceConfig    com.google.android.bluetooth         I  init: profile=HeadsetService, enabled=true
2026-04-09 01:26:26.808 21155-21155 AdapterServiceConfig    com.google.android.bluetooth         I  init: profile=HeadsetClientService, enabled=false
2026-04-09 01:26:26.808 21155-21155 AdapterServiceConfig    com.google.android.bluetooth         I  init: profile=HearingAidService, enabled=true
2026-04-09 01:26:26.808 21155-21155 AdapterServiceConfig    com.google.android.bluetooth         I  init: profile=HidDeviceService, enabled=true
2026-04-09 01:26:26.808 21155-21155 AdapterServiceConfig    com.google.android.bluetooth         I  init: profile=HidHostService, enabled=true
2026-04-09 01:26:26.808 21155-21155 AdapterServiceConfig    com.google.android.bluetooth         I  init: profile=GattService, enabled=true
2026-04-09 01:26:26.809 21155-21155 AdapterServiceConfig    com.google.android.bluetooth         I  init: profile=LeAudioService, enabled=false
2026-04-09 01:26:26.809 21155-21155 AdapterServiceConfig    com.google.android.bluetooth         I  init: profile=TbsService, enabled=false
2026-04-09 01:26:26.809 21155-21155 AdapterServiceConfig    com.google.android.bluetooth         I  init: profile=BluetoothMapService, enabled=true
2026-04-09 01:26:26.809 21155-21155 AdapterServiceConfig    com.google.android.bluetooth         I  init: profile=MapClientService, enabled=false
2026-04-09 01:26:26.809 21155-21155 AdapterServiceConfig    com.google.android.bluetooth         I  init: profile=McpService, enabled=true
2026-04-09 01:26:26.809 21155-21155 AdapterServiceConfig    com.google.android.bluetooth         I  init: profile=BluetoothOppService, enabled=true
2026-04-09 01:26:26.809 21155-21155 AdapterServiceConfig    com.google.android.bluetooth         I  init: profile=PanService, enabled=true
2026-04-09 01:26:26.809 21155-21155 AdapterServiceConfig    com.google.android.bluetooth         I  init: profile=BluetoothPbapService, enabled=true
2026-04-09 01:26:26.810 21155-21155 AdapterServiceConfig    com.google.android.bluetooth         I  init: profile=PbapClientService, enabled=false
2026-04-09 01:26:26.810 21155-21155 AdapterServiceConfig    com.google.android.bluetooth         I  init: profile=SapService, enabled=false
2026-04-09 01:26:26.810 21155-21155 AdapterServiceConfig    com.google.android.bluetooth         I  init: profile=VolumeControlService, enabled=false
2026-04-09 01:26:26.811   543-1521  ActivityManager         system_server                        I  Flag disabled. Ignoring finishAttachApplication from uid: 1002. pid: 21155
2026-04-09 01:26:26.813 20512-20966 BugleRcsProvisioning    com.google.android.apps.messaging    I  RcsProvisioningTrigger: Schedule provisioning on app startup
2026-04-09 01:26:26.815 20512-20966 BugleRcsProvisioning    com.google.android.apps.messaging    I  scheduleProvisioning using legacy code path
2026-04-09 01:26:26.815 20512-20966 BugleRcsEngine          com.google.android.apps.messaging    W  [85] brcu.d: [SR]: Single Registration is disabled. Skipping Single Registration capability check for subId: 1, OS.isAtLeastS:[true], enableSingleRegistrationProvisioning:[false]
2026-04-09 01:26:26.816 20512-20966 BugleRcsProvisioning    com.google.android.apps.messaging    I  RcsProvisioningTrigger: DR is active, initializing DR provisioning. DUAL_REG
2026-04-09 01:26:26.866   543-1549  system_server           system_server                        W  Long monitor contention with owner appscheduling.default (627) at int com.android.server.job.JobSchedulerService.getUidProcState(int)(JobSchedulerService.java:2305) waiters=0 in java.util.List com.android.server.job.JobSchedulerService.getPendingJobsInNamespace(int, java.lang.String) for 708ms
2026-04-09 01:26:26.928   543-2484  ContentProviderHelper   system_server                        W  Slow operation: 76ms so far, now at getContentProviderImpl: after updateOomAdj
2026-04-09 01:26:26.932   543-2484  ContentProviderHelper   system_server                        W  Slow operation: 80ms so far, now at getContentProviderImpl: done!
2026-04-09 01:26:26.986 21155-21155 BluetoothMetricsLogger  com.google.android.bluetooth         I  setCounterMetricsAlarm()
2026-04-09 01:26:27.032 19464-19612 DialerRest...lEnabledFn com.google.android.dialer            I  com.android.dialer.voicemail.service.impl.vvmclients.rest.RestVoicemailEnabledFn.isEnabled:51 disabled by flag [CONTEXT ratelimit_period="1 MINUTES [skipped: 50]" ]
2026-04-09 01:26:27.056 21155-21155 BluetoothAdapterService com.google.android.bluetooth         D  onCreate()
2026-04-09 01:26:27.068 19464-19612 DialerVvmExecutorImpl   com.google.android.dialer            I  com.android.dialer.voicemail.service.impl.scheduler.VvmExecutorImpl.lambda$execute$6:166 Beginning VVM action: UPDATE_STATUS with retryCount: 1 [CONTEXT enable_persistent_logger=true ]
2026-04-09 01:26:27.076 19464-19594 DialerOmtpStatusChecker com.google.android.dialer            I  com.android.dialer.voicemail.service.impl.vvmclients.omtp.OmtpStatusChecker.updateStatus:84 enter [CONTEXT enable_persistent_logger=true ]
2026-04-09 01:26:27.078 19464-19594 DialerLogc...ngBindings com.google.android.dialer            I  com.android.dialer.logging.logcat.LogcatLoggingBindings.logImpression:46 Impression: VVM_STATUS_CHECK_STARTED
2026-04-09 01:26:27.110   198-198   tombstoned              tombstoned                           I  received crash request for pid 1159
2026-04-09 01:26:27.110   198-198   tombstoned              tombstoned                           I  found intercept fd 512 for pid 1159 and type kDebuggerdJavaBacktrace
2026-04-09 01:26:27.111  1159-1164  putmethod.latin         com...gle.android.inputmethod.latin  I  Wrote stack traces to tombstoned
2026-04-09 01:26:27.112   198-198   tombstoned              tombstoned                           W  skipping tombstone file creation due to intercept
2026-04-09 01:26:27.123 19464-19594 DialerVoic...aMigration com.google.android.dialer            I  com.android.dialer.voicemailstatus.dataservice.impl.VoicemailStatusDataMigration.lambda$migrate$0:78 no package status to migrate
2026-04-09 01:26:27.124   543-21122 system_server           system_server                        I  libdebuggerd_client: done dumping process 1159
2026-04-09 01:26:27.139   543-21122 ActivityManager         system_server                        I  Collecting stacks for pid 1560
2026-04-09 01:26:27.145   543-21122 system_server           system_server                        I  libdebuggerd_client: started dumping process 1560
2026-04-09 01:26:27.147 19464-19573 DialerVoic...aMigration com.google.android.dialer            I  com.android.dialer.voicemailstatus.dataservice.impl.VoicemailStatusDataMigration.cleanup:89 enter
2026-04-09 01:26:27.151   198-198   tombstoned              tombstoned                           I  registered intercept for pid 1560 and type kDebuggerdJavaBacktrace
2026-04-09 01:26:27.152  1560-1566  or.multidisplay         com.android.emulator.multidisplay    I  Thread[2,tid=1566,WaitingInMainSignalCatcherLoop,Thread*=0x7d49d3720a60,peer=0x12d001c8,"Signal Catcher"]: reacting to signal 3
2026-04-09 01:26:27.152  1560-1566  or.multidisplay         com.android.emulator.multidisplay    I  
2026-04-09 01:26:27.174   543-571   Looper                  system_server                        W  Slow dispatch took 27290ms android.bg h=android.os.Handler c=android.app.LoadedApk$ReceiverDispatcher$Args$$ExternalSyntheticLambda0@5976062 m=0
2026-04-09 01:26:27.178 20512-20616 BugleNetwork            com.google.android.apps.messaging    I  Startup: registering tachyon.
2026-04-09 01:26:27.208 20512-20989 BugleRcsEngine          com.google.android.apps.messaging    W  [90] brcu.d: [SR]: Single Registration is disabled. Skipping Single Registration capability check for subId: 1, OS.isAtLeastS:[true], enableSingleRegistrationProvisioning:[false]
2026-04-09 01:26:27.311 20728-20728 Capacitor/Console       com.redennier.taskapp                W  File: https://localhost/static/js/main.4120c8ca.js - Line 2 - Msg: The width(-1) and height(-1) of chart should be greater than 0,
                                                                                                           please check the style of container, or the props width(100%) and height(100%),
                                                                                                           or add a minWidth(0) or minHeight(undefined) or use aspect(undefined) to control the
                                                                                                           height and width.
2026-04-09 01:26:27.320 20728-20728 Capacitor/Console       com.redennier.taskapp                W  File: https://localhost/static/js/main.4120c8ca.js - Line 2 - Msg: The width(-1) and height(-1) of chart should be greater than 0,
                                                                                                           please check the style of container, or the props width(100%) and height(100%),
                                                                                                           or add a minWidth(0) or minHeight(undefined) or use aspect(undefined) to control the
                                                                                                           height and width.
2026-04-09 01:26:27.371   198-198   tombstoned              tombstoned                           I  received crash request for pid 1560
2026-04-09 01:26:27.371   198-198   tombstoned              tombstoned                           I  found intercept fd 512 for pid 1560 and type kDebuggerdJavaBacktrace
2026-04-09 01:26:27.376   198-198   tombstoned              tombstoned                           W  skipping tombstone file creation due to intercept
2026-04-09 01:26:27.376  1560-1566  or.multidisplay         com.android.emulator.multidisplay    I  Wrote stack traces to tombstoned
2026-04-09 01:26:27.394 20728-20919 Capacitor               com.redennier.taskapp                D  Handling local request: https://localhost/logo.png
2026-04-09 01:26:27.403   543-21122 system_server           system_server                        I  libdebuggerd_client: done dumping process 1560
2026-04-09 01:26:27.413   543-21122 ActivityManager         system_server                        I  Collecting stacks for pid 966
2026-04-09 01:26:27.425   543-21122 system_server           system_server                        I  libdebuggerd_client: started dumping process 966
2026-04-09 01:26:27.426   198-198   tombstoned              tombstoned                           I  registered intercept for pid 966 and type kDebuggerdJavaBacktrace
2026-04-09 01:26:27.426   966-966   m.android.phone         com.android.phone                    W  Long monitor contention with owner binder:966_F (17641) at boolean android.os.MessageQueue.enqueueMessage(android.os.Message, long)(MessageQueue.java:600) waiters=0 in android.os.Message android.os.MessageQueue.next() for 367ms
2026-04-09 01:26:27.431   966-971   m.android.phone         com.android.phone                    I  Thread[3,tid=971,WaitingInMainSignalCatcherLoop,Thread*=0x7d49d3716380,peer=0x131001c8,"Signal Catcher"]: reacting to signal 3
2026-04-09 01:26:27.431   966-971   m.android.phone         com.android.phone                    I  
2026-04-09 01:26:27.436 20512-20989 BugleRcsEngine          com.google.android.apps.messaging    I  [90] brnl.e: No RCS Configuration was found in Bugle for simID: redacted-pii:sim_id[chars:20,last3:897]
2026-04-09 01:26:27.467   543-2478  ProcessStats            system_server                        W  Tracking association SourceState{e5529dc com.google.android.gms.unstable/10128 BFgs #16357} whose proc state 4 is better than process ProcessState{e92c092 com.google.process.gservices/10128 pkg=com.google.android.gsf} proc state 10 (687 skipped)
2026-04-09 01:26:27.594 20512-21010 BugleAction             com.google.android.apps.messaging    W  No default number, returning empty msisdn
2026-04-09 01:26:27.638   543-571   Looper                  system_server                        W  Slow delivery took 45630ms android.bg h=android.os.Handler c=android.app.LoadedApk$ReceiverDispatcher$Args$$ExternalSyntheticLambda0@92c0ae5 m=0
2026-04-09 01:26:27.669 20512-20714 BugleTransport          com.google.android.apps.messaging    I  updateActiveTransport: refreshing chat transport
2026-04-09 01:26:27.776 21155-21155 AdapterState            com.google.android.bluetooth         D  make() - Creating AdapterState
2026-04-09 01:26:27.849 21155-21155 BluetoothK...oreService com.google.android.bluetooth         D  new BluetoothKeystoreService isCommonCriteriaMode: false
2026-04-09 01:26:27.863 21155-21155 BluetoothK...oreService com.google.android.bluetooth         D  start
2026-04-09 01:26:27.865 21155-21155 droid.bluetooth         com.google.android.bluetooth         I  [0409/052627.865781:INFO:com_android_bluetooth_btservice_BluetoothKeystore.cpp(97)] classInitNative: succeeds
2026-04-09 01:26:27.868 21155-21155 BluetoothK...oreService com.google.android.bluetooth         D  setBluetoothKeystoreService(): set to: com.android.bluetooth.btservice.bluetoothkeystore.BluetoothKeystoreService@73ab71
2026-04-09 01:26:27.871 21155-21208 AdapterState            com.google.android.bluetooth         I  OFF : entered 
2026-04-09 01:26:27.924 21155-21155 BluetoothK...oreService com.google.android.bluetooth         D  loadConfigData
2026-04-09 01:26:27.925 21155-21208 AdapterProperties       com.google.android.bluetooth         D  Setting state to OFF
2026-04-09 01:26:27.932 21155-21155 BluetoothK...oreService com.google.android.bluetooth         D  getCompareResult: 0
2026-04-09 01:26:27.941 20512-20989 BugleRcsEngine          com.google.android.apps.messaging    I  [90] zzo.l: Scheduled provisioning task with 0 seconds delay, KEEP policy, trigger is APP_STARTUP, workerId is 35cbda37-0baa-467d-8dd3-79e82f32c745
2026-04-09 01:26:27.971 21155-21155 Compatibil...geReporter com.google.android.bluetooth         D  Compat change id reported: 183155436; UID 1002; state: ENABLED
2026-04-09 01:26:27.973 21155-21155 bt_btif                 com.google.android.bluetooth         I  packages/modules/Bluetooth/system/btif/src/bluetooth.cc:386 init: init: start restricted = 0 ; common criteria mode = 0, config compare result = 0
2026-04-09 01:26:27.973 21155-21155 bt                      com.google.android.bluetooth         I  bt_common::init_flags: Flags loaded: asha_packet_drop_frequency_threshold=60asha_phy_update_retry_limit=5always_send_services_if_gatt_disc_done=truealways_use_private_gatt_for_debugging=falseasynchronously_start_l2cap_coc=truebtaa_hci=truebta_dm_clear_conn_id_on_client_close=truebtm_dm_flush_discovery_queue_on_search_cancel=falseclassic_discovery_only=falseclear_hidd_interrupt_cid_on_disconnect=truedelay_hidh_cleanup_until_hidh_ready_start=truedevice_iot_config_logging=falsedynamic_avrcp_version_enhancement=truefinite_att_timeout=truegatt_robust_caching_client=truegatt_robust_caching_server=falsegd_core=falsegd_hal_snoop_logger_socket=truegd_hal_snoop_logger_filtering=truegd_l2cap=falsegd_link_policy=falsegd_remote_name_request=falsegd_rust=falsehci_adapter=0hfp_dynamic_version=trueirk_rotation=falseleaudio_targeted_announcement_reconnection_mode=truepass_phy_update_callback=truepbap_pse_dynamic_version_upgrade=falseperiodic_advertising_adi=trueprivate_gatt=truequeue_l2cap_coc_while_encrypting=trueread_encryption_key_size=trueredact_log=truerust_event_loop=truesco_codec_select_lc3=falsesco_codec_timeout_clear=falsesdp_serialization=truesdp_skip_rnr_if_known=truebluetooth_quality_report_callback=trueset_min_encryption=truesubrating=truetrigger_advertising_callbacks_on_first_resume_after_pause=trueuse_unified_connection_manager=falsesdp_return_classic_services_when_le_discovery_fails=truedefault_log_level=4logging_explicit_tag_settings={}
2026-04-09 01:26:28.009 20512-20714 BugleTransport          com.google.android.apps.messaging    I  Tachygram is disabled because the RCS Configuration is empty [CONTEXT ratelimit_period="5 SECONDS" ]
2026-04-09 01:26:28.014 21155-21213 droid.bluetooth         com.google.android.bluetooth         I  [0409/052628.014774:INFO:message_loop_thread.cc(184)] Run: message loop starting for thread bt_stack_manager_thread
2026-04-09 01:26:28.020 21155-21213 bt_stack_manager        com.google.android.bluetooth         I  packages/modules/Bluetooth/system/btif/src/stack_manager.cc:277 event_init_stack: is initializing the stack
2026-04-09 01:26:28.158 20512-20714 BugleTransport          com.google.android.apps.messaging    I  Enabled chat transport is TRANSPORT_RCS [CONTEXT group_by="TRANSPORT_RCS" ratelimit_period="5 SECONDS" ]
2026-04-09 01:26:28.159 20512-20714 BugleTransport          com.google.android.apps.messaging    I  refreshChatTransport: isChatAvailable: false, enabledTransport: 1, configuration: <empty>
2026-04-09 01:26:28.192 21155-21214 droid.bluetooth         com.google.android.bluetooth         I  [0409/052628.192547:INFO:message_loop_thread.cc(184)] Run: message loop starting for thread bt_main_thread
2026-04-09 01:26:28.194 21155-21213 device_iot_config       com.google.android.bluetooth         I  packages/modules/Bluetooth/system/device/src/device_iot_config_int.cc:68 device_iot_config_module_init: 
2026-04-09 01:26:28.195 21155-21213 droid.bluetooth         com.google.android.bluetooth         E  [0409/052628.195274:ERROR:config.cc(106)] config_new: unable to open file '/data/misc/bluedroid/bt_remote_dev_info.conf': No such file or directory
2026-04-09 01:26:28.196 21155-21213 device_iot_config       com.google.android.bluetooth         W  packages/modules/Bluetooth/system/device/src/device_iot_config_int.cc:83 device_iot_config_module_init: Unable to load config file: /data/misc/bluedroid/bt_remote_dev_info.conf; using backup.
2026-04-09 01:26:28.197 21155-21213 droid.bluetooth         com.google.android.bluetooth         E  [0409/052628.196972:ERROR:config.cc(106)] config_new: unable to open file '/data/misc/bluedroid/bt_remote_dev_info.bak': No such file or directory
2026-04-09 01:26:28.197 21155-21213 device_iot_config       com.google.android.bluetooth         E  packages/modules/Bluetooth/system/device/src/device_iot_config_int.cc:89 device_iot_config_module_init: Unable to load bak file; creating empty config.
2026-04-09 01:26:28.198 21155-21213 device_iot_config       com.google.android.bluetooth         I  packages/modules/Bluetooth/system/device/src/device_iot_config_int.cc:130 device_iot_config_module_init: Devices loaded 0
2026-04-09 01:26:28.259 21155-21217 bt_osi_thread           com.google.android.bluetooth         I  packages/modules/Bluetooth/system/osi/src/thread.cc:210 run_thread: run_thread: thread id 21217, thread name alarm_default_ca started
2026-04-09 01:26:28.272 21155-21218 bt_osi_thread           com.google.android.bluetooth         I  packages/modules/Bluetooth/system/osi/src/thread.cc:210 run_thread: run_thread: thread id 21218, thread name alarm_dispatcher started
2026-04-09 01:26:28.273 21155-21213 bt_core_module          com.google.android.bluetooth         I  packages/modules/Bluetooth/system/btcore/src/module.cc:86 module_start_up: module_start_up Starting module "gd_shim_module"
2026-04-09 01:26:28.274 21155-21213 bt_gd_shim              com.google.android.bluetooth         I  packages/modules/Bluetooth/system/main/shim/stack.cc:81 StartEverything: StartEverything Starting Gd stack
2026-04-09 01:26:28.275 21155-21213 bt_gd_shim              com.google.android.bluetooth         I  packages/modules/Bluetooth/system/main/shim/stack.cc:160 Start: Start Starting Gd stack
2026-04-09 01:26:28.276 21155-21213 BtGdWakelockNative      com.google.android.bluetooth         I  packages/modules/Bluetooth/system/gd/os/android/wakelock_native.cc:79 Initialize: Initializing native wake locks
2026-04-09 01:26:28.278  4131-4145  .gms.persistent         com.google.android.gms.persistent    I  Background young concurrent copying GC freed 291338(12MB) AllocSpace objects, 28(896KB) LOS objects, 41% free, 16MB/28MB, paused 130.594ms,369us total 2.325s
2026-04-09 01:26:28.303 21155-21220 BtGdModule              com.google.android.bluetooth         I  packages/modules/Bluetooth/system/gd/module.cc:85 Start: Constructing next module
2026-04-09 01:26:28.304 21155-21220 BtGdModule              com.google.android.bluetooth         I  packages/modules/Bluetooth/system/gd/module.cc:89 Start: Starting dependencies of BluetoothCounterMetrics
2026-04-09 01:26:28.346 19464-19612 DialerFixe...ontributor com.google.android.dialer            I  com.android.dialer.fixeddialingnumber.impl.phonelookup.FixedDialingNumberPhoneLookupContributor.lambda$getFdnListFromUri$6:237 empty cursor
2026-04-09 01:26:28.348 21155-21220 BtGdModule              com.google.android.bluetooth         I  packages/modules/Bluetooth/system/gd/module.cc:93 Start: Finished starting dependencies and calling Start() of BluetoothCounterMetrics
2026-04-09 01:26:28.350 21155-21220 BluetoothCounterMetrics com.google.android.bluetooth         I  packages/modules/Bluetooth/system/gd/metrics/counter_metrics.cc:40 Start: Counter metrics initialized
2026-04-09 01:26:28.355 21155-21220 BtGdModule              com.google.android.bluetooth         I  packages/modules/Bluetooth/system/gd/module.cc:99 Start: Started BluetoothCounterMetrics
2026-04-09 01:26:28.355 21155-21220 BtGdModule              com.google.android.bluetooth         I  packages/modules/Bluetooth/system/gd/module.cc:85 Start: Constructing next module
2026-04-09 01:26:28.355 21155-21220 BtGdModule              com.google.android.bluetooth         I  packages/modules/Bluetooth/system/gd/module.cc:89 Start: Starting dependencies of HciHalHidl
2026-04-09 01:26:28.355 21155-21220 BtGdModule              com.google.android.bluetooth         I  packages/modules/Bluetooth/system/gd/module.cc:85 Start: Constructing next module
2026-04-09 01:26:28.355 21155-21220 bluetooth               com.google.android.bluetooth         I  packages/modules/Bluetooth/system/gd/hal/snoop_logger.cc:1432 GetBtSnoopMode: btsnoop_mode_empty: 1
2026-04-09 01:26:28.355 21155-21220 bluetooth               com.google.android.bluetooth         I  packages/modules/Bluetooth/system/gd/hal/snoop_logger.cc:520 SnoopLogger: Snoop Logs disabled
2026-04-09 01:26:28.355 21155-21220 bluetooth               com.google.android.bluetooth         I  packages/modules/Bluetooth/system/gd/hal/snoop_logger.cc:334 delete_btsnoop_files: Deleting logs if they exist
2026-04-09 01:26:28.374 19464-19594 DialerRefr...lLogWorker com.google.android.dialer            I  com.android.dialer.calllog.refresh.impl.RefreshAnnotatedCallLogWorker.lambda$rebuild$3:173 filling VoicemailDataSource
2026-04-09 01:26:28.402 21155-21220 bluetooth               com.google.android.bluetooth         I  packages/modules/Bluetooth/system/gd/hal/snoop_logger.cc:340 delete_btsnoop_files: Main log file does not exist at "/data/misc/bluetooth/logs/btsnoop_hci.log.filtered"
2026-04-09 01:26:28.402 21155-21220 bluetooth               com.google.android.bluetooth         I  packages/modules/Bluetooth/system/gd/hal/snoop_logger.cc:348 delete_btsnoop_files: Last log file does not exist at "/data/misc/bluetooth/logs/btsnoop_hci.log.filtered"
2026-04-09 01:26:28.403 21155-21220 bluetooth               com.google.android.bluetooth         I  packages/modules/Bluetooth/system/gd/hal/snoop_logger.cc:334 delete_btsnoop_files: Deleting logs if they exist
2026-04-09 01:26:28.403 21155-21220 bluetooth               com.google.android.bluetooth         I  packages/modules/Bluetooth/system/gd/hal/snoop_logger.cc:340 delete_btsnoop_files: Main log file does not exist at "/data/misc/bluetooth/logs/btsnoop_hci.log"
2026-04-09 01:26:28.403 21155-21220 bluetooth               com.google.android.bluetooth         I  packages/modules/Bluetooth/system/gd/hal/snoop_logger.cc:348 delete_btsnoop_files: Last log file does not exist at "/data/misc/bluetooth/logs/btsnoop_hci.log"
2026-04-09 01:26:28.403 21155-21220 BtGdModule              com.google.android.bluetooth         I  packages/modules/Bluetooth/system/gd/module.cc:89 Start: Starting dependencies of SnoopLogger
2026-04-09 01:26:28.403 21155-21220 BtGdModule              com.google.android.bluetooth         I  packages/modules/Bluetooth/system/gd/module.cc:93 Start: Finished starting dependencies and calling Start() of SnoopLogger
2026-04-09 01:26:28.404 21155-21220 BtGdModule              com.google.android.bluetooth         I  packages/modules/Bluetooth/system/gd/module.cc:99 Start: Started SnoopLogger
2026-04-09 01:26:28.404 21155-21220 BtGdModule              com.google.android.bluetooth         I  packages/modules/Bluetooth/system/gd/module.cc:85 Start: Constructing next module
2026-04-09 01:26:28.408 19464-19594 DialerRefr...lLogWorker com.google.android.dialer            I  com.android.dialer.calllog.refresh.impl.RefreshAnnotatedCallLogWorker.lambda$rebuild$3:173 filling SpamCallDataSource
2026-04-09 01:26:28.409 19464-19594 DialerSpam...DataSource com.google.android.dialer            I  com.android.dialer.calllog.datasources.spamcall.SpamCallDataSource.fill:81 fill
2026-04-09 01:26:28.409 19464-19594 DialerSpam...DataSource com.google.android.dialer            I  com.android.dialer.calllog.datasources.spamcall.SpamCallDataSource.handleInserts:87 handleInserts
2026-04-09 01:26:28.410 21155-21220 BtGdModule              com.google.android.bluetooth         I  packages/modules/Bluetooth/system/gd/module.cc:89 Start: Starting dependencies of Btaa Module
2026-04-09 01:26:28.410 21155-21220 BtGdModule              com.google.android.bluetooth         I  packages/modules/Bluetooth/system/gd/module.cc:93 Start: Finished starting dependencies and calling Start() of Btaa Module
2026-04-09 01:26:28.411  4131-20867 NetworkScheduler.Stats  com.google.android.gms.persistent    I  Task com.google.android.gms/com.google.android.gms.icing.proxy.IcingInternalCorporaUpdateService started execution. cause:9 exec_start_elapsed_seconds: 9394 [CONTEXT service_id=218 ]
2026-04-08 23:49:42.683     0-0     servicemanager          kernel                               E  VINTF HALs require names in the format type/instance (e.g. some.package.foo.IFoo/default) but got: suspend_control
2026-04-09 01:26:28.427 21155-21220 btaa                    com.google.android.bluetooth         E  packages/modules/Bluetooth/system/gd/btaa/android/activity_attribution.cc:107 impl: No suspend control service available.
2026-04-09 01:26:28.427 21155-21220 BtGdModule              com.google.android.bluetooth         I  packages/modules/Bluetooth/system/gd/module.cc:99 Start: Started Btaa Module
2026-04-09 01:26:28.427 21155-21220 BtGdModule              com.google.android.bluetooth         I  packages/modules/Bluetooth/system/gd/module.cc:93 Start: Finished starting dependencies and calling Start() of HciHalHidl
2026-04-08 23:49:42.700     0-0     servicemanager          kernel                               I  Found android.hardware.bluetooth.IBluetoothHci/default in device VINTF manifest.
2026-04-09 01:26:28.455 21155-21220 bluetooth               com.google.android.bluetooth         I  packages/modules/Bluetooth/system/gd/hal/hci_hal_android_hidl.cc:417 start_aidl: Using the AIDL interface
2026-04-09 01:26:28.474 19464-19597 DialerCompositeSpam     com.google.android.dialer            I  com.android.dialer.spam.composite.CompositeSpam.lambda$batchDeleteCallSpamStatus$2:228 deleted 0 rows
2026-04-09 01:26:28.474 19464-19594 DialerRefr...lLogWorker com.google.android.dialer            I  com.android.dialer.calllog.refresh.impl.RefreshAnnotatedCallLogWorker.lambda$rebuild$3:173 filling daj
2026-04-09 01:26:28.485 19464-19594 DialerCall...rksStorage com.google.android.dialer            I  com.android.dialer.callingnetworks.impl.CallingNetworksStorage.deleteAllMatching:301 Nothing to delete
2026-04-09 01:26:28.490   966-971   m.android.phone         com.android.phone                    W  Suspending all threads took: 89.199ms
2026-04-09 01:26:28.500   386-386   android.ha...ce.default and...are.bluetooth-service.default  I  initialize
2026-04-09 01:26:28.501   386-386   android.ha...ce.default and...are.bluetooth-service.default  I  opening hci interface 0
2026-04-09 01:26:28.501   386-386   android.ha...ce.default and...are.bluetooth-service.default  E  unable to open /dev/rfkill: Permission denied
2026-04-09 01:26:28.501   386-386   android.ha...ce.default and...are.bluetooth-service.default  E  rfkill unavailable
2026-04-09 01:26:28.501   386-386   android.ha...ce.default and...are.bluetooth-service.default  I  waiting for hci interface 0
2026-04-09 01:26:28.502   386-386   android.ha...ce.default and...are.bluetooth-service.default  I  hci interface 0 found
2026-04-09 01:26:28.534   386-386   android.ha...ce.default and...are.bluetooth-service.default  I  hci interface 0 ready
2026-04-09 01:26:28.545   198-198   tombstoned              tombstoned                           I  received crash request for pid 966
2026-04-09 01:26:28.545   198-198   tombstoned              tombstoned                           I  found intercept fd 512 for pid 966 and type kDebuggerdJavaBacktrace
2026-04-09 01:26:28.546   198-198   tombstoned              tombstoned                           W  skipping tombstone file creation due to intercept
2026-04-09 01:26:28.546   966-971   m.android.phone         com.android.phone                    I  Wrote stack traces to tombstoned
2026-04-09 01:26:28.554 19464-19594 DialerRefr...lLogWorker com.google.android.dialer            I  com.android.dialer.calllog.refresh.impl.RefreshAnnotatedCallLogWorker.lambda$rebuild$3:173 filling CallRecordingDataSource
2026-04-09 01:26:28.565   543-21122 system_server           system_server                        I  libdebuggerd_client: done dumping process 966
2026-04-09 01:26:28.577   543-21122 ActivityManager         system_server                        I  Collecting stacks for pid 950
2026-04-09 01:26:28.581   543-21122 system_server           system_server                        I  libdebuggerd_client: started dumping process 950
2026-04-09 01:26:28.582   198-198   tombstoned              tombstoned                           I  registered intercept for pid 950 and type kDebuggerdJavaBacktrace
2026-04-09 01:26:28.583 19464-19594 DialerCall...DataSource com.google.android.dialer            I  com.android.dialer.callrecording.impl.calllog.CallRecordingDataSource.fill:97 enter
2026-04-09 01:26:28.583 19464-19594 DialerCall...DataSource com.google.android.dialer            I  com.android.dialer.callrecording.impl.calllog.CallRecordingDataSource.handleInsertsAndUpdatesFromAnnotatedCallLog:112 enter
2026-04-09 01:26:28.584   950-953   com.android.se          com.android.se                       I  Thread[4,tid=953,WaitingInMainSignalCatcherLoop,Thread*=0x7d49d3720a60,peer=0x12d401c8,"Signal Catcher"]: reacting to signal 3
2026-04-09 01:26:28.584   950-953   com.android.se          com.android.se                       I  
2026-04-09 01:26:28.588 19464-20541 DialerVvmS...uestSender com.google.android.dialer            I  com.android.dialer.voicemail.service.impl.vvmclients.omtp.sms.VvmSmsRequestSender.lambda$sendOmtpSmsMessage$4:203 send visual voicemail sms
2026-04-09 01:26:28.591 20512-21010 RcsClientLib            com.google.android.apps.messaging    I  Connecting RcsEngineLifecycleService
2026-04-09 01:26:28.591 20512-21010 RcsClientLib            com.google.android.apps.messaging    W  No CS.apk RCS service found. Is RCS running in Bugle?
2026-04-09 01:26:28.593 19464-19594 DialerCall...tusService com.google.android.dialer            I  com.android.dialer.callrecording.impl.calllog.CallRecordingDataSourceStatusService.lambda$getTimestampOfLastSyncedCallRecordingInfoMillis$5:100 lastSyncedCallRecordingInfoTimestamp 0
2026-04-09 01:26:28.596 19464-19612 DialerVvmS...atcherImpl com.google.android.dialer            I  com.android.dialer.voicemail.service.impl.sms.VvmSmsDispatcherImpl.lambda$getOmtpSmsMessage$3:94 add sms listener: 167549454
2026-04-09 01:26:28.607 19464-19611 DialerCall...DataSource com.google.android.dialer            I  com.android.dialer.callrecording.impl.calllog.CallRecordingDataSource.lambda$getAnnotatedCallLogIdsToCallRecordingInfoMap$13:350 lastSyncedCallRecordingInfoTimestamp 0
2026-04-09 01:26:28.651 19464-19612 DialerCall...DataSource com.google.android.dialer            I  com.android.dialer.callrecording.impl.calllog.CallRecordingDataSource.handleDeletesFromAnnotatedCallLog:152 enter
2026-04-09 01:26:28.659 19464-20543 DialerSmsSenderImpl     com.google.android.dialer            I  com.android.dialer.voicemail.service.impl.vvmclients.omtp.sms.impl.SmsSenderImpl.lambda$sendVvmSms$0:45 send visual voicemail sms: STATUS [CONTEXT enable_persistent_logger=true ]
2026-04-09 01:26:28.665 20512-20616 BugleNetwork            com.google.android.apps.messaging    I  Startup: registering tachyon for phone.
2026-04-09 01:26:28.665 20512-20616 BugleNetwork            com.google.android.apps.messaging    I  Profile service is not connected at startup task.
2026-04-09 01:26:28.669 19464-19612 DialerCall...syncSqlite com.google.android.dialer            I  com.android.dialer.callrecording.impl.storage.CallRecordingInfoStorageAsyncSqlite.deleteCallLogInitiated:477 enter
2026-04-09 01:26:28.673 19464-19594 DialerCall...DataSource com.google.android.dialer            I  com.android.dialer.callrecording.impl.calllog.CallRecordingDataSource.addDeleteUpdatesFromCallRecordingInitiatedDeletes:196 enter
2026-04-09 01:26:28.675   543-618   ContentProviderHelper   system_server                        W  Slow operation: 249ms so far, now at getContentProviderImpl: after updateOomAdj
2026-04-09 01:26:28.676 19464-19594 DialerRefr...lLogWorker com.google.android.dialer            I  com.android.dialer.calllog.refresh.impl.RefreshAnnotatedCallLogWorker.lambda$rebuild$4:186 applying mutations
2026-04-09 01:26:28.678 19464-19594 DialerRefr...lLogWorker com.google.android.dialer            I  com.android.dialer.calllog.refresh.impl.RefreshAnnotatedCallLogWorker.lambda$rebuild$5:200 coalescing call history
2026-04-09 01:26:28.699 19464-19612 DialerRefr...lLogWorker com.google.android.dialer            I  com.android.dialer.calllog.refresh.impl.RefreshAnnotatedCallLogWorker.lambda$rebuild$6:209 coalescing conversation history
2026-04-09 01:26:28.699 19464-19612 DialerConv...yCoalescer com.google.android.dialer            I  com.android.dialer.calllog.coalescer.ConversationHistoryCoalescer.coalesce:100 coalesce
2026-04-09 01:26:28.700 19464-19612 DialerCall...DataSource com.google.android.dialer            I  com.android.dialer.callrecording.impl.calllog.CallRecordingDataSource.onSuccessfulFill:236 enter
2026-04-09 01:26:28.701 19464-19597 DialerConv...yCoalescer com.google.android.dialer            I  com.android.dialer.calllog.coalescer.ConversationHistoryCoalescer.coalesceInternal:125 coalesceInternal
2026-04-09 01:26:28.704 19464-19594 DialerCall...yCoalescer com.google.android.dialer            I  com.android.dialer.calllog.coalescer.CallHistoryCoalescer.coalesce:109 coalesce
2026-04-09 01:26:28.704 19464-19594 DialerCall...yCoalescer com.google.android.dialer            I  com.android.dialer.calllog.coalescer.CallHistoryCoalescer.coalesceWithSelection:166 coalesceWithSelection
2026-04-09 01:26:28.706 19464-19594 DialerCall...yCoalescer com.google.android.dialer            I  com.android.dialer.calllog.coalescer.CallHistoryCoalescer.coalesceWithSelection:166 coalesceWithSelection
2026-04-09 01:26:28.715 19464-19592 DialerCall...ontributor com.google.android.dialer            I  com.android.dialer.calleridfeedback.impl.phonelookup.CallerIdFeedbackPhoneLookupContributor.onSuccessfulBulkUpdate:133 Writing timestampOfLastCallerIdFeedbackLookup : 1775712385253
2026-04-09 01:26:28.728 19464-19611 DialerCall...yCoalescer com.google.android.dialer            I  com.android.dialer.calllog.coalescer.CallHistoryCoalescer.coalesceInternal:203 coalesceInternal
2026-04-09 01:26:28.740 19464-19592 DialerCall...yCoalescer com.google.android.dialer            I  com.android.dialer.calllog.coalescer.CallHistoryCoalescer.coalesceInternal:203 coalesceInternal
2026-04-09 01:26:28.741   543-637   RoleControllerManager   system_server                        E  Error calling grantDefaultRoles()
                                                                                                    java.util.concurrent.TimeoutException
                                                                                                    	at android.permission.jarjar.com.android.internal.infra.AndroidFuture.triggerTimeout(AndroidFuture.java:289)
                                                                                                    	at android.permission.jarjar.com.android.internal.infra.AndroidFuture$$ExternalSyntheticLambda1.run(Unknown Source:2)
                                                                                                    	at android.os.Handler.handleCallback(Handler.java:958)
                                                                                                    	at android.os.Handler.dispatchMessage(Handler.java:99)
                                                                                                    	at android.os.Looper.loopOnce(Looper.java:205)
                                                                                                    	at android.os.Looper.loop(Looper.java:294)
                                                                                                    	at com.android.server.SystemServer.run(SystemServer.java:970)
                                                                                                    	at com.android.server.SystemServer.main(SystemServer.java:664)
                                                                                                    	at java.lang.reflect.Method.invoke(Native Method)
                                                                                                    	at com.android.internal.os.RuntimeInit$MethodAndArgsCaller.run(RuntimeInit.java:552)
                                                                                                    	at com.android.internal.os.ZygoteInit.main(ZygoteInit.java:949)
2026-04-09 01:26:28.759 19464-19594 DialerCoalescedRowsDao  com.google.android.dialer            I  com.android.dialer.calllog.coalescer.CoalescedRowsDao.saveToFileForAllCalls:101 saveToFileForAllCalls
2026-04-09 01:26:28.791 19464-19611 DialerCoalescedRowsDao  com.google.android.dialer            I  com.android.dialer.calllog.coalescer.CoalescedRowsDao.save:162 start writing coalesced_rows_for_all_calls
2026-04-09 01:26:28.793 19464-19594 DialerCoalescedRowsDao  com.google.android.dialer            I  com.android.dialer.calllog.coalescer.CoalescedRowsDao.saveToFileForAllCallsInConversationHistory:142 saveToFileForAllCallsInConversationHistory
2026-04-09 01:26:28.800 19464-19611 DialerCoalescedRowsDao  com.google.android.dialer            I  com.android.dialer.calllog.coalescer.CoalescedRowsDao.save:167 finished writing coalesced_rows_for_all_calls
2026-04-09 01:26:28.801 19464-19612 DialerCoal...edNotifier com.google.android.dialer            I  com.android.dialer.calllog.coalescer.CoalescedRowsUpdatedNotifier.notifyForCallLogAllCalls:57 notifyForCallLogAllCalls
2026-04-09 01:26:28.814 19464-19594 DialerCoalescedRowsDao  com.google.android.dialer            I  com.android.dialer.calllog.coalescer.CoalescedRowsDao.saveToFileForMissedCalls:121 saveToFileForMissedCalls
2026-04-09 01:26:28.822 19464-19597 DialerCoalescedRowsDao  com.google.android.dialer            I  com.android.dialer.calllog.coalescer.CoalescedRowsDao.save:162 start writing coalesced_rows_for_conversation_history_all_calls
2026-04-09 01:26:28.836 19464-19597 DialerCoalescedRowsDao  com.google.android.dialer            I  com.android.dialer.calllog.coalescer.CoalescedRowsDao.save:167 finished writing coalesced_rows_for_conversation_history_all_calls
2026-04-09 01:26:28.847 19464-19592 DialerCoalescedRowsDao  com.google.android.dialer            I  com.android.dialer.calllog.coalescer.CoalescedRowsDao.save:162 start writing coalesced_rows_for_missed_calls
2026-04-09 01:26:28.847 19464-19592 DialerCoalescedRowsDao  com.google.android.dialer            I  com.android.dialer.calllog.coalescer.CoalescedRowsDao.save:167 finished writing coalesced_rows_for_missed_calls
2026-04-09 01:26:28.853   198-198   tombstoned              tombstoned                           I  received crash request for pid 950
2026-04-09 01:26:28.853   198-198   tombstoned              tombstoned                           I  found intercept fd 512 for pid 950 and type kDebuggerdJavaBacktrace
2026-04-09 01:26:28.853 19464-19612 DialerCoal...edNotifier com.google.android.dialer            I  com.android.dialer.calllog.coalescer.CoalescedRowsUpdatedNotifier.notifyForCallLogMissedCalls:68 notifyForCallLogMissedCalls
2026-04-09 01:26:28.867   198-198   tombstoned              tombstoned                           W  skipping tombstone file creation due to intercept
2026-04-09 01:26:28.866   950-953   com.android.se          com.android.se                       I  Wrote stack traces to tombstoned
2026-04-09 01:26:28.884 19464-19594 DialerCoal...edNotifier com.google.android.dialer            I  com.android.dialer.calllog.coalescer.CoalescedRowsUpdatedNotifier.notifyForConversationHistory:79 notifyForConversationHistory
2026-04-09 01:26:28.884 19464-19594 DialerRefr...lLogWorker com.google.android.dialer            I  com.android.dialer.calllog.refresh.impl.RefreshAnnotatedCallLogWorker.lambda$rebuild$7:219 coalesced row updated
2026-04-09 01:26:28.885   543-21122 system_server           system_server                        I  libdebuggerd_client: done dumping process 950
2026-04-09 01:26:28.888   386-386   android.ha...ce.default and...are.bluetooth-service.default  I  HCI Reset successful
2026-04-09 01:26:28.888   386-386   android.ha...ce.default and...are.bluetooth-service.default  I  initialization complete
2026-04-09 01:26:28.897 19464-19612 DialerLogc...ngBindings com.google.android.dialer            I  com.android.dialer.logging.logcat.LogcatLoggingBindings.logImpression:41 Impression: ANNOTATED_CALL_LOG_FORCE_REFRESH_NO_CHANGES_NEEDED
2026-04-09 01:26:28.908 21155-21220 BtGdModule              com.google.android.bluetooth         I  packages/modules/Bluetooth/system/gd/module.cc:99 Start: Started HciHalHidl
2026-04-09 01:26:28.908 21155-21220 BtGdModule              com.google.android.bluetooth         I  packages/modules/Bluetooth/system/gd/module.cc:85 Start: Constructing next module
2026-04-09 01:26:28.909 21155-21220 BtGdModule              com.google.android.bluetooth         I  packages/modules/Bluetooth/system/gd/module.cc:89 Start: Starting dependencies of Hci Layer
2026-04-09 01:26:28.917 21155-21220 BtGdModule              com.google.android.bluetooth         I  packages/modules/Bluetooth/system/gd/module.cc:85 Start: Constructing next module
2026-04-09 01:26:28.918 21155-21220 BtGdModule              com.google.android.bluetooth         I  packages/modules/Bluetooth/system/gd/module.cc:89 Start: Starting dependencies of Storage Module
2026-04-09 01:26:28.918 21155-21220 BtGdModule              com.google.android.bluetooth         I  packages/modules/Bluetooth/system/gd/module.cc:93 Start: Finished starting dependencies and calling Start() of Storage Module
2026-04-09 01:26:28.922   543-21122 ActivityManager         system_server                        I  Collecting stacks for pid 863
2026-04-09 01:26:28.951 21155-21220 droid.bluetooth         com.google.android.bluetooth         I  [0409/052628.951159:INFO:btif_keystore.cc(61)] ConvertEncryptOrDecryptKeyIfNeeded callback isn't ready.
2026-04-09 01:26:28.951 21155-21220 BtGdModule              com.google.android.bluetooth         I  packages/modules/Bluetooth/system/gd/module.cc:99 Start: Started Storage Module
2026-04-09 01:26:28.951 21155-21220 BtGdModule              com.google.android.bluetooth         I  packages/modules/Bluetooth/system/gd/module.cc:93 Start: Finished starting dependencies and calling Start() of Hci Layer
2026-04-09 01:26:28.951 21155-21220 BtGdModule              com.google.android.bluetooth         I  packages/modules/Bluetooth/system/gd/module.cc:99 Start: Started Hci Layer
2026-04-09 01:26:28.951 21155-21220 BtGdModule              com.google.android.bluetooth         I  packages/modules/Bluetooth/system/gd/module.cc:85 Start: Constructing next module
2026-04-09 01:26:28.952 21155-21220 BtGdModule              com.google.android.bluetooth         I  packages/modules/Bluetooth/system/gd/module.cc:89 Start: Starting dependencies of shim::Dumpsys
2026-04-09 01:26:28.952 21155-21220 BtGdModule              com.google.android.bluetooth         I  packages/modules/Bluetooth/system/gd/module.cc:93 Start: Finished starting dependencies and calling Start() of shim::Dumpsys
2026-04-09 01:26:28.952 21155-21220 BtGdModule              com.google.android.bluetooth         I  packages/modules/Bluetooth/system/gd/module.cc:99 Start: Started shim::Dumpsys
2026-04-09 01:26:28.952 21155-21220 BtGdModule              com.google.android.bluetooth         I  packages/modules/Bluetooth/system/gd/module.cc:85 Start: Constructing next module
2026-04-09 01:26:28.952 21155-21220 BtGdModule              com.google.android.bluetooth         I  packages/modules/Bluetooth/system/gd/module.cc:89 Start: Starting dependencies of Vendor Specific Event Manager
2026-04-09 01:26:28.953 21155-21220 BtGdModule              com.google.android.bluetooth         I  packages/modules/Bluetooth/system/gd/module.cc:85 Start: Constructing next module
2026-04-09 01:26:28.953 21155-21220 BtGdModule              com.google.android.bluetooth         I  packages/modules/Bluetooth/system/gd/module.cc:89 Start: Starting dependencies of Controller
2026-04-09 01:26:28.953 21155-21220 BtGdModule              com.google.android.bluetooth         I  packages/modules/Bluetooth/system/gd/module.cc:85 Start: Constructing next module
2026-04-09 01:26:28.953 21155-21220 BtGdModule              com.google.android.bluetooth         I  packages/modules/Bluetooth/system/gd/module.cc:89 Start: Starting dependencies of Sysprops Module
