2026-04-08 22:39:19.602 15424-15424 A                       com....android.googlequicksearchbox  I  Checking for device compliance...
2026-04-08 22:39:19.656 15424-15424 A                       com....android.googlequicksearchbox  I  Completed library init.
2026-04-08 22:39:19.661   543-1543  ActivityManager         system_server                        I  Flag disabled. Ignoring finishAttachApplication from uid: 10132. pid: 15424
2026-04-08 22:39:19.696 15466-15466 ackageinstaller         com.google.android.packageinstaller  I  Using CollectorTypeCC GC.
2026-04-08 22:39:19.699  3186-15457 MdiSyncModule           com.google.android.gms               I  flag handling is skipping irrelevant intent.
2026-04-08 22:39:19.702  3186-15456 MlBenchmarkInstaller    com.google.android.gms               I  Intent: com.google.android.gms.phenotype.COMMITTED [CONTEXT service_id=340 ]
2026-04-08 22:39:19.702  3186-15456 MlBenchmarkInstaller    com.google.android.gms               I  COMMITTED Extra package name: com.google.android.gms.auth_account [CONTEXT service_id=340 ]
2026-04-08 22:39:19.704 15466-15466 ackageinstaller         com.google.android.packageinstaller  W  Unexpected CPU variant for x86: x86_64.
                                                                                                    Known variants: atom, sandybridge, silvermont, goldmont, goldmont-plus, tremont, kabylake, default
2026-04-08 22:39:19.725 15466-15466 ackageinstaller         com.google.android.packageinstaller  E  Not starting debugger since process cannot load the jdwp agent.
2026-04-08 22:39:19.778   543-1543  Compatibil...geReporter system_server                        D  Compat change id reported: 168419799; UID 10094; state: DISABLED
2026-04-08 22:39:19.779   543-1543  Compatibil...geReporter system_server                        D  Compat change id reported: 273564678; UID 10094; state: DISABLED
2026-04-08 22:39:19.786  3186-15461 ModuleInitIntentOp      com.google.android.gms               W  Dropping unexpected action com.google.android.gms.phenotype.COMMITTED
2026-04-08 22:39:19.806  3186-15461 LocationHistory         com.google.android.gms               I  [IntentOperation] Handling action com.google.android.gms.phenotype.COMMITTED [CONTEXT service_id=314 ]
2026-04-08 22:39:19.808   543-627   Compatibil...geReporter system_server                        D  Compat change id reported: 265195908; UID 10094; state: ENABLED
2026-04-08 22:39:19.871 15466-15466 Compatibil...geReporter com.google.android.packageinstaller  D  Compat change id reported: 171979766; UID 10094; state: ENABLED
2026-04-08 22:39:19.871 15466-15466 Compatibil...geReporter com.google.android.packageinstaller  D  Compat change id reported: 242716250; UID 10094; state: ENABLED
2026-04-08 22:39:19.876  3186-15452 GmsSyncPolicyEngine     com.google.android.gms               I  Periodic sync 1 disabled by policy, cancelled.
2026-04-08 22:39:19.884  3186-15452 GmsSyncPolicyEngine     com.google.android.gms               I  Periodic sync 2 disabled by policy, cancelled.
2026-04-08 22:39:19.898   543-1543  Compatibil...geReporter system_server                        D  Compat change id reported: 170503758; UID 10094; state: ENABLED
2026-04-08 22:39:19.911  3186-15452 GmsSyncPolicyEngine     com.google.android.gms               I  Periodic sync 3 disabled by policy, cancelled.
2026-04-08 22:39:19.923  3186-15461 ModuleInitIntentOp      com.google.android.gms               W  Dropping unexpected action com.google.android.gms.phenotype.COMMITTED
2026-04-08 22:39:19.924  3186-15460 ModuleInitIntentOp      com.google.android.gms               W  Dropping unexpected action com.google.android.gms.phenotype.COMMITTED
2026-04-08 22:39:19.927  3186-15456 ModuleInitIntentOp      com.google.android.gms               W  Dropping unexpected action com.google.android.gms.phenotype.COMMITTED
2026-04-08 22:39:19.927  3186-15456 Backup                  com.google.android.gms               V  [PhenotypeConfigIO] Phenotype broadcast received for different package
2026-04-08 22:39:19.928  3186-15456 SyncIntentOperation     com.google.android.gms               I  Handling the intent: Intent { act=com.google.android.gms.phenotype.COMMITTED flg=0x10 pkg=com.google.android.gms cmp=com.google.android.gms/.chimera.GmsIntentOperationService (has extras) }. [CONTEXT service_id=80 ]
2026-04-08 22:39:19.943  3186-15460 MdiSyncModule           com.google.android.gms               I  flag handling is skipping irrelevant intent.
2026-04-08 22:39:19.944  3186-15460 MlBenchmarkInstaller    com.google.android.gms               I  Intent: com.google.android.gms.phenotype.COMMITTED [CONTEXT service_id=340 ]
2026-04-08 22:39:19.944  3186-15460 MlBenchmarkInstaller    com.google.android.gms               I  COMMITTED Extra package name: com.google.android.location [CONTEXT service_id=340 ]
2026-04-08 22:39:19.962 15202-15239 EGL_emulation           com.redennier.taskapp                D  app_time_stats: avg=365.62ms min=68.49ms max=718.84ms count=4
2026-04-08 22:39:19.969  3186-15461 ModuleInitIntentOp      com.google.android.gms               W  Dropping unexpected action com.google.android.gms.phenotype.COMMITTED
2026-04-08 22:39:19.979  3186-15489 LocationHistory         com.google.android.gms               I  [IntentOperation] Handling action com.google.android.gms.phenotype.COMMITTED [CONTEXT service_id=314 ]
2026-04-08 22:39:19.983 15202-15202 Choreographer           com.redennier.taskapp                I  Skipped 40 frames!  The application may be doing too much work on its main thread.
2026-04-08 22:39:19.994  3186-15461 GmsSyncPolicyEngine     com.google.android.gms               I  Periodic sync 1 disabled by policy, cancelled.
2026-04-08 22:39:20.002  3186-15461 GmsSyncPolicyEngine     com.google.android.gms               I  Periodic sync 2 disabled by policy, cancelled.
2026-04-08 22:39:20.018  3186-15461 GmsSyncPolicyEngine     com.google.android.gms               I  Periodic sync 3 disabled by policy, cancelled.
2026-04-08 22:39:20.024 15202-15233 OpenGLRenderer          com.redennier.taskapp                I  Davey! duration=1156ms; Flags=0, FrameTimelineVsyncId=1972883, IntendedVsync=5806629694228, Vsync=5807013027546, InputEventId=0, HandleInputStart=5807027914200, AnimationStart=5807027968300, PerformTraversalsStart=5807066514900, DrawStart=5807066754500, FrameDeadline=5807113027542, FrameInterval=5807027336400, FrameStartTime=16666666, SyncQueued=5807067312200, SyncStart=5807082543200, IssueDrawCommandsStart=5807083851200, SwapBuffers=5807793751500, FrameCompleted=5807801324400, DequeueBufferDuration=58100, QueueBufferDuration=6460900, GpuCompleted=5807797625800, SwapBuffersCompleted=5807801324400, DisplayPresentTime=0, CommandSubmissionCompleted=5807793751500, 
2026-04-08 22:39:20.147 15466-15466 nativeloader            com.google.android.packageinstaller  D  Configuring clns-shared-6 for other apk /system/priv-app/GooglePackageInstaller/GooglePackageInstaller.apk. target_sdk_version=34, uses_libraries=, library_path=/system/priv-app/GooglePackageInstaller/lib/x86_64:/system/lib64:/system_ext/lib64, permitted_path=/data:/mnt/expand:/data/user_de/0/com.google.android.packageinstaller:/system/priv-app/GooglePackageInstaller:/system/lib64:/system_ext/lib64
2026-04-08 22:39:20.715 15466-15466 GraphicsEnvironment     com.google.android.packageinstaller  V  Currently set values for:
2026-04-08 22:39:20.716 15466-15466 GraphicsEnvironment     com.google.android.packageinstaller  V    angle_gl_driver_selection_pkgs=[]
2026-04-08 22:39:20.716 15466-15466 GraphicsEnvironment     com.google.android.packageinstaller  V    angle_gl_driver_selection_values=[]
2026-04-08 22:39:20.718 15466-15466 GraphicsEnvironment     com.google.android.packageinstaller  V  ANGLE GameManagerService for com.google.android.packageinstaller: false
2026-04-08 22:39:20.718 15466-15466 GraphicsEnvironment     com.google.android.packageinstaller  V  com.google.android.packageinstaller is not listed in per-application setting
2026-04-08 22:39:20.719 15466-15466 GraphicsEnvironment     com.google.android.packageinstaller  V  Neither updatable production driver nor prerelease driver is supported.
2026-04-08 22:39:20.792   543-1543  ActivityManager         system_server                        I  Flag disabled. Ignoring finishAttachApplication from uid: 10094. pid: 15466
2026-04-08 22:39:20.815  3186-3186  BoundBrokerSvc          com.google.android.gms               D  onBind: Intent { act=com.google.android.mobstore.service.START pkg=com.google.android.gms }
2026-04-08 22:39:20.815  3186-3186  BoundBrokerSvc          com.google.android.gms               D  Loading bound service for intent: Intent { act=com.google.android.mobstore.service.START pkg=com.google.android.gms }
2026-04-08 22:39:20.853 15424-15430 earchbox:search         com....android.googlequicksearchbox  I  Background concurrent copying GC freed 159862(9751KB) AllocSpace objects, 3(144KB) LOS objects, 49% free, 3659KB/7318KB, paused 11.213ms,213us total 1.030s
2026-04-08 22:39:20.936 14708-15080 ShortcutBadger          com.google.android.apps.messaging    I  Checking if platform supports badge counters, attempt 1/3.
2026-04-08 22:39:20.959 14708-15080 ShortcutBadger          com.google.android.apps.messaging    I  Checking if platform supports badge counters, attempt 2/3.
2026-04-08 22:39:20.977 14708-15080 ShortcutBadger          com.google.android.apps.messaging    I  Checking if platform supports badge counters, attempt 3/3.
2026-04-08 22:39:20.987 14708-15080 ShortcutBadger          com.google.android.apps.messaging    W  Badge counter seems not supported in this platform: unable to resolve intent: Intent { act=android.intent.action.BADGE_COUNT_UPDATE (has extras) }
2026-04-08 22:39:21.079  4131-15449 Fitness                 com.google.android.gms.persistent    I  OnPackageChangedOperation got intent: Intent { act=android.intent.action.PACKAGE_CHANGED dat=package: flg=0x5000010 pkg=com.google.android.gms cmp=com.google.android.gms/.chimera.PersistentIntentOperationService (has extras) } [CONTEXT service_id=17 ]
2026-04-08 22:39:21.094 12094-12094 ControlsLi...rollerImpl com.android.systemui                 D  ServiceConfig reloaded, count: 0
2026-04-08 22:39:21.182 12094-12094 ControlsLi...rollerImpl com.android.systemui                 D  ServiceConfig reloaded, count: 0
2026-04-08 22:39:21.253  1427-1427  GsaVoiceInteractionSrv  com....android.googlequicksearchbox  I  O received Intent { act=android.intent.action.PACKAGE_ADDED dat=package: flg=0x4000010 (has extras) }
2026-04-08 22:39:21.266 15202-15231 OpenGLRenderer          com.redennier.taskapp                I  Davey! duration=1085ms; Flags=0, FrameTimelineVsyncId=1972969, IntendedVsync=5807146360874, Vsync=5807813027514, InputEventId=0, HandleInputStart=5807842947700, AnimationStart=5807844436100, PerformTraversalsStart=5807874083000, DrawStart=5807874481500, FrameDeadline=5807929694176, FrameInterval=5807821475500, FrameStartTime=16666666, SyncQueued=5807875483800, SyncStart=5807909349800, IssueDrawCommandsStart=5807910692200, SwapBuffers=5808259661100, FrameCompleted=5808265391800, DequeueBufferDuration=52800, QueueBufferDuration=3748900, GpuCompleted=5808264018000, SwapBuffersCompleted=5808265391800, DisplayPresentTime=0, CommandSubmissionCompleted=5808259661100, 
2026-04-08 22:39:21.268 15202-15239 EGL_emulation           com.redennier.taskapp                D  app_time_stats: avg=435.17ms min=107.32ms max=841.76ms count=3
2026-04-08 22:39:21.285 15202-15202 Choreographer           com.redennier.taskapp                I  Skipped 40 frames!  The application may be doing too much work on its main thread.
2026-04-08 22:39:21.325 14708-15080 BugleRcsEngine          com.google.android.apps.messaging    I  [151] brnl.h: No RCS Configuration was found in Bugle for simID: redacted-pii:sim_id[chars:20,last3:897]
2026-04-08 22:39:21.326 14708-15080 BugleAction             com.google.android.apps.messaging    W  Failed to get msisdn from Bugle
2026-04-08 22:39:21.326 14708-15080 BugleAction             com.google.android.apps.messaging    W  Failed to get msisdn from RcsProfileService
2026-04-08 22:39:21.326 14708-15080 BugleAction             com.google.android.apps.messaging    W  cksi: Jibe SDK Service not available. Is the Jibe SDK service running? Did you call connect() and wait for the notification before calling an API function?
                                                                                                    	at cksa.b(PG:2)
                                                                                                    	at com.google.android.rcs.client.profile.RcsProfileService.g(PG:1)
                                                                                                    	at com.google.android.rcs.client.profile.RcsProfileService.getMsisdn(PG:3)
                                                                                                    	at awsw.aj(PG:17)
                                                                                                    	at awsw.z(PG:2)
                                                                                                    	at abfl.b(PG:303)
                                                                                                    	at ajik.call(PG:22)
                                                                                                    	at cnpr.call(PG:3)
                                                                                                    	at ctda.a(PG:1)
                                                                                                    	at ctet.run(PG:4)
                                                                                                    	at bxfd.run(PG:1)
                                                                                                    	at java.util.concurrent.ThreadPoolExecutor.runWorker(ThreadPoolExecutor.java:1145)
                                                                                                    	at java.util.concurrent.ThreadPoolExecutor$Worker.run(ThreadPoolExecutor.java:644)
                                                                                                    	at bxef.run(PG:2)
                                                                                                    	at java.lang.Thread.run(Thread.java:1012)
                                                                                                    	at bxfj.run(PG:5)
2026-04-08 22:39:21.332 14708-15080 SubscriptionMetadataUti com.google.android.apps.messaging    W  Bugle: SubscriptionMetadataUtils get: unexpected subId = -2, replacing with -1
                                                                                                    cpwb: FULL
                                                                                                    	at bdsy.h(PG:6)
                                                                                                    	at bdvp.a(PG:1)
                                                                                                    	at bgit.<init>(PG:1)
                                                                                                    	at bgiu.a(PG:1)
                                                                                                    	at awsw.ai(PG:3)
                                                                                                    	at awsw.aj(PG:25)
                                                                                                    	at awsw.z(PG:2)
                                                                                                    	at abfl.b(PG:303)
                                                                                                    	at ajik.call(PG:22)
                                                                                                    	at cnpr.call(PG:3)
                                                                                                    	at ctda.a(PG:1)
                                                                                                    	at ctet.run(PG:4)
                                                                                                    	at bxfd.run(PG:1)
                                                                                                    	at java.util.concurrent.ThreadPoolExecutor.runWorker(ThreadPoolExecutor.java:1145)
                                                                                                    	at java.util.concurrent.ThreadPoolExecutor$Worker.run(ThreadPoolExecutor.java:644)
                                                                                                    	at bxef.run(PG:2)
                                                                                                    	at java.lang.Thread.run(Thread.java:1012)
                                                                                                    	at bxfj.run(PG:5)
2026-04-08 22:39:21.334   543-1519  system_server           system_server                        W  Long monitor contention with owner binder:543_13 (1545) at android.content.ComponentName com.android.server.am.ActivityManagerService.startService(android.app.IApplicationThread, android.content.Intent, java.lang.String, boolean, java.lang.String, java.lang.String, int, boolean, int, java.lang.String, java.lang.String)(ActivityManagerService.java:13195) waiters=2 in android.content.ComponentName com.android.server.am.ActivityManagerService.startService(android.app.IApplicationThread, android.content.Intent, java.lang.String, boolean, java.lang.String, java.lang.String, int, boolean, int, java.lang.String, java.lang.String) for 162ms
2026-04-08 22:39:21.339 14708-15080 SubscriptionMetadataUti com.google.android.apps.messaging    W  Bugle: SubscriptionMetadataUtils get: unexpected subId = -2, replacing with -1
                                                                                                    cpwb: FULL
                                                                                                    	at bdsy.h(PG:6)
                                                                                                    	at bgit.<init>(PG:2)
                                                                                                    	at bgiu.a(PG:1)
                                                                                                    	at awsw.ai(PG:3)
                                                                                                    	at awsw.aj(PG:25)
                                                                                                    	at awsw.z(PG:2)
                                                                                                    	at abfl.b(PG:303)
                                                                                                    	at ajik.call(PG:22)
                                                                                                    	at cnpr.call(PG:3)
                                                                                                    	at ctda.a(PG:1)
                                                                                                    	at ctet.run(PG:4)
                                                                                                    	at bxfd.run(PG:1)
                                                                                                    	at java.util.concurrent.ThreadPoolExecutor.runWorker(ThreadPoolExecutor.java:1145)
                                                                                                    	at java.util.concurrent.ThreadPoolExecutor$Worker.run(ThreadPoolExecutor.java:644)
                                                                                                    	at bxef.run(PG:2)
                                                                                                    	at java.lang.Thread.run(Thread.java:1012)
                                                                                                    	at bxfj.run(PG:5)
2026-04-08 22:39:21.343 14708-15080 SubscriptionMetadataUti com.google.android.apps.messaging    W  Bugle: SubscriptionMetadataUtils get: unexpected subId = -2, replacing with -1
                                                                                                    cpwb: FULL
                                                                                                    	at bdsy.h(PG:6)
                                                                                                    	at awsw.ai(PG:18)
                                                                                                    	at awsw.aj(PG:25)
                                                                                                    	at awsw.z(PG:2)
                                                                                                    	at abfl.b(PG:303)
                                                                                                    	at ajik.call(PG:22)
                                                                                                    	at cnpr.call(PG:3)
                                                                                                    	at ctda.a(PG:1)
                                                                                                    	at ctet.run(PG:4)
                                                                                                    	at bxfd.run(PG:1)
                                                                                                    	at java.util.concurrent.ThreadPoolExecutor.runWorker(ThreadPoolExecutor.java:1145)
                                                                                                    	at java.util.concurrent.ThreadPoolExecutor$Worker.run(ThreadPoolExecutor.java:644)
                                                                                                    	at bxef.run(PG:2)
                                                                                                    	at java.lang.Thread.run(Thread.java:1012)
                                                                                                    	at bxfj.run(PG:5)
2026-04-08 22:39:21.343 14708-15080 Bugle                   com.google.android.apps.messaging    I  SubscriptionUtilsAsOfLMR1: getActiveSubscriptionInfo(): empty sub info for subscription{id:-1}
2026-04-08 22:39:21.344 14708-15080 Bugle                   com.google.android.apps.messaging    I  SubscriptionUtilsAsOfLMR1: getActiveSubscriptionInfo(): empty sub info for subscription{id:-1}
2026-04-08 22:39:21.344 14708-15080 Bugle                   com.google.android.apps.messaging    W  SubscriptionUtilsAsOfLMR1: getSelfRawNumber: subInfo is null for subscription{id:-1}
2026-04-08 22:39:21.359 14708-15080 BugleAction             com.google.android.apps.messaging    W  No default number, returning empty msisdn
2026-04-08 22:39:21.376   543-2478  Compatibil...geReporter system_server                        D  Compat change id reported: 161252188; UID 10193; state: DISABLED
2026-04-08 22:39:21.759   543-1519  ProcessStats            system_server                        W  Tracking association SourceState{19c25fb com.google.android.googlequicksearchbox:search/10132 BFgs #11331} whose proc state 4 is better than process ProcessState{b37a1a7 com.google.android.gms/10128 pkg=com.google.android.gms} proc state 8 (0 skipped)
2026-04-08 22:39:21.773  1427-1427  Morris.CarModeRcvr      com....android.googlequicksearchbox  I  #onReceive #Intent;action=com.google.android.apps.gmm.NAVIGATION_STATE;launchFlags=0x10;package=com.google.android.googlequicksearchbox;S.android.intent.extra.REFERRER=com.google.android.apps.maps;B.use_device_speakers=false;B.freenav=false;B.fg=false;B.hw=false;B.nav=false;B.use_assistant=true;i.prompted_action_type=0;i.loudness_gain_db=10;end
2026-04-08 22:39:21.774  1427-1427  Morris.CarModeRcvr      com....android.googlequicksearchbox  I  #GMM status(com.google.android.apps.maps): null UNKNOWN
2026-04-08 22:39:21.814   543-2478  Compatibil...geReporter system_server                        D  Compat change id reported: 135634846; UID 10120; state: DISABLED
2026-04-08 22:39:21.837   543-2478  Compatibil...geReporter system_server                        D  Compat change id reported: 177438394; UID 10120; state: DISABLED
2026-04-08 22:39:21.838   543-2478  Compatibil...geReporter system_server                        D  Compat change id reported: 135772972; UID 10120; state: DISABLED
2026-04-08 22:39:21.838   543-2478  Compatibil...geReporter system_server                        D  Compat change id reported: 135754954; UID 10120; state: ENABLED
2026-04-08 22:39:21.855   543-573   Compatibil...geReporter system_server                        D  Compat change id reported: 143937733; UID 10120; state: ENABLED
2026-04-08 22:39:21.856   543-2478  ContentProviderHelper   system_server                        W  Slow operation: 87ms so far, now at getContentProviderImpl: after start process
2026-04-08 22:39:21.860   543-2478  ContentProviderHelper   system_server                        W  Slow operation: 92ms so far, now at getContentProviderImpl: updating data structures
2026-04-08 22:39:21.861   543-2478  ContentProviderHelper   system_server                        W  Slow operation: 92ms so far, now at getContentProviderImpl: done!
2026-04-08 22:39:21.876  4131-15446 Fitness                 com.google.android.gms.persistent    I  FitCleanupIntentOperation received Intent android.intent.action.PACKAGE_CHANGED [CONTEXT service_id=17 ]
2026-04-08 22:39:21.900   344-344   Zygote                  pid-344                              D  Forked child process 15499
2026-04-08 22:39:21.961   343-343   netd                    netd                                 I  tetherGetStats() -> {[]} <1.04ms>
2026-04-08 22:39:21.977   543-573   ActivityManager         system_server                        W  Slow operation: 164ms so far, now at startProcess: returned from zygote!
2026-04-08 22:39:21.977   543-573   ActivityManager         system_server                        W  Slow operation: 165ms so far, now at startProcess: done updating battery stats
2026-04-08 22:39:21.978   543-573   ActivityManager         system_server                        W  Slow operation: 165ms so far, now at startProcess: building log message
2026-04-08 22:39:21.978   543-573   ActivityManager         system_server                        I  Start proc 15499:com.google.android.apps.wellbeing/u0a120 for content provider {com.google.android.apps.wellbeing/com.google.android.apps.wellbeing.api.impl.WellbeingSettingsProvider}
2026-04-08 22:39:21.978   543-573   ActivityManager         system_server                        W  Slow operation: 166ms so far, now at startProcess: starting to update pids map
2026-04-08 22:39:21.983   543-573   ActivityManager         system_server                        W  Slow operation: 170ms so far, now at startProcess: done updating pids map
2026-04-08 22:39:22.013 15499-15499 .apps.wellbeing         com.google.android.apps.wellbeing    I  Using CollectorTypeCC GC.
2026-04-08 22:39:22.019 15499-15499 .apps.wellbeing         com.google.android.apps.wellbeing    W  Unexpected CPU variant for x86: x86_64.
                                                                                                    Known variants: atom, sandybridge, silvermont, goldmont, goldmont-plus, tremont, kabylake, default
2026-04-08 22:39:22.031 15499-15499 .apps.wellbeing         com.google.android.apps.wellbeing    E  Not starting debugger since process cannot load the jdwp agent.
2026-04-08 22:39:22.087   543-1543  Compatibil...geReporter system_server                        D  Compat change id reported: 168419799; UID 10120; state: DISABLED
2026-04-08 22:39:22.088   543-1543  Compatibil...geReporter system_server                        D  Compat change id reported: 273564678; UID 10120; state: DISABLED
2026-04-08 22:39:22.113   543-627   Compatibil...geReporter system_server                        D  Compat change id reported: 265195908; UID 10120; state: ENABLED
2026-04-08 22:39:22.230   543-684   system_server           system_server                        W  Long monitor contention with owner binder:543_11 (1542) at void android.net.connectivity.com.android.server.net.NetworkStatsService.performPoll(int)(NetworkStatsService.java:2333) waiters=0 in android.net.NetworkStatsHistory android.net.connectivity.com.android.server.net.NetworkStatsService.internalGetHistoryForNetwork(android.net.NetworkTemplate, int, int, int, int, long, long) for 207ms
2026-04-08 22:39:22.239   543-684   NetworkStatsCollection  system_server                        D  Augmented network usage by 199999998 bytes
2026-04-08 22:39:22.251 14708-15080 LoggingReporter         com.google.android.apps.messaging    W  MIXED_UP_PARTICIPANT: occurred in conversation with id=-1
2026-04-08 22:39:22.253   543-685   system_server           system_server                        W  Long monitor contention with owner binder:543_11 (1542) at void android.net.connectivity.com.android.server.net.NetworkStatsService.performPoll(int)(NetworkStatsService.java:2333) waiters=1 in void android.net.connectivity.com.android.server.net.NetworkStatsService.noteUidForeground(int, boolean) for 134ms
2026-04-08 22:39:22.278 14708-15080 MixedUpConvInspector    com.google.android.apps.messaging    I  logging Mixed Up Participant Info to clearcut completed successfully
2026-04-08 22:39:22.336   543-684   NetworkStatsCollection  system_server                        D  Augmented network usage by 199999998 bytes
2026-04-08 22:39:22.343 15424-15424 Search.LoginHelperImpl  com....android.googlequicksearchbox  I  Getting accounts.
2026-04-08 22:39:22.360 15424-15479 Compatibil...geReporter com....android.googlequicksearchbox  D  Compat change id reported: 183155436; UID 10132; state: DISABLED
2026-04-08 22:39:22.420 15424-15424 A                       com....android.googlequicksearchbox  I  Building OnDeviceNameResolver: 4 endpoints.
2026-04-08 22:39:22.474 15499-15499 Compatibil...geReporter com.google.android.apps.wellbeing    D  Compat change id reported: 171979766; UID 10120; state: ENABLED
2026-04-08 22:39:22.478 15499-15499 Compatibil...geReporter com.google.android.apps.wellbeing    D  Compat change id reported: 242716250; UID 10120; state: DISABLED
2026-04-08 22:39:22.516   543-1542  Compatibil...geReporter system_server                        D  Compat change id reported: 170503758; UID 10120; state: ENABLED
2026-04-08 22:39:22.587 15499-15499 nativeloader            com.google.android.apps.wellbeing    D  Configuring clns-6 for other apk /system/framework/org.apache.http.legacy.jar. target_sdk_version=33, uses_libraries=ALL, library_path=/product/priv-app/WellbeingPrebuilt/lib/x86_64, permitted_path=/data:/mnt/expand:/data/user/0/com.google.android.apps.wellbeing
2026-04-08 22:39:22.588 15499-15499 ApplicationLoaders      com.google.android.apps.wellbeing    D  Returning zygote-cached class loader: /system_ext/framework/androidx.window.extensions.jar
2026-04-08 22:39:22.588 15499-15499 ApplicationLoaders      com.google.android.apps.wellbeing    D  Returning zygote-cached class loader: /system_ext/framework/androidx.window.sidecar.jar
2026-04-08 22:39:22.655   543-1543  ActivityManager         system_server                        D  sync unfroze 1743 android.process.acore for 7
2026-04-08 22:39:22.678   543-1543  ContentProviderHelper   system_server                        W  Slow operation: 117ms so far, now at getContentProviderImpl: after updateOomAdj
2026-04-08 22:39:22.685   543-1543  ContentProviderHelper   system_server                        W  Slow operation: 123ms so far, now at getContentProviderImpl: done!
2026-04-08 22:39:22.778  1520-1520  s.messaging:rcs         com.google.android.apps.messaging    W  Long monitor contention with owner AsyncTask #1 (2066) at boolean android.os.MessageQueue.enqueueMessage(android.os.Message, long)(MessageQueue.java:600) waiters=0 in android.os.Message android.os.MessageQueue.next() for 262ms
2026-04-08 22:39:22.818   543-684   NetworkStatsCollection  system_server                        D  Augmented network usage by 199999998 bytes
2026-04-08 22:39:22.912   543-684   NetworkStatsCollection  system_server                        D  Augmented network usage by 199999998 bytes
2026-04-08 22:39:22.951  4131-15495 FontLog                 com.google.android.gms.persistent    I  Package com.redennier.taskapp has no metadata [CONTEXT service_id=132 ]
2026-04-08 22:39:22.956  4131-15495 GCM                     com.google.android.gms.persistent    W  Unexpected forwarded intent: Intent { act=android.intent.action.PACKAGE_ADDED dat=package: flg=0x4000010 pkg=com.google.android.gms cmp=com.google.android.gms/.chimera.PersistentIntentOperationService (has extras) }
2026-04-08 22:39:22.993  4131-15496 ProximityAuth           com.google.android.gms.persistent    I  [RecentAppsMediator] Package added: (user=UserHandle{0}) com.redennier.taskapp
2026-04-08 22:39:23.020  3186-15461 Auth                    com.google.android.gms               I  [SupervisedAccountIntentOperation] onHandleIntent(): android.intent.action.PACKAGE_ADDED
2026-04-08 22:39:23.048  4131-15449 Fitness                 com.google.android.gms.persistent    I  OnPackageChangedOperation got intent: Intent { act=android.intent.action.PACKAGE_CHANGED dat=package: flg=0x5000010 pkg=com.google.android.gms cmp=com.google.android.gms/.chimera.PersistentIntentOperationService (has extras) } [CONTEXT service_id=17 ]
2026-04-08 22:39:23.072 15202-15231 OpenGLRenderer          com.redennier.taskapp                I  Davey! duration=858ms; Flags=0, FrameTimelineVsyncId=1973097, IntendedVsync=5808096360836, Vsync=5808096360836, InputEventId=0, HandleInputStart=5808100806300, AnimationStart=5808100862400, PerformTraversalsStart=5808104141300, DrawStart=5808110859000, FrameDeadline=5808296360828, FrameInterval=5808100743800, FrameStartTime=16666666, SyncQueued=5808111426300, SyncStart=5808265610900, IssueDrawCommandsStart=5808266829900, SwapBuffers=5809102752300, FrameCompleted=5809109367700, DequeueBufferDuration=48700, QueueBufferDuration=2704100, GpuCompleted=5809106690500, SwapBuffersCompleted=5809109367700, DisplayPresentTime=0, CommandSubmissionCompleted=5809102752300, 
2026-04-08 22:39:23.085 15202-15239 EGL_emulation           com.redennier.taskapp                D  app_time_stats: avg=1814.93ms min=1814.93ms max=1814.93ms count=1
2026-04-08 22:39:23.108  3186-3186  BoundBrokerSvc          com.google.android.gms               D  onBind: Intent { act=com.google.android.gms.common.BIND_SHARED_PREFS pkg=com.google.android.gms }
2026-04-08 22:39:23.109  3186-3186  BoundBrokerSvc          com.google.android.gms               D  Loading bound service for intent: Intent { act=com.google.android.gms.common.BIND_SHARED_PREFS pkg=com.google.android.gms }
2026-04-08 22:39:23.117 15202-15231 OpenGLRenderer          com.redennier.taskapp                I  Davey! duration=2154ms; Flags=0, FrameTimelineVsyncId=1973111, IntendedVsync=5808113027502, Vsync=5808263027496, InputEventId=0, HandleInputStart=5808360270700, AnimationStart=5808360511700, PerformTraversalsStart=5808387359100, DrawStart=5808387608400, FrameDeadline=5809129694128, FrameInterval=5808279018400, FrameStartTime=16666666, SyncQueued=5808452507200, SyncStart=5809109759800, IssueDrawCommandsStart=5809113152500, SwapBuffers=5810887117200, FrameCompleted=5810925042300, DequeueBufferDuration=60000, QueueBufferDuration=528700, GpuCompleted=5810923995400, SwapBuffersCompleted=5810925042300, DisplayPresentTime=0, CommandSubmissionCompleted=5810887117200, 
2026-04-08 22:39:23.122 12094-12094 StatusBarIconController com.android.systemui                 D  ignoring old pipeline callback because the new wifi icon is enabled
2026-04-08 22:39:23.131   543-684   NetworkStatsCollection  system_server                        D  Augmented network usage by 199999998 bytes
2026-04-08 22:39:23.139   343-343   netd                    netd                                 I  bandwidthRemoveInterfaceQuota(eth0) <2.86ms>
2026-04-08 22:39:23.150   343-343   netd                    netd                                 I  bandwidthSetInterfaceQuota(eth0, 2000000000) <1.19ms>
2026-04-08 22:39:23.156  4131-15446 GCM                     com.google.android.gms.persistent    W  Unexpected forwarded intent: Intent { act=android.intent.action.PACKAGE_ADDED dat=package: flg=0x4000010 pkg=com.google.android.gms cmp=com.google.android.gms/.chimera.PersistentIntentOperationService (has extras) }
2026-04-08 22:39:23.184 12094-12101 ndroid.systemui         com.android.systemui                 I  Background concurrent copying GC freed 438107(20MB) AllocSpace objects, 0(0B) LOS objects, 50% free, 17MB/35MB, paused 106.096ms,159us total 1.885s
2026-04-08 22:39:23.212  3186-15484 BlockstoreStorage       com.google.android.gms               I  Clearing Blockstore Data for package com.redennier.taskapp [CONTEXT service_id=258 ]
2026-04-08 22:39:23.303 15499-15499 nativeloader            com.google.android.apps.wellbeing    D  InitLlndkLibrariesProduct: libEGL.so:libGLESv1_CM.so:libGLESv2.so:libGLESv3.so:libRS.so:libandroid_net.so:libbinder_ndk.so:libc.so:libcgrouprc.so:libclang_rt.asan-x86_64-android.so:libcom.android.tethering.connectivity_native.so:libdl.so:libft2.so:liblog.so:libm.so:libmediandk.so:libnativewindow.so:libneuralnetworks.so:libselinux.so:libsync.so:libvndksupport.so:libvulkan.so
2026-04-08 22:39:23.312  3186-5799  BlockstoreStorage       com.google.android.gms               I  Keyless data not found or its IsLastInstallationData = false. [CONTEXT service_id=258 ]
2026-04-08 22:39:23.315 15499-15499 nativeloader            com.google.android.apps.wellbeing    D  Configuring product-clns-7 for unbundled product apk /product/priv-app/WellbeingPrebuilt/WellbeingPrebuilt.apk. target_sdk_version=33, uses_libraries=, library_path=/product/priv-app/WellbeingPrebuilt/lib/x86_64:/product/lib64:/system/product/lib64, permitted_path=/data:/mnt/expand:/data/user/0/com.google.android.apps.wellbeing:/product/lib64:/system/product/lib64
2026-04-08 22:39:23.317 15499-15499 nativeloader            com.google.android.apps.wellbeing    D  InitVndkspLibrariesProduct: android.hardware.common-V2-ndk.so:android.hardware.common.fmq-V1-ndk.so:android.hardware.graphics.allocator-V2-ndk.so:android.hardware.graphics.common-V4-ndk.so:android.hardware.graphics.common@1.0.so:android.hardware.graphics.common@1.1.so:android.hardware.graphics.common@1.2.so:android.hardware.graphics.composer3-V1-ndk.so:android.hardware.graphics.mapper@2.0.so:android.hardware.graphics.mapper@2.1.so:android.hardware.graphics.mapper@3.0.so:android.hardware.graphics.mapper@4.0.so:android.hardware.renderscript@1.0.so:android.hidl.memory.token@1.0.so:android.hidl.memory@1.0-impl.so:android.hidl.memory@1.0.so:android.hidl.safe_union@1.0.so:libRSCpuRef.so:libRSDriver.so:libRS_internal.so:libbase.so:libbcinfo.so:libblas.so:libc++.so:libcompiler_rt.so:libcutils.so:libdmabufheap.so:libgralloctypes.so:libhardware.so:libhidlbase.so:libhidlmemory.so:libion.so:libjsoncpp.so:liblzma.so:libprocessgroup.so:libunwindstack.so:libutils.so:libutilscallstack.so:libz.so
2026-04-08 22:39:23.352  3186-3186  BoundBrokerSvc          com.google.android.gms               D  onUnbind: Intent { act=com.google.android.gms.common.BIND_SHARED_PREFS pkg=com.google.android.gms }
2026-04-08 22:39:23.370  4131-15449 Fitness                 com.google.android.gms.persistent    I  FitCleanupIntentOperation received Intent android.intent.action.PACKAGE_CHANGED [CONTEXT service_id=17 ]
2026-04-08 22:39:23.437  4131-4223  ChimeraUtils            com.google.android.gms.persistent    W  Module com.google.android.gms.nearby_en missing resource null(0)
2026-04-08 22:39:23.621 15202-15202 chromium                com.redennier.taskapp                E  [ERROR:page_load_metrics_update_dispatcher.cc(178)] Invalid first_paint 8.014 s for first_image_paint 7.197 s
2026-04-08 22:39:23.709  3186-15486 Dck                     com.google.android.gms               I  doesDeviceHaveSupportedWirelessCapabilities: wccSysProp:0, wccMendel:3, deviceWccOverride:false [CONTEXT service_id=289 ]
2026-04-08 22:39:23.709  3186-15486 Dck                     com.google.android.gms               I  isDckModuleEligible: isAtLeastR:true, hasWccSupport:false, downloadAllowed:false [CONTEXT service_id=289 ]
2026-04-08 22:39:23.710  3186-15486 Dck                     com.google.android.gms               W  Dck module not eligible for asynchronous downloading [CONTEXT service_id=289 ]
2026-04-08 22:39:23.783 15424-15435 DynamiteModule          com....android.googlequicksearchbox  W  Local module descriptor class for com.google.android.gms.googlecertificates not found.
2026-04-08 22:39:23.795 15424-15539 EventBusThread          com....android.googlequicksearchbox  I  Event Bus thread starting with TID 15539
2026-04-08 22:39:23.874 15424-15424 SearchServiceCore       com....android.googlequicksearchbox  I  We were killed and are starting back!
2026-04-08 22:39:23.900  4131-4223  ChimeraUtils            com.google.android.gms.persistent    W  Module com.google.android.gms.nearby_en missing resource null(0)
2026-04-08 22:39:23.951   966-3690  MmsProvider             com.android.phone                    V  accessRestricted=false
2026-04-08 22:39:24.090 15424-15435 ziparchive              com....android.googlequicksearchbox  W  Unable to open '/data/user_de/0/com.google.android.gms/app_chimera/m/00000002/DynamiteLoader.dm': No such file or directory
2026-04-08 22:39:24.090 15424-15435 ziparchive              com....android.googlequicksearchbox  W  Unable to open '/data/user_de/0/com.google.android.gms/app_chimera/m/00000002/DynamiteLoader.dm': No such file or directory
2026-04-08 22:39:24.159 15424-15424 Compatibil...geReporter com....android.googlequicksearchbox  D  Compat change id reported: 194532703; UID 10132; state: DISABLED
2026-04-08 22:39:24.159 15424-15424 Compatibil...geReporter com....android.googlequicksearchbox  D  Compat change id reported: 253665015; UID 10132; state: DISABLED
2026-04-08 22:39:24.190   543-1545  Compatibil...geReporter system_server                        D  Compat change id reported: 253665015; UID 10132; state: DISABLED
2026-04-08 22:39:24.255 15202-15239 EGL_emulation           com.redennier.taskapp                D  app_time_stats: avg=584.54ms min=241.34ms max=927.73ms count=2
2026-04-08 22:39:24.295   543-1545  Compatibil...geReporter system_server                        D  Compat change id reported: 194532703; UID 10132; state: DISABLED
2026-04-08 22:39:24.361   966-1108  MmsProvider             com.android.phone                    V  accessRestricted=false
2026-04-08 22:39:24.383  3186-3186  BoundBrokerSvc          com.google.android.gms               D  onBind: Intent { act=com.google.android.gms.feedback.internal.IFeedbackService dat=chimera-action:/... cmp=com.google.android.gms/.chimera.GmsBoundBrokerService }
2026-04-08 22:39:24.387  3186-3186  BoundBrokerSvc          com.google.android.gms               D  Loading bound service for intent: Intent { act=com.google.android.gms.feedback.internal.IFeedbackService dat=chimera-action:/... cmp=com.google.android.gms/.chimera.GmsBoundBrokerService }
2026-04-08 22:39:24.505 15499-15499 GraphicsEnvironment     com.google.android.apps.wellbeing    V  Currently set values for:
2026-04-08 22:39:24.548 15424-15536 A                       com....android.googlequicksearchbox  I  Util.isLowRamDevice: false, canUsePreemptibleAudioSource: true
2026-04-08 22:39:24.564 15499-15499 GraphicsEnvironment     com.google.android.apps.wellbeing    V    angle_gl_driver_selection_pkgs=[]
2026-04-08 22:39:24.564 15499-15499 GraphicsEnvironment     com.google.android.apps.wellbeing    V    angle_gl_driver_selection_values=[]
2026-04-08 22:39:24.567 15202-15202 chromium                com.redennier.taskapp                E  [ERROR:page_load_metrics_update_dispatcher.cc(178)] Invalid first_paint 8.014 s for first_image_paint 7.197 s
2026-04-08 22:39:24.625 12094-12094 Choreographer           com.android.systemui                 I  Skipped 72 frames!  The application may be doing too much work on its main thread.
2026-04-08 22:39:24.565 15499-15499 GraphicsEnvironment     com.google.android.apps.wellbeing    V  ANGLE GameManagerService for com.google.android.apps.wellbeing: false
2026-04-08 22:39:24.660 15499-15499 GraphicsEnvironment     com.google.android.apps.wellbeing    V  com.google.android.apps.wellbeing is not listed in per-application setting
2026-04-08 22:39:24.660 15499-15499 GraphicsEnvironment     com.google.android.apps.wellbeing    V  Neither updatable production driver nor prerelease driver is supported.
2026-04-08 22:39:24.744   966-966   m.android.phone         com.android.phone                    W  Long monitor contention with owner binder:966_3 (1108) at boolean android.os.MessageQueue.enqueueMessage(android.os.Message, long)(MessageQueue.java:600) waiters=0 in android.os.Message android.os.MessageQueue.next() for 238ms
2026-04-08 22:39:24.771 15499-15499 MultiDex                com.google.android.apps.wellbeing    I  Installing application
2026-04-08 22:39:24.773 15499-15499 MultiDex                com.google.android.apps.wellbeing    I  VM with version 2.1.0 has multidex support
2026-04-08 22:39:24.774 15499-15499 MultiDex                com.google.android.apps.wellbeing    I  VM has multidex support, MultiDex support library is disabled.
2026-04-08 22:39:24.784  3186-3625  Icing                   com.google.android.gms               I  IndexChimeraService.getServiceInterface callingPackage=com.google.android.gms componentName=AppsCorpus serviceId=36
2026-04-08 22:39:24.955   966-3690  MmsProvider             com.android.phone                    V  accessRestricted=false
2026-04-08 22:39:24.985 12094-12094 StatusBarIconController com.android.systemui                 D  ignoring old pipeline callbacks, because the new mobile icons are enabled
2026-04-08 22:39:25.015 15424-15424 BgTaskExecutorImpl      com....android.googlequicksearchbox  I  Starting EXCLUSIVE background task FETCH_CONFIGS_FROM_PHENOTYPE.
2026-04-08 22:39:25.028 15424-15435 earchbox:search         com....android.googlequicksearchbox  W  Verification of da com.google.android.gms.dynamiteloader.DynamiteLoaderV2.loadModule(da, java.lang.String, byte[]) took 214.448ms (573.56 bytecodes/s) (4336B approximate peak alloc)
2026-04-08 22:39:25.037 15499-15519 Compatibil...geReporter com.google.android.apps.wellbeing    D  Compat change id reported: 3400644; UID 10120; state: DISABLED
2026-04-08 22:39:25.224 15424-15435 earchbox:search         com....android.googlequicksearchbox  W  Verification of da com.google.android.gms.dynamiteloader.DynamiteLoaderV2.loadModule2NoCrashUtils(da, java.lang.String, int, da) took 190.396ms (6948.65 bytecodes/s) (51288B approximate peak alloc)
2026-04-08 22:39:25.241 15424-15435 DynamiteModule          com....android.googlequicksearchbox  I  Considering local module com.google.android.gms.googlecertificates:0 and remote module com.google.android.gms.googlecertificates:7
2026-04-08 22:39:25.243 15424-15435 DynamiteModule          com....android.googlequicksearchbox  I  Selected remote version of com.google.android.gms.googlecertificates, version >= 7
2026-04-08 22:39:25.256 15424-15435 DynamiteModule          com....android.googlequicksearchbox  V  Dynamite loader version >= 2, using loadModule2NoCrashUtils
2026-04-08 22:39:25.286 15499-15519 Compatibil...geReporter com.google.android.apps.wellbeing    D  Compat change id reported: 183155436; UID 10120; state: ENABLED
2026-04-08 22:39:25.288 15202-15202 chromium                com.redennier.taskapp                E  [ERROR:page_load_metrics_update_dispatcher.cc(178)] Invalid first_paint 8.014 s for first_image_paint 7.197 s
2026-04-08 22:39:25.394 15499-15499 jbh                     com.google.android.apps.wellbeing    I  SslGuard completed installation.
2026-04-08 22:39:25.424   543-1545  ActivityManager         system_server                        I  Flag disabled. Ignoring finishAttachApplication from uid: 10120. pid: 15499
2026-04-08 22:39:25.590 15424-15435 earchbox:search         com....android.googlequicksearchbox  W  Verification of boolean do.equals(java.lang.Object) took 100.168ms (638.92 bytecodes/s) (2144B approximate peak alloc)
2026-04-08 22:39:25.704 15499-15553 .apps.wellbeing         com.google.android.apps.wellbeing    W  Accessing hidden field Ljava/util/Collections$SynchronizedCollection;->mutex:Ljava/lang/Object; (max-target-o, reflection, denied)
2026-04-08 22:39:25.704 15499-15553 .apps.wellbeing         com.google.android.apps.wellbeing    W  Accessing hidden method Ljava/util/Collections$SynchronizedSet;-><init>(Ljava/util/Set;Ljava/lang/Object;)V (max-target-o, reflection, denied)
2026-04-08 22:39:25.704 15499-15553 .apps.wellbeing         com.google.android.apps.wellbeing    W  Accessing hidden method Ljava/util/Collections$SynchronizedCollection;-><init>(Ljava/util/Collection;Ljava/lang/Object;)V (max-target-o, reflection, denied)
2026-04-08 22:39:25.736 12094-12094 StatusBarIconController com.android.systemui                 D  ignoring old pipeline callback because the new wifi icon is enabled
