2026-04-09 01:26:35.664  4131-4149  NearbySharing           com.google.android.gms.persistent    I  A new client has bound to the NearbySharingService ClientBridge for calling package com.google.android.gms [CONTEXT service_id=194 ]
2026-04-09 01:26:35.678   543-750   Looper                  system_server                        W  Slow dispatch took 221ms android.perm h=android.os.Handler c=com.android.internal.infra.ServiceConnector$Impl$$ExternalSyntheticLambda2@f6c3a22 m=0
2026-04-09 01:26:35.692 12094-12094 ControlsLi...rollerImpl com.android.systemui                 D  ServiceConfig reloaded, count: 0
2026-04-09 01:26:35.700   543-543   Looper                  system_server                        W  Drained
2026-04-09 01:26:35.703   543-1512  RemoteProvisionSysSvc   system_server                        I  Fetching key 10128 for client 51858611
2026-04-09 01:26:35.703   543-1512  RegistrationProxy       system_server                        I  getKeyAsync operation started with callback 264004208
2026-04-09 01:26:35.712 20728-20783 EGL_emulation           com.redennier.taskapp                D  app_time_stats: avg=400.69ms min=18.67ms max=1525.95ms count=4
2026-04-09 01:26:35.716 16282-17594 RkpdRegistrationBinder  com.google.android.rkpdapp           I  Key requested for : android.hardware.security.keymint.IRemotelyProvisionedComponent/default, clientUid: 1017, keyId: 10128, callback: 127926574
2026-04-09 01:26:35.750 21155-21155 bt_btif                 com.google.android.bluetooth         I  packages/modules/Bluetooth/system/btif/src/bluetooth.cc:829 get_profile_interface: get_profile_interface: id = hidhost
2026-04-09 01:26:35.750 21155-21214 bt_l2cap                com.google.android.bluetooth         I  packages/modules/Bluetooth/system/stack/l2cap/l2c_api.cc:172 L2CA_Register: L2CAP Registered service classic PSM: 0x0011
2026-04-09 01:26:35.751 21155-21214 bt_l2cap                com.google.android.bluetooth         I  packages/modules/Bluetooth/system/stack/l2cap/l2c_api.cc:172 L2CA_Register: L2CAP Registered service classic PSM: 0x0013
2026-04-09 01:26:35.760 21155-21214 bluetooth               com.google.android.bluetooth         I  packages/modules/Bluetooth/system/stack/gatt/gatt_api.cc:1257 GATT_Register: Allocated name:GattClient uuid:91aa8bbd-de93-161b-2d67-e664e09f54db gatt_if:5 eatt_support:0
2026-04-09 01:26:35.762 21155-21155 bt_btif_storage         com.google.android.bluetooth         I  packages/modules/Bluetooth/system/btif/src/btif_storage.cc:653 btif_storage_get_adapter_property: btif_storage_get_adapter_property service_mask:0x60100048
2026-04-09 01:26:35.769 20728-20742 OpenGLRenderer          com.redennier.taskapp                I  Davey! duration=1266ms; Flags=0, FrameTimelineVsyncId=3884188, IntendedVsync=9401412883770, Vsync=9401412883770, InputEventId=0, HandleInputStart=9401414270400, AnimationStart=9401414301700, PerformTraversalsStart=9401423921900, DrawStart=9401427086900, FrameDeadline=9401429550436, FrameInterval=9401414215300, FrameStartTime=16666666, SyncQueued=9401427571300, SyncStart=9401427723700, IssueDrawCommandsStart=9401427811300, SwapBuffers=9402675304300, FrameCompleted=9402679355700, DequeueBufferDuration=56300, QueueBufferDuration=395100, GpuCompleted=9402678192300, SwapBuffersCompleted=9402679355700, DisplayPresentTime=0, CommandSubmissionCompleted=9402675304300, 
2026-04-09 01:26:35.799 12094-12118 StylusManager           com.android.systemui                 D  Stylus InputDevice changed: 11 virtio_input_multi_touch_8
2026-04-09 01:26:35.801 12094-12118 StylusManager           com.android.systemui                 D  Stylus InputDevice changed: 10 virtio_input_multi_touch_7
2026-04-09 01:26:35.806 12094-12118 StylusManager           com.android.systemui                 D  Stylus InputDevice changed: 8 virtio_input_multi_touch_5
2026-04-09 01:26:35.807 12094-12118 StylusManager           com.android.systemui                 D  Stylus InputDevice changed: 4 virtio_input_multi_touch_1
2026-04-09 01:26:35.810 12094-12118 StylusManager           com.android.systemui                 D  Stylus InputDevice changed: 6 virtio_input_multi_touch_3
2026-04-09 01:26:35.816 12094-12118 StylusManager           com.android.systemui                 D  Stylus InputDevice changed: 9 virtio_input_multi_touch_6
2026-04-09 01:26:35.818 12094-12118 StylusManager           com.android.systemui                 D  Stylus InputDevice changed: 12 virtio_input_multi_touch_9
2026-04-09 01:26:35.821 12094-12118 StylusManager           com.android.systemui                 D  Stylus InputDevice changed: 7 virtio_input_multi_touch_4
2026-04-09 01:26:35.834 12094-12118 StylusManager           com.android.systemui                 D  Stylus InputDevice changed: 13 virtio_input_multi_touch_10
2026-04-09 01:26:35.835 12094-12118 StylusManager           com.android.systemui                 D  Stylus InputDevice changed: 5 virtio_input_multi_touch_2
2026-04-09 01:26:35.850 20728-20728 Choreographer           com.redennier.taskapp                I  Skipped 82 frames!  The application may be doing too much work on its main thread.
2026-04-09 01:26:35.953 20728-20742 OpenGLRenderer          com.redennier.taskapp                I  Davey! duration=1462ms; Flags=0, FrameTimelineVsyncId=3884209, IntendedVsync=9401446217102, Vsync=9402812883714, InputEventId=0, HandleInputStart=9402830831600, AnimationStart=9402830892200, PerformTraversalsStart=9402852075800, DrawStart=9402852370500, FrameDeadline=9402762883716, FrameInterval=9402816472500, FrameStartTime=16666666, SyncQueued=9402854591500, SyncStart=9402854679800, IssueDrawCommandsStart=9402854764900, SwapBuffers=9402901889000, FrameCompleted=9402908854700, DequeueBufferDuration=37900, QueueBufferDuration=919500, GpuCompleted=9402908663900, SwapBuffersCompleted=9402908854700, DisplayPresentTime=0, CommandSubmissionCompleted=9402901889000, 
2026-04-09 01:26:35.980   543-750   system_server           system_server                        W  Long monitor contention with owner ActivityManager (572) at void com.android.server.policy.PermissionPolicyService.synchronizePackagePermissionsAndAppOpsAsyncForUser(java.lang.String, int)(PermissionPolicyService.java:404) waiters=1 in void com.android.server.policy.PermissionPolicyService.resetAppOpPermissionsIfNotRequestedForUid(int) for 197ms
2026-04-09 01:26:36.028   543-561   Looper                  system_server                        W  Slow dispatch took 294ms android.fg h=android.os.Handler c=<recycled PooledLambda@d039ef0> m=0
2026-04-09 01:26:36.052 12094-12094 Choreographer           com.android.systemui                 I  Skipped 30 frames!  The application may be doing too much work on its main thread.
2026-04-09 01:26:36.077 21155-21208 AdapterState            com.google.android.bluetooth         E  TURNING_ON : BREDR_START_TIMEOUT
2026-04-09 01:26:36.080 21155-21208 AdapterState            com.google.android.bluetooth         I  TURNING_OFF : entered 
2026-04-09 01:26:36.083 21155-21208 AdapterProperties       com.google.android.bluetooth         D  Setting state to TURNING_OFF
2026-04-09 01:26:36.086 21155-21208 BluetoothAdapterService com.google.android.bluetooth         D  updateAdapterState() - Broadcasting state TURNING_OFF to 1 receivers.
2026-04-09 01:26:36.089   543-656   BluetoothManagerService system_server                        D  MESSAGE_BLUETOOTH_STATE_CHANGE: TURNING_ON > TURNING_OFF
2026-04-09 01:26:36.092   543-656   BluetoothManagerService system_server                        D  Sending BLE State Change: TURNING_ON > TURNING_OFF
2026-04-09 01:26:36.097 21155-21214 bt_btif_dm              com.google.android.bluetooth         I  packages/modules/Bluetooth/system/btif/src/btif_dm.cc:2469 btif_dm_cancel_discovery: Cancel search
2026-04-09 01:26:36.098 21155-21214 bluetooth               com.google.android.bluetooth         I  packages/modules/Bluetooth/system/bta/dm/bta_dm_main.cc:96 bta_dm_search_sm_execute: state:BTA_DM_SEARCH_IDLE, event:BTA_DM_API_SEARCH_CANCEL_EVT[0x201]
2026-04-09 01:26:36.175  4131-18405 .gms.persistent         com.google.android.gms.persistent    W  Long monitor contention with owner netscheduler-queue-handler (4377) at void bytk.e()(:com.google.android.gms@231818047@23.18.18 (190800-535401451):3) waiters=0 in boolean bytk.g() for 135ms
2026-04-09 01:26:36.246   543-561   Looper                  system_server                        W  Slow delivery took 313ms android.fg h=android.os.Handler c=<recycled PooledLambda@7103d21> m=0
2026-04-09 01:26:36.249   543-561   Looper                  system_server                        W  Slow dispatch took 199ms android.fg h=android.os.Handler c=<recycled PooledLambda@7103d21> m=0
2026-04-09 01:26:36.398   543-750   system_server           system_server                        W  Long monitor contention with owner android.fg (561) at java.util.Set com.android.server.pm.permission.PermissionManagerServiceImpl.getInstalledPermissions(java.lang.String)(PermissionManagerServiceImpl.java:5203) waiters=4 in int com.android.server.pm.permission.PermissionManagerServiceImpl.checkPermissionInternal(com.android.server.pm.pkg.AndroidPackage, boolean, java.lang.String, int) for 286ms
2026-04-09 01:26:36.400   543-543   Looper                  system_server                        W  Slow delivery took 204ms main h=com.android.server.power.Notifier$NotifierHandler c=null m=7
2026-04-09 01:26:36.460   543-543   Looper                  system_server                        W  Drained
2026-04-09 01:26:36.469   543-750   Looper                  system_server                        W  Slow dispatch took 655ms android.perm h=android.os.Handler c=<recycled PooledLambda@b56964> m=0
2026-04-09 01:26:36.484  1238-16267 Permission...erviceImpl com....android.permissioncontroller  I  Updating user sensitive for uid 1002
2026-04-09 01:26:36.490   543-750   Looper                  system_server                        W  Slow delivery took 721ms android.perm h=android.os.Handler c=android.app.LoadedApk$ServiceDispatcher$RunConnection@b809c34 m=0
2026-04-09 01:26:36.496 16282-17594 RkpdRegistrationBinder  com.google.android.rkpdapp           I  Key successfully assigned to client
2026-04-09 01:26:36.499   543-543   RemoteProvisionSysSvc   system_server                        I  Successfully fetched key for client 51858611
2026-04-09 01:26:36.500   171-21211 keystore2               keystore2                            W  system/security/keystore2/src/watchdog.rs:114 - ### Keystore Watchdog report - BEGIN ###
2026-04-09 01:26:36.501   171-21211 keystore2               keystore2                            W  system/security/keystore2/src/watchdog.rs:123 - When extracting from a bug report, please include this header
2026-04-09 01:26:36.501   171-21211 keystore2               keystore2                            W  system/security/keystore2/src/watchdog.rs:124 - and all 1 records below.
2026-04-09 01:26:36.501   171-21211 keystore2               keystore2                            W  system/security/keystore2/src/watchdog.rs:164 - ThreadId(26) Calling get_rkpd_attestation_key() Pending: 1.5415587s Overdue 1.0416155s
2026-04-09 01:26:36.501   171-21211 keystore2               keystore2                            W  system/security/keystore2/src/watchdog.rs:175 - ### Keystore Watchdog report - END ###
2026-04-09 01:26:36.651   543-656   BluetoothManagerService system_server                        D  Sending State Change: TURNING_ON > TURNING_OFF
2026-04-09 01:26:36.653   966-979   m.android.phone         com.android.phone                    I  Background concurrent copying GC freed 69756(3453KB) AllocSpace objects, 0(0B) LOS objects, 49% free, 3640KB/7281KB, paused 972us,361us total 1.488s
2026-04-09 01:26:36.672   543-561   Looper                  system_server                        W  Slow dispatch took 402ms android.fg h=android.os.Handler c=<recycled PooledLambda@e705c29> m=0
2026-04-09 01:26:36.735 16053-16341 gle.android.gms         com.google.android.gms               W  Long monitor contention with owner main (16053) at boolean abnr.handleMessage(android.os.Message)(:com.google.android.gms@231818047@23.18.18 (190800-535401451):16) waiters=0 in void abnp.e(abno, android.content.ServiceConnection) for 645ms
2026-04-09 01:26:36.809   543-561   Looper                  system_server                        W  Slow dispatch took 129ms android.fg h=android.os.Handler c=<recycled PooledLambda@c1b74be> m=0
2026-04-09 01:26:36.825 21155-21235 AdapterProperties       com.google.android.bluetooth         D  Scan Mode:20
2026-04-09 01:26:36.854   543-2478  PackageManager          system_server                        D  Instant App installer not found with android.intent.action.INSTALL_INSTANT_APP_PACKAGE
2026-04-09 01:26:36.855   543-2478  PackageManager          system_server                        D  Clear ephemeral installer activity
2026-04-09 01:26:36.873 20728-20783 EGL_emulation           com.redennier.taskapp                D  app_time_stats: avg=128.02ms min=16.79ms max=413.86ms count=9
2026-04-09 01:26:36.902   543-2484  PackageManager          system_server                        D  Instant App installer not found with android.intent.action.INSTALL_INSTANT_APP_PACKAGE
2026-04-09 01:26:36.902   543-2484  PackageManager          system_server                        D  Clear ephemeral installer activity
2026-04-09 01:26:36.990 16053-16053 BoundBrokerSvc          com.google.android.gms               D  onUnbind: Intent { act=com.google.android.gms.safetynet.service.START pkg=com.google.android.gms }
2026-04-09 01:26:37.035 20728-20728 Capacitor/Console       com.redennier.taskapp                E  File: https://localhost/ - Line 0 - Msg: Access to fetch at 'https://pydolarvenezuela-api.vercel.app/api/v1/dollar' from origin 'https://localhost' has been blocked by CORS policy: No 'Access-Control-Allow-Origin' header is present on the requested resource. If an opaque response serves your needs, set the request's mode to 'no-cors' to fetch the resource with CORS disabled.
2026-04-09 01:26:37.045 20728-20728 Capacitor/Console       com.redennier.taskapp                E  File: https://localhost/static/js/main.4120c8ca.js - Line 2 - Msg: Error obteniendo tasas: TypeError: Failed to fetch
2026-04-09 01:26:37.051 20728-20728 Capacitor/Console       com.redennier.taskapp                E  File: https://localhost/ - Line 0 - Msg: Access to fetch at 'https://pydolarvenezuela-api.vercel.app/api/v1/dollar' from origin 'https://localhost' has been blocked by CORS policy: No 'Access-Control-Allow-Origin' header is present on the requested resource. If an opaque response serves your needs, set the request's mode to 'no-cors' to fetch the resource with CORS disabled.
2026-04-09 01:26:37.064 20728-20728 Capacitor/Console       com.redennier.taskapp                E  File: https://localhost/static/js/main.4120c8ca.js - Line 2 - Msg: Error obteniendo tasas: TypeError: Failed to fetch
2026-04-09 01:26:37.130   543-561   Looper                  system_server                        W  Drained
2026-04-09 01:26:37.165   543-543   BluetoothAdapter        system_server                        D  isLeEnabled(): TURNING_OFF
2026-04-09 01:26:37.185   543-543   BluetoothAdapter        system_server                        D  isLeEnabled(): TURNING_OFF
2026-04-09 01:26:37.187   543-705   AS.BtHelper             system_server                        E  onBtProfileDisconnected: Not a profile handled by BtHelper A2DP_SINK
2026-04-09 01:26:37.188   543-705   AS.BtHelper             system_server                        I  setBtScoActiveDevice: (null) -> (null)
2026-04-09 01:26:37.188   543-705   AS.BtHelper             system_server                        E  onBtProfileDisconnected: Not a profile handled by BtHelper LE_AUDIO_BROADCAST
2026-04-09 01:26:37.200 19464-19594 DialerVvmS...atcherImpl com.google.android.dialer            I  com.android.dialer.voicemail.service.impl.sms.VvmSmsDispatcherImpl.lambda$getOmtpSmsMessage$1:83 remove sms listener: 167549454
2026-04-09 01:26:37.200 19464-19597 DialerTikT...ableWorker com.google.android.dialer            W  com.google.apps.tiktok.contrib.work.TikTokListenableWorker.lambda$logOnCancellationOrFailure$0:170 TikTokListenableWorker was cancelled while running client worker: com.android.dialer.voicemail.service.impl.VvmTaskWorker
2026-04-09 01:26:37.201 19464-19597 WM-WorkerWrapper        com.google.android.dialer            I  Work [ id=c06709c8-6934-47f1-ba03-be4d1b974ca0, tags={ com.google.apps.tiktok.contrib.work.TikTokListenableWorker, 1, UPDATE_STATUS, TikTokWorker#com.android.dialer.voicemail.service.impl.VvmTaskWorker } ] was cancelled
                                                                                                    java.util.concurrent.CancellationException: Task was cancelled.
                                                                                                    	at bmv.n(PG:2)
                                                                                                    	at bmv.get(PG:2)
                                                                                                    	at bfb.run(PG:115)
                                                                                                    	at bly.run(PG:8)
                                                                                                    	at ocg.run(PG:1)
                                                                                                    	at java.util.concurrent.ThreadPoolExecutor.runWorker(ThreadPoolExecutor.java:1145)
                                                                                                    	at java.util.concurrent.ThreadPoolExecutor$Worker.run(ThreadPoolExecutor.java:644)
                                                                                                    	at oca.run(PG:19)
                                                                                                    	at oca.run(PG:32)
                                                                                                    	at java.lang.Thread.run(Thread.java:1012)
                                                                                                    	at ocj.run(PG:6)
2026-04-09 01:26:37.257 21155-21282 ObexServerSockets       com.google.android.bluetooth         D  create(rfcomm = -2, l2capPsm = -2)
2026-04-09 01:26:37.282 21155-21155 BluetoothMcpService     com.google.android.bluetooth         D  create()
2026-04-09 01:26:37.336 21155-21282 bt_btif_sock            com.google.android.bluetooth         I  packages/modules/Bluetooth/system/btif/src/btif_sock.cc:161 btif_sock_connection_logger: address=00:00:00:00:00:00, role=1, state=1
2026-04-09 01:26:37.337 21155-21282 bt_btif_sock_rfcomm     com.google.android.bluetooth         I  packages/modules/Bluetooth/system/btif/src/btif_sock_rfc.cc:320 btsock_rfc_listen: Adding listening socket service_name: (null) - channel: -2
2026-04-09 01:26:37.340 21155-21214 bt_stack                com.google.android.bluetooth         I  [INFO:port_api.cc(220)] RFCOMM_CreateConnectionWithSecurity: bd_addr=ff:ff:ff:ff:ff:ff, scn=4, is_server=1, mtu=990, uuid=000000, dlci=8, signal_state=0x0b, p_port=0x7d48b81dca38
2026-04-09 01:26:37.340 21155-21214 bt_btif_sock            com.google.android.bluetooth         I  packages/modules/Bluetooth/system/btif/src/btif_sock.cc:161 btif_sock_connection_logger: address=00:00:00:00:00:00, role=1, state=1
2026-04-09 01:26:37.425  4131-21268 Fitness                 com.google.android.gms.persistent    I  OnPackageChangedOperation got intent: Intent { act=android.intent.action.PACKAGE_CHANGED dat=package: flg=0x45000010 pkg=com.google.android.gms cmp=com.google.android.gms/.chimera.PersistentIntentOperationService (has extras) } [CONTEXT service_id=17 ]
2026-04-09 01:26:37.430   543-628   system_server           system_server                        W  Long monitor contention with owner appscheduling.default (627) at void com.android.server.job.JobSchedulerService$JobHandler.handleMessage(android.os.Message)(JobSchedulerService.java:3305) waiters=0 in void com.android.server.job.JobServiceContext.doCallback(com.android.server.job.JobServiceContext$JobCallback, boolean, java.lang.String) for 248ms
2026-04-09 01:26:37.469 20728-20914 cr_MediaCodecBridge     com.redennier.taskapp                I  create MediaCodec video decoder, mime video/avc
2026-04-09 01:26:37.472  4131-4934  NearbyDiscovery         com.google.android.gms.persistent    I  FastPairHandler: Received action android.bluetooth.adapter.action.BLE_STATE_CHANGED [CONTEXT service_id=265 ]
2026-04-09 01:26:37.489  4131-18405 NetworkScheduler.Stats  com.google.android.gms.persistent    I  Task com.google.android.gms/com.google.android.gms.clearcut.uploader.QosUploaderService started execution. cause:5 exec_start_elapsed_seconds: 9402 [CONTEXT service_id=218 ]
2026-04-09 01:26:37.503   543-557   ProcessStats            system_server                        W  Tracking association SourceState{e5529dc com.google.android.gms.unstable/10128 BFgs #16474} whose proc state 4 is better than process ProcessState{e92c092 com.google.process.gservices/10128 pkg=com.google.android.gsf} proc state 10 (929 skipped)
2026-04-09 01:26:37.505  4131-16475 NearbySharing           com.google.android.gms.persistent    I  Bluetooth is disabled [CONTEXT service_id=194 ]
2026-04-09 01:26:37.540 20728-20914 MediaCodecList          com.redennier.taskapp                D  codecHandlesFormat: no format, so no extra checks
2026-04-09 01:26:37.575 20728-20914 MediaCodecList          com.redennier.taskapp                D  codecHandlesFormat: no format, so no extra checks
2026-04-09 01:26:37.588 21155-21282 bt_btif_sock            com.google.android.bluetooth         I  packages/modules/Bluetooth/system/btif/src/btif_sock.cc:161 btif_sock_connection_logger: address=00:00:00:00:00:00, role=1, state=1
2026-04-09 01:26:37.596 21155-21282 bluetooth               com.google.android.bluetooth         I  packages/modules/Bluetooth/system/btif/src/btif_sock_l2cap.cc:332 btsock_l2cap_alloc_l: Allocated l2cap socket structure socket_id:1
2026-04-09 01:26:37.603 21155-21214 bt_l2cap                com.google.android.bluetooth         I  packages/modules/Bluetooth/system/stack/l2cap/l2c_api.cc:172 L2CA_Register: L2CAP Registered service classic PSM: 0x1001
2026-04-09 01:26:37.603 21155-21214 bt_btif_sock            com.google.android.bluetooth         I  packages/modules/Bluetooth/system/btif/src/btif_sock.cc:161 btif_sock_connection_logger: address=00:00:00:00:00:00, role=1, state=1
2026-04-09 01:26:37.604 21155-21214 bluetooth               com.google.android.bluetooth         I  packages/modules/Bluetooth/system/btif/src/btif_sock_l2cap.cc:357 send_app_psm_or_chan_l: Sending l2cap socket socket_id:1 channel:4097
2026-04-09 01:26:37.606 21155-21282 BluetoothAdapter        com.google.android.bluetooth         D  listenUsingL2capOn: set assigned channel to 4097
2026-04-09 01:26:37.606 21155-21282 ObexServerSockets       com.google.android.bluetooth         D  Succeed to create listening sockets 
2026-04-09 01:26:37.611 21155-21282 ObexServerSockets0      com.google.android.bluetooth         D  startAccept()
2026-04-09 01:26:37.620 21155-21282 BluetoothSdpJni         com.google.android.bluetooth         D  sdpCreateMapMasRecordNative
2026-04-09 01:26:37.625 21155-21214 bt_bta_dm               com.google.android.bluetooth         I  packages/modules/Bluetooth/system/bta/dm/bta_dm_act.cc:3454 bta_dm_eir_update_uuid: EIR Adding UUID=0x1132 into extended inquiry response
2026-04-09 01:26:37.626 21155-21214 bt_bta_dm               com.google.android.bluetooth         I  packages/modules/Bluetooth/system/bta/dm/bta_dm_act.cc:3153 bta_dm_set_eir: Generating extended inquiry response packet EIR
2026-04-09 01:26:37.626 21155-21214 bt_btif_storage         com.google.android.bluetooth         I  packages/modules/Bluetooth/system/btif/src/btif_storage.cc:653 btif_storage_get_adapter_property: btif_storage_get_adapter_property service_mask:0x62100048
2026-04-09 01:26:37.626 21155-21282 BluetoothSdpJni         com.google.android.bluetooth         D  SDP Create record success - handle: 0
2026-04-09 01:26:37.740 12094-12101 ndroid.systemui         com.android.systemui                 I  Background young concurrent copying GC freed 407788(18MB) AllocSpace objects, 0(0B) LOS objects, 40% free, 21MB/36MB, paused 84.082ms,98us total 1.679s
2026-04-09 01:26:37.743  4131-4934  NearbyDiscovery         com.google.android.gms.persistent    I  FastPairHandler: Received action android.bluetooth.adapter.action.STATE_CHANGED [CONTEXT service_id=265 ]
2026-04-09 01:26:37.752  4131-16475 NearbySharing           com.google.android.gms.persistent    I  Stopping scanning because Bluetooth is disabled. [CONTEXT service_id=194 ]
2026-04-09 01:26:37.759  4131-16475 NearbySharing           com.google.android.gms.persistent    I  Failed to stop scanning because we're not scanning. [CONTEXT service_id=194 ]
2026-04-09 01:26:37.769  4131-16475 NearbySharing           com.google.android.gms.persistent    I  Can't stop advertising FastInitiation. Not advertising. [CONTEXT service_id=194 ]
2026-04-09 01:26:37.780  4131-16475 NearbySharing           com.google.android.gms.persistent    I  Stopping Fast Init advertisement because Bluetooth is off. [CONTEXT service_id=194 ]
2026-04-09 01:26:37.781  4131-16475 NearbySharing           com.google.android.gms.persistent    I  Stopping advertising because Bluetooth is disabled. [CONTEXT service_id=194 ]
2026-04-09 01:26:37.788  1427-1427  GsaVoiceInteractionSrv  com....android.googlequicksearchbox  I  O received Intent { act=android.bluetooth.adapter.action.STATE_CHANGED flg=0x4000010 (has extras) }
2026-04-09 01:26:37.791  4131-16475 NearbySharing           com.google.android.gms.persistent    I  Can't stop scanning for FastInitiation. Not scanning. [CONTEXT service_id=194 ]
2026-04-09 01:26:37.793  4131-16475 NearbySharing           com.google.android.gms.persistent    I  Cancelling in use notification [CONTEXT service_id=194 ]
2026-04-09 01:26:37.800  4131-16475 NearbySharing           com.google.android.gms.persistent    I  Fast Initiation Scanning has stopped [CONTEXT service_id=194 ]
2026-04-09 01:26:37.801  4131-16475 NearbySharing           com.google.android.gms.persistent    I  Stopping FastInitiation scanning because Bluetooth is disabled. [CONTEXT service_id=194 ]
2026-04-09 01:26:37.805 21155-21300 ObexServerSockets0      com.google.android.bluetooth         D  Accepting socket connection...
2026-04-09 01:26:37.805 21155-21300 BluetoothSocket         com.google.android.bluetooth         D  accept(), timeout (ms):-1
2026-04-09 01:26:37.808 21155-21299 ObexServerSockets0      com.google.android.bluetooth         D  Accepting socket connection...
2026-04-09 01:26:37.812 21155-21299 BluetoothSocket         com.google.android.bluetooth         D  accept(), timeout (ms):-1
2026-04-09 01:26:37.911 20728-21301 CCodec                  com.redennier.taskapp                D  allocate(c2.goldfish.h264.decoder)
2026-04-09 01:26:37.963 20728-21301 Codec2Client            com.redennier.taskapp                I  Available Codec2 services: "default" "software"
2026-04-09 01:26:38.009 21155-21155 BluetoothMcpService     com.google.android.bluetooth         D  start()
2026-04-09 01:26:38.013 21155-21155 MediaControlProfile     com.google.android.bluetooth         V  Creating Generic Media Control Service
2026-04-09 01:26:38.025 21155-21155 MediaPlayerList         com.google.android.bluetooth         V  Creating MediaPlayerList
2026-04-09 01:26:38.050 20728-21301 CCodec                  com.redennier.taskapp                I  setting up 'default' as default (vendor) store
2026-04-09 01:26:38.087  4131-16475 NearbySharing           com.google.android.gms.persistent    I  Dismissing HUN as there's no device nearby. [CONTEXT service_id=194 ]
2026-04-09 01:26:38.100   358-1559  GoldfishComponentStore  and...media.c2@1.0-service-goldfish  I  in init
2026-04-09 01:26:38.100   358-1559  GoldfishComponentStore  and...media.c2@1.0-service-goldfish  I  loading dll of path libcodec2_goldfish_avcdec.so
2026-04-09 01:26:38.109 20728-20783 EGL_emulation           com.redennier.taskapp                D  app_time_stats: avg=154.29ms min=52.51ms max=399.55ms count=8
2026-04-09 01:26:38.112   358-1559  GoldfishComponentStore  and...media.c2@1.0-service-goldfish  I  Create()
2026-04-09 01:26:38.146   358-1559  GoldfishComponentStore  and...media.c2@1.0-service-goldfish  I  created interface
2026-04-09 01:26:38.151   358-1559  GoldfishComponentStore  and...media.c2@1.0-service-goldfish  I  created component
2026-04-09 01:26:38.162   543-562   Looper                  system_server                        W  Slow dispatch took 950ms android.ui h=com.android.server.am.ActivityManagerService$UiHandler c=null m=68
2026-04-09 01:26:38.168 20728-21301 CCodec                  com.redennier.taskapp                I  Created component [c2.goldfish.h264.decoder]
2026-04-09 01:26:38.180 20728-21301 CCodecConfig            com.redennier.taskapp                D  read media type: video/avc
2026-04-09 01:26:38.191 20728-21301 ReflectedParamUpdater   com.redennier.taskapp                D  extent() != 1 for single value type: algo.buffers.max-count.values
2026-04-09 01:26:38.198 20728-21301 ReflectedParamUpdater   com.redennier.taskapp                D  extent() != 1 for single value type: output.subscribed-indices.values
2026-04-09 01:26:38.192   543-1512  MediaSessionService     system_server                        D  The MediaKeyEventSessionChangedListener (android.os.BinderProxy@ab289da) is added by com.google.android.bluetooth
2026-04-09 01:26:38.211 20728-21301 ReflectedParamUpdater   com.redennier.taskapp                D  extent() != 1 for single value type: input.buffers.allocator-ids.values
2026-04-09 01:26:38.216 20728-21301 ReflectedParamUpdater   com.redennier.taskapp                D  extent() != 1 for single value type: output.buffers.allocator-ids.values
2026-04-09 01:26:38.219 20728-21301 ReflectedParamUpdater   com.redennier.taskapp                D  extent() != 1 for single value type: algo.buffers.allocator-ids.values
2026-04-09 01:26:38.220 20728-21301 ReflectedParamUpdater   com.redennier.taskapp                D  extent() != 1 for single value type: output.buffers.pool-ids.values
2026-04-09 01:26:38.223 20728-21301 ReflectedParamUpdater   com.redennier.taskapp                D  extent() != 1 for single value type: algo.buffers.pool-ids.values
2026-04-09 01:26:38.237 20728-21301 ReflectedParamUpdater   com.redennier.taskapp                D  ignored struct field coded.color-format.locations
2026-04-09 01:26:38.241 20728-21301 CCodecConfig            com.redennier.taskapp                D  ignoring local param raw.size (0xd2001800) as it is already supported
2026-04-09 01:26:38.242 20728-21301 CCodecConfig            com.redennier.taskapp                D  ignoring local param default.color (0x5200180b) as it is already supported
2026-04-09 01:26:38.243 20728-21301 ReflectedParamUpdater   com.redennier.taskapp                D  ignored struct field raw.hdr-static-info.mastering
2026-04-09 01:26:38.273 20728-21301 CCodecConfig            com.redennier.taskapp                I  query failed after returning 12 values (BAD_INDEX)
2026-04-09 01:26:38.273 20728-21301 CCodecConfig            com.redennier.taskapp                D  c2 config diff is Dict {
                                                                                                      c2::u32 coded.pl.level = 20496
                                                                                                      c2::u32 coded.pl.profile = 20481
                                                                                                      c2::u32 coded.vui.color.matrix = 0
                                                                                                      c2::u32 coded.vui.color.primaries = 0
                                                                                                      c2::u32 coded.vui.color.range = 2
                                                                                                      c2::u32 coded.vui.color.transfer = 0
                                                                                                      c2::u32 default.color.matrix = 0
                                                                                                      c2::u32 default.color.primaries = 0
                                                                                                      c2::u32 default.color.range = 0
                                                                                                      c2::u32 default.color.transfer = 0
                                                                                                      c2::u32 input.buffers.max-size.value = 6291456
                                                                                                      c2::u32 input.delay.value = 0
                                                                                                      string input.media-type.value = "video/avc"
                                                                                                      c2::u32 output.delay.value = 8
                                                                                                      string output.media-type.value = "video/raw"
                                                                                                      c2::u32 raw.color.matrix = 0
                                                                                                      c2::u32 raw.color.primaries = 0
                                                                                                      c2::u32 raw.color.range = 2
                                                                                                      c2::u32 raw.color.transfer = 0
                                                                                                      c2::u32 raw.max-size.height = 240
                                                                                                      c2::u32 raw.max-size.width = 320
                                                                                                      c2::u32 raw.pixel-format.value = 35
                                                                                                      c2::i32 raw.rotation.flip = 0
                                                                                                      c2::i32 raw.rotation.value = 0
                                                                                                      c2::u32 raw.sar.height = 1
                                                                                                      c2::u32 raw.sar.width = 1
                                                                                                      c2::u32 raw.size.height = 240
                                                                                                      c2::u32 raw.size.width = 320
                                                                                                      c2:
2026-04-09 01:26:38.283 20728-21301 ColorUtils              com.redennier.taskapp                W  expected specified color aspects (2:0:0:0)
2026-04-09 01:26:38.359   543-562   Looper                  system_server                        W  Slow delivery took 1025ms android.ui h=com.android.server.am.ActivityManagerService$UiHandler c=null m=68
2026-04-09 01:26:38.359   543-562   Looper                  system_server                        W  Slow dispatch took 168ms android.ui h=com.android.server.am.ActivityManagerService$UiHandler c=null m=68
2026-04-09 01:26:38.375 12094-12094 PowerNotif...GoogleImpl com.android.systemui                 D  onReceive: android.bluetooth.adapter.action.STATE_CHANGED
2026-04-09 01:26:38.376 12094-12094 Incompatib...tification com.android.systemui                 D  dispatchIntent: android.bluetooth.adapter.action.STATE_CHANGED
2026-04-09 01:26:38.443   543-21122 system_server           system_server                        E  libdebuggerd_client: failed to read status response from tombstoned: Try again
2026-04-09 01:26:38.445   198-198   tombstoned              tombstoned                           I  intercept for pid 20869 and type kDebuggerdJavaBacktrace terminated: due to input
2026-04-09 01:26:38.483  4131-16475 NearbySharing           com.google.android.gms.persistent    I  Cancelling in use notification [CONTEXT service_id=194 ]
2026-04-09 01:26:38.507  4131-21270 Fitness                 com.google.android.gms.persistent    I  FitCleanupIntentOperation received Intent android.intent.action.PACKAGE_CHANGED [CONTEXT service_id=17 ]
2026-04-09 01:26:38.516  4131-4806  ChimeraUtils            com.google.android.gms.persistent    W  Module com.google.android.gms.nearby_en missing resource null(0)
2026-04-09 01:26:38.549  4131-4806  ChimeraUtils            com.google.android.gms.persistent    W  Module com.google.android.gms.nearby_en missing resource null(0)
2026-04-09 01:26:38.616   543-750   Looper                  system_server                        W  Drained
2026-04-09 01:26:38.618  1238-16267 Permission...erviceImpl com....android.permissioncontroller  I  Updating user sensitive for uid 1002
2026-04-09 01:26:38.640 20728-21294 MediaCodec              com.redennier.taskapp                I  MediaCodec will operate in async mode
2026-04-09 01:26:38.645   543-21122 ActivityManager         system_server                        W  Dumping Java threads failed, initiating native stack dump.
2026-04-09 01:26:38.649   543-21122 system_server           system_server                        I  libdebuggerd_client: started dumping process 20869
2026-04-09 01:26:38.659   198-198   tombstoned              tombstoned                           I  registered intercept for pid 20869 and type kDebuggerdNativeBacktrace
2026-04-09 01:26:38.663 20728-21294 MediaCodec              com.redennier.taskapp                D  flushMediametrics
2026-04-09 01:26:38.665 20728-21294 SurfaceUtils            com.redennier.taskapp                D  connecting to surface 0x7d496372c120, reason connectToSurface
2026-04-09 01:26:38.665 20728-21294 MediaCodec              com.redennier.taskapp                I  [c2.goldfish.h264.decoder] setting surface generation to 21225473
2026-04-09 01:26:38.671 20728-21294 SurfaceUtils            com.redennier.taskapp                D  disconnecting from surface 0x7d496372c120, reason connectToSurface(reconnect)
2026-04-09 01:26:38.673 20728-21294 SurfaceUtils            com.redennier.taskapp                D  connecting to surface 0x7d496372c120, reason connectToSurface(reconnect)
2026-04-09 01:26:38.676 20728-21301 CCodec                  com.redennier.taskapp                D  [c2.goldfish.h264.decoder] buffers are bound to CCodec for this session
2026-04-09 01:26:38.680 20728-21301 CCodecConfig            com.redennier.taskapp                D  no c2 equivalents for csd-1
2026-04-09 01:26:38.681 20728-21301 CCodecConfig            com.redennier.taskapp                D  no c2 equivalents for native-window
2026-04-09 01:26:38.681 20728-21301 CCodecConfig            com.redennier.taskapp                D  no c2 equivalents for flags
2026-04-09 01:26:38.683 20728-21301 CCodecConfig            com.redennier.taskapp                D  config failed => CORRUPTED
2026-04-09 01:26:38.683 20869-20869 libc                    com.google.android.webview           E  failed to connect to tombstoned: Operation not permitted
2026-04-09 01:26:38.684 20869-20869 libc                    com.google.android.webview           E  missing crash_dump_fallback() in selinux policy?
2026-04-09 01:26:38.687 20728-21301 CCodecConfig            com.redennier.taskapp                D  c2 config diff is   c2::u32 raw.max-size.height = 368
                                                                                                      c2::u32 raw.max-size.width = 640
                                                                                                      c2::u32 raw.size.height = 368
                                                                                                      c2::u32 raw.size.width = 640
2026-04-09 01:26:38.698 20728-21301 Codec2Client            com.redennier.taskapp                W  query -- param skipped: index = 1107298332.
2026-04-09 01:26:38.698 20728-21301 CCodec                  com.redennier.taskapp                D  client requested max input size 176640, which is smaller than what component recommended (6291456); overriding with component recommendation.
2026-04-09 01:26:38.698 20728-21301 CCodec                  com.redennier.taskapp                W  This behavior is subject to change. It is recommended that app developers double check whether the requested max input size is in reasonable range.
2026-04-09 01:26:38.700 20728-21301 CCodec                  com.redennier.taskapp                D  encoding statistics level = 0
2026-04-09 01:26:38.704 20728-21301 CCodec                  com.redennier.taskapp                D  setup formats input: AMessage(what = 0x00000000) = {
                                                                                                      int32_t height = 368
                                                                                                      int32_t level = 65536
                                                                                                      int32_t max-input-size = 6291456
                                                                                                      string mime = "video/avc"
                                                                                                      int32_t profile = 65536
                                                                                                      int32_t width = 640
                                                                                                      Rect crop(0, 0, 639, 367)
                                                                                                    }
2026-04-09 01:26:38.705 20728-21301 CCodec                  com.redennier.taskapp                D  setup formats output: AMessage(what = 0x00000000) = {
                                                                                                      int32_t android._color-format = 2135033992
                                                                                                      int32_t android._video-scaling = 1
                                                                                                      int32_t rotation-degrees = 0
                                                                                                      int32_t color-standard = 4
                                                                                                      int32_t color-range = 2
                                                                                                      int32_t color-transfer = 3
                                                                                                      int32_t sar-height = 1
                                                                                                      int32_t sar-width = 1
                                                                                                      Rect crop(0, 0, 639, 367)
                                                                                                      int32_t width = 640
                                                                                                      int32_t height = 368
                                                                                                      int32_t max-height = 368
                                                                                                      int32_t max-width = 640
                                                                                                      string mime = "video/raw"
                                                                                                      int32_t android._dataspace = 259
                                                                                                      int32_t color-format = 2130708361
                                                                                                    }
2026-04-09 01:26:38.718 20728-21301 CCodecConfig            com.redennier.taskapp                I  query failed after returning 12 values (BAD_INDEX)
2026-04-09 01:26:38.721 20728-20914 MediaCodec              com.redennier.taskapp                D  keep callback message for reclaim
2026-04-09 01:26:38.724   358-21306 C2GoldfishAvcDec        and...media.c2@1.0-service-goldfish  D  calling onInit
2026-04-09 01:26:38.725 20728-21301 Codec2Client            com.redennier.taskapp                W  query -- param skipped: index = 1342179345.
2026-04-09 01:26:38.730 20728-21301 Codec2Client            com.redennier.taskapp                W  query -- param skipped: index = 2415921170.
2026-04-09 01:26:38.735 20728-21301 Codec2Client            com.redennier.taskapp                W  query -- param skipped: index = 1610614798.
2026-04-09 01:26:38.820   966-966   CarrierSvcBindHelper    com.android.phone                    D  onPackageModified: com.google.android.bluetooth
2026-04-09 01:26:38.826   966-966   CarrierSvcBindHelper    com.android.phone                    D  No carrier app for: 0
2026-04-09 01:26:38.839   543-653   InputReader             system_server                        I  Reconfiguring input devices, changes=KEYBOARD_LAYOUTS
2026-04-09 01:26:38.894 20728-21301 Codec2Client            com.redennier.taskapp                W  query -- param skipped: index = 2684356609.
2026-04-09 01:26:38.910 21155-21155 BluetoothOppService     com.google.android.bluetooth         W  Unexpectedly do Start, don't start
2026-04-09 01:26:38.923 21155-21155 PanService              com.google.android.bluetooth         W  Unexpectedly do Start, don't start
2026-04-09 01:26:38.947 21155-21155 BluetoothPbapService    com.google.android.bluetooth         W  Unexpectedly do Start, don't start
2026-04-09 01:26:38.963 21155-21155 AvrcpVolumeManager      com.google.android.bluetooth         D  onAudioDevicesAdded: Not expecting device changed
2026-04-09 01:26:38.967   966-1341  ImsResolver             com.android.phone                    D  maybeAddedImsService, packageName: com.google.android.bluetooth
2026-04-09 01:26:38.979 20728-21301 C2Store                 com.redennier.taskapp                D  Using DMABUF Heaps
2026-04-09 01:26:39.022 20728-21301 CCodecBufferChannel     com.redennier.taskapp                D  [c2.goldfish.h264.decoder#822] Created input block pool with allocatorID 16 => poolID 17 - OK (0)
2026-04-09 01:26:39.025 12094-12118 StylusManager           com.android.systemui                 D  Stylus InputDevice changed: 14 virtio_input_multi_touch_11
2026-04-09 01:26:39.027 20728-21301 CCodecBufferChannel     com.redennier.taskapp                D  [c2.goldfish.h264.decoder#822] Query output surface allocator returned 0 params => BAD_INDEX (6)
2026-04-09 01:26:39.029 20728-21301 CCodecBufferChannel     com.redennier.taskapp                I  [c2.goldfish.h264.decoder#822] Created output block pool with allocatorID 18 => poolID 17 - OK
2026-04-09 01:26:39.030 20728-21301 CCodecBufferChannel     com.redennier.taskapp                D  [c2.goldfish.h264.decoder#822] Configured output block pool ids 17 => OK
2026-04-09 01:26:39.038 20728-21301 Codec2-Out...ufferQueue com.redennier.taskapp                D  remote graphic buffer migration 0/0
2026-04-09 01:26:39.039 20728-21301 Codec2Client            com.redennier.taskapp                D  setOutputSurface -- failed to set consumer usage (6/BAD_INDEX)
2026-04-09 01:26:39.040 20728-21301 Codec2Client            com.redennier.taskapp                D  setOutputSurface -- generation=21225473 consumer usage=0x900
2026-04-09 01:26:39.075 12094-12118 StylusManager           com.android.systemui                 D  Stylus InputDevice changed: 11 virtio_input_multi_touch_8
2026-04-09 01:26:39.079 12094-12118 StylusManager           com.android.systemui                 D  Stylus InputDevice changed: 10 virtio_input_multi_touch_7
2026-04-09 01:26:39.080 12094-12118 StylusManager           com.android.systemui                 D  Stylus InputDevice changed: 8 virtio_input_multi_touch_5
2026-04-09 01:26:39.089   543-1521  ActivityManager         system_server                        D  sync unfroze 20310 com.google.android.apps.youtube.music for 6
2026-04-09 01:26:39.096  4131-18405 NetworkScheduler.Stats  com.google.android.gms.persistent    I  Task com.google.android.gms/com.google.android.gms.clearcut.uploader.QosUploaderService finished executing. cause:5 result: 1 elapsed_millis: 3797 uptime_millis: 3797 exec_start_elapsed_seconds: 9402 [CONTEXT service_id=218 ]
2026-04-09 01:26:39.117 16053-16393 Icing                   com.google.android.gms               I  IndexChimeraService.getServiceInterface callingPackage=com.google.android.gms componentName=AppsCorpus serviceId=36
2026-04-09 01:26:39.135   543-1521  Compatibil...geReporter system_server                        D  Compat change id reported: 261072174; UID 1002; state: ENABLED
