2026-04-08 22:56:34.316   543-571   system_server           system_server                        W  Long monitor contention with owner binder:543_7 (860) at void com.android.server.pm.permission.PermissionManagerServiceImpl.updatePermissionFlagsInternal(java.lang.String, java.lang.String, int, int, int, int, boolean, com.android.server.pm.permission.PermissionManagerServiceImpl$PermissionCallback)(PermissionManagerServiceImpl.java:879) waiters=3 in int com.android.server.pm.permission.PermissionManagerServiceImpl.checkPermissionInternal(com.android.server.pm.pkg.AndroidPackage, boolean, java.lang.String, int) for 107ms
2026-04-08 22:56:34.344 12094-12094 Choreographer           com.android.systemui                 I  Skipped 78 frames!  The application may be doing too much work on its main thread.
2026-04-08 22:56:34.352  1384-16510 AiAiEcho                com.google.android.as                I  AppIndexer Package:[com.google.android.bluetooth] UserProfile:[0] Enabled:[true].
2026-04-08 22:56:34.355  1159-1159  Choreographer           com...gle.android.inputmethod.latin  I  Skipped 75 frames!  The application may be doing too much work on its main thread.
2026-04-08 22:56:34.363  1384-16510 AiAiEcho                com.google.android.as                I  AppFetcherImplV2 updateApps package:[com.google.android.bluetooth], userId:[0], reason:[package is updated.].
2026-04-08 22:56:34.382  4131-15625 NearbySharing           com.google.android.gms.persistent    I  Can't stop advertising FastInitiation. Not advertising. [CONTEXT service_id=194 ]
2026-04-08 22:56:34.382  4131-15625 NearbySharing           com.google.android.gms.persistent    I  Stopping Fast Init advertisement because Bluetooth is off. [CONTEXT service_id=194 ]
2026-04-08 22:56:34.382  4131-15625 NearbySharing           com.google.android.gms.persistent    I  Stopping advertising because Bluetooth is disabled. [CONTEXT service_id=194 ]
2026-04-08 22:56:34.409 12094-12094 PowerNotif...GoogleImpl com.android.systemui                 D  onReceive: android.bluetooth.adapter.action.STATE_CHANGED
2026-04-08 22:56:34.409 12094-12094 Incompatib...tification com.android.systemui                 D  dispatchIntent: android.bluetooth.adapter.action.STATE_CHANGED
2026-04-08 22:56:34.527   543-572   system_server           system_server                        W  Long monitor contention with owner binder:543_10 (1541) at void com.android.server.am.ActivityManagerService.serviceDoneExecuting(android.os.IBinder, int, int, int)(ActivityManagerService.java:13465) waiters=2 in void com.android.server.am.BroadcastQueueModernImpl.updateRunningList() for 246ms
2026-04-08 22:56:34.580   543-999   system_server           system_server                        W  Long monitor contention with owner binder:543_7 (860) at void com.android.server.pm.permission.PermissionManagerServiceImpl.updatePermissionFlagsInternal(java.lang.String, java.lang.String, int, int, int, int, boolean, com.android.server.pm.permission.PermissionManagerServiceImpl$PermissionCallback)(PermissionManagerServiceImpl.java:879) waiters=2 in int com.android.server.pm.permission.PermissionManagerServiceImpl.checkPermissionInternal(com.android.server.pm.pkg.AndroidPackage, boolean, java.lang.String, int) for 389ms
2026-04-08 22:56:34.667 12094-12094 ControlsLi...rollerImpl com.android.systemui                 D  ServiceConfig reloaded, count: 0
2026-04-08 22:56:34.698   543-543   FillRequestEventLogger  system_server                        W  Shouldn't be logging AutofillFillRequestReported again for same event
2026-04-08 22:56:34.728   543-543   FillResponseEventLogger system_server                        W  Shouldn't be logging AutofillFillRequestReported again for same event
2026-04-08 22:56:34.790 15202-15239 EGL_emulation           com.redennier.taskapp                D  app_time_stats: avg=3057.43ms min=3057.43ms max=3057.43ms count=1
2026-04-08 22:56:34.803 15202-15233 OpenGLRenderer          com.redennier.taskapp                I  Davey! duration=3142ms; Flags=0, FrameTimelineVsyncId=2165199, IntendedVsync=6212213011338, Vsync=6213146344634, InputEventId=0, HandleInputStart=6213166380500, AnimationStart=6213166689600, PerformTraversalsStart=6213185613300, DrawStart=6213201878100, FrameDeadline=6212329678000, FrameInterval=6213150977000, FrameStartTime=16666666, SyncQueued=6213202445800, SyncStart=6213205061500, IssueDrawCommandsStart=6213205376300, SwapBuffers=6215354444900, FrameCompleted=6215358191200, DequeueBufferDuration=131200, QueueBufferDuration=2033200, GpuCompleted=6215357087300, SwapBuffersCompleted=6215358191200, DisplayPresentTime=0, CommandSubmissionCompleted=6215354444900, 
2026-04-08 22:56:34.810 15202-15202 Choreographer           com.redennier.taskapp                I  Skipped 118 frames!  The application may be doing too much work on its main thread.
2026-04-08 22:56:34.856 12094-12118 StylusManager           com.android.systemui                 D  Stylus InputDevice changed: 14 virtio_input_multi_touch_11
2026-04-08 22:56:34.860 12094-12118 StylusManager           com.android.systemui                 D  Stylus InputDevice changed: 11 virtio_input_multi_touch_8
2026-04-08 22:56:34.862 12094-12118 StylusManager           com.android.systemui                 D  Stylus InputDevice changed: 10 virtio_input_multi_touch_7
2026-04-08 22:56:34.866 12094-12118 StylusManager           com.android.systemui                 D  Stylus InputDevice changed: 8 virtio_input_multi_touch_5
2026-04-08 22:56:34.869 12094-12118 StylusManager           com.android.systemui                 D  Stylus InputDevice changed: 4 virtio_input_multi_touch_1
2026-04-08 22:56:34.870 12094-12118 StylusManager           com.android.systemui                 D  Stylus InputDevice changed: 6 virtio_input_multi_touch_3
2026-04-08 22:56:34.872 12094-12118 StylusManager           com.android.systemui                 D  Stylus InputDevice changed: 9 virtio_input_multi_touch_6
2026-04-08 22:56:34.874 12094-12118 StylusManager           com.android.systemui                 D  Stylus InputDevice changed: 12 virtio_input_multi_touch_9
2026-04-08 22:56:34.878 12094-12118 StylusManager           com.android.systemui                 D  Stylus InputDevice changed: 7 virtio_input_multi_touch_4
2026-04-08 22:56:34.881 12094-12118 StylusManager           com.android.systemui                 D  Stylus InputDevice changed: 13 virtio_input_multi_touch_10
2026-04-08 22:56:34.884 12094-12118 StylusManager           com.android.systemui                 D  Stylus InputDevice changed: 5 virtio_input_multi_touch_2
2026-04-08 22:56:34.917   543-543   AutofillSession         system_server                        D  clearPendingIntentLocked
2026-04-08 22:56:34.991 15202-15202 InsetsController        com.redennier.taskapp                D  show(ime(), fromIme=true)
2026-04-08 22:56:34.993   543-2153  CoreBackPreview         system_server                        D  Window{b33d966 u0 com.redennier.taskapp/com.redennier.taskapp.MainActivity}: Setting back callback OnBackInvokedCallbackInfo{mCallback=android.window.IOnBackInvokedCallback$Stub$Proxy@a36785, mPriority=0, mIsAnimationCallback=false}
2026-04-08 22:56:35.020  4131-15625 NearbySharing           com.google.android.gms.persistent    I  Can't stop scanning for FastInitiation. Not scanning. [CONTEXT service_id=194 ]
2026-04-08 22:56:35.092 12094-12110 Looper                  com.android.systemui                 W  Slow dispatch took 41ms wmshell.main h=android.os.Handler c=com.android.wm.shell.pip.PinnedStackListenerForwarder$PinnedTaskListenerImpl$$ExternalSyntheticLambda2@e7a14d8 m=0
2026-04-08 22:56:35.094 12094-12110 Looper                  com.android.systemui                 W  Slow delivery took 31ms wmshell.main h=android.os.Handler c=com.android.wm.shell.common.DisplayInsetsController$PerDisplay$DisplayWindowInsetsControllerImpl$$ExternalSyntheticLambda1@364e031 m=0
2026-04-08 22:56:35.095 15202-15233 OpenGLRenderer          com.redennier.taskapp                I  Davey! duration=2171ms; Flags=0, FrameTimelineVsyncId=2165390, IntendedVsync=6213396344624, Vsync=6215363011212, InputEventId=0, HandleInputStart=6215410162000, AnimationStart=6215410215200, PerformTraversalsStart=6215428418100, DrawStart=6215428687800, FrameDeadline=6215546344538, FrameInterval=6215377834800, FrameStartTime=16666666, SyncQueued=6215443965800, SyncStart=6215527284000, IssueDrawCommandsStart=6215528239400, SwapBuffers=6215641050200, FrameCompleted=6215650917300, DequeueBufferDuration=53100, QueueBufferDuration=7929600, GpuCompleted=6215647375300, SwapBuffersCompleted=6215650917300, DisplayPresentTime=0, CommandSubmissionCompleted=6215641050200, 
2026-04-08 22:56:35.118  4131-15625 NearbySharing           com.google.android.gms.persistent    I  Cancelling in use notification [CONTEXT service_id=194 ]
2026-04-08 22:56:35.149   543-562   AutofillUI              system_server                        D  destroySaveUiUiThread(): already destroyed
2026-04-08 22:56:35.154   543-750   Looper                  system_server                        W  Slow dispatch took 355ms android.perm h=android.os.Handler c=<recycled PooledLambda@e36c91f> m=0
2026-04-08 22:56:35.178 16272-16272 HeadsetService          com.google.android.bluetooth         I  cleanup
2026-04-08 22:56:35.180 16272-16272 HearingAidService       com.google.android.bluetooth         D  cleanup()
2026-04-08 22:56:35.182 16272-16272 BluetoothH...ServiceJni com.google.android.bluetooth         W  Cleaning up Bluetooth HID Interface...
2026-04-08 22:56:35.182 16272-16272 bt_btif_storage         com.google.android.bluetooth         I  packages/modules/Bluetooth/system/btif/src/btif_storage.cc:653 btif_storage_get_adapter_property: btif_storage_get_adapter_property service_mask:0x20000000
2026-04-08 22:56:35.183 16272-16272 BluetoothH...ServiceJni com.google.android.bluetooth         W  Cleaning up Bluetooth GID callback object
2026-04-08 22:56:35.185 16272-16394 bt_stack                com.google.android.bluetooth         I  [INFO:gatt_api.cc(1279)] GATT_Deregister gatt_if=5
2026-04-08 22:56:35.195 16272-16272 BluetoothMcpService     com.google.android.bluetooth         D  cleanup()
2026-04-08 22:56:35.195 16272-16272 BluetoothMcpService     com.google.android.bluetooth         D  cleanup()
2026-04-08 22:56:35.196 16272-16272 BtOppService            com.google.android.bluetooth         D  stopListeners: mServerSocket is null
2026-04-08 22:56:35.197 16272-16272 BtOppService            com.google.android.bluetooth         W  unregisterReceivers java.lang.IllegalArgumentException: Receiver not registered: com.android.bluetooth.opp.BluetoothOppService$3@822bb68
2026-04-08 22:56:35.198  4131-15625 NearbySharing           com.google.android.gms.persistent    I  Fast Initiation Scanning has stopped [CONTEXT service_id=194 ]
2026-04-08 22:56:35.198  4131-15625 NearbySharing           com.google.android.gms.persistent    I  Stopping FastInitiation scanning because Bluetooth is disabled. [CONTEXT service_id=194 ]
2026-04-08 22:56:35.199  4131-15625 NearbySharing           com.google.android.gms.persistent    I  Dismissing HUN as there's no device nearby. [CONTEXT service_id=194 ]
2026-04-08 22:56:35.200  4131-15625 NearbySharing           com.google.android.gms.persistent    I  Cancelling in use notification [CONTEXT service_id=194 ]
2026-04-08 22:56:35.205 16272-16272 BtOppService            com.google.android.bluetooth         D  stopListeners: mServerSocket is null
2026-04-08 22:56:35.205 16272-16272 BluetoothPanServiceJni  com.google.android.bluetooth         W  Cleaning up Bluetooth PAN Interface...
2026-04-08 22:56:35.205 16272-16272 BluetoothPanServiceJni  com.google.android.bluetooth         W  Cleaning up Bluetooth PAN callback object
2026-04-08 22:56:35.205 16272-16394 bt_bta_dm               com.google.android.bluetooth         I  packages/modules/Bluetooth/system/bta/dm/bta_dm_act.cc:3458 bta_dm_eir_update_uuid: EIR Removing UUID=0x1116 from extended inquiry response
2026-04-08 22:56:35.206 16272-16394 bt_bta_dm               com.google.android.bluetooth         I  packages/modules/Bluetooth/system/bta/dm/bta_dm_act.cc:3153 bta_dm_set_eir: Generating extended inquiry response packet EIR
2026-04-08 22:56:35.206 16272-16394 bt_bta_dm               com.google.android.bluetooth         I  packages/modules/Bluetooth/system/bta/dm/bta_dm_act.cc:3458 bta_dm_eir_update_uuid: EIR Removing UUID=0x1117 from extended inquiry response
2026-04-08 22:56:35.206 16272-16394 bt_bta_dm               com.google.android.bluetooth         I  packages/modules/Bluetooth/system/bta/dm/bta_dm_act.cc:3153 bta_dm_set_eir: Generating extended inquiry response packet EIR
2026-04-08 22:56:35.206 16272-16394 bt_bta_dm               com.google.android.bluetooth         I  packages/modules/Bluetooth/system/bta/dm/bta_dm_act.cc:3458 bta_dm_eir_update_uuid: EIR Removing UUID=0x1115 from extended inquiry response
2026-04-08 22:56:35.206 16272-16394 bt_bta_dm               com.google.android.bluetooth         I  packages/modules/Bluetooth/system/bta/dm/bta_dm_act.cc:3153 bta_dm_set_eir: Generating extended inquiry response packet EIR
2026-04-08 22:56:35.215 16272-16379 AdapterState            com.google.android.bluetooth         I  BLE_TURNING_OFF : Unhandled message - BREDR_STOPPED
2026-04-08 22:56:35.227 16272-16272 BtGatt.GattService      com.google.android.bluetooth         D  stop()
2026-04-08 22:56:35.227 16272-16272 BtGatt.GattService      com.google.android.bluetooth         D  setGattService(): set to: null
2026-04-08 22:56:35.227 16272-16272 BtGatt.GattService      com.google.android.bluetooth         D  cleanup()
2026-04-08 22:56:35.228 16272-16272 BtGatt.AdvertiseManager com.google.android.bluetooth         D  cleanup()
2026-04-08 22:56:35.228 16272-16394 bt_stack                com.google.android.bluetooth         I  [INFO:gatt_api.cc(1279)] GATT_Deregister gatt_if=3
2026-04-08 22:56:35.255   543-543   AutofillIn...estSession system_server                        D  onInlineSuggestionsResponseLocked called for:1073741824:196608@1338298134
2026-04-08 22:56:35.271   543-1541  system_server           system_server                        W  Long monitor contention with owner binder:543_A (999) at void com.android.server.am.OomAdjuster.performUpdateOomAdjPendingTargetsLocked(int)(OomAdjuster.java:920) waiters=0 in java.util.List com.android.server.am.ActivityManagerService.getRunningAppProcesses() for 294ms
2026-04-08 22:56:35.275   543-618   system_server           system_server                        W  Long monitor contention with owner binder:543_A (999) at boolean com.android.server.am.ActivityManagerService.unbindService(android.app.IServiceConnection)(ActivityManagerService.java:13426) waiters=0 in void com.android.server.am.ActivityManagerService.setServiceForeground(android.content.ComponentName, android.os.IBinder, int, android.app.Notification, int, int) for 440ms
2026-04-08 22:56:35.279   543-561   Looper                  system_server                        W  Slow dispatch took 456ms android.fg h=android.os.Handler c=<recycled PooledLambda@d99ba32> m=0
2026-04-08 22:56:35.297   543-543   AutofillIn...estSession system_server                        D  maybeNotifyFillUiEventLoked(): hasSuggestionToShow=false, mPreviousHasNonPinSuggestionShow=false
2026-04-08 22:56:35.297   543-2482  system_server           system_server                        W  Long monitor contention with owner binder:543_A (999) at boolean com.android.server.am.ActivityManagerService.unbindService(android.app.IServiceConnection)(ActivityManagerService.java:13426) waiters=1 in void com.android.server.am.ActivityManagerService.serviceDoneExecuting(android.os.IBinder, int, int, int) for 559ms
2026-04-08 22:56:35.298   543-1543  system_server           system_server                        W  Long monitor contention with owner binder:543_A (999) at boolean com.android.server.am.ActivityManagerService.unbindService(android.app.IServiceConnection)(ActivityManagerService.java:13426) waiters=2 in boolean com.android.server.am.ActivityManagerService.stopServiceToken(android.content.ComponentName, android.os.IBinder, int) for 524ms
2026-04-08 22:56:35.334   543-571   system_server           system_server                        W  Long monitor contention with owner binder:543_A (999) at boolean com.android.server.am.ActivityManagerService.unbindService(android.app.IServiceConnection)(ActivityManagerService.java:13426) waiters=3 in int com.android.server.am.ActivityManagerService.broadcastIntentWithFeature(android.app.IApplicationThread, java.lang.String, android.content.Intent, java.lang.String, android.content.IIntentReceiver, int, java.lang.String, android.os.Bundle, java.lang.String[], java.lang.String[], java.lang.String[], int, android.os.Bundle, boolean, boolean, int) for 480ms
2026-04-08 22:56:35.342   543-543   AutofillIn...estSession system_server                        D  Send inline response: 0
2026-04-08 22:56:35.343   543-543   Looper                  system_server                        W  Slow dispatch took 1293ms main h=android.os.Handler c=com.android.server.autofill.RemoteFillService$$ExternalSyntheticLambda4@3db8539 m=0
2026-04-08 22:56:35.343   543-543   Looper                  system_server                        W  Slow delivery took 1375ms main h=android.app.ActivityThread$H c=android.app.LoadedApk$ReceiverDispatcher$Args$$ExternalSyntheticLambda0@a25477e m=0
2026-04-08 22:56:35.365   543-637   RoleService             system_server                        I  Granting default roles...
2026-04-08 22:56:35.374   543-1602  system_server           system_server                        W  Long monitor contention with owner binder:543_A (999) at boolean com.android.server.am.ActivityManagerService.unbindService(android.app.IServiceConnection)(ActivityManagerService.java:13426) waiters=5 in android.content.ComponentName com.android.server.am.ActivityManagerService.startService(android.app.IApplicationThread, android.content.Intent, java.lang.String, boolean, java.lang.String, java.lang.String, int, boolean, int, java.lang.String, java.lang.String) for 238ms
2026-04-08 22:56:35.385 12094-12110 Looper                  com.android.systemui                 W  Drained
2026-04-08 22:56:35.393 16272-16272 BtGatt.SyncManager      com.google.android.bluetooth         D  cleanup()
2026-04-08 22:56:35.415 16272-16446 ActiveDeviceManager     com.google.android.bluetooth         D  handleAdapterStateChanged: currentState=10
2026-04-08 22:56:35.449   543-561   Looper                  system_server                        W  Slow delivery took 528ms android.fg h=android.os.Handler c=<recycled PooledLambda@cff8428> m=0
2026-04-08 22:56:35.462   966-1341  ImsResolver             com.android.phone                    D  maybeAddedImsService, packageName: com.google.android.bluetooth
2026-04-08 22:56:35.473   543-561   Looper                  system_server                        W  Slow dispatch took 157ms android.fg h=android.os.Handler c=<recycled PooledLambda@cff8428> m=0
2026-04-08 22:56:35.525 15202-15739 InteractionJankMonitor  com.redennier.taskapp                D  begin failed due to timeout, CUJ=IME_INSETS_ANIMATION
2026-04-08 22:56:35.531 15202-15739 Choreographer           com.redennier.taskapp                I  Skipped 31 frames!  The application may be doing too much work on its main thread.
2026-04-08 22:56:35.539 16272-16387 bt_stack_manager        com.google.android.bluetooth         I  packages/modules/Bluetooth/system/btif/src/stack_manager.cc:365 event_shut_down_stack: event_shut_down_stack is bringing down the stack
2026-04-08 22:56:35.539 16272-16387 bt_core_module          com.google.android.bluetooth         I  packages/modules/Bluetooth/system/btcore/src/module.cc:105 module_shut_down: module_shut_down Shutting down module "rust_module"
2026-04-08 22:56:35.539 16272-16387 bt_core_module          com.google.android.bluetooth         I  packages/modules/Bluetooth/system/btcore/src/module.cc:110 module_shut_down: module_shut_down Shutdown of module "rust_module" completed
2026-04-08 22:56:35.539 16272-16473 bt_btif_sock            com.google.android.bluetooth         I  packages/modules/Bluetooth/system/btif/src/btif_sock_thread.cc:522 sock_poll_thread: h:7, process_cmd_sock return false, exit...
2026-04-08 22:56:35.539 16272-16473 bt_btif_sock            com.google.android.bluetooth         I  packages/modules/Bluetooth/system/btif/src/btif_sock_thread.cc:536 sock_poll_thread: socket poll thread exiting, h:7
2026-04-08 22:56:35.547 16272-16476 bt                      com.google.android.bluetooth         W  bluetooth_core: Rust thread queue has stopped, shutting down executor thread
2026-04-08 22:56:35.547 16272-16394 bt_stack                com.google.android.bluetooth         I  [INFO:bta_jv_act.cc(639)] bta_jv_disable
2026-04-08 22:56:35.548 16272-16474 bt_osi_thread           com.google.android.bluetooth         W  packages/modules/Bluetooth/system/osi/src/thread.cc:240 run_thread: run_thread: thread id 16474, thread name btif_sock exited
2026-04-08 22:56:35.554 16053-16392 gle.android.gms         com.google.android.gms               W  Long monitor contention with owner lowpool[4] (16494) at void com.google.android.gms.common.apiservice.LifecycleSynchronizer.onAfterExecution()(:com.google.android.gms@231818047@23.18.18 (190800-535401451):5) waiters=1 in void com.google.android.gms.common.apiservice.LifecycleSynchronizer.onBeforeDispatching() for 872ms
2026-04-08 22:56:35.565 16272-16405 bluetooth               com.google.android.bluetooth         I  packages/modules/Bluetooth/system/gd/hci/le_address_manager.cc:175 register_client: Scheduled address rotation for first client registered
2026-04-08 22:56:35.565 16272-16405 bluetooth               com.google.android.bluetooth         I  packages/modules/Bluetooth/system/gd/hci/le_address_manager.cc:178 register_client: Client registered
2026-04-08 22:56:35.566 16272-16405 bluetooth               com.google.android.bluetooth         I  packages/modules/Bluetooth/system/gd/hci/le_address_manager.cc:265 ack_pause: Client already in paused state
2026-04-08 22:56:35.590 16272-16405 bluetooth               com.google.android.bluetooth         I  packages/modules/Bluetooth/system/gd/hci/le_scanning_manager.cc:1369 on_advertising_filter_complete: Got a Command complete LE_ADV_FILTER, status UNKNOWN_CONNECTION
2026-04-08 22:56:35.594 16272-16405 bluetooth               com.google.android.bluetooth         I  packages/modules/Bluetooth/system/gd/hci/le_address_manager.cc:596 OnCommandComplete: Received command complete with op_code LE_CLEAR_FILTER_ACCEPT_LIST
2026-04-08 22:56:35.594 16272-16405 bluetooth               com.google.android.bluetooth         I  packages/modules/Bluetooth/system/gd/hci/le_address_manager.cc:294 resume_registered_clients: Resuming registered clients
2026-04-08 22:56:35.634  4131-16463 Fitness                 com.google.android.gms.persistent    I  OnPackageChangedOperation got intent: Intent { act=android.intent.action.PACKAGE_CHANGED dat=package: flg=0x45000010 pkg=com.google.android.gms cmp=com.google.android.gms/.chimera.PersistentIntentOperationService (has extras) } [CONTEXT service_id=17 ]
2026-04-08 22:56:35.675   543-750   Looper                  system_server                        W  Slow delivery took 423ms android.perm h=android.os.Handler c=<recycled PooledLambda@2efd8e9> m=0
2026-04-08 22:56:35.675   543-750   Looper                  system_server                        W  Slow dispatch took 239ms android.perm h=android.os.Handler c=<recycled PooledLambda@2efd8e9> m=0
2026-04-08 22:56:35.686   543-543   Looper                  system_server                        W  Slow dispatch took 326ms main h=android.app.ActivityThread$H c=android.app.LoadedApk$ReceiverDispatcher$Args$$ExternalSyntheticLambda0@ebd5ebf m=0
2026-04-08 22:56:35.759 16272-16394 bt_bta_dm               com.google.android.bluetooth         I  packages/modules/Bluetooth/system/bta/dm/bta_dm_act.cc:2849 bta_dm_disable_conn_down_timer_cback: Stack device manager shutdown completed
2026-04-08 22:56:35.827   543-2479  ProcessStats            system_server                        W  Tracking association SourceState{12e8511 com.google.android.inputmethod.latin/10150 BFgs #12609} whose proc state 4 is better than process ProcessState{b37a1a7 com.google.android.gms/10128 pkg=com.google.android.gms} proc state 8 (438 skipped)
2026-04-08 22:56:35.828   543-2473  system_server           system_server                        W  Long monitor contention with owner binder:543_1B (2479) at boolean com.android.server.am.ActivityManagerService.unbindService(android.app.IServiceConnection)(ActivityManagerService.java:13426) waiters=0 in void com.android.server.am.ActivityManagerService.serviceDoneExecuting(android.os.IBinder, int, int, int) for 285ms
2026-04-08 22:56:35.832   543-561   Looper                  system_server                        W  Slow dispatch took 352ms android.fg h=android.os.Handler c=<recycled PooledLambda@d64d8d5> m=0
2026-04-08 22:56:35.887   543-999   system_server           system_server                        W  Long monitor contention with owner binder:543_1B (2479) at boolean com.android.server.am.ActivityManagerService.unbindService(android.app.IServiceConnection)(ActivityManagerService.java:13426) waiters=2 in android.content.ComponentName com.android.server.am.ActivityManagerService.startService(android.app.IApplicationThread, android.content.Intent, java.lang.String, boolean, java.lang.String, java.lang.String, int, boolean, int, java.lang.String, java.lang.String) for 253ms
2026-04-08 22:56:35.890 16282-16290 android.rkpdapp         com.google.android.rkpdapp           W  Suspending all threads took: 17.412ms
2026-04-08 22:56:35.904 16272-16387 bt_stack                com.google.android.bluetooth         I  [INFO:btif_bqr.cc(292)] EnableBtQualityReport: is_enable: false
2026-04-08 22:56:35.904 16272-16387 bt_stack                com.google.android.bluetooth         W  [WARNING:btif_bqr.cc(304)] EnableBtQualityReport: Bluetooth Quality Report is disabled. bqr_prop_evtmask: , bqr_prop_interval_ms: 
2026-04-08 22:56:35.904 16272-16387 bt_btif_dm              com.google.android.bluetooth         I  packages/modules/Bluetooth/system/btif/src/btif_dm.cc:2126 BTIF_dm_disable: Stack device manager shutdown finished
2026-04-08 22:56:35.904 16272-16387 bt_core_module          com.google.android.bluetooth         I  packages/modules/Bluetooth/system/btcore/src/module.cc:105 module_shut_down: module_shut_down Shutting down module "btif_config_module"
2026-04-08 22:56:35.905 16272-16387 bt_core_module          com.google.android.bluetooth         I  packages/modules/Bluetooth/system/btcore/src/module.cc:110 module_shut_down: module_shut_down Shutdown of module "btif_config_module" completed
2026-04-08 22:56:35.905 16272-16387 bt_core_module          com.google.android.bluetooth         I  packages/modules/Bluetooth/system/btcore/src/module.cc:123 module_clean_up: module_clean_up Cleaning up module "bte_logmsg_module"
2026-04-08 22:56:35.905 16272-16387 bt_core_module          com.google.android.bluetooth         I  packages/modules/Bluetooth/system/btcore/src/module.cc:128 module_clean_up: module_clean_up Cleanup of module "bte_logmsg_module" completed
2026-04-08 22:56:35.905 16272-16387 bt_l2cap                com.google.android.bluetooth         E  packages/modules/Bluetooth/system/main/bte_logmsg.cc:105 LogMsg: L2CA_FreeLePSM: Invalid PSM=39 value!
2026-04-08 22:56:35.912  1238-16267 Permission...erviceImpl com....android.permissioncontroller  I  Updating user sensitive for uid 1002
2026-04-08 22:56:35.940 16272-16429 BluetoothAdapterService com.google.android.bluetooth         D  stateChangeCallback: disableNative() completed
2026-04-08 22:56:35.940 16272-16387 bt_stack_manager        com.google.android.bluetooth         I  packages/modules/Bluetooth/system/btif/src/stack_manager.cc:406 event_shut_down_stack: event_shut_down_stack finished
2026-04-08 22:56:35.945 16272-16379 AdapterState            com.google.android.bluetooth         I  OFF : entered 
2026-04-08 22:56:35.945 16272-16379 AdapterProperties       com.google.android.bluetooth         D  Setting state to OFF
2026-04-08 22:56:35.949 15202-15239 EGL_emulation           com.redennier.taskapp                D  app_time_stats: avg=386.00ms min=123.75ms max=865.48ms count=3
2026-04-08 22:56:35.953 16272-16379 BluetoothAdapterService com.google.android.bluetooth         D  updateAdapterState() - Broadcasting state OFF to 1 receivers.
2026-04-08 22:56:35.961   543-656   BluetoothManagerService system_server                        D  MESSAGE_BLUETOOTH_STATE_CHANGE: BLE_TURNING_OFF > OFF
2026-04-08 22:56:35.961   543-656   BluetoothManagerService system_server                        D  Bluetooth is complete send Service Down
2026-04-08 22:56:35.961   543-656   BluetoothManagerService system_server                        D  Broadcasting onBluetoothServiceDown() to 9 receivers.
2026-04-08 22:56:35.961   543-656   BluetoothAdapter        system_server                        D  onBluetoothServiceDown
2026-04-08 22:56:35.962 15202-15231 OpenGLRenderer          com.redennier.taskapp                I  Davey! duration=1060ms; Flags=0, FrameTimelineVsyncId=2165523, IntendedVsync=6215446344542, Vsync=6215879677858, InputEventId=0, HandleInputStart=6215896305400, AnimationStart=6215896354400, PerformTraversalsStart=6215922496900, DrawStart=6216049508700, FrameDeadline=6215679677866, FrameInterval=6215894535200, FrameStartTime=16666666, SyncQueued=6216159382500, SyncStart=6216169756800, IssueDrawCommandsStart=6216170101100, SwapBuffers=6216495045500, FrameCompleted=6216516895800, DequeueBufferDuration=268700, QueueBufferDuration=20404600, GpuCompleted=6216513406100, SwapBuffersCompleted=6216516895800, DisplayPresentTime=0, CommandSubmissionCompleted=6216495045500, 
2026-04-08 22:56:35.964 15202-15202 Choreographer           com.redennier.taskapp                I  Skipped 36 frames!  The application may be doing too much work on its main thread.
2026-04-08 22:56:35.965  4131-4841  BluetoothAdapter        com.google.android.gms.persistent    D  onBluetoothServiceDown
2026-04-08 22:56:35.966   543-656   BluetoothManagerService system_server                        D  unbindAndFinish(): android.bluetooth.IBluetooth$Stub$Proxy@10a8877 mBinding = false mUnbinding = false
2026-04-08 22:56:35.966   966-2866  BluetoothAdapter        com.android.phone                    D  onBluetoothServiceDown
2026-04-08 22:56:35.966  1384-7313  BluetoothAdapter        com.google.android.as                D  onBluetoothServiceDown
2026-04-08 22:56:35.967 16272-16295 BluetoothAdapter        com.google.android.bluetooth         D  onBluetoothServiceDown
2026-04-08 22:56:35.967 16053-16097 BluetoothAdapter        com.google.android.gms               D  onBluetoothServiceDown
2026-04-08 22:56:35.967 12094-12106 BluetoothAdapter        com.android.systemui                 D  onBluetoothServiceDown
2026-04-08 22:56:35.973  3908-13073 BluetoothAdapter        com.google.android.gms.unstable      D  onBluetoothServiceDown
2026-04-08 22:56:35.999  1052-1052  InlineSugg...derService com.google.android.ext.services      V  handleDestroySuggestionViews called for 0:1338298134
2026-04-08 22:56:36.038 15202-15202 ImeTracker              com.redennier.taskapp                I  com.redennier.taskapp:88ac525b: onShown
2026-04-08 22:56:36.092  1384-1384  AiAiEcho                com.google.android.as                I  AppFetcherImpl onPackageChanged com.google.android.bluetooth.
2026-04-08 22:56:36.097  1384-16519 AiAiEcho                com.google.android.as                I  AppIndexer Package:[com.google.android.bluetooth] UserProfile:[0] Enabled:[true].
2026-04-08 22:56:36.097  1384-16519 AiAiEcho                com.google.android.as                I  AppFetcherImplV2 updateApps package:[com.google.android.bluetooth], userId:[0], reason:[package is updated.].
2026-04-08 22:56:36.110  4131-16370 Fitness                 com.google.android.gms.persistent    I  FitCleanupIntentOperation received Intent android.intent.action.PACKAGE_CHANGED [CONTEXT service_id=17 ]
2026-04-08 22:56:36.120 16053-16053 BoundBrokerSvc          com.google.android.gms               D  onUnbind: Intent { act=com.google.android.gms.potokens.service.START dat=chimera-action:/... cmp=com.google.android.gms/.chimera.GmsApiService }
2026-04-08 22:56:36.132  4131-16362 ProximityAuth           com.google.android.gms.persistent    I  [PhoneHubService] Bluetooth state has changed. Calling startService.
2026-04-08 22:56:36.167 16272-16272 BluetoothAdapterService com.google.android.bluetooth         D  onUnbind() - calling cleanup
2026-04-08 22:56:36.167 16272-16272 BluetoothAdapterService com.google.android.bluetooth         D  cleanup()
2026-04-08 22:56:36.188   543-656   BluetoothManagerService system_server                        D  Sending BLE State Change: BLE_TURNING_OFF > OFF
2026-04-08 22:56:36.193 16272-16272 BluetoothMetricsLogger  com.google.android.bluetooth         I  drainBufferedCounters().
2026-04-08 22:56:36.231  4131-16534 Nearby                  com.google.android.gms.persistent    I  is blocked device type false, isAuto=false, isIot=false, isLatchsky=false, isChinaWearable=false, isTv=false, isWearable=false (supportWearOs=false), isChromeOsDevice=false (supportChromeOs=false) [CONTEXT service_id=49 ]
2026-04-08 22:56:36.279   543-656   BluetoothManagerService system_server                        D  Entering STATE_OFF but mEnabled is true; restarting.
2026-04-08 22:56:36.283   543-656   BluetoothManagerService system_server                        E  waitForState [10] Bluetooth is not unbind
2026-04-08 22:56:36.284  4131-4841  IPCThreadState          com.google.android.gms.persistent    I  oneway function results for code 1 on binder at 0x7d497374b320 will be dropped but finished with status UNKNOWN_TRANSACTION and reply parcel size 80
2026-04-08 22:56:36.285   543-543   Looper                  system_server                        W  Slow dispatch took 257ms main h=android.os.Handler c=com.android.internal.infra.ServiceConnector$Impl$$ExternalSyntheticLambda1@2192857 m=0
2026-04-08 22:56:36.319   543-561   Looper                  system_server                        W  Slow dispatch took 442ms android.fg h=android.os.Handler c=<recycled PooledLambda@b8f8242> m=0
2026-04-08 22:56:36.379 15499-15507 .apps.wellbeing         com.google.android.apps.wellbeing    I  Background young concurrent copying GC freed 57538(3020KB) AllocSpace objects, 0(0B) LOS objects, 37% free, 5242KB/8427KB, paused 690us,191us total 113.314ms
2026-04-08 22:56:36.402   543-543   Looper                  system_server                        W  Drained
2026-04-08 22:56:36.419   543-543   BluetoothAdapter        system_server                        D  isLeEnabled(): OFF
2026-04-08 22:56:36.448 15202-15334 chromium                com.redennier.taskapp                E  [ERROR:scoped_egl_image.cc(41)] Error destroying EGLImage: EGL_SUCCESS
2026-04-08 22:56:36.472 15202-15334 chromium                com.redennier.taskapp                E  [ERROR:scoped_egl_image.cc(41)] Error destroying EGLImage: EGL_SUCCESS
2026-04-08 22:56:36.484 12094-12122 EGL_emulation           com.android.systemui                 D  app_time_stats: avg=19740.21ms min=16.44ms max=315320.78ms count=16
2026-04-08 22:56:36.489 15202-15334 chromium                com.redennier.taskapp                E  [ERROR:scoped_egl_image.cc(41)] Error destroying EGLImage: EGL_SUCCESS
2026-04-08 22:56:36.682  1384-1384  AiAiEcho                com.google.android.as                I  AppFetcherImpl onPackageChanged com.google.android.bluetooth.
2026-04-08 22:56:36.706   543-656   BluetoothManagerService system_server                        D  MESSAGE_RESTART_BLUETOOTH_SERVICE: retry count=1
2026-04-08 22:56:36.707   543-656   BluetoothManagerService system_server                        D  binding Bluetooth service
2026-04-08 22:56:36.714   543-553   system_server           system_server                        I  Background concurrent copying GC freed 622431(24MB) AllocSpace objects, 29(692KB) LOS objects, 43% free, 31MB/55MB, paused 1.353ms,247us total 4.434s
2026-04-08 22:56:36.730  1384-16510 AiAiEcho                com.google.android.as                I  AppIndexer Package:[com.google.android.bluetooth] UserProfile:[0] Enabled:[true].
2026-04-08 22:56:36.745  1384-16510 AiAiEcho                com.google.android.as                I  AppFetcherImplV2 updateApps package:[com.google.android.bluetooth], userId:[0], reason:[package is updated.].
2026-04-08 22:56:36.747 16272-16272 BluetoothSdpJni         com.google.android.bluetooth         W  Cleaning up Bluetooth SDP Interface...
2026-04-08 22:56:36.747 16272-16272 BluetoothSdpJni         com.google.android.bluetooth         W  Cleaning up Bluetooth SDP object
2026-04-08 22:56:36.747 16272-16272 BluetoothAdapterService com.google.android.bluetooth         D  cleanup() - Cleaning up adapter native
2026-04-08 22:56:36.754 16272-16387 bt_stack_manager        com.google.android.bluetooth         I  packages/modules/Bluetooth/system/btif/src/stack_manager.cc:427 event_clean_up_stack: event_clean_up_stack is cleaning up the stack
2026-04-08 22:56:36.754 16272-16387 bt_btif_core            com.google.android.bluetooth         I  packages/modules/Bluetooth/system/btif/src/btif_core.cc:308 btif_cleanup_bluetooth: btif_cleanup_bluetooth entered
2026-04-08 22:56:36.754 16272-16387 bt_btif_queue           com.google.android.bluetooth         I  packages/modules/Bluetooth/system/btif/src/btif_profile_queue.cc:217 btif_queue_release: btif_queue_release
2026-04-08 22:56:36.847 16272-16429 bt_stack                com.google.android.bluetooth         I  [INFO:message_loop_thread.cc(205)] Run: message loop finished for thread bt_jni_thread
2026-04-08 22:56:36.848 16272-16387 bt_btif_core            com.google.android.bluetooth         I  packages/modules/Bluetooth/system/btif/src/btif_core.cc:315 btif_cleanup_bluetooth: btif_cleanup_bluetooth finished
2026-04-08 22:56:36.848 16272-16387 bt_core_module          com.google.android.bluetooth         I  packages/modules/Bluetooth/system/btcore/src/module.cc:123 module_clean_up: module_clean_up Cleaning up module "stack_config_module"
2026-04-08 22:56:36.849 16272-16387 bt_core_module          com.google.android.bluetooth         I  packages/modules/Bluetooth/system/btcore/src/module.cc:128 module_clean_up: module_clean_up Cleanup of module "stack_config_module" completed
2026-04-08 22:56:36.858 16272-16387 bt_core_module          com.google.android.bluetooth         I  packages/modules/Bluetooth/system/btcore/src/module.cc:123 module_clean_up: module_clean_up Cleaning up module "interop_module"
2026-04-08 22:56:36.866 16053-16053 BoundBrokerSvc          com.google.android.gms               D  onBind: Intent { act=com.google.android.gms.common.BIND_SHARED_PREFS pkg=com.google.android.gms }
2026-04-08 22:56:36.867 16053-16053 BoundBrokerSvc          com.google.android.gms               D  Loading bound service for intent: Intent { act=com.google.android.gms.common.BIND_SHARED_PREFS pkg=com.google.android.gms }
2026-04-08 22:56:36.909 16272-16387 bt_core_module          com.google.android.bluetooth         I  packages/modules/Bluetooth/system/btcore/src/module.cc:128 module_clean_up: module_clean_up Cleanup of module "interop_module" completed
2026-04-08 22:56:36.910 16272-16387 bt_core_module          com.google.android.bluetooth         I  packages/modules/Bluetooth/system/btcore/src/module.cc:123 module_clean_up: module_clean_up Cleaning up module "btif_config_module"
2026-04-08 22:56:36.910 16272-16387 bt_core_module          com.google.android.bluetooth         I  packages/modules/Bluetooth/system/btcore/src/module.cc:128 module_clean_up: module_clean_up Cleanup of module "btif_config_module" completed
2026-04-08 22:56:36.912 16272-16387 bt_core_module          com.google.android.bluetooth         I  packages/modules/Bluetooth/system/btcore/src/module.cc:123 module_clean_up: module_clean_up Cleaning up module "device_iot_config_module"
2026-04-08 22:56:36.926  4131-4131  Fido                    com.google.android.gms.persistent    I  [CableAuthenticatorChimeraService] Unregistering receiver.
2026-04-08 22:56:36.939 16272-16387 device_iot_config       com.google.android.bluetooth         I  packages/modules/Bluetooth/system/device/src/device_iot_config_int.cc:175 device_iot_config_module_clean_up: 
2026-04-08 22:56:36.940 16272-16387 bt_core_module          com.google.android.bluetooth         I  packages/modules/Bluetooth/system/btcore/src/module.cc:128 module_clean_up: module_clean_up Cleanup of module "device_iot_config_module" completed
2026-04-08 22:56:36.966 16272-16387 bt_core_module          com.google.android.bluetooth         I  packages/modules/Bluetooth/system/btcore/src/module.cc:123 module_clean_up: module_clean_up Cleaning up module "osi_module"
2026-04-08 22:56:36.967 16272-16404 bt_osi_alarm            com.google.android.bluetooth         I  packages/modules/Bluetooth/system/osi/src/alarm.cc:662 callback_dispatch: callback_dispatch Callback thread exited
2026-04-08 22:56:36.975  1384-1384  AiAiTextClassifier      com.google.android.as                I  onDestroyTextClassificationSession = TextClassificationSessionId {e10c6512-0506-42b0-a99c-2f23fe350586}
2026-04-08 22:56:36.976 16272-16404 bt_osi_thread           com.google.android.bluetooth         W  packages/modules/Bluetooth/system/osi/src/thread.cc:240 run_thread: run_thread: thread id 16404, thread name alarm_dispatcher exited
2026-04-08 22:56:36.977 16272-16401 bt_osi_thread           com.google.android.bluetooth         W  packages/modules/Bluetooth/system/osi/src/thread.cc:240 run_thread: run_thread: thread id 16401, thread name alarm_default_ca exited
2026-04-08 22:56:36.980 16272-16387 bt_core_module          com.google.android.bluetooth         I  packages/modules/Bluetooth/system/btcore/src/module.cc:128 module_clean_up: module_clean_up Cleanup of module "osi_module" completed
2026-04-08 22:56:36.981 16272-16387 bt_stack_manager        com.google.android.bluetooth         I  packages/modules/Bluetooth/system/btif/src/stack_manager.cc:439 event_clean_up_stack: event_clean_up_stack Gd shim module disabled
2026-04-08 22:56:36.981 16272-16387 bt_core_module          com.google.android.bluetooth         I  packages/modules/Bluetooth/system/btcore/src/module.cc:105 module_shut_down: module_shut_down Shutting down module "gd_shim_module"
2026-04-08 22:56:37.000 16272-16387 bluetooth               com.google.android.bluetooth         I  packages/modules/Bluetooth/system/main/shim/acl.cc:1895 FinalShutdown: Unregistered and cleared any orphaned ACL connections
2026-04-08 22:56:37.014   543-562   Looper                  system_server                        W  Slow dispatch took 228ms android.ui h=com.android.server.am.ActivityManagerService$UiHandler c=com.android.server.am.UidObserverController$$ExternalSyntheticLambda0@d2bacf1 m=0
2026-04-08 22:56:37.022   543-561   Looper                  system_server                        W  Drained
2026-04-08 22:56:37.030   543-562   Looper                  system_server                        W  Slow delivery took 227ms android.ui h=com.android.server.am.ActivityManagerService$UiHandler c=com.android.server.am.UidObserverController$$ExternalSyntheticLambda0@d2bacf1 m=0
2026-04-08 22:56:37.038 12094-12094 StatusBarIconController com.android.systemui                 D  ignoring old pipeline callback because the new wifi icon is enabled
2026-04-08 22:56:37.041  4131-4131  Fido                    com.google.android.gms.persistent    I  [CableAuthenticatorChimeraService] Registering broadcast receiver.
2026-04-08 22:56:37.043   543-562   Looper                  system_server                        W  Drained
2026-04-08 22:56:37.067 16272-16406 BtGdModule              com.google.android.bluetooth         I  packages/modules/Bluetooth/system/gd/module.cc:111 StopAll: Stopping Handler of Module Distance Measurement Manager
2026-04-08 22:56:37.067 16272-16406 BtGdModule              com.google.android.bluetooth         I  packages/modules/Bluetooth/system/gd/module.cc:114 StopAll: Stopping Module Distance Measurement Manager
2026-04-08 22:56:37.068 16272-16406 BtGdModule              com.google.android.bluetooth         I  packages/modules/Bluetooth/system/gd/module.cc:111 StopAll: Stopping Handler of Module Le Scanning Manager
2026-04-08 22:56:37.068 16272-16406 BtGdModule              com.google.android.bluetooth         I  packages/modules/Bluetooth/system/gd/module.cc:114 StopAll: Stopping Module Le Scanning Manager
2026-04-08 22:56:37.069 16272-16406 BtGdModule              com.google.android.bluetooth         I  packages/modules/Bluetooth/system/gd/module.cc:111 StopAll: Stopping Handler of Module Microsoft Extension Manager
2026-04-08 22:56:37.074 16272-16406 BtGdModule              com.google.android.bluetooth         I  packages/modules/Bluetooth/system/gd/module.cc:114 StopAll: Stopping Module Microsoft Extension Manager
2026-04-08 22:56:37.074 16272-16406 bluetooth               com.google.android.bluetooth         I  packages/modules/Bluetooth/system/gd/hci/msft.cc:78 stop: MsftExtensionManager stop()
2026-04-08 22:56:37.075 16272-16406 BtGdModule              com.google.android.bluetooth         I  packages/modules/Bluetooth/system/gd/module.cc:111 StopAll: Stopping Handler of Module Le Advertising Manager
2026-04-08 22:56:37.075 16272-16406 BtGdModule              com.google.android.bluetooth         I  packages/modules/Bluetooth/system/gd/module.cc:114 StopAll: Stopping Module Le Advertising Manager
2026-04-08 22:56:37.075 16272-16406 BtGdModule              com.google.android.bluetooth         I  packages/modules/Bluetooth/system/gd/module.cc:111 StopAll: Stopping Handler of Module Acl Manager
2026-04-08 22:56:37.076 16272-16406 BtGdModule              com.google.android.bluetooth         I  packages/modules/Bluetooth/system/gd/module.cc:114 StopAll: Stopping Module Acl Manager
2026-04-08 22:56:37.076 16272-16406 bluetooth               com.google.android.bluetooth         W  packages/modules/Bluetooth/system/gd/os/handler.cc:49 Post: Posting to a handler which has been cleared
2026-04-08 22:56:37.077 16272-16406 bluetooth               com.google.android.bluetooth         W  packages/modules/Bluetooth/system/gd/os/handler.cc:49 Post: Posting to a handler which has been cleared
2026-04-08 22:56:37.191 16272-16406 BtGdModule              com.google.android.bluetooth         I  packages/modules/Bluetooth/system/gd/module.cc:111 StopAll: Stopping Handler of Module AclSchedulerModule
2026-04-08 22:56:37.193 16272-16406 BtGdModule              com.google.android.bluetooth         I  packages/modules/Bluetooth/system/gd/module.cc:114 StopAll: Stopping Module AclSchedulerModule
2026-04-08 22:56:37.194 16272-16406 BtGdModule              com.google.android.bluetooth         I  packages/modules/Bluetooth/system/gd/module.cc:111 StopAll: Stopping Handler of Module Vendor Specific Event Manager
2026-04-08 22:56:37.256  4131-4131  ProximityAuth           com.google.android.gms.persistent    I  [PhoneHubService] Handling intent for PhoneHubChimeraService.
2026-04-08 22:56:37.262 16272-16406 BtGdModule              com.google.android.bluetooth         I  packages/modules/Bluetooth/system/gd/module.cc:114 StopAll: Stopping Module Vendor Specific Event Manager
2026-04-08 22:56:37.274 16272-16406 BtGdModule              com.google.android.bluetooth         I  packages/modules/Bluetooth/system/gd/module.cc:111 StopAll: Stopping Handler of Module Controller
2026-04-08 22:56:37.277 16272-16406 BtGdModule              com.google.android.bluetooth         I  packages/modules/Bluetooth/system/gd/module.cc:114 StopAll: Stopping Module Controller
2026-04-08 22:56:37.278  1159-1159  KeyboardViewHelper      com...gle.android.inputmethod.latin  I  KeyboardViewHelper.getView():170 Get view with height ratio:1.000000
2026-04-08 22:56:37.308  4131-16356 ProximityAuth           com.google.android.gms.persistent    I  [AccountEligibilityMediator] Cannot check accounts eligibility in cross profile, checking accounts in current profiles
2026-04-08 22:56:37.310  4131-16356 ProximityAuth           com.google.android.gms.persistent    I  [PhoneHubService] No enabled account, stopping service
2026-04-08 22:56:37.337   424-424   adbd                    adbd                                 W  timeout expired while flushing socket, closing
2026-04-08 22:56:37.359 16272-16406 BtGdModule              com.google.android.bluetooth         I  packages/modules/Bluetooth/system/gd/module.cc:111 StopAll: Stopping Handler of Module Sysprops Module
2026-04-08 22:56:37.361 16272-16406 BtGdModule              com.google.android.bluetooth         I  packages/modules/Bluetooth/system/gd/module.cc:114 StopAll: Stopping Module Sysprops Module
2026-04-08 22:56:37.361 16272-16406 BtGdModule              com.google.android.bluetooth         I  packages/modules/Bluetooth/system/gd/module.cc:111 StopAll: Stopping Handler of Module shim::Dumpsys
2026-04-08 22:56:37.362 16272-16406 BtGdModule              com.google.android.bluetooth         I  packages/modules/Bluetooth/system/gd/module.cc:114 StopAll: Stopping Module shim::Dumpsys
2026-04-08 22:56:37.364 16272-16406 BtGdModule              com.google.android.bluetooth         I  packages/modules/Bluetooth/system/gd/module.cc:111 StopAll: Stopping Handler of Module Hci Layer
2026-04-08 22:56:37.364 16272-16406 BtGdModule              com.google.android.bluetooth         I  packages/modules/Bluetooth/system/gd/module.cc:114 StopAll: Stopping Module Hci Layer
