2026-04-09 01:26:31.643 21155-21235 AdapterProperties       com.google.android.bluetooth         D  BT_PROPERTY_LOCAL_LE_FEATURES: update from BT controller mNumOfAdvertisementInstancesSupported = 16 mRpaOffloadSupported = false mNumOfOffloadedIrkSupported = 16 mNumOfOffloadedScanFilterSupported = 16 mOffloadedScanResultStorageBytes= 0 mIsActivityAndEnergyReporting = false mVersSupported = 98 mTotNumOfTrackableAdv = 16 mIsExtendedScanSupported = false mIsDebugLogSupported = false mIsLe2MPhySupported = true mIsLeCodedPhySupported = true mIsLeExtendedAdvertisingSupported = true mIsLePeriodicAdvertisingSupported = true mLeMaximumAdvertisingDataLength = 512 mDynamicAudioBufferSizeSupportedCodecsGroup1 = 0 mDynamicAudioBufferSizeSupportedCodecsGroup2 = 0 mIsLePeriodicAdvertisingSyncTransferSenderSupported = false mIsLeConnectedIsochronousStreamCentralSupported = true mIsLeIsochronousBroadcasterSupported = false mIsLePeriodicAdvertisingSyncTransferRecipientSupported = false mIsOffloadedTransportDiscoveryDataScanSupported = false
2026-04-09 01:26:31.648 21155-21214 bt_btif_dm              com.google.android.bluetooth         I  packages/modules/Bluetooth/system/btif/src/btif_dm.cc:2089 BTIF_dm_enable: BTIF_dm_enable BLE Privacy: 1
2026-04-09 01:26:31.648 21155-21214 bt_btif_storage         com.google.android.bluetooth         E  packages/modules/Bluetooth/system/btif/src/btif_storage.cc:626 btif_storage_get_adapter_property: btif_storage_get_adapter_property: Controller ready!
2026-04-09 01:26:31.648 21155-21214 bt_btif_storage         com.google.android.bluetooth         I  packages/modules/Bluetooth/system/btif/src/btif_storage.cc:653 btif_storage_get_adapter_property: btif_storage_get_adapter_property service_mask:0x20000000
2026-04-09 01:26:31.649 21155-21214 bt_stack                com.google.android.bluetooth         I  [INFO:btif_bqr.cc(292)] EnableBtQualityReport: is_enable: true
2026-04-09 01:26:31.649 21155-21214 bt_stack                com.google.android.bluetooth         W  [WARNING:btif_bqr.cc(304)] EnableBtQualityReport: Bluetooth Quality Report is disabled. bqr_prop_evtmask: , bqr_prop_interval_ms: 
2026-04-09 01:26:31.650 21155-21256 bt_osi_thread           com.google.android.bluetooth         I  packages/modules/Bluetooth/system/osi/src/thread.cc:210 run_thread: run_thread: thread id 21256, thread name btif_sock started
2026-04-09 01:26:31.653 21155-21214 bt_bte_conf             com.google.android.bluetooth         I  packages/modules/Bluetooth/system/main/bte_conf.cc:83 bte_load_did_conf: Device ID record 1 : primary
2026-04-09 01:26:31.653 21155-21214 bt_bte_conf             com.google.android.bluetooth         I  packages/modules/Bluetooth/system/main/bte_conf.cc:84 bte_load_did_conf:   vendorId            = 00e0
2026-04-09 01:26:31.653 21155-21214 bt_bte_conf             com.google.android.bluetooth         I  packages/modules/Bluetooth/system/main/bte_conf.cc:85 bte_load_did_conf:   vendorIdSource      = 0001
2026-04-09 01:26:31.653 21155-21214 bt_bte_conf             com.google.android.bluetooth         I  packages/modules/Bluetooth/system/main/bte_conf.cc:86 bte_load_did_conf:   product             = 1200
2026-04-09 01:26:31.653 21155-21214 bt_bte_conf             com.google.android.bluetooth         I  packages/modules/Bluetooth/system/main/bte_conf.cc:87 bte_load_did_conf:   version             = 1436
2026-04-09 01:26:31.654 21155-21214 bt_bte_conf             com.google.android.bluetooth         I  packages/modules/Bluetooth/system/main/bte_conf.cc:88 bte_load_did_conf:   clientExecutableURL = 
2026-04-09 01:26:31.654 21155-21214 bt_bte_conf             com.google.android.bluetooth         I  packages/modules/Bluetooth/system/main/bte_conf.cc:89 bte_load_did_conf:   serviceDescription  = 
2026-04-09 01:26:31.654 21155-21214 bt_bte_conf             com.google.android.bluetooth         I  packages/modules/Bluetooth/system/main/bte_conf.cc:90 bte_load_did_conf:   documentationURL    = 
2026-04-09 01:26:31.654 21155-21214 bt_bta_dm               com.google.android.bluetooth         I  packages/modules/Bluetooth/system/bta/dm/bta_dm_act.cc:3454 bta_dm_eir_update_uuid: EIR Adding UUID=0x1200 into extended inquiry response
2026-04-09 01:26:31.654 21155-21214 bt_bta_dm               com.google.android.bluetooth         I  packages/modules/Bluetooth/system/bta/dm/bta_dm_act.cc:3153 bta_dm_set_eir: Generating extended inquiry response packet EIR
2026-04-09 01:26:31.655 21155-21214 bt_bte_conf             com.google.android.bluetooth         I  packages/modules/Bluetooth/system/main/bte_conf.cc:46 bte_load_did_conf: bte_load_did_conf no section named DID2.
2026-04-09 01:26:31.655 21155-21214 bt_btif_core            com.google.android.bluetooth         I  packages/modules/Bluetooth/system/btif/src/btif_core.cc:294 btif_enable_bluetooth_evt: Bluetooth enable event completed
2026-04-09 01:26:31.655 21155-21214 bt_bta_dm               com.google.android.bluetooth         I  packages/modules/Bluetooth/system/bta/dm/bta_dm_act.cc:3153 bta_dm_set_eir: Generating extended inquiry response packet EIR
2026-04-09 01:26:31.655 21155-21214 bt_btm                  com.google.android.bluetooth         W  packages/modules/Bluetooth/system/main/bte_logmsg.cc:108 LogMsg: BTM_BleConfigPrivacy 1
2026-04-09 01:26:31.658 21155-21213 bt_core_module          com.google.android.bluetooth         I  packages/modules/Bluetooth/system/btcore/src/module.cc:86 module_start_up: module_start_up Starting module "rust_module"
2026-04-09 01:26:31.663 21155-21219 bluetooth               com.google.android.bluetooth         I  packages/modules/Bluetooth/system/gd/hci/le_address_manager.cc:72 SetPrivacyPolicyForInitiatorAddress: SetPrivacyPolicyForInitiatorAddress with policy 4
2026-04-09 01:26:31.693 21155-21257 bt                      com.google.android.bluetooth         I  bluetooth_core: starting Rust modules
2026-04-09 01:26:31.700 21155-21257 bluetooth               com.google.android.bluetooth         I  packages/modules/Bluetooth/system/stack/arbiter/acl_arbiter.cc:153 StoreCallbacksFromRust: Received callbacks from Rust, registering in Arbiter
2026-04-09 01:26:31.701 21155-21213 bt_core_module          com.google.android.bluetooth         I  packages/modules/Bluetooth/system/btcore/src/module.cc:91 module_start_up: module_start_up Started module "rust_module"
2026-04-09 01:26:31.702 21155-21213 bt_stack_manager        com.google.android.bluetooth         I  packages/modules/Bluetooth/system/btif/src/stack_manager.cc:354 event_start_up_stack: event_start_up_stack finished
2026-04-09 01:26:31.703 21155-21257 bt                      com.google.android.bluetooth         I  bluetooth_core: starting Tokio event loop
2026-04-09 01:26:31.709   543-543   BluetoothManagerService system_server                        D  Bluetooth Adapter address changed to BB:BB:BB:00:00:01
2026-04-09 01:26:31.712   543-543   BluetoothManagerService system_server                        D  Stored Bluetoothaddress: BB:BB:BB:00:00:01
2026-04-09 01:26:31.823 19464-20542 Settings                com.google.android.dialer            W  Setting airplane_mode_on has moved from android.provider.Settings.System to android.provider.Settings.Global, returning read-only value.
2026-04-09 01:26:31.824 19464-20542 DialerVoic...erviceImpl com.google.android.dialer            I  com.android.dialer.voicemailstatus.dataservice.impl.VoicemailStatusDataServiceImpl.lambda$insertOrUpdateVoicemailStatus$5:213 merged status: # kee@6600c263
2026-04-09 01:26:31.863 21155-21214 bluetooth               com.google.android.bluetooth         I  packages/modules/Bluetooth/system/stack/btm/btm_ble_addr.cc:69 btm_gen_resolve_paddr_low: GD advertising and scanning modules are enabled, skip
2026-04-09 01:26:31.877   543-562   system_server           system_server                        W  Long monitor contention with owner ActivityManager (572) at void com.android.server.am.BroadcastQueueModernImpl.checkPendingColdStartValidity()(BroadcastQueueModernImpl.java:551) waiters=1 in void com.android.server.am.ActivityManagerService.pushTempAllowlist() for 155ms
2026-04-09 01:26:31.878   543-562   Looper                  system_server                        W  Slow dispatch took 156ms android.ui h=com.android.server.am.ActivityManagerService$UiHandler c=null m=68
2026-04-09 01:26:31.884 21155-21219 bluetooth               com.google.android.bluetooth         I  packages/modules/Bluetooth/system/gd/hci/le_address_manager.cc:596 OnCommandComplete: Received command complete with op_code LE_SET_RANDOM_ADDRESS
2026-04-09 01:26:31.885 21155-21219 bluetooth               com.google.android.bluetooth         I  packages/modules/Bluetooth/system/gd/hci/le_address_manager.cc:616 OnCommandComplete: update random address : xx:xx:xx:xx:7f:07
2026-04-09 01:26:31.885 21155-21219 bluetooth               com.google.android.bluetooth         I  packages/modules/Bluetooth/system/gd/hci/le_address_manager.cc:294 resume_registered_clients: Resuming registered clients
2026-04-09 01:26:31.897   543-543   BluetoothManagerService system_server                        D  Bluetooth Adapter name changed to sdk_gphone64_x86_64 by android
2026-04-09 01:26:31.898   543-543   BluetoothManagerService system_server                        D  Stored Bluetooth name: sdk_gphone64_x86_64
2026-04-09 01:26:31.903 21155-21235 AdapterProperties       com.google.android.bluetooth         D  Name is: sdk_gphone64_x86_64
2026-04-09 01:26:31.915 21155-21235 AdapterProperties       com.google.android.bluetooth         D  Scan Mode:20
2026-04-09 01:26:31.915 21155-21235 AdapterProperties       com.google.android.bluetooth         D  Discoverable Timeout:120
2026-04-09 01:26:31.915 21155-21235 AdapterProperties       com.google.android.bluetooth         D  player_name: com.google.android.apps.youtube.music
2026-04-09 01:26:31.916 21155-21235 AdapterProperties       com.google.android.bluetooth         D  updateAllowlistedMediaPlayers 
2026-04-09 01:26:31.916 21155-21235 AdapterProperties       com.google.android.bluetooth         D  Adding to Allowlisted Players list:com.google.android.apps.youtube.music
2026-04-09 01:26:31.916 21155-21235 AdapterProperties       com.google.android.bluetooth         D  player_name: com.gaana
2026-04-09 01:26:31.916 21155-21235 AdapterProperties       com.google.android.bluetooth         D  updateAllowlistedMediaPlayers 
2026-04-09 01:26:31.916 21155-21235 AdapterProperties       com.google.android.bluetooth         D  Adding to Allowlisted Players list:com.gaana
2026-04-09 01:26:31.919 21155-21208 AdapterState            com.google.android.bluetooth         I  BLE_ON : entered 
2026-04-09 01:26:31.923 21155-21208 AdapterProperties       com.google.android.bluetooth         D  Setting state to BLE_ON
2026-04-09 01:26:31.925 21155-21208 BluetoothAdapterService com.google.android.bluetooth         D  updateAdapterState() - Broadcasting state BLE_ON to 1 receivers.
2026-04-09 01:26:31.927   543-557   JobScheduler.JobStatus  system_server                        E  App com.google.android.dialer became active but still in NEVER bucket
2026-04-09 01:26:31.936   543-656   BluetoothManagerService system_server                        D  MESSAGE_BLUETOOTH_STATE_CHANGE: BLE_TURNING_ON > BLE_ON
2026-04-09 01:26:31.937   543-656   BluetoothManagerService system_server                        D  Bluetooth is in LE only mode
2026-04-09 01:26:31.937   543-656   BluetoothManagerService system_server                        D  Binding Bluetooth GATT service
2026-04-09 01:26:31.953   543-656   BluetoothManagerService system_server                        D  Sending BLE State Change: BLE_TURNING_ON > BLE_ON
2026-04-09 01:26:32.001   543-543   BluetoothManagerService system_server                        D  BluetoothServiceConnection: com.android.bluetooth.gatt.GattService
2026-04-09 01:26:32.007   543-656   BluetoothManagerService system_server                        W  bluetooth is recovered from error
2026-04-09 01:26:32.015   543-543   BluetoothAdapter        system_server                        D  isLeEnabled(): BLE_ON
2026-04-09 01:26:32.028   543-656   BluetoothManagerService system_server                        D  MESSAGE_BLUETOOTH_SERVICE_CONNECTED: 2
2026-04-09 01:26:32.028   543-656   BluetoothManagerService system_server                        D  continueFromBleOnState()
2026-04-09 01:26:32.041   543-656   BluetoothManagerService system_server                        D  Persisting Bluetooth Setting: 1
2026-04-09 01:26:32.043 21155-21208 AdapterState            com.google.android.bluetooth         I  TURNING_ON : entered 
2026-04-09 01:26:32.047 21155-21208 AdapterProperties       com.google.android.bluetooth         D  Setting state to TURNING_ON
2026-04-09 01:26:32.056   543-557   JobScheduler.JobStatus  system_server                        E  App com.google.android.dialer became active but still in NEVER bucket
2026-04-09 01:26:32.058 21155-21208 BluetoothAdapterService com.google.android.bluetooth         D  updateAdapterState() - Broadcasting state TURNING_ON to 1 receivers.
2026-04-09 01:26:32.061   543-656   BluetoothManagerService system_server                        D  MESSAGE_BLUETOOTH_STATE_CHANGE: BLE_ON > TURNING_ON
2026-04-09 01:26:32.062   543-656   BluetoothManagerService system_server                        D  Sending BLE State Change: BLE_ON > TURNING_ON
2026-04-09 01:26:32.071 21155-21208 BluetoothAdapterService com.google.android.bluetooth         D  startCoreServices()
2026-04-09 01:26:32.079 21155-21155 A2dpService             com.google.android.bluetooth         I  create()
2026-04-09 01:26:32.087   543-636   ActivityManager         system_server                        D  freezing 19818 com.android.chrome
2026-04-09 01:26:32.103 21155-21155 A2dpService             com.google.android.bluetooth         I  start()
2026-04-09 01:26:32.104 21155-21155 BluetoothA2dpServiceJni com.google.android.bluetooth         I  classInitNative: succeeds
2026-04-09 01:26:32.104   543-656   BluetoothManagerService system_server                        D  Sending State Change: OFF > TURNING_ON
2026-04-09 01:26:32.112 21155-21155 A2dpService             com.google.android.bluetooth         I  Max connected audio devices set to 5
2026-04-09 01:26:32.115 21155-21155 bt_btif                 com.google.android.bluetooth         I  packages/modules/Bluetooth/system/btif/src/bluetooth.cc:829 get_profile_interface: get_profile_interface: id = a2dp
2026-04-09 01:26:32.116 21155-21155 btif_av                 com.google.android.bluetooth         I  packages/modules/Bluetooth/system/btif/src/btif_av.cc:1012 Init: bt_status_t BtifAvSource::Init(btav_source_callbacks_t *, int, const std::vector<btav_a2dp_codec_config_t> &, const std::vector<btav_a2dp_codec_config_t> &): max_connected_audio_devices=5
2026-04-09 01:26:32.130   543-543   BluetoothAdapter        system_server                        D  isLeEnabled(): TURNING_ON
2026-04-09 01:26:32.131   543-543   BluetoothAdapter        system_server                        D  isLeEnabled(): TURNING_ON
2026-04-09 01:26:32.139 21155-21155 a2dp_codec              com.google.android.bluetooth         I  packages/modules/Bluetooth/system/stack/a2dp/a2dp_codec_config.cc:601 init: init
2026-04-09 01:26:32.139 21155-21155 a2dp_codec              com.google.android.bluetooth         I  packages/modules/Bluetooth/system/stack/a2dp/a2dp_codec_config.cc:116 createCodec: SBC
2026-04-09 01:26:32.140 21155-21155 a2dp_codec              com.google.android.bluetooth         I  packages/modules/Bluetooth/system/stack/a2dp/a2dp_codec_config.cc:642 init: init: updated SBC codec priority to 1001
2026-04-09 01:26:32.140 21155-21155 a2dp_codec              com.google.android.bluetooth         I  packages/modules/Bluetooth/system/stack/a2dp/a2dp_codec_config.cc:116 createCodec: AAC
2026-04-09 01:26:32.140 21155-21155 a2dp_codec              com.google.android.bluetooth         I  packages/modules/Bluetooth/system/stack/a2dp/a2dp_codec_config.cc:642 init: init: updated AAC codec priority to 2001
2026-04-09 01:26:32.147 21155-21155 a2dp_codec              com.google.android.bluetooth         I  packages/modules/Bluetooth/system/stack/a2dp/a2dp_codec_config.cc:116 createCodec: aptX
2026-04-09 01:26:32.147 21155-21155 a2dp_codec              com.google.android.bluetooth         I  packages/modules/Bluetooth/system/stack/a2dp/a2dp_codec_config.cc:642 init: init: updated aptX codec priority to 3001
2026-04-09 01:26:32.147 21155-21155 a2dp_codec              com.google.android.bluetooth         I  packages/modules/Bluetooth/system/stack/a2dp/a2dp_codec_config.cc:116 createCodec: aptX-HD
2026-04-09 01:26:32.156 21155-21155 a2dp_codec              com.google.android.bluetooth         I  packages/modules/Bluetooth/system/stack/a2dp/a2dp_codec_config.cc:642 init: init: updated aptX-HD codec priority to 4001
2026-04-09 01:26:32.156 21155-21155 a2dp_codec              com.google.android.bluetooth         I  packages/modules/Bluetooth/system/stack/a2dp/a2dp_codec_config.cc:116 createCodec: LDAC
2026-04-09 01:26:32.156 21155-21155 a2dp_codec              com.google.android.bluetooth         I  packages/modules/Bluetooth/system/stack/a2dp/a2dp_codec_config.cc:642 init: init: updated LDAC codec priority to 5001
2026-04-09 01:26:32.156 21155-21155 a2dp_codec              com.google.android.bluetooth         I  packages/modules/Bluetooth/system/stack/a2dp/a2dp_codec_config.cc:116 createCodec: LC3 not implemented
2026-04-09 01:26:32.156 21155-21155 a2dp_codec              com.google.android.bluetooth         I  packages/modules/Bluetooth/system/stack/a2dp/a2dp_codec_config.cc:633 init: init: OPUS codec disabled, updated priority to -1
2026-04-09 01:26:32.176 21155-21155 a2dp_codec              com.google.android.bluetooth         I  packages/modules/Bluetooth/system/stack/a2dp/a2dp_codec_config.cc:116 createCodec: Opus
2026-04-09 01:26:32.176 21155-21155 a2dp_codec              com.google.android.bluetooth         I  packages/modules/Bluetooth/system/stack/a2dp/a2dp_codec_config.cc:642 init: init: updated Opus codec priority to -1
2026-04-09 01:26:32.176 21155-21155 a2dp_codec              com.google.android.bluetooth         I  packages/modules/Bluetooth/system/stack/a2dp/a2dp_codec_config.cc:116 createCodec: SBC SINK
2026-04-09 01:26:32.176 21155-21155 a2dp_codec              com.google.android.bluetooth         I  packages/modules/Bluetooth/system/stack/a2dp/a2dp_codec_config.cc:116 createCodec: AAC SINK
2026-04-09 01:26:32.176 21155-21155 a2dp_codec              com.google.android.bluetooth         I  packages/modules/Bluetooth/system/stack/a2dp/a2dp_codec_config.cc:116 createCodec: LDAC SINK
2026-04-09 01:26:32.197 21155-21155 a2dp_vendo...ac_decoder com.google.android.bluetooth         I  packages/modules/Bluetooth/system/stack/a2dp/a2dp_vendor_ldac_decoder.cc:130 A2DP_VendorLoadDecoderLdac: A2DP_VendorLoadDecoderLdac: cannot open LDAC decoder library libldacBT_bco.so: dlopen failed: library "libldacBT_bco.so" not found
2026-04-09 01:26:32.197 21155-21155 a2dp_vendor_ldac        com.google.android.bluetooth         E  packages/modules/Bluetooth/system/stack/a2dp/a2dp_vendor_ldac.cc:1422 init: init: cannot load the decoder
2026-04-09 01:26:32.199 21155-21155 a2dp_codec              com.google.android.bluetooth         I  packages/modules/Bluetooth/system/stack/a2dp/a2dp_codec_config.cc:116 createCodec: Opus SINK
2026-04-09 01:26:32.199 21155-21155 a2dp_codec              com.google.android.bluetooth         I  packages/modules/Bluetooth/system/stack/a2dp/a2dp_codec_config.cc:667 init: init: initialized Source codec LDAC
2026-04-09 01:26:32.203 21155-21155 a2dp_codec              com.google.android.bluetooth         I  packages/modules/Bluetooth/system/stack/a2dp/a2dp_codec_config.cc:667 init: init: initialized Source codec aptX-HD
2026-04-09 01:26:32.203 21155-21155 a2dp_codec              com.google.android.bluetooth         I  packages/modules/Bluetooth/system/stack/a2dp/a2dp_codec_config.cc:667 init: init: initialized Source codec aptX
2026-04-09 01:26:32.203 21155-21155 a2dp_codec              com.google.android.bluetooth         I  packages/modules/Bluetooth/system/stack/a2dp/a2dp_codec_config.cc:667 init: init: initialized Source codec AAC
2026-04-09 01:26:32.203 21155-21155 a2dp_codec              com.google.android.bluetooth         I  packages/modules/Bluetooth/system/stack/a2dp/a2dp_codec_config.cc:667 init: init: initialized Source codec SBC
2026-04-09 01:26:32.203 21155-21155 a2dp_codec              com.google.android.bluetooth         I  packages/modules/Bluetooth/system/stack/a2dp/a2dp_codec_config.cc:674 init: init: initialized Sink codec Opus SINK
2026-04-09 01:26:32.203 21155-21155 a2dp_codec              com.google.android.bluetooth         I  packages/modules/Bluetooth/system/stack/a2dp/a2dp_codec_config.cc:674 init: init: initialized Sink codec AAC SINK
2026-04-09 01:26:32.203 21155-21155 a2dp_codec              com.google.android.bluetooth         I  packages/modules/Bluetooth/system/stack/a2dp/a2dp_codec_config.cc:674 init: init: initialized Sink codec SBC SINK
2026-04-09 01:26:32.219 21155-21155 a2dp_codec              com.google.android.bluetooth         I  packages/modules/Bluetooth/system/stack/a2dp/a2dp_codec_config.cc:601 init: init
2026-04-09 01:26:32.219 21155-21155 a2dp_codec              com.google.android.bluetooth         I  packages/modules/Bluetooth/system/stack/a2dp/a2dp_codec_config.cc:116 createCodec: SBC
2026-04-09 01:26:32.220 21155-21155 a2dp_codec              com.google.android.bluetooth         I  packages/modules/Bluetooth/system/stack/a2dp/a2dp_codec_config.cc:642 init: init: updated SBC codec priority to 1001
2026-04-09 01:26:32.220 21155-21155 a2dp_codec              com.google.android.bluetooth         I  packages/modules/Bluetooth/system/stack/a2dp/a2dp_codec_config.cc:116 createCodec: AAC
2026-04-09 01:26:32.220 21155-21155 a2dp_codec              com.google.android.bluetooth         I  packages/modules/Bluetooth/system/stack/a2dp/a2dp_codec_config.cc:642 init: init: updated AAC codec priority to 2001
2026-04-09 01:26:32.221 21155-21155 a2dp_codec              com.google.android.bluetooth         I  packages/modules/Bluetooth/system/stack/a2dp/a2dp_codec_config.cc:116 createCodec: aptX
2026-04-09 01:26:32.222 21155-21155 a2dp_codec              com.google.android.bluetooth         I  packages/modules/Bluetooth/system/stack/a2dp/a2dp_codec_config.cc:642 init: init: updated aptX codec priority to 3001
2026-04-09 01:26:32.234 21155-21155 a2dp_codec              com.google.android.bluetooth         I  packages/modules/Bluetooth/system/stack/a2dp/a2dp_codec_config.cc:116 createCodec: aptX-HD
2026-04-09 01:26:32.256   543-636   ActivityManager         system_server                        D  freezing 20856 com.google.android.webview:webview_service
2026-04-09 01:26:32.257 21155-21155 a2dp_codec              com.google.android.bluetooth         I  packages/modules/Bluetooth/system/stack/a2dp/a2dp_codec_config.cc:642 init: init: updated aptX-HD codec priority to 4001
2026-04-09 01:26:32.258 21155-21155 a2dp_codec              com.google.android.bluetooth         I  packages/modules/Bluetooth/system/stack/a2dp/a2dp_codec_config.cc:116 createCodec: LDAC
2026-04-09 01:26:32.259 21155-21155 a2dp_codec              com.google.android.bluetooth         I  packages/modules/Bluetooth/system/stack/a2dp/a2dp_codec_config.cc:642 init: init: updated LDAC codec priority to 5001
2026-04-09 01:26:32.259 21155-21155 a2dp_codec              com.google.android.bluetooth         I  packages/modules/Bluetooth/system/stack/a2dp/a2dp_codec_config.cc:116 createCodec: LC3 not implemented
2026-04-09 01:26:32.275 21155-21155 a2dp_codec              com.google.android.bluetooth         I  packages/modules/Bluetooth/system/stack/a2dp/a2dp_codec_config.cc:633 init: init: OPUS codec disabled, updated priority to -1
2026-04-09 01:26:32.275 21155-21155 a2dp_codec              com.google.android.bluetooth         I  packages/modules/Bluetooth/system/stack/a2dp/a2dp_codec_config.cc:116 createCodec: Opus
2026-04-09 01:26:32.276 21155-21155 a2dp_codec              com.google.android.bluetooth         I  packages/modules/Bluetooth/system/stack/a2dp/a2dp_codec_config.cc:642 init: init: updated Opus codec priority to -1
2026-04-09 01:26:32.276 21155-21155 a2dp_codec              com.google.android.bluetooth         I  packages/modules/Bluetooth/system/stack/a2dp/a2dp_codec_config.cc:116 createCodec: SBC SINK
2026-04-09 01:26:32.276 21155-21155 a2dp_codec              com.google.android.bluetooth         I  packages/modules/Bluetooth/system/stack/a2dp/a2dp_codec_config.cc:116 createCodec: AAC SINK
2026-04-09 01:26:32.276 21155-21155 a2dp_codec              com.google.android.bluetooth         I  packages/modules/Bluetooth/system/stack/a2dp/a2dp_codec_config.cc:116 createCodec: LDAC SINK
2026-04-09 01:26:32.276 21155-21155 a2dp_vendo...ac_decoder com.google.android.bluetooth         I  packages/modules/Bluetooth/system/stack/a2dp/a2dp_vendor_ldac_decoder.cc:130 A2DP_VendorLoadDecoderLdac: A2DP_VendorLoadDecoderLdac: cannot open LDAC decoder library libldacBT_bco.so: dlopen failed: library "libldacBT_bco.so" not found
2026-04-09 01:26:32.276 21155-21155 a2dp_vendor_ldac        com.google.android.bluetooth         E  packages/modules/Bluetooth/system/stack/a2dp/a2dp_vendor_ldac.cc:1422 init: init: cannot load the decoder
2026-04-09 01:26:32.277 21155-21155 a2dp_codec              com.google.android.bluetooth         I  packages/modules/Bluetooth/system/stack/a2dp/a2dp_codec_config.cc:116 createCodec: Opus SINK
2026-04-09 01:26:32.277 21155-21155 a2dp_codec              com.google.android.bluetooth         I  packages/modules/Bluetooth/system/stack/a2dp/a2dp_codec_config.cc:667 init: init: initialized Source codec LDAC
2026-04-09 01:26:32.277 21155-21155 a2dp_codec              com.google.android.bluetooth         I  packages/modules/Bluetooth/system/stack/a2dp/a2dp_codec_config.cc:667 init: init: initialized Source codec aptX-HD
2026-04-09 01:26:32.278 21155-21155 a2dp_codec              com.google.android.bluetooth         I  packages/modules/Bluetooth/system/stack/a2dp/a2dp_codec_config.cc:667 init: init: initialized Source codec aptX
2026-04-09 01:26:32.278 21155-21155 a2dp_codec              com.google.android.bluetooth         I  packages/modules/Bluetooth/system/stack/a2dp/a2dp_codec_config.cc:667 init: init: initialized Source codec AAC
2026-04-09 01:26:32.278 21155-21155 a2dp_codec              com.google.android.bluetooth         I  packages/modules/Bluetooth/system/stack/a2dp/a2dp_codec_config.cc:667 init: init: initialized Source codec SBC
2026-04-09 01:26:32.282   543-562   Looper                  system_server                        W  Slow dispatch took 148ms android.ui h=com.android.server.am.ActivityManagerService$UiHandler c=null m=68
2026-04-09 01:26:32.290 21155-21155 a2dp_codec              com.google.android.bluetooth         I  packages/modules/Bluetooth/system/stack/a2dp/a2dp_codec_config.cc:674 init: init: initialized Sink codec Opus SINK
2026-04-09 01:26:32.291 21155-21155 a2dp_codec              com.google.android.bluetooth         I  packages/modules/Bluetooth/system/stack/a2dp/a2dp_codec_config.cc:674 init: init: initialized Sink codec AAC SINK
2026-04-09 01:26:32.291 21155-21155 a2dp_codec              com.google.android.bluetooth         I  packages/modules/Bluetooth/system/stack/a2dp/a2dp_codec_config.cc:674 init: init: initialized Sink codec SBC SINK
2026-04-09 01:26:32.291 21155-21155 a2dp_codec              com.google.android.bluetooth         I  packages/modules/Bluetooth/system/stack/a2dp/a2dp_codec_config.cc:601 init: init
2026-04-09 01:26:32.291 21155-21155 a2dp_codec              com.google.android.bluetooth         I  packages/modules/Bluetooth/system/stack/a2dp/a2dp_codec_config.cc:116 createCodec: SBC
2026-04-09 01:26:32.291 21155-21155 a2dp_codec              com.google.android.bluetooth         I  packages/modules/Bluetooth/system/stack/a2dp/a2dp_codec_config.cc:642 init: init: updated SBC codec priority to 1001
2026-04-09 01:26:32.291 21155-21155 a2dp_codec              com.google.android.bluetooth         I  packages/modules/Bluetooth/system/stack/a2dp/a2dp_codec_config.cc:116 createCodec: AAC
2026-04-09 01:26:32.291 21155-21155 a2dp_codec              com.google.android.bluetooth         I  packages/modules/Bluetooth/system/stack/a2dp/a2dp_codec_config.cc:642 init: init: updated AAC codec priority to 2001
2026-04-09 01:26:32.292 21155-21155 a2dp_codec              com.google.android.bluetooth         I  packages/modules/Bluetooth/system/stack/a2dp/a2dp_codec_config.cc:116 createCodec: aptX
2026-04-09 01:26:32.292 21155-21155 a2dp_codec              com.google.android.bluetooth         I  packages/modules/Bluetooth/system/stack/a2dp/a2dp_codec_config.cc:642 init: init: updated aptX codec priority to 3001
2026-04-09 01:26:32.292 21155-21155 a2dp_codec              com.google.android.bluetooth         I  packages/modules/Bluetooth/system/stack/a2dp/a2dp_codec_config.cc:116 createCodec: aptX-HD
2026-04-09 01:26:32.292 21155-21155 a2dp_codec              com.google.android.bluetooth         I  packages/modules/Bluetooth/system/stack/a2dp/a2dp_codec_config.cc:642 init: init: updated aptX-HD codec priority to 4001
2026-04-09 01:26:32.292 21155-21155 a2dp_codec              com.google.android.bluetooth         I  packages/modules/Bluetooth/system/stack/a2dp/a2dp_codec_config.cc:116 createCodec: LDAC
2026-04-09 01:26:32.292 21155-21155 a2dp_codec              com.google.android.bluetooth         I  packages/modules/Bluetooth/system/stack/a2dp/a2dp_codec_config.cc:642 init: init: updated LDAC codec priority to 5001
2026-04-09 01:26:32.292 21155-21155 a2dp_codec              com.google.android.bluetooth         I  packages/modules/Bluetooth/system/stack/a2dp/a2dp_codec_config.cc:116 createCodec: LC3 not implemented
2026-04-09 01:26:32.292 21155-21155 a2dp_codec              com.google.android.bluetooth         I  packages/modules/Bluetooth/system/stack/a2dp/a2dp_codec_config.cc:633 init: init: OPUS codec disabled, updated priority to -1
2026-04-09 01:26:32.293 21155-21155 a2dp_codec              com.google.android.bluetooth         I  packages/modules/Bluetooth/system/stack/a2dp/a2dp_codec_config.cc:116 createCodec: Opus
2026-04-09 01:26:32.293 21155-21155 a2dp_codec              com.google.android.bluetooth         I  packages/modules/Bluetooth/system/stack/a2dp/a2dp_codec_config.cc:642 init: init: updated Opus codec priority to -1
2026-04-09 01:26:32.293 21155-21155 a2dp_codec              com.google.android.bluetooth         I  packages/modules/Bluetooth/system/stack/a2dp/a2dp_codec_config.cc:116 createCodec: SBC SINK
2026-04-09 01:26:32.293 21155-21155 a2dp_codec              com.google.android.bluetooth         I  packages/modules/Bluetooth/system/stack/a2dp/a2dp_codec_config.cc:116 createCodec: AAC SINK
2026-04-09 01:26:32.293 21155-21155 a2dp_codec              com.google.android.bluetooth         I  packages/modules/Bluetooth/system/stack/a2dp/a2dp_codec_config.cc:116 createCodec: LDAC SINK
2026-04-09 01:26:32.301 21155-21155 a2dp_vendo...ac_decoder com.google.android.bluetooth         I  packages/modules/Bluetooth/system/stack/a2dp/a2dp_vendor_ldac_decoder.cc:130 A2DP_VendorLoadDecoderLdac: A2DP_VendorLoadDecoderLdac: cannot open LDAC decoder library libldacBT_bco.so: dlopen failed: library "libldacBT_bco.so" not found
2026-04-09 01:26:32.302 21155-21155 a2dp_vendor_ldac        com.google.android.bluetooth         E  packages/modules/Bluetooth/system/stack/a2dp/a2dp_vendor_ldac.cc:1422 init: init: cannot load the decoder
2026-04-09 01:26:32.302 21155-21155 a2dp_codec              com.google.android.bluetooth         I  packages/modules/Bluetooth/system/stack/a2dp/a2dp_codec_config.cc:116 createCodec: Opus SINK
2026-04-09 01:26:32.302 21155-21155 a2dp_codec              com.google.android.bluetooth         I  packages/modules/Bluetooth/system/stack/a2dp/a2dp_codec_config.cc:667 init: init: initialized Source codec LDAC
2026-04-09 01:26:32.302 21155-21155 a2dp_codec              com.google.android.bluetooth         I  packages/modules/Bluetooth/system/stack/a2dp/a2dp_codec_config.cc:667 init: init: initialized Source codec aptX-HD
2026-04-09 01:26:32.447 20869-20886 ocessService0:0         com.google.android.webview           I  Waiting for a blocking GC ObjectsAllocated
2026-04-09 01:26:32.452   543-543   Looper                  system_server                        W  Slow dispatch took 176ms main h=android.app.ActivityThread$H c=android.app.LoadedApk$ServiceDispatcher$RunConnection@97168f0 m=0
2026-04-09 01:26:32.465 19464-19594 DialerVvmS...edulerImpl com.google.android.dialer            I  com.android.dialer.voicemail.service.impl.scheduler.VvmServiceSchedulerImpl.schedule:313 scheduling action: SYNC [CONTEXT enable_persistent_logger=true ]
2026-04-09 01:26:32.469 21155-21155 a2dp_codec              com.google.android.bluetooth         I  packages/modules/Bluetooth/system/stack/a2dp/a2dp_codec_config.cc:667 init: init: initialized Source codec aptX
2026-04-09 01:26:32.470 21155-21155 a2dp_codec              com.google.android.bluetooth         I  packages/modules/Bluetooth/system/stack/a2dp/a2dp_codec_config.cc:667 init: init: initialized Source codec AAC
2026-04-09 01:26:32.470 21155-21155 a2dp_codec              com.google.android.bluetooth         I  packages/modules/Bluetooth/system/stack/a2dp/a2dp_codec_config.cc:667 init: init: initialized Source codec SBC
2026-04-09 01:26:32.470 21155-21155 a2dp_codec              com.google.android.bluetooth         I  packages/modules/Bluetooth/system/stack/a2dp/a2dp_codec_config.cc:674 init: init: initialized Sink codec Opus SINK
2026-04-09 01:26:32.470 21155-21155 a2dp_codec              com.google.android.bluetooth         I  packages/modules/Bluetooth/system/stack/a2dp/a2dp_codec_config.cc:674 init: init: initialized Sink codec AAC SINK
2026-04-09 01:26:32.470 21155-21155 a2dp_codec              com.google.android.bluetooth         I  packages/modules/Bluetooth/system/stack/a2dp/a2dp_codec_config.cc:674 init: init: initialized Sink codec SBC SINK
2026-04-09 01:26:32.470 21155-21155 a2dp_codec              com.google.android.bluetooth         I  packages/modules/Bluetooth/system/stack/a2dp/a2dp_codec_config.cc:601 init: init
2026-04-09 01:26:32.471 21155-21155 a2dp_codec              com.google.android.bluetooth         I  packages/modules/Bluetooth/system/stack/a2dp/a2dp_codec_config.cc:116 createCodec: SBC
2026-04-09 01:26:32.476 21155-21155 a2dp_codec              com.google.android.bluetooth         I  packages/modules/Bluetooth/system/stack/a2dp/a2dp_codec_config.cc:642 init: init: updated SBC codec priority to 1001
2026-04-09 01:26:32.476 21155-21155 a2dp_codec              com.google.android.bluetooth         I  packages/modules/Bluetooth/system/stack/a2dp/a2dp_codec_config.cc:116 createCodec: AAC
2026-04-09 01:26:32.476 21155-21155 a2dp_codec              com.google.android.bluetooth         I  packages/modules/Bluetooth/system/stack/a2dp/a2dp_codec_config.cc:642 init: init: updated AAC codec priority to 2001
2026-04-09 01:26:32.476 21155-21155 a2dp_codec              com.google.android.bluetooth         I  packages/modules/Bluetooth/system/stack/a2dp/a2dp_codec_config.cc:116 createCodec: aptX
2026-04-09 01:26:32.476 21155-21155 a2dp_codec              com.google.android.bluetooth         I  packages/modules/Bluetooth/system/stack/a2dp/a2dp_codec_config.cc:642 init: init: updated aptX codec priority to 3001
2026-04-09 01:26:32.476 21155-21155 a2dp_codec              com.google.android.bluetooth         I  packages/modules/Bluetooth/system/stack/a2dp/a2dp_codec_config.cc:116 createCodec: aptX-HD
2026-04-09 01:26:32.476 21155-21155 a2dp_codec              com.google.android.bluetooth         I  packages/modules/Bluetooth/system/stack/a2dp/a2dp_codec_config.cc:642 init: init: updated aptX-HD codec priority to 4001
2026-04-09 01:26:32.476 21155-21155 a2dp_codec              com.google.android.bluetooth         I  packages/modules/Bluetooth/system/stack/a2dp/a2dp_codec_config.cc:116 createCodec: LDAC
2026-04-09 01:26:32.477 21155-21155 a2dp_codec              com.google.android.bluetooth         I  packages/modules/Bluetooth/system/stack/a2dp/a2dp_codec_config.cc:642 init: init: updated LDAC codec priority to 5001
2026-04-09 01:26:32.477 21155-21155 a2dp_codec              com.google.android.bluetooth         I  packages/modules/Bluetooth/system/stack/a2dp/a2dp_codec_config.cc:116 createCodec: LC3 not implemented
2026-04-09 01:26:32.477 21155-21155 a2dp_codec              com.google.android.bluetooth         I  packages/modules/Bluetooth/system/stack/a2dp/a2dp_codec_config.cc:633 init: init: OPUS codec disabled, updated priority to -1
2026-04-09 01:26:32.477 21155-21155 a2dp_codec              com.google.android.bluetooth         I  packages/modules/Bluetooth/system/stack/a2dp/a2dp_codec_config.cc:116 createCodec: Opus
2026-04-09 01:26:32.477 21155-21155 a2dp_codec              com.google.android.bluetooth         I  packages/modules/Bluetooth/system/stack/a2dp/a2dp_codec_config.cc:642 init: init: updated Opus codec priority to -1
2026-04-09 01:26:32.477 21155-21155 a2dp_codec              com.google.android.bluetooth         I  packages/modules/Bluetooth/system/stack/a2dp/a2dp_codec_config.cc:116 createCodec: SBC SINK
2026-04-09 01:26:32.477 21155-21155 a2dp_codec              com.google.android.bluetooth         I  packages/modules/Bluetooth/system/stack/a2dp/a2dp_codec_config.cc:116 createCodec: AAC SINK
2026-04-09 01:26:32.478 21155-21155 a2dp_codec              com.google.android.bluetooth         I  packages/modules/Bluetooth/system/stack/a2dp/a2dp_codec_config.cc:116 createCodec: LDAC SINK
2026-04-09 01:26:32.478 21155-21155 a2dp_vendo...ac_decoder com.google.android.bluetooth         I  packages/modules/Bluetooth/system/stack/a2dp/a2dp_vendor_ldac_decoder.cc:130 A2DP_VendorLoadDecoderLdac: A2DP_VendorLoadDecoderLdac: cannot open LDAC decoder library libldacBT_bco.so: dlopen failed: library "libldacBT_bco.so" not found
2026-04-09 01:26:32.478 21155-21155 a2dp_vendor_ldac        com.google.android.bluetooth         E  packages/modules/Bluetooth/system/stack/a2dp/a2dp_vendor_ldac.cc:1422 init: init: cannot load the decoder
2026-04-09 01:26:32.478 21155-21155 a2dp_codec              com.google.android.bluetooth         I  packages/modules/Bluetooth/system/stack/a2dp/a2dp_codec_config.cc:116 createCodec: Opus SINK
2026-04-09 01:26:32.478 21155-21155 a2dp_codec              com.google.android.bluetooth         I  packages/modules/Bluetooth/system/stack/a2dp/a2dp_codec_config.cc:667 init: init: initialized Source codec LDAC
2026-04-09 01:26:32.483 21155-21155 a2dp_codec              com.google.android.bluetooth         I  packages/modules/Bluetooth/system/stack/a2dp/a2dp_codec_config.cc:667 init: init: initialized Source codec aptX-HD
2026-04-09 01:26:32.483 21155-21155 a2dp_codec              com.google.android.bluetooth         I  packages/modules/Bluetooth/system/stack/a2dp/a2dp_codec_config.cc:667 init: init: initialized Source codec aptX
2026-04-09 01:26:32.483 21155-21155 a2dp_codec              com.google.android.bluetooth         I  packages/modules/Bluetooth/system/stack/a2dp/a2dp_codec_config.cc:667 init: init: initialized Source codec AAC
2026-04-09 01:26:32.484 21155-21155 a2dp_codec              com.google.android.bluetooth         I  packages/modules/Bluetooth/system/stack/a2dp/a2dp_codec_config.cc:667 init: init: initialized Source codec SBC
2026-04-09 01:26:32.484 21155-21155 a2dp_codec              com.google.android.bluetooth         I  packages/modules/Bluetooth/system/stack/a2dp/a2dp_codec_config.cc:674 init: init: initialized Sink codec Opus SINK
2026-04-09 01:26:32.484 21155-21155 a2dp_codec              com.google.android.bluetooth         I  packages/modules/Bluetooth/system/stack/a2dp/a2dp_codec_config.cc:674 init: init: initialized Sink codec AAC SINK
2026-04-09 01:26:32.484 21155-21155 a2dp_codec              com.google.android.bluetooth         I  packages/modules/Bluetooth/system/stack/a2dp/a2dp_codec_config.cc:674 init: init: initialized Sink codec SBC SINK
2026-04-09 01:26:32.484 21155-21155 a2dp_codec              com.google.android.bluetooth         I  packages/modules/Bluetooth/system/stack/a2dp/a2dp_codec_config.cc:601 init: init
2026-04-09 01:26:32.484 21155-21155 a2dp_codec              com.google.android.bluetooth         I  packages/modules/Bluetooth/system/stack/a2dp/a2dp_codec_config.cc:116 createCodec: SBC
2026-04-09 01:26:32.484 21155-21155 a2dp_codec              com.google.android.bluetooth         I  packages/modules/Bluetooth/system/stack/a2dp/a2dp_codec_config.cc:642 init: init: updated SBC codec priority to 1001
2026-04-09 01:26:32.484 21155-21155 a2dp_codec              com.google.android.bluetooth         I  packages/modules/Bluetooth/system/stack/a2dp/a2dp_codec_config.cc:116 createCodec: AAC
2026-04-09 01:26:32.484 21155-21155 a2dp_codec              com.google.android.bluetooth         I  packages/modules/Bluetooth/system/stack/a2dp/a2dp_codec_config.cc:642 init: init: updated AAC codec priority to 2001
2026-04-09 01:26:32.484 21155-21155 a2dp_codec              com.google.android.bluetooth         I  packages/modules/Bluetooth/system/stack/a2dp/a2dp_codec_config.cc:116 createCodec: aptX
2026-04-09 01:26:32.484 21155-21155 a2dp_codec              com.google.android.bluetooth         I  packages/modules/Bluetooth/system/stack/a2dp/a2dp_codec_config.cc:642 init: init: updated aptX codec priority to 3001
2026-04-09 01:26:32.485 21155-21155 a2dp_codec              com.google.android.bluetooth         I  packages/modules/Bluetooth/system/stack/a2dp/a2dp_codec_config.cc:116 createCodec: aptX-HD
2026-04-09 01:26:32.485 21155-21155 a2dp_codec              com.google.android.bluetooth         I  packages/modules/Bluetooth/system/stack/a2dp/a2dp_codec_config.cc:642 init: init: updated aptX-HD codec priority to 4001
2026-04-09 01:26:32.485 21155-21155 a2dp_codec              com.google.android.bluetooth         I  packages/modules/Bluetooth/system/stack/a2dp/a2dp_codec_config.cc:116 createCodec: LDAC
2026-04-09 01:26:32.485 21155-21155 a2dp_codec              com.google.android.bluetooth         I  packages/modules/Bluetooth/system/stack/a2dp/a2dp_codec_config.cc:642 init: init: updated LDAC codec priority to 5001
2026-04-09 01:26:32.485 21155-21155 a2dp_codec              com.google.android.bluetooth         I  packages/modules/Bluetooth/system/stack/a2dp/a2dp_codec_config.cc:116 createCodec: LC3 not implemented
2026-04-09 01:26:32.485 21155-21155 a2dp_codec              com.google.android.bluetooth         I  packages/modules/Bluetooth/system/stack/a2dp/a2dp_codec_config.cc:633 init: init: OPUS codec disabled, updated priority to -1
2026-04-09 01:26:32.485 21155-21155 a2dp_codec              com.google.android.bluetooth         I  packages/modules/Bluetooth/system/stack/a2dp/a2dp_codec_config.cc:116 createCodec: Opus
2026-04-09 01:26:32.485 21155-21155 a2dp_codec              com.google.android.bluetooth         I  packages/modules/Bluetooth/system/stack/a2dp/a2dp_codec_config.cc:642 init: init: updated Opus codec priority to -1
2026-04-09 01:26:32.485 21155-21155 a2dp_codec              com.google.android.bluetooth         I  packages/modules/Bluetooth/system/stack/a2dp/a2dp_codec_config.cc:116 createCodec: SBC SINK
2026-04-09 01:26:32.485 21155-21155 a2dp_codec              com.google.android.bluetooth         I  packages/modules/Bluetooth/system/stack/a2dp/a2dp_codec_config.cc:116 createCodec: AAC SINK
2026-04-09 01:26:32.486 21155-21155 a2dp_codec              com.google.android.bluetooth         I  packages/modules/Bluetooth/system/stack/a2dp/a2dp_codec_config.cc:116 createCodec: LDAC SINK
2026-04-09 01:26:32.486 21155-21155 a2dp_vendo...ac_decoder com.google.android.bluetooth         I  packages/modules/Bluetooth/system/stack/a2dp/a2dp_vendor_ldac_decoder.cc:130 A2DP_VendorLoadDecoderLdac: A2DP_VendorLoadDecoderLdac: cannot open LDAC decoder library libldacBT_bco.so: dlopen failed: library "libldacBT_bco.so" not found
2026-04-09 01:26:32.486 21155-21155 a2dp_vendor_ldac        com.google.android.bluetooth         E  packages/modules/Bluetooth/system/stack/a2dp/a2dp_vendor_ldac.cc:1422 init: init: cannot load the decoder
2026-04-09 01:26:32.486 21155-21155 a2dp_codec              com.google.android.bluetooth         I  packages/modules/Bluetooth/system/stack/a2dp/a2dp_codec_config.cc:116 createCodec: Opus SINK
2026-04-09 01:26:32.486 21155-21155 a2dp_codec              com.google.android.bluetooth         I  packages/modules/Bluetooth/system/stack/a2dp/a2dp_codec_config.cc:667 init: init: initialized Source codec LDAC
2026-04-09 01:26:32.486 21155-21155 a2dp_codec              com.google.android.bluetooth         I  packages/modules/Bluetooth/system/stack/a2dp/a2dp_codec_config.cc:667 init: init: initialized Source codec aptX-HD
2026-04-09 01:26:32.486 21155-21155 a2dp_codec              com.google.android.bluetooth         I  packages/modules/Bluetooth/system/stack/a2dp/a2dp_codec_config.cc:667 init: init: initialized Source codec aptX
2026-04-09 01:26:32.486 21155-21155 a2dp_codec              com.google.android.bluetooth         I  packages/modules/Bluetooth/system/stack/a2dp/a2dp_codec_config.cc:667 init: init: initialized Source codec AAC
2026-04-09 01:26:32.487 21155-21155 a2dp_codec              com.google.android.bluetooth         I  packages/modules/Bluetooth/system/stack/a2dp/a2dp_codec_config.cc:667 init: init: initialized Source codec SBC
2026-04-09 01:26:32.487 21155-21155 a2dp_codec              com.google.android.bluetooth         I  packages/modules/Bluetooth/system/stack/a2dp/a2dp_codec_config.cc:674 init: init: initialized Sink codec Opus SINK
2026-04-09 01:26:32.487 21155-21155 a2dp_codec              com.google.android.bluetooth         I  packages/modules/Bluetooth/system/stack/a2dp/a2dp_codec_config.cc:674 init: init: initialized Sink codec AAC SINK
2026-04-09 01:26:32.487 21155-21155 a2dp_codec              com.google.android.bluetooth         I  packages/modules/Bluetooth/system/stack/a2dp/a2dp_codec_config.cc:674 init: init: initialized Sink codec SBC SINK
2026-04-09 01:26:32.487 21155-21155 a2dp_codec              com.google.android.bluetooth         I  packages/modules/Bluetooth/system/stack/a2dp/a2dp_codec_config.cc:601 init: init
2026-04-09 01:26:32.487 21155-21155 a2dp_codec              com.google.android.bluetooth         I  packages/modules/Bluetooth/system/stack/a2dp/a2dp_codec_config.cc:116 createCodec: SBC
2026-04-09 01:26:32.487 21155-21155 a2dp_codec              com.google.android.bluetooth         I  packages/modules/Bluetooth/system/stack/a2dp/a2dp_codec_config.cc:642 init: init: updated SBC codec priority to 1001
2026-04-09 01:26:32.487 19464-19594 DialerVvmExecutorImpl   com.google.android.dialer            I  com.android.dialer.voicemail.service.impl.scheduler.VvmExecutorImpl.lambda$execute$6:166 Beginning VVM action: ACTIVATE with retryCount: 0 [CONTEXT enable_persistent_logger=true ]
2026-04-09 01:26:32.487 21155-21155 a2dp_codec              com.google.android.bluetooth         I  packages/modules/Bluetooth/system/stack/a2dp/a2dp_codec_config.cc:116 createCodec: AAC
2026-04-09 01:26:32.487 21155-21155 a2dp_codec              com.google.android.bluetooth         I  packages/modules/Bluetooth/system/stack/a2dp/a2dp_codec_config.cc:642 init: init: updated AAC codec priority to 2001
2026-04-09 01:26:32.487 21155-21155 a2dp_codec              com.google.android.bluetooth         I  packages/modules/Bluetooth/system/stack/a2dp/a2dp_codec_config.cc:116 createCodec: aptX
2026-04-09 01:26:32.488 21155-21155 a2dp_codec              com.google.android.bluetooth         I  packages/modules/Bluetooth/system/stack/a2dp/a2dp_codec_config.cc:642 init: init: updated aptX codec priority to 3001
2026-04-09 01:26:32.488 21155-21155 a2dp_codec              com.google.android.bluetooth         I  packages/modules/Bluetooth/system/stack/a2dp/a2dp_codec_config.cc:116 createCodec: aptX-HD
2026-04-09 01:26:32.488 21155-21155 a2dp_codec              com.google.android.bluetooth         I  packages/modules/Bluetooth/system/stack/a2dp/a2dp_codec_config.cc:642 init: init: updated aptX-HD codec priority to 4001
2026-04-09 01:26:32.488 21155-21155 a2dp_codec              com.google.android.bluetooth         I  packages/modules/Bluetooth/system/stack/a2dp/a2dp_codec_config.cc:116 createCodec: LDAC
2026-04-09 01:26:32.488 21155-21155 a2dp_codec              com.google.android.bluetooth         I  packages/modules/Bluetooth/system/stack/a2dp/a2dp_codec_config.cc:642 init: init: updated LDAC codec priority to 5001
2026-04-09 01:26:32.488 21155-21155 a2dp_codec              com.google.android.bluetooth         I  packages/modules/Bluetooth/system/stack/a2dp/a2dp_codec_config.cc:116 createCodec: LC3 not implemented
2026-04-09 01:26:32.488 21155-21155 a2dp_codec              com.google.android.bluetooth         I  packages/modules/Bluetooth/system/stack/a2dp/a2dp_codec_config.cc:633 init: init: OPUS codec disabled, updated priority to -1
2026-04-09 01:26:32.488 21155-21155 a2dp_codec              com.google.android.bluetooth         I  packages/modules/Bluetooth/system/stack/a2dp/a2dp_codec_config.cc:116 createCodec: Opus
2026-04-09 01:26:32.488 21155-21155 a2dp_codec              com.google.android.bluetooth         I  packages/modules/Bluetooth/system/stack/a2dp/a2dp_codec_config.cc:642 init: init: updated Opus codec priority to -1
2026-04-09 01:26:32.489 21155-21155 a2dp_codec              com.google.android.bluetooth         I  packages/modules/Bluetooth/system/stack/a2dp/a2dp_codec_config.cc:116 createCodec: SBC SINK
